 Entering Gaussian System, Link 0=g16
 Input=NH2-PHZ-dummy2-Mn-6.com
 Output=NH2-PHZ-dummy2-Mn-6.log
 Initial command:
 /soft/gaussian/16-c.01/g16/l1.exe "/scratch/Gau-30910.inp" -scrdir="/scratch/"
 Default CPUs for threads: 0-35
 Default linda workers: bdwd-0052
 Default is to use  36 SMP processors on each worker.
 Entering Link 1 = /soft/gaussian/16-c.01/g16/l1.exe PID=     30911.
  
 Copyright (c) 1988-2019, Gaussian, Inc.  All Rights Reserved.
  
 This is part of the Gaussian(R) 16 program.  It is based on
 the Gaussian(R) 09 system (copyright 2009, Gaussian, Inc.),
 the Gaussian(R) 03 system (copyright 2003, Gaussian, Inc.),
 the Gaussian(R) 98 system (copyright 1998, Gaussian, Inc.),
 the Gaussian(R) 94 system (copyright 1995, Gaussian, Inc.),
 the Gaussian 92(TM) system (copyright 1992, Gaussian, Inc.),
 the Gaussian 90(TM) system (copyright 1990, Gaussian, Inc.),
 the Gaussian 88(TM) system (copyright 1988, Gaussian, Inc.),
 the Gaussian 86(TM) system (copyright 1986, Carnegie Mellon
 University), and the Gaussian 82(TM) system (copyright 1983,
 Carnegie Mellon University). Gaussian is a federally registered
 trademark of Gaussian, Inc.
  
 This software contains proprietary and confidential information,
 including trade secrets, belonging to Gaussian, Inc.
  
 This software is provided under written license and may be
 used, copied, transmitted, or stored only in accord with that
 written license.
  
 The following legend is applicable only to US Government
 contracts under FAR:
  
                    RESTRICTED RIGHTS LEGEND
  
 Use, reproduction and disclosure by the US Government is
 subject to restrictions as set forth in subparagraphs (a)
 and (c) of the Commercial Computer Software - Restricted
 Rights clause in FAR 52.227-19.
  
 Gaussian, Inc.
 340 Quinnipiac St., Bldg. 40, Wallingford CT 06492
  
  
 ---------------------------------------------------------------
 Warning -- This program may not be used in any manner that
 competes with the business of Gaussian, Inc. or will provide
 assistance to any competitor of Gaussian, Inc.  The licensee
 of this program is prohibited from giving any competitor of
 Gaussian, Inc. access to this program.  By using this program,
 the user acknowledges that Gaussian, Inc. is engaged in the
 business of creating and licensing software in the field of
 computational chemistry and represents and warrants to the
 licensee that it is not a competitor of Gaussian, Inc. and that
 it will not use this program in any manner prohibited above.
 ---------------------------------------------------------------
  

 Cite this work as:
 Gaussian 16, Revision C.01,
 M. J. Frisch, G. W. Trucks, H. B. Schlegel, G. E. Scuseria, 
 M. A. Robb, J. R. Cheeseman, G. Scalmani, V. Barone, 
 G. A. Petersson, H. Nakatsuji, X. Li, M. Caricato, A. V. Marenich, 
 J. Bloino, B. G. Janesko, R. Gomperts, B. Mennucci, H. P. Hratchian, 
 J. V. Ortiz, A. F. Izmaylov, J. L. Sonnenberg, D. Williams-Young, 
 F. Ding, F. Lipparini, F. Egidi, J. Goings, B. Peng, A. Petrone, 
 T. Henderson, D. Ranasinghe, V. G. Zakrzewski, J. Gao, N. Rega, 
 G. Zheng, W. Liang, M. Hada, M. Ehara, K. Toyota, R. Fukuda, 
 J. Hasegawa, M. Ishida, T. Nakajima, Y. Honda, O. Kitao, H. Nakai, 
 T. Vreven, K. Throssell, J. A. Montgomery, Jr., J. E. Peralta, 
 F. Ogliaro, M. J. Bearpark, J. J. Heyd, E. N. Brothers, K. N. Kudin, 
 V. N. Staroverov, T. A. Keith, R. Kobayashi, J. Normand, 
 K. Raghavachari, A. P. Rendell, J. C. Burant, S. S. Iyengar, 
 J. Tomasi, M. Cossi, J. M. Millam, M. Klene, C. Adamo, R. Cammi, 
 J. W. Ochterski, R. L. Martin, K. Morokuma, O. Farkas, 
 J. B. Foresman, and D. J. Fox, Gaussian, Inc., Wallingford CT, 2019.
 
 ******************************************
 Gaussian 16:  ES64L-G16RevC.01  3-Jul-2019
                19-Apr-2022 
 ******************************************
 %oldchk=NH2-PHZ-dummy2-Mn-6.chk
 %chk=NH2-PHZ-dummy2-Mn-6-Raman
 SetSPE:  set environment variable "MP_BIND" = "yes"
 SetSPE:  set environment variable "MP_BLIST" = "0,1,2,3,4,5,6,7,8,9,10,11,12,13,14,15,16,17,18,19,20,21,22,23,24,25,26,27,28,29,30,31,32,33,34,35"
 SetLPE:  input flags="-vv "
 SetLPE:    new flags="-vv -opt 'Tsnet.Node.lindarsharg: ssh'  -nodelist 'bdwd-0052.lcrc.anl.gov' -env GAUSS_MDEF=13421772800 -env GAUSS_EXEDIR="/soft/gaussian/16-c.01/g16/bsd:/soft/gaussian/16-c.01/g16" -env "MP_BIND=yes" -env "MP_BLIST=0,1,2,3,4,5,6,7,8,9,10,11,12,13,14,15,16,17,18,19,20,21,22,23,24,25,26,27,28,29,30,31,32,33,34,35" -env GAUSS_ADEF="0,1,2,3,4,5,6,7,8,9,10,11,12,13,14,15,16,17,18,19,20,21,22,23,24,25,26,27,28,29,30,31,32,33,34,35""
 Will use up to    1 processors via Linda.
 Copying data from "NH2-PHZ-dummy2-Mn-6.chk" to current chk file "NH2-PHZ-dummy2-Mn-6-Raman.chk"
 IOpt=  2 FromEx=T IUOpen= 4 IOptOp= 5 NList=   0 IFRang= 0 IUIn= 4 IUOut= 2.
 ----------------------------------------------------------------------
 #p uwb97xd geom=allcheck guess=read chkbasis Freq=(ReadFC,Raman) opt s
 crf=(cpcm,solvent=water)
 ----------------------------------------------------------------------
 1/18=20,19=15,26=3,29=7,38=1/1,3;
 2/9=110,12=2,40=1/2;
 3/5=7,6=2,11=2,14=-4,25=1,30=1,67=1,70=2101,71=1,72=1,74=-58,116=2/1,2,3;
 4/5=1/1;
 5/5=2,38=6,53=1/2;
 6/7=2,8=2,9=2,10=2,28=1/1;
 7//1,2,3,16;
 1/18=20,19=15,26=3/3(2);
 2/9=110/2;
 99//99;
 2/9=110/2;
 3/5=7,6=1,11=2,14=-2,25=1,30=1,70=2105,71=1,72=1,74=-58,82=7,116=2/1,2,3;
 4/5=5,16=3,69=1/1;
 5/5=2,38=5,53=1/2;
 7//1,2,3,16;
 1/18=20,19=15,26=3/3(-5);
 2/9=110/2;
 6/7=2,8=2,9=2,10=2,19=2,28=1/1;
 99/9=1/99;
 Leave Link    1 at Tue Apr 19 19:41:38 2022, MaxMem= 13421772800 cpu:              21.5 elap:               0.6
 (Enter /soft/gaussian/16-c.01/g16/l101.exe)
 Structure from the checkpoint file:  "NH2-PHZ-dummy2-Mn-6-Raman.chk"
 -----
 Title
 -----
 Charge =  2 Multiplicity = 6
 Redundant internal coordinates found in file.  (old form).
 C,0,3.5633805825,0.6034167211,-0.6648563671
 C,0,3.535662328,-0.8505703455,-0.7619697336
 C,0,2.3407597655,-1.5299927626,-0.7042035127
 C,0,1.1056450283,-0.8519299757,-0.6075543978
 C,0,1.1326731161,0.5983923086,-0.5739234075
 C,0,2.3850948008,1.2783286331,-0.5956077186
 N,0,0.0276864157,1.3128145553,-0.497241326
 C,0,-1.1493358928,0.6642112856,-0.4513308782
 C,0,-2.3429490464,1.4290134268,-0.3652975135
 C,0,-3.5591790233,0.8116070993,-0.317510907
 C,0,-3.6299332408,-0.6023901289,-0.3545825096
 C,0,-2.4967328894,-1.3646883221,-0.4382172049
 C,0,-1.2168465843,-0.756886017,-0.4887087578
 N,0,-0.0744291224,-1.4971189807,-0.568601606
 H,0,2.3876285613,-2.6096593598,-0.7699103372
 H,0,2.3638675716,2.3601262743,-0.5277587727
 H,0,-2.2460315131,2.5085084064,-0.3394851559
 H,0,-4.4708570065,1.3935992645,-0.2513735662
 H,0,-4.5970601562,-1.090503709,-0.3158224848
 H,0,-2.6062011489,-2.4408920488,-0.4632665065
 N,0,4.794720659,1.2270345296,-0.7179759805
 H,0,4.7716062408,2.225303934,-0.5676965337
 H,0,5.5347996897,0.7934734666,-0.1825607784
 N,0,4.7283939222,-1.4986319277,-0.8662350383
 H,0,5.5008633167,-1.0117699626,-1.2944396716
 H,0,4.7122154658,-2.4892736548,-1.0518113542
 Mn,0,-0.2147952598,-3.6688105703,-0.6428298996
 Recover connectivity data from disk.
 ITRead=  0  0  0  0  0  0  0  0  0  0  0  0  0  0  0  0  0  0  0  0
 ITRead=  0  0  0  0  0  0  0
 MicOpt= -1 -1 -1 -1 -1 -1 -1 -1 -1 -1 -1 -1 -1 -1 -1 -1 -1 -1 -1 -1
 MicOpt= -1 -1 -1 -1 -1 -1 -1
 NAtoms=     27 NQM=       27 NQMF=       0 NMMI=      0 NMMIF=      0
                NMic=       0 NMicF=      0.
                    Isotopes and Nuclear Properties:
 (Nuclear quadrupole moments (NQMom) in fm**2, nuclear magnetic moments (NMagM)
  in nuclear magnetons)

  Atom         1           2           3           4           5           6           7           8           9          10
 IAtWgt=          12          12          12          12          12          12          14          12          12          12
 AtmWgt=  12.0000000  12.0000000  12.0000000  12.0000000  12.0000000  12.0000000  14.0030740  12.0000000  12.0000000  12.0000000
 NucSpn=           0           0           0           0           0           0           2           0           0           0
 AtZEff=   3.6000000   3.6000000   3.6000000   3.6000000   3.6000000   3.6000000   4.5500000   3.6000000   3.6000000   3.6000000
 NQMom=    0.0000000   0.0000000   0.0000000   0.0000000   0.0000000   0.0000000   2.0440000   0.0000000   0.0000000   0.0000000
 NMagM=    0.0000000   0.0000000   0.0000000   0.0000000   0.0000000   0.0000000   0.4037610   0.0000000   0.0000000   0.0000000
 AtZNuc=   6.0000000   6.0000000   6.0000000   6.0000000   6.0000000   6.0000000   7.0000000   6.0000000   6.0000000   6.0000000

  Atom        11          12          13          14          15          16          17          18          19          20
 IAtWgt=          12          12          12          14           1           1           1           1           1           1
 AtmWgt=  12.0000000  12.0000000  12.0000000  14.0030740   1.0078250   1.0078250   1.0078250   1.0078250   1.0078250   1.0078250
 NucSpn=           0           0           0           2           1           1           1           1           1           1
 AtZEff=   3.6000000   3.6000000   3.6000000   4.5500000   1.0000000   1.0000000   1.0000000   1.0000000   1.0000000   1.0000000
 NQMom=    0.0000000   0.0000000   0.0000000   2.0440000   0.0000000   0.0000000   0.0000000   0.0000000   0.0000000   0.0000000
 NMagM=    0.0000000   0.0000000   0.0000000   0.4037610   2.7928460   2.7928460   2.7928460   2.7928460   2.7928460   2.7928460
 AtZNuc=   6.0000000   6.0000000   6.0000000   7.0000000   1.0000000   1.0000000   1.0000000   1.0000000   1.0000000   1.0000000

  Atom        21          22          23          24          25          26          27
 IAtWgt=          14           1           1          14           1           1          55
 AtmWgt=  14.0030740   1.0078250   1.0078250  14.0030740   1.0078250   1.0078250  54.9380463
 NucSpn=           2           1           1           2           1           1           5
 AtZEff=   4.5500000   1.0000000   1.0000000   4.5500000   1.0000000   1.0000000  25.0000000
 NQMom=    2.0440000   0.0000000   0.0000000   2.0440000   0.0000000   0.0000000  33.0000000
 NMagM=    0.4037610   2.7928460   2.7928460   0.4037610   2.7928460   2.7928460   3.4532000
 AtZNuc=   7.0000000   1.0000000   1.0000000   7.0000000   1.0000000   1.0000000  25.0000000
 Leave Link  101 at Tue Apr 19 19:41:39 2022, MaxMem= 13421772800 cpu:              12.9 elap:               0.4
 (Enter /soft/gaussian/16-c.01/g16/l103.exe)

 GradGradGradGradGradGradGradGradGradGradGradGradGradGradGradGradGradGrad
 Berny optimization.
 Initialization pass.
                           ----------------------------
                           !    Initial Parameters    !
                           ! (Angstroms and Degrees)  !
 --------------------------                            --------------------------
 ! Name  Definition              Value          Derivative Info.                !
 --------------------------------------------------------------------------------
 ! R1    R(1,2)                  1.4575         estimate D2E/DX2                !
 ! R2    R(1,6)                  1.3597         estimate D2E/DX2                !
 ! R3    R(1,21)                 1.3813         estimate D2E/DX2                !
 ! R4    R(2,3)                  1.3758         estimate D2E/DX2                !
 ! R5    R(2,24)                 1.3614         estimate D2E/DX2                !
 ! R6    R(3,4)                  1.4123         estimate D2E/DX2                !
 ! R7    R(3,15)                 1.0827         estimate D2E/DX2                !
 ! R8    R(4,5)                  1.451          estimate D2E/DX2                !
 ! R9    R(4,14)                 1.3455         estimate D2E/DX2                !
 ! R10   R(5,6)                  1.4253         estimate D2E/DX2                !
 ! R11   R(5,7)                  1.3181         estimate D2E/DX2                !
 ! R12   R(6,16)                 1.0841         estimate D2E/DX2                !
 ! R13   R(7,8)                  1.3447         estimate D2E/DX2                !
 ! R14   R(8,9)                  1.4202         estimate D2E/DX2                !
 ! R15   R(8,13)                 1.4232         estimate D2E/DX2                !
 ! R16   R(9,10)                 1.3648         estimate D2E/DX2                !
 ! R17   R(9,17)                 1.0841         estimate D2E/DX2                !
 ! R18   R(10,11)                1.4163         estimate D2E/DX2                !
 ! R19   R(10,18)                1.0836         estimate D2E/DX2                !
 ! R20   R(11,12)                1.3683         estimate D2E/DX2                !
 ! R21   R(11,19)                1.084          estimate D2E/DX2                !
 ! R22   R(12,13)                1.4178         estimate D2E/DX2                !
 ! R23   R(12,20)                1.082          estimate D2E/DX2                !
 ! R24   R(13,14)                1.3636         estimate D2E/DX2                !
 ! R25   R(14,27)                2.1775         estimate D2E/DX2                !
 ! R26   R(21,22)                1.0098         estimate D2E/DX2                !
 ! R27   R(21,23)                1.0111         estimate D2E/DX2                !
 ! R28   R(24,25)                1.0085         estimate D2E/DX2                !
 ! R29   R(24,26)                1.008          estimate D2E/DX2                !
 ! A1    A(2,1,6)              118.8229         estimate D2E/DX2                !
 ! A2    A(2,1,21)             117.6964         estimate D2E/DX2                !
 ! A3    A(6,1,21)             123.3937         estimate D2E/DX2                !
 ! A4    A(1,2,3)              120.4231         estimate D2E/DX2                !
 ! A5    A(1,2,24)             117.6013         estimate D2E/DX2                !
 ! A6    A(3,2,24)             121.9414         estimate D2E/DX2                !
 ! A7    A(2,3,4)              121.6908         estimate D2E/DX2                !
 ! A8    A(2,3,15)             116.8931         estimate D2E/DX2                !
 ! A9    A(4,3,15)             121.3849         estimate D2E/DX2                !
 ! A10   A(3,4,5)              117.7227         estimate D2E/DX2                !
 ! A11   A(3,4,14)             122.6003         estimate D2E/DX2                !
 ! A12   A(5,4,14)             119.6679         estimate D2E/DX2                !
 ! A13   A(4,5,6)              119.5293         estimate D2E/DX2                !
 ! A14   A(4,5,7)              121.838          estimate D2E/DX2                !
 ! A15   A(6,5,7)              118.6194         estimate D2E/DX2                !
 ! A16   A(1,6,5)              121.701          estimate D2E/DX2                !
 ! A17   A(1,6,16)             121.029          estimate D2E/DX2                !
 ! A18   A(5,6,16)             117.2503         estimate D2E/DX2                !
 ! A19   A(5,7,8)              118.3175         estimate D2E/DX2                !
 ! A20   A(7,8,9)              118.553          estimate D2E/DX2                !
 ! A21   A(7,8,13)             121.4841         estimate D2E/DX2                !
 ! A22   A(9,8,13)             119.9629         estimate D2E/DX2                !
 ! A23   A(8,9,10)             120.4949         estimate D2E/DX2                !
 ! A24   A(8,9,17)             117.5492         estimate D2E/DX2                !
 ! A25   A(10,9,17)            121.956          estimate D2E/DX2                !
 ! A26   A(9,10,11)            119.687          estimate D2E/DX2                !
 ! A27   A(9,10,18)            120.5912         estimate D2E/DX2                !
 ! A28   A(11,10,18)           119.7218         estimate D2E/DX2                !
 ! A29   A(10,11,12)           121.0946         estimate D2E/DX2                !
 ! A30   A(10,11,19)           119.5512         estimate D2E/DX2                !
 ! A31   A(12,11,19)           119.3542         estimate D2E/DX2                !
 ! A32   A(11,12,13)           120.729          estimate D2E/DX2                !
 ! A33   A(11,12,20)           118.147          estimate D2E/DX2                !
 ! A34   A(13,12,20)           121.1239         estimate D2E/DX2                !
 ! A35   A(8,13,12)            118.0316         estimate D2E/DX2                !
 ! A36   A(8,13,14)            120.2547         estimate D2E/DX2                !
 ! A37   A(12,13,14)           121.7136         estimate D2E/DX2                !
 ! A38   A(4,14,13)            118.436          estimate D2E/DX2                !
 ! A39   A(4,14,27)            122.262          estimate D2E/DX2                !
 ! A40   A(13,14,27)           119.3007         estimate D2E/DX2                !
 ! A41   A(1,21,22)            114.8474         estimate D2E/DX2                !
 ! A42   A(1,21,23)            116.0104         estimate D2E/DX2                !
 ! A43   A(22,21,23)           111.214          estimate D2E/DX2                !
 ! A44   A(2,24,25)            118.2787         estimate D2E/DX2                !
 ! A45   A(2,24,26)            117.8954         estimate D2E/DX2                !
 ! A46   A(25,24,26)           114.1145         estimate D2E/DX2                !
 ! D1    D(6,1,2,3)             -3.8167         estimate D2E/DX2                !
 ! D2    D(6,1,2,24)           178.2693         estimate D2E/DX2                !
 ! D3    D(21,1,2,3)           179.4577         estimate D2E/DX2                !
 ! D4    D(21,1,2,24)            1.5437         estimate D2E/DX2                !
 ! D5    D(2,1,6,5)              1.9775         estimate D2E/DX2                !
 ! D6    D(2,1,6,16)          -179.6767         estimate D2E/DX2                !
 ! D7    D(21,1,6,5)           178.5048         estimate D2E/DX2                !
 ! D8    D(21,1,6,16)           -3.1494         estimate D2E/DX2                !
 ! D9    D(2,1,21,22)         -174.9974         estimate D2E/DX2                !
 ! D10   D(2,1,21,23)          -42.9561         estimate D2E/DX2                !
 ! D11   D(6,1,21,22)            8.4387         estimate D2E/DX2                !
 ! D12   D(6,1,21,23)          140.48           estimate D2E/DX2                !
 ! D13   D(1,2,3,4)              2.7283         estimate D2E/DX2                !
 ! D14   D(1,2,3,15)          -179.2751         estimate D2E/DX2                !
 ! D15   D(24,2,3,4)          -179.4502         estimate D2E/DX2                !
 ! D16   D(24,2,3,15)           -1.4535         estimate D2E/DX2                !
 ! D17   D(1,2,24,25)          -28.2663         estimate D2E/DX2                !
 ! D18   D(1,2,24,26)         -172.3335         estimate D2E/DX2                !
 ! D19   D(3,2,24,25)          153.8535         estimate D2E/DX2                !
 ! D20   D(3,2,24,26)            9.7862         estimate D2E/DX2                !
 ! D21   D(2,3,4,5)              0.1541         estimate D2E/DX2                !
 ! D22   D(2,3,4,14)           179.0526         estimate D2E/DX2                !
 ! D23   D(15,3,4,5)          -177.7529         estimate D2E/DX2                !
 ! D24   D(15,3,4,14)            1.1455         estimate D2E/DX2                !
 ! D25   D(3,4,5,6)             -1.9803         estimate D2E/DX2                !
 ! D26   D(3,4,5,7)            179.3663         estimate D2E/DX2                !
 ! D27   D(14,4,5,6)           179.0877         estimate D2E/DX2                !
 ! D28   D(14,4,5,7)             0.4343         estimate D2E/DX2                !
 ! D29   D(3,4,14,13)         -179.3245         estimate D2E/DX2                !
 ! D30   D(3,4,14,27)            0.2371         estimate D2E/DX2                !
 ! D31   D(5,4,14,13)           -0.4467         estimate D2E/DX2                !
 ! D32   D(5,4,14,27)          179.1149         estimate D2E/DX2                !
 ! D33   D(4,5,6,1)              0.8723         estimate D2E/DX2                !
 ! D34   D(4,5,6,16)          -177.5332         estimate D2E/DX2                !
 ! D35   D(7,5,6,1)            179.5691         estimate D2E/DX2                !
 ! D36   D(7,5,6,16)             1.1636         estimate D2E/DX2                !
 ! D37   D(4,5,7,8)             -0.0808         estimate D2E/DX2                !
 ! D38   D(6,5,7,8)           -178.7461         estimate D2E/DX2                !
 ! D39   D(5,7,8,9)            179.8452         estimate D2E/DX2                !
 ! D40   D(5,7,8,13)            -0.2306         estimate D2E/DX2                !
 ! D41   D(7,8,9,10)           179.9456         estimate D2E/DX2                !
 ! D42   D(7,8,9,17)            -0.0666         estimate D2E/DX2                !
 ! D43   D(13,8,9,10)            0.0202         estimate D2E/DX2                !
 ! D44   D(13,8,9,17)         -179.992          estimate D2E/DX2                !
 ! D45   D(7,8,13,12)         -179.8972         estimate D2E/DX2                !
 ! D46   D(7,8,13,14)            0.2073         estimate D2E/DX2                !
 ! D47   D(9,8,13,12)            0.026          estimate D2E/DX2                !
 ! D48   D(9,8,13,14)         -179.8695         estimate D2E/DX2                !
 ! D49   D(8,9,10,11)           -0.0235         estimate D2E/DX2                !
 ! D50   D(8,9,10,18)          179.9701         estimate D2E/DX2                !
 ! D51   D(17,9,10,11)         179.9892         estimate D2E/DX2                !
 ! D52   D(17,9,10,18)          -0.0171         estimate D2E/DX2                !
 ! D53   D(9,10,11,12)          -0.021          estimate D2E/DX2                !
 ! D54   D(9,10,11,19)         179.9588         estimate D2E/DX2                !
 ! D55   D(18,10,11,12)        179.9852         estimate D2E/DX2                !
 ! D56   D(18,10,11,19)         -0.0349         estimate D2E/DX2                !
 ! D57   D(10,11,12,13)          0.0689         estimate D2E/DX2                !
 ! D58   D(10,11,12,20)        179.9914         estimate D2E/DX2                !
 ! D59   D(19,11,12,13)       -179.911          estimate D2E/DX2                !
 ! D60   D(19,11,12,20)          0.0115         estimate D2E/DX2                !
 ! D61   D(11,12,13,8)          -0.0701         estimate D2E/DX2                !
 ! D62   D(11,12,13,14)        179.8237         estimate D2E/DX2                !
 ! D63   D(20,12,13,8)        -179.9903         estimate D2E/DX2                !
 ! D64   D(20,12,13,14)         -0.0965         estimate D2E/DX2                !
 ! D65   D(8,13,14,4)            0.1477         estimate D2E/DX2                !
 ! D66   D(8,13,14,27)        -179.4272         estimate D2E/DX2                !
 ! D67   D(12,13,14,4)        -179.7438         estimate D2E/DX2                !
 ! D68   D(12,13,14,27)          0.6813         estimate D2E/DX2                !
 --------------------------------------------------------------------------------
 Trust Radius=3.00D-01 FncErr=1.00D-07 GrdErr=1.00D-06 EigMax=2.50D+02 EigMin=1.00D-04
 Number of steps in this run=    153 maximum allowed number of steps=    162.
 GradGradGradGradGradGradGradGradGradGradGradGradGradGradGradGradGradGrad

 Leave Link  103 at Tue Apr 19 19:41:39 2022, MaxMem= 13421772800 cpu:               0.8 elap:               0.1
 (Enter /soft/gaussian/16-c.01/g16/l202.exe)
                          Input orientation:                          
 ---------------------------------------------------------------------
 Center     Atomic      Atomic             Coordinates (Angstroms)
 Number     Number       Type             X           Y           Z
 ---------------------------------------------------------------------
      1          6           0        3.563381    0.603417   -0.664856
      2          6           0        3.535662   -0.850570   -0.761970
      3          6           0        2.340760   -1.529993   -0.704204
      4          6           0        1.105645   -0.851930   -0.607554
      5          6           0        1.132673    0.598392   -0.573923
      6          6           0        2.385095    1.278329   -0.595608
      7          7           0        0.027686    1.312815   -0.497241
      8          6           0       -1.149336    0.664211   -0.451331
      9          6           0       -2.342949    1.429013   -0.365298
     10          6           0       -3.559179    0.811607   -0.317511
     11          6           0       -3.629933   -0.602390   -0.354583
     12          6           0       -2.496733   -1.364688   -0.438217
     13          6           0       -1.216847   -0.756886   -0.488709
     14          7           0       -0.074429   -1.497119   -0.568602
     15          1           0        2.387629   -2.609659   -0.769910
     16          1           0        2.363868    2.360126   -0.527759
     17          1           0       -2.246032    2.508508   -0.339485
     18          1           0       -4.470857    1.393599   -0.251374
     19          1           0       -4.597060   -1.090504   -0.315822
     20          1           0       -2.606201   -2.440892   -0.463267
     21          7           0        4.794721    1.227035   -0.717976
     22          1           0        4.771606    2.225304   -0.567697
     23          1           0        5.534800    0.793473   -0.182561
     24          7           0        4.728394   -1.498632   -0.866235
     25          1           0        5.500863   -1.011770   -1.294440
     26          1           0        4.712215   -2.489274   -1.051811
     27         25           0       -0.214795   -3.668811   -0.642830
 ---------------------------------------------------------------------
                    Distance matrix (angstroms):
                    1          2          3          4          5
     1  C    0.000000
     2  C    1.457490   0.000000
     3  C    2.459225   1.375770   0.000000
     4  C    2.856883   2.434919   1.412310   0.000000
     5  C    2.432413   2.812332   2.450810   1.450964   0.000000
     6  C    1.359654   2.425632   2.810770   2.484982   1.425252
     7  N    3.610052   4.129917   3.670789   2.420802   1.318057
     8  C    4.717943   4.933586   4.130284   2.721769   2.286247
     9  C    5.971271   6.317588   5.550469   4.141762   3.579582
    10  C    7.134062   7.300490   6.359395   4.961055   4.703688
    11  C    7.300274   7.181457   6.052426   4.748891   4.916544
    12  C    6.375718   6.062914   4.847619   3.642626   4.128521
    13  C    4.973130   4.761280   3.647012   2.327472   2.713721
    14  N    4.201806   3.672625   2.419216   1.345497   2.418324
    15  H    3.423052   2.100581   1.082679   2.181617   3.450351
    16  H    2.131585   3.425862   3.894187   3.450623   2.149809
    17  H    6.122459   6.699992   6.122186   4.753750   3.888335
    18  H    8.083584   8.330748   7.426343   6.022179   5.668857
    19  H    8.341702   8.148484   6.962567   5.715144   5.979032
    20  H    6.882746   6.351443   5.035892   4.040225   4.819614
    21  N    1.381275   2.429734   3.690977   4.235985   3.718405
    22  H    2.024788   3.320588   4.475478   4.786463   3.986065
    23  H    2.038437   2.652385   3.984030   4.743984   4.423792
    24  N    2.411725   1.361420   2.393331   3.689099   4.172789
    25  H    2.599816   2.042431   3.256254   4.451438   4.710929
    26  H    3.321790   2.038047   2.581638   3.985675   4.751335
    27  Mn   5.703247   4.692825   3.333042   3.111209   4.475426
                    6          7          8          9         10
     6  C    0.000000
     7  N    2.359712   0.000000
     8  C    3.590286   1.344684   0.000000
     9  C    4.736048   2.377146   1.420224   0.000000
    10  C    5.969050   3.626171   2.418052   1.364804   0.000000
    11  C    6.306803   4.131167   2.786934   2.404796   1.416252
    12  C    5.553607   3.680380   2.435587   2.798881   2.424794
    13  C    4.138539   2.415077   1.423191   2.462010   2.824181
    14  N    3.708517   2.812694   2.416718   3.708068   4.187690
    15  H    3.891894   4.585791   4.830097   6.233214   6.875627
    16  H    1.084131   2.560378   3.901867   4.800780   6.125732
    17  H    4.798570   2.573784   2.148647   1.084144   2.145766
    18  H    6.865556   4.505982   3.406537   2.131250   1.083626
    19  H    7.378356   5.215087   3.870942   3.381040   2.166847
    20  H    6.226006   4.585720   3.429908   3.880086   3.392368
    21  N    2.413276   4.772913   5.976594   7.149231   8.373804
    22  H    2.567680   4.831395   6.124386   7.161839   8.453586
    23  H    3.213461   5.540491   6.690786   7.905456   9.094998
    24  N    3.643597   5.489721   6.276762   7.669807   8.621031
    25  H    3.929495   5.999574   6.909768   8.267171   9.293194
    26  H    4.451791   6.058732   6.683025   8.099359   8.935937
    27  Mn   5.588904   4.989648   4.436791   5.531173   5.600435
                   11         12         13         14         15
    11  C    0.000000
    12  C    1.368297   0.000000
    13  C    2.421744   1.417774   0.000000
    14  N    3.672595   2.429422   1.363615   0.000000
    15  H    6.357097   5.051431   4.062522   2.709243   0.000000
    16  H    6.688209   6.124353   4.747505   4.563475   4.975738
    17  H    3.404864   3.882557   3.426994   4.562171   6.917493
    18  H    2.168358   3.397091   3.907621   5.271192   7.958253
    19  H    1.084016   2.121681   3.401034   4.547903   7.162395
    20  H    2.107114   1.082047   2.183307   2.704010   5.006081
    21  N    8.628652   7.743422   6.334623   5.581393   4.529571
    22  H    8.867194   8.107624   6.690386   6.110687   5.394544
    23  H    9.272020   8.320369   6.934123   6.071185   4.672363
    24  N    8.421797   7.239033   6.003216   4.812037   2.592845
    25  H    9.188165   8.051038   6.770657   5.643252   3.538448
    26  H    8.581253   7.321894   6.202582   4.912212   2.344710
    27  Mn   4.598825   3.249321   3.083369   2.177489   2.812572
                   16         17         18         19         20
    16  H    0.000000
    17  H    4.616128   0.000000
    18  H    6.908258   2.490107   0.000000
    19  H    7.772148   4.298928   2.488142   0.000000
    20  H    6.910537   4.964032   4.269094   2.410147   0.000000
    21  N    2.688703   7.166423   9.278814   9.681852   8.263910
    22  H    2.411841   7.027057   9.285199   9.941324   8.730197
    23  H    3.553642   7.969147  10.023874  10.306392   8.764463
    24  N    4.538234   8.060847   9.662778   9.350594   7.405844
    25  H    4.668857   8.562633  10.310625  10.145538   8.273919
    26  H    5.413506   8.596653  10.002311   9.442502   7.342203
    27  Mn   6.558264   6.509778   6.625352   5.094982   2.694225
                   21         22         23         24         25
    21  N    0.000000
    22  H    1.009782   0.000000
    23  H    1.011119   1.667613   0.000000
    24  N    2.730501   3.736133   2.524173   0.000000
    25  H    2.417270   3.396854   2.120455   1.008515   0.000000
    26  H    3.732184   4.739740   3.494091   1.008004   1.692292
    27  Mn   7.005012   7.720779   7.292576   5.403212   6.336656
                   26         27
    26  H    0.000000
    27  Mn   5.082717   0.000000
 Stoichiometry    C12H10MnN4(2+,6)
 Framework group  C1[X(C12H10MnN4)]
 Deg. of freedom    75
 Full point group                 C1      NOp   1
 RotChk:  IX=0 Diff= 1.33D-15
 Largest Abelian subgroup         C1      NOp   1
 Largest concise Abelian subgroup C1      NOp   1
                         Standard orientation:                         
 ---------------------------------------------------------------------
 Center     Atomic      Atomic             Coordinates (Angstroms)
 Number     Number       Type             X           Y           Z
 ---------------------------------------------------------------------
      1          6           0       -3.153383   -1.049010    0.021192
      2          6           0       -2.996005    0.399383   -0.019662
      3          6           0       -1.741989    0.964795    0.002624
      4          6           0       -0.571673    0.174257    0.007936
      5          6           0       -0.731087   -1.267749   -0.014448
      6          6           0       -2.040615   -1.830066    0.002246
      7          7           0        0.305485   -2.081818   -0.023721
      8          6           0        1.538295   -1.544929   -0.013554
      9          6           0        2.658801   -2.417546   -0.020103
     10          6           0        3.927810   -1.915322   -0.011339
     11          6           0        4.127186   -0.513257    0.003898
     12          6           0        3.066647    0.351302    0.009597
     13          6           0        1.735087   -0.135493    0.001828
     14          7           0        0.663521    0.707781    0.010867
     15          1           0       -1.691902    2.046122   -0.017809
     16          1           0       -2.116298   -2.911290    0.026067
     17          1           0        2.463804   -3.483943   -0.031986
     18          1           0        4.783869   -2.579693   -0.015831
     19          1           0        5.136056   -0.116754    0.011515
     20          1           0        3.273859    1.413256    0.021457
     21          7           0       -4.438251   -1.555812    0.007647
     22          1           0       -4.500355   -2.557741    0.116927
     23          1           0       -5.108362   -1.081186    0.597600
     24          7           0       -4.127312    1.156577   -0.035967
     25          1           0       -4.961256    0.760915   -0.442282
     26          1           0       -4.028539    2.148923   -0.182816
     27         25           0        1.000424    2.859044    0.015363
 ---------------------------------------------------------------------
 Rotational constants (GHZ):           0.5956659           0.2946941           0.1972582
 Leave Link  202 at Tue Apr 19 19:41:40 2022, MaxMem= 13421772800 cpu:               0.8 elap:               0.1
 (Enter /soft/gaussian/16-c.01/g16/l301.exe)
 Basis read from chk: "NH2-PHZ-dummy2-Mn-6-Raman.chk" (6D, 7F)
 No pseudopotential information found on chk file.
 There are   687 symmetry adapted cartesian basis functions of A   symmetry.
 There are   627 symmetry adapted basis functions of A   symmetry.
   627 basis functions,   980 primitive gaussians,   687 cartesian basis functions
    69 alpha electrons       64 beta electrons
       nuclear repulsion energy      1336.8815914606 Hartrees.
 IExCor= 4639 DFT=T Ex+Corr=wB97XD ExCW=0 ScaHFX=  1.000000
 ScaDFX=  1.000000  1.000000  1.000000  1.000000 ScalE2=  1.000000  1.000000
 IRadAn=      5 IRanWt=     -1 IRanGd=            0 ICorTp=0 IEmpDi=121
 HFx  wShort=  0.000000 wLong=  0.200000 cFull=  0.222036 cShort=  0.000000 cLong=  0.777964
 DFx  wShort=  0.000000 wLong=  0.200000 cFull=  0.000000 cShort=  0.000000 cLong=  1.000000
 NAtoms=   27 NActive=   27 NUniq=   27 SFac= 1.00D+00 NAtFMM=   60 NAOKFM=F Big=F
 Integral buffers will be    131072 words long.
 Raffenetti 2 integral format.
 Two-electron integral symmetry is turned on.
 R6Disp:  Grimme-D2 Dispersion energy=       -0.0184367652 Hartrees.
 Nuclear repulsion after empirical dispersion term =     1336.8631546954 Hartrees.
 No density basis found on file  20724.
 ------------------------------------------------------------------------------
 Polarizable Continuum Model (PCM)
 =================================
 Model                : C-PCM.
 Atomic radii         : UFF (Universal Force Field).
 Polarization charges : Total charges.
 Charge compensation  : None.
 Solution method      : On-the-fly selection.
 Cavity type          : Scaled VdW (van der Waals Surface) (Alpha=1.100).
 Cavity algorithm     : GePol (No added spheres)
                        Default sphere list used, NSphG=   27.
                        Lebedev-Laikov grids with approx.  5.0 points / Ang**2.
                        Smoothing algorithm: York/Karplus (Gamma=1.0000).
                        Polarization charges: spherical gaussians, with
                                              point-specific exponents (IZeta= 3).
                        Self-potential: point-specific (ISelfS= 7).
                        Self-field    : sphere-specific E.n sum rule (ISelfD= 2).
 1st derivatives      : Analytical E(r).r(x)/FMM algorithm (CHGder, D1EAlg=3).
                        Cavity 1st derivative terms included.
 Solvent              : Water, Eps=  78.355300 Eps(inf)=   1.777849
 ------------------------------------------------------------------------------
 GePol: Number of generator spheres                  =      27
 GePol: Total number of spheres                      =      27
 GePol: Number of exposed spheres                    =      27 (100.00%)
 GePol: Number of points                             =    2142
 GePol: Average weight of points                     =       0.13
 GePol: Minimum weight of points                     =   0.35D-10
 GePol: Maximum weight of points                     =    0.21276
 GePol: Number of points with low weight             =     125
 GePol: Fraction of low-weight points (<1% of avg)   =       5.84%
 GePol: Cavity surface area                          =    279.984 Ang**2
 GePol: Cavity volume                                =    296.941 Ang**3
 Leave Link  301 at Tue Apr 19 19:41:40 2022, MaxMem= 13421772800 cpu:               2.8 elap:               0.1
 (Enter /soft/gaussian/16-c.01/g16/l302.exe)
 NPDir=0 NMtPBC=     1 NCelOv=     1 NCel=       1 NClECP=     1 NCelD=      1
         NCelK=      1 NCelE2=     1 NClLst=     1 CellRange=     0.0.
 One-electron integrals computed using PRISM.
 One-electron integral symmetry used in STVInt
 NBasis=   627 RedAO= T EigKep=  1.19D-06  NBF=   627
 NBsUse=   624 1.00D-06 EigRej=  7.90D-07 NBFU=   624
 Precomputing XC quadrature grid using
 IXCGrd= 4 IRadAn=           5 IRanWt=          -1 IRanGd=           0 AccXCQ= 0.00D+00.
 Generated NRdTot=       0 NPtTot=           0 NUsed=           0 NTot=          32
 NSgBfM=   684   684   684   684   684 MxSgAt=    27 MxSgA2=    27.
 Leave Link  302 at Tue Apr 19 19:41:41 2022, MaxMem= 13421772800 cpu:              22.8 elap:               0.7
 (Enter /soft/gaussian/16-c.01/g16/l303.exe)
 DipDrv:  MaxL=1.
 Leave Link  303 at Tue Apr 19 19:41:41 2022, MaxMem= 13421772800 cpu:               2.4 elap:               0.1
 (Enter /soft/gaussian/16-c.01/g16/l401.exe)
 Initial guess from the checkpoint file:  "NH2-PHZ-dummy2-Mn-6-Raman.chk"
 B after Tr=     0.000000   -0.000000   -0.000000
         Rot=    1.000000    0.000000   -0.000000    0.000000 Ang=   0.00 deg.
 Guess basis will be translated and rotated to current coordinates.
 JPrj=2 DoOrth=T DoCkMO=T.
 Initial guess <Sx>= 0.0000 <Sy>= 0.0000 <Sz>= 2.5000 <S**2>= 8.7524 S= 2.5004
 Leave Link  401 at Tue Apr 19 19:41:42 2022, MaxMem= 13421772800 cpu:              34.8 elap:               1.0
 (Enter /soft/gaussian/16-c.01/g16/l502.exe)
 Integral symmetry usage will be decided dynamically.
 UHF open shell SCF:
 Using DIIS extrapolation, IDIIS=  1040.
 NGot= 13421772800 LenX= 13420797655 LenY= 13420324999
 Requested convergence on RMS density matrix=1.00D-08 within 128 cycles.
 Requested convergence on MAX density matrix=1.00D-06.
 Requested convergence on             energy=1.00D-06.
 No special actions if energy rises.
 Fock matrices will be formed incrementally for  20 cycles.

 Cycle   1  Pass 1  IDiag  1:
 FoFJK:  IHMeth= 1 ICntrl=       0 DoSepK=T KAlg= 0 I1Cent=           0 FoldK=F
 IRaf=         1 NMat=       1 IRICut=       1 DoRegI=T DoRafI=F ISym2E= 0 IDoP0=0 IntGTp=1.
 FoFCou: FMM=F IPFlag=           0 FMFlag=      100000 FMFlg1=           0
         NFxFlg=           0 DoJE=T BraDBF=F KetDBF=F FulRan=T
         wScrn=  0.000000 ICntrl=       500 IOpCl=  0 I1Cent=           0 NGrid=           0
         NMat0=    1 NMatS0=      1 NMatT0=    0 NMatD0=    1 NMtDS0=    0 NMtDT0=    0
 Symmetry not used in FoFCou.
 Inv3:  Mode=1 IEnd=    13764492.
 Iteration    1 A*A^-1 deviation from unit magnitude is 3.33D-15 for    987.
 Iteration    1 A*A^-1 deviation from orthogonality  is 2.47D-15 for   1778   1409.
 Iteration    1 A^-1*A deviation from unit magnitude is 3.11D-15 for   1456.
 Iteration    1 A^-1*A deviation from orthogonality  is 2.13D-15 for   1100    450.
 E= -1832.87231407408    
 DIIS: error= 7.00D-09 at cycle   1 NSaved=   1.
 NSaved= 1 IEnMin= 1 EnMin= -1832.87231407408     IErMin= 1 ErrMin= 7.00D-09
 ErrMax= 7.00D-09  0.00D+00 EMaxC= 1.00D-01 BMatC= 6.41D-14 BMatP= 6.41D-14
 IDIUse=1 WtCom= 1.00D+00 WtEn= 0.00D+00
 Coeff-Com:  0.100D+01
 Coeff:      0.100D+01
 Gap=     0.246 Goal=   None    Shift=    0.000
 Gap=     0.244 Goal=   None    Shift=    0.000
 RMSDP=1.72D-09 MaxDP=1.23D-07              OVMax= 2.04D-07

 Error on total polarization charges =  0.01703
 SCF Done:  E(UwB97XD) =  -1832.87231407     A.U. after    1 cycles
            NFock=  1  Conv=0.17D-08     -V/T= 2.0040
 <Sx>= 0.0000 <Sy>= 0.0000 <Sz>= 2.5000 <S**2>= 8.7524 S= 2.5004
 <L.S>=  0.00000000000    
 KE= 1.825543364305D+03 PE=-6.951469284428D+03 EE= 1.956190451353D+03
 Annihilation of the first spin contaminant:
 S**2 before annihilation     8.7524,   after     8.7500
 Leave Link  502 at Tue Apr 19 19:42:03 2022, MaxMem= 13421772800 cpu:             733.3 elap:              21.0
 (Enter /soft/gaussian/16-c.01/g16/l601.exe)
 Copying SCF densities to generalized density rwf, IOpCl= 1 IROHF=0.

 **********************************************************************

            Population analysis using the SCF Density.

 **********************************************************************

 Orbital symmetries:
 Alpha Orbitals:
       Occupied  (A) (A) (A) (A) (A) (A) (A) (A) (A) (A) (A) (A)
                 (A) (A) (A) (A) (A) (A) (A) (A) (A) (A) (A) (A)
                 (A) (A) (A) (A) (A) (A) (A) (A) (A) (A) (A) (A)
                 (A) (A) (A) (A) (A) (A) (A) (A) (A) (A) (A) (A)
                 (A) (A) (A) (A) (A) (A) (A) (A) (A) (A) (A) (A)
                 (A) (A) (A) (A) (A) (A) (A) (A) (A)
       Virtual   (A) (A) (A) (A) (A) (A) (A) (A) (A) (A) (A) (A)
                 (A) (A) (A) (A) (A) (A) (A) (A) (A) (A) (A) (A)
                 (A) (A) (A) (A) (A) (A) (A) (A) (A) (A) (A) (A)
                 (A) (A) (A) (A) (A) (A) (A) (A) (A) (A) (A) (A)
                 (A) (A) (A) (A) (A) (A) (A) (A) (A) (A) (A) (A)
                 (A) (A) (A) (A) (A) (A) (A) (A) (A) (A) (A) (A)
                 (A) (A) (A) (A) (A) (A) (A) (A) (A) (A) (A) (A)
                 (A) (A) (A) (A) (A) (A) (A) (A) (A) (A) (A) (A)
                 (A) (A) (A) (A) (A) (A) (A) (A) (A) (A) (A) (A)
                 (A) (A) (A) (A) (A) (A) (A) (A) (A) (A) (A) (A)
                 (A) (A) (A) (A) (A) (A) (A) (A) (A) (A) (A) (A)
                 (A) (A) (A) (A) (A) (A) (A) (A) (A) (A) (A) (A)
                 (A) (A) (A) (A) (A) (A) (A) (A) (A) (A) (A) (A)
                 (A) (A) (A) (A) (A) (A) (A) (A) (A) (A) (A) (A)
                 (A) (A) (A) (A) (A) (A) (A) (A) (A) (A) (A) (A)
                 (A) (A) (A) (A) (A) (A) (A) (A) (A) (A) (A) (A)
                 (A) (A) (A) (A) (A) (A) (A) (A) (A) (A) (A) (A)
                 (A) (A) (A) (A) (A) (A) (A) (A) (A) (A) (A) (A)
                 (A) (A) (A) (A) (A) (A) (A) (A) (A) (A) (A) (A)
                 (A) (A) (A) (A) (A) (A) (A) (A) (A) (A) (A) (A)
                 (A) (A) (A) (A) (A) (A) (A) (A) (A) (A) (A) (A)
                 (A) (A) (A) (A) (A) (A) (A) (A) (A) (A) (A) (A)
                 (A) (A) (A) (A) (A) (A) (A) (A) (A) (A) (A) (A)
                 (A) (A) (A) (A) (A) (A) (A) (A) (A) (A) (A) (A)
                 (A) (A) (A) (A) (A) (A) (A) (A) (A) (A) (A) (A)
                 (A) (A) (A) (A) (A) (A) (A) (A) (A) (A) (A) (A)
                 (A) (A) (A) (A) (A) (A) (A) (A) (A) (A) (A) (A)
                 (A) (A) (A) (A) (A) (A) (A) (A) (A) (A) (A) (A)
                 (A) (A) (A) (A) (A) (A) (A) (A) (A) (A) (A) (A)
                 (A) (A) (A) (A) (A) (A) (A) (A) (A) (A) (A) (A)
                 (A) (A) (A) (A) (A) (A) (A) (A) (A) (A) (A) (A)
                 (A) (A) (A) (A) (A) (A) (A) (A) (A) (A) (A) (A)
                 (A) (A) (A) (A) (A) (A) (A) (A) (A) (A) (A) (A)
                 (A) (A) (A) (A) (A) (A) (A) (A) (A) (A) (A) (A)
                 (A) (A) (A) (A) (A) (A) (A) (A) (A) (A) (A) (A)
                 (A) (A) (A) (A) (A) (A) (A) (A) (A) (A) (A) (A)
                 (A) (A) (A) (A) (A) (A) (A) (A) (A) (A) (A) (A)
                 (A) (A) (A) (A) (A) (A) (A) (A) (A) (A) (A) (A)
                 (A) (A) (A) (A) (A) (A) (A) (A) (A) (A) (A) (A)
                 (A) (A) (A) (A) (A) (A) (A) (A) (A) (A) (A) (A)
                 (A) (A) (A) (A) (A) (A) (A) (A) (A) (A) (A) (A)
                 (A) (A) (A) (A) (A) (A) (A) (A) (A) (A) (A) (A)
                 (A) (A) (A) (A) (A) (A) (A) (A) (A) (A) (A) (A)
                 (A) (A) (A) (A) (A) (A) (A) (A) (A) (A) (A) (A)
                 (A) (A) (A) (A) (A) (A) (A) (A) (A) (A) (A) (A)
                 (A) (A) (A) (A) (A) (A) (A) (A) (A) (A) (A) (A)
                 (A) (A) (A)
 Beta  Orbitals:
       Occupied  (A) (A) (A) (A) (A) (A) (A) (A) (A) (A) (A) (A)
                 (A) (A) (A) (A) (A) (A) (A) (A) (A) (A) (A) (A)
                 (A) (A) (A) (A) (A) (A) (A) (A) (A) (A) (A) (A)
                 (A) (A) (A) (A) (A) (A) (A) (A) (A) (A) (A) (A)
                 (A) (A) (A) (A) (A) (A) (A) (A) (A) (A) (A) (A)
                 (A) (A) (A) (A)
       Virtual   (A) (A) (A) (A) (A) (A) (A) (A) (A) (A) (A) (A)
                 (A) (A) (A) (A) (A) (A) (A) (A) (A) (A) (A) (A)
                 (A) (A) (A) (A) (A) (A) (A) (A) (A) (A) (A) (A)
                 (A) (A) (A) (A) (A) (A) (A) (A) (A) (A) (A) (A)
                 (A) (A) (A) (A) (A) (A) (A) (A) (A) (A) (A) (A)
                 (A) (A) (A) (A) (A) (A) (A) (A) (A) (A) (A) (A)
                 (A) (A) (A) (A) (A) (A) (A) (A) (A) (A) (A) (A)
                 (A) (A) (A) (A) (A) (A) (A) (A) (A) (A) (A) (A)
                 (A) (A) (A) (A) (A) (A) (A) (A) (A) (A) (A) (A)
                 (A) (A) (A) (A) (A) (A) (A) (A) (A) (A) (A) (A)
                 (A) (A) (A) (A) (A) (A) (A) (A) (A) (A) (A) (A)
                 (A) (A) (A) (A) (A) (A) (A) (A) (A) (A) (A) (A)
                 (A) (A) (A) (A) (A) (A) (A) (A) (A) (A) (A) (A)
                 (A) (A) (A) (A) (A) (A) (A) (A) (A) (A) (A) (A)
                 (A) (A) (A) (A) (A) (A) (A) (A) (A) (A) (A) (A)
                 (A) (A) (A) (A) (A) (A) (A) (A) (A) (A) (A) (A)
                 (A) (A) (A) (A) (A) (A) (A) (A) (A) (A) (A) (A)
                 (A) (A) (A) (A) (A) (A) (A) (A) (A) (A) (A) (A)
                 (A) (A) (A) (A) (A) (A) (A) (A) (A) (A) (A) (A)
                 (A) (A) (A) (A) (A) (A) (A) (A) (A) (A) (A) (A)
                 (A) (A) (A) (A) (A) (A) (A) (A) (A) (A) (A) (A)
                 (A) (A) (A) (A) (A) (A) (A) (A) (A) (A) (A) (A)
                 (A) (A) (A) (A) (A) (A) (A) (A) (A) (A) (A) (A)
                 (A) (A) (A) (A) (A) (A) (A) (A) (A) (A) (A) (A)
                 (A) (A) (A) (A) (A) (A) (A) (A) (A) (A) (A) (A)
                 (A) (A) (A) (A) (A) (A) (A) (A) (A) (A) (A) (A)
                 (A) (A) (A) (A) (A) (A) (A) (A) (A) (A) (A) (A)
                 (A) (A) (A) (A) (A) (A) (A) (A) (A) (A) (A) (A)
                 (A) (A) (A) (A) (A) (A) (A) (A) (A) (A) (A) (A)
                 (A) (A) (A) (A) (A) (A) (A) (A) (A) (A) (A) (A)
                 (A) (A) (A) (A) (A) (A) (A) (A) (A) (A) (A) (A)
                 (A) (A) (A) (A) (A) (A) (A) (A) (A) (A) (A) (A)
                 (A) (A) (A) (A) (A) (A) (A) (A) (A) (A) (A) (A)
                 (A) (A) (A) (A) (A) (A) (A) (A) (A) (A) (A) (A)
                 (A) (A) (A) (A) (A) (A) (A) (A) (A) (A) (A) (A)
                 (A) (A) (A) (A) (A) (A) (A) (A) (A) (A) (A) (A)
                 (A) (A) (A) (A) (A) (A) (A) (A) (A) (A) (A) (A)
                 (A) (A) (A) (A) (A) (A) (A) (A) (A) (A) (A) (A)
                 (A) (A) (A) (A) (A) (A) (A) (A) (A) (A) (A) (A)
                 (A) (A) (A) (A) (A) (A) (A) (A) (A) (A) (A) (A)
                 (A) (A) (A) (A) (A) (A) (A) (A) (A) (A) (A) (A)
                 (A) (A) (A) (A) (A) (A) (A) (A) (A) (A) (A) (A)
                 (A) (A) (A) (A) (A) (A) (A) (A) (A) (A) (A) (A)
                 (A) (A) (A) (A) (A) (A) (A) (A) (A) (A) (A) (A)
                 (A) (A) (A) (A) (A) (A) (A) (A) (A) (A) (A) (A)
                 (A) (A) (A) (A) (A) (A) (A) (A) (A) (A) (A) (A)
                 (A) (A) (A) (A) (A) (A) (A) (A)
 The electronic state is 6-A.
 Alpha  occ. eigenvalues -- -235.76976 -27.57844 -23.63291 -23.63243 -23.63057
 Alpha  occ. eigenvalues --  -14.51492 -14.48874 -14.48531 -14.48008 -10.38631
 Alpha  occ. eigenvalues --  -10.38422 -10.37527 -10.37393 -10.36933 -10.35999
 Alpha  occ. eigenvalues --  -10.32809 -10.32738 -10.32235 -10.32161 -10.31891
 Alpha  occ. eigenvalues --  -10.31561  -3.44815  -2.30947  -2.30755  -2.30624
 Alpha  occ. eigenvalues --   -1.11534  -1.07572  -1.04575  -1.02678  -0.98372
 Alpha  occ. eigenvalues --   -0.94067  -0.88599  -0.86639  -0.85190  -0.79365
 Alpha  occ. eigenvalues --   -0.76280  -0.74443  -0.72422  -0.68070  -0.67276
 Alpha  occ. eigenvalues --   -0.65819  -0.62000  -0.60975  -0.59939  -0.59649
 Alpha  occ. eigenvalues --   -0.56557  -0.56369  -0.54551  -0.54367  -0.53787
 Alpha  occ. eigenvalues --   -0.52914  -0.50992  -0.50595  -0.48038  -0.47783
 Alpha  occ. eigenvalues --   -0.46883  -0.46852  -0.46786  -0.46486  -0.46013
 Alpha  occ. eigenvalues --   -0.45753  -0.45438  -0.43123  -0.42235  -0.38375
 Alpha  occ. eigenvalues --   -0.36604  -0.35366  -0.30296  -0.29951
 Alpha virt. eigenvalues --   -0.05339   0.00241   0.02368   0.03720   0.04435
 Alpha virt. eigenvalues --    0.04684   0.05540   0.06350   0.06881   0.07240
 Alpha virt. eigenvalues --    0.07765   0.08222   0.09564   0.10139   0.10822
 Alpha virt. eigenvalues --    0.11165   0.11425   0.11830   0.12181   0.12513
 Alpha virt. eigenvalues --    0.12959   0.14309   0.14409   0.14647   0.14847
 Alpha virt. eigenvalues --    0.15387   0.15788   0.16184   0.16878   0.16955
 Alpha virt. eigenvalues --    0.17996   0.18223   0.18629   0.18849   0.19484
 Alpha virt. eigenvalues --    0.19998   0.20192   0.20550   0.21088   0.21212
 Alpha virt. eigenvalues --    0.21761   0.21997   0.22192   0.23021   0.23401
 Alpha virt. eigenvalues --    0.23509   0.23936   0.25020   0.25490   0.25672
 Alpha virt. eigenvalues --    0.26020   0.26204   0.26435   0.27092   0.27203
 Alpha virt. eigenvalues --    0.27709   0.28110   0.28456   0.28709   0.29361
 Alpha virt. eigenvalues --    0.29408   0.29626   0.30100   0.30281   0.31020
 Alpha virt. eigenvalues --    0.31345   0.31441   0.32223   0.32354   0.32692
 Alpha virt. eigenvalues --    0.33218   0.33563   0.33788   0.34435   0.34768
 Alpha virt. eigenvalues --    0.34970   0.35411   0.36116   0.36235   0.36956
 Alpha virt. eigenvalues --    0.37410   0.37819   0.38206   0.38497   0.39506
 Alpha virt. eigenvalues --    0.40091   0.40164   0.40832   0.41378   0.41446
 Alpha virt. eigenvalues --    0.41839   0.42505   0.43470   0.43812   0.44190
 Alpha virt. eigenvalues --    0.45359   0.45752   0.46437   0.47564   0.47599
 Alpha virt. eigenvalues --    0.49104   0.51159   0.51585   0.53504   0.54375
 Alpha virt. eigenvalues --    0.58299   0.59165   0.59799   0.61358   0.64908
 Alpha virt. eigenvalues --    0.65156   0.66043   0.66960   0.67293   0.69342
 Alpha virt. eigenvalues --    0.69940   0.70359   0.71391   0.71926   0.72225
 Alpha virt. eigenvalues --    0.72705   0.73230   0.73714   0.74089   0.74688
 Alpha virt. eigenvalues --    0.74864   0.76595   0.76992   0.77600   0.78089
 Alpha virt. eigenvalues --    0.78856   0.79618   0.82358   0.82584   0.84154
 Alpha virt. eigenvalues --    0.84745   0.85470   0.86429   0.87318   0.88148
 Alpha virt. eigenvalues --    0.89765   0.89997   0.90156   0.90827   0.91034
 Alpha virt. eigenvalues --    0.91055   0.91180   0.91927   0.93306   0.93539
 Alpha virt. eigenvalues --    0.93888   0.94373   0.94851   0.95157   0.95513
 Alpha virt. eigenvalues --    0.95800   0.96412   0.97040   0.97205   0.98364
 Alpha virt. eigenvalues --    0.98698   0.99635   1.00474   1.00506   1.01895
 Alpha virt. eigenvalues --    1.02225   1.02840   1.03174   1.03681   1.04651
 Alpha virt. eigenvalues --    1.04862   1.05778   1.06164   1.06830   1.08351
 Alpha virt. eigenvalues --    1.08957   1.09305   1.09993   1.11057   1.12056
 Alpha virt. eigenvalues --    1.13656   1.14322   1.15954   1.17347   1.18383
 Alpha virt. eigenvalues --    1.19192   1.21925   1.22301   1.24317   1.24873
 Alpha virt. eigenvalues --    1.26411   1.26949   1.27373   1.28128   1.28944
 Alpha virt. eigenvalues --    1.30736   1.32918   1.34924   1.36569   1.37108
 Alpha virt. eigenvalues --    1.38126   1.39184   1.39600   1.40427   1.43001
 Alpha virt. eigenvalues --    1.43772   1.45716   1.46566   1.47150   1.48461
 Alpha virt. eigenvalues --    1.48993   1.49389   1.49903   1.50206   1.51794
 Alpha virt. eigenvalues --    1.51991   1.54072   1.54339   1.55991   1.56459
 Alpha virt. eigenvalues --    1.56789   1.57268   1.58900   1.59638   1.60950
 Alpha virt. eigenvalues --    1.61439   1.62794   1.63266   1.64423   1.65069
 Alpha virt. eigenvalues --    1.65325   1.66247   1.67318   1.68057   1.68615
 Alpha virt. eigenvalues --    1.68900   1.70083   1.71864   1.72969   1.73569
 Alpha virt. eigenvalues --    1.74620   1.79858   1.80191   1.80696   1.83964
 Alpha virt. eigenvalues --    1.84324   1.86139   1.87343   1.90519   1.92388
 Alpha virt. eigenvalues --    1.93867   1.97561   1.97783   1.99047   2.00323
 Alpha virt. eigenvalues --    2.00878   2.03456   2.05532   2.06517   2.07392
 Alpha virt. eigenvalues --    2.08972   2.10553   2.12303   2.16805   2.19493
 Alpha virt. eigenvalues --    2.21224   2.22044   2.22735   2.25790   2.25977
 Alpha virt. eigenvalues --    2.31412   2.31930   2.33060   2.34599   2.34894
 Alpha virt. eigenvalues --    2.36132   2.37300   2.39482   2.41150   2.44238
 Alpha virt. eigenvalues --    2.44945   2.46518   2.49763   2.52331   2.53619
 Alpha virt. eigenvalues --    2.54485   2.59541   2.65264   2.66526   2.69620
 Alpha virt. eigenvalues --    2.70366   2.71080   2.72432   2.74025   2.77495
 Alpha virt. eigenvalues --    2.78943   2.79169   2.84239   2.88263   2.89454
 Alpha virt. eigenvalues --    2.91050   2.92145   2.93773   2.94524   2.95232
 Alpha virt. eigenvalues --    2.97068   2.98085   3.00857   3.01082   3.01710
 Alpha virt. eigenvalues --    3.02759   3.03924   3.04382   3.04760   3.07158
 Alpha virt. eigenvalues --    3.08177   3.09933   3.10795   3.11154   3.11923
 Alpha virt. eigenvalues --    3.13384   3.14797   3.16007   3.16164   3.17116
 Alpha virt. eigenvalues --    3.17428   3.18602   3.19373   3.20361   3.21675
 Alpha virt. eigenvalues --    3.22855   3.23774   3.24314   3.26127   3.26454
 Alpha virt. eigenvalues --    3.27159   3.28133   3.28733   3.30066   3.30620
 Alpha virt. eigenvalues --    3.32412   3.32743   3.34155   3.34736   3.35141
 Alpha virt. eigenvalues --    3.36523   3.37828   3.38814   3.39635   3.41272
 Alpha virt. eigenvalues --    3.42974   3.45524   3.47371   3.49242   3.50509
 Alpha virt. eigenvalues --    3.51132   3.52941   3.53621   3.55335   3.58285
 Alpha virt. eigenvalues --    3.58479   3.62172   3.62745   3.63768   3.65468
 Alpha virt. eigenvalues --    3.66103   3.67021   3.69266   3.71240   3.72247
 Alpha virt. eigenvalues --    3.72932   3.74055   3.75518   3.77598   3.78433
 Alpha virt. eigenvalues --    3.79592   3.80582   3.82365   3.84776   3.85347
 Alpha virt. eigenvalues --    3.86314   3.87538   3.89255   3.90093   3.92027
 Alpha virt. eigenvalues --    3.93866   3.95788   3.97342   3.98136   3.99832
 Alpha virt. eigenvalues --    4.01628   4.01708   4.01764   4.02014   4.02716
 Alpha virt. eigenvalues --    4.03297   4.04884   4.05344   4.05586   4.06405
 Alpha virt. eigenvalues --    4.10462   4.11118   4.13333   4.13772   4.15585
 Alpha virt. eigenvalues --    4.16540   4.16859   4.18589   4.19614   4.20989
 Alpha virt. eigenvalues --    4.21639   4.22610   4.25366   4.26509   4.27417
 Alpha virt. eigenvalues --    4.27847   4.30048   4.30488   4.34092   4.34639
 Alpha virt. eigenvalues --    4.35400   4.35837   4.37378   4.38602   4.39376
 Alpha virt. eigenvalues --    4.40060   4.41716   4.43134   4.44188   4.44895
 Alpha virt. eigenvalues --    4.45055   4.46033   4.47256   4.48687   4.49053
 Alpha virt. eigenvalues --    4.50658   4.51845   4.52258   4.52755   4.54206
 Alpha virt. eigenvalues --    4.54711   4.55306   4.57132   4.57353   4.58019
 Alpha virt. eigenvalues --    4.59243   4.60033   4.60593   4.61672   4.62780
 Alpha virt. eigenvalues --    4.63212   4.63363   4.64556   4.66275   4.66507
 Alpha virt. eigenvalues --    4.68401   4.68779   4.69252   4.70338   4.71477
 Alpha virt. eigenvalues --    4.72554   4.73492   4.73873   4.74951   4.75506
 Alpha virt. eigenvalues --    4.76266   4.76643   4.78031   4.78585   4.80803
 Alpha virt. eigenvalues --    4.81434   4.82897   4.83834   4.84142   4.87294
 Alpha virt. eigenvalues --    4.89707   4.90399   4.91925   4.92482   4.96667
 Alpha virt. eigenvalues --    4.97216   4.98423   4.99526   5.01904   5.05923
 Alpha virt. eigenvalues --    5.07452   5.10281   5.10968   5.12853   5.14882
 Alpha virt. eigenvalues --    5.16852   5.18818   5.20433   5.22672   5.23981
 Alpha virt. eigenvalues --    5.24981   5.25988   5.28041   5.30058   5.32714
 Alpha virt. eigenvalues --    5.37370   5.38428   5.41022   5.43011   5.45283
 Alpha virt. eigenvalues --    5.48472   5.50782   5.55758   5.57409   5.61422
 Alpha virt. eigenvalues --    5.64203   5.65316   5.71177   5.74681   5.80671
 Alpha virt. eigenvalues --    5.84119   5.85949   5.87477   5.91611   5.91949
 Alpha virt. eigenvalues --    5.95662   5.98341   6.04880   6.05877   6.13915
 Alpha virt. eigenvalues --    6.22108   6.27553   6.41588   6.52888   6.61110
 Alpha virt. eigenvalues --    6.84435   7.01061   8.96992   9.48133  11.10874
 Alpha virt. eigenvalues --   11.33884  11.43146  11.43740  11.54393  11.55274
 Alpha virt. eigenvalues --   11.74626  12.05077  12.05672  12.24503  12.40734
 Alpha virt. eigenvalues --   12.43523  12.57311  12.68381  13.18285  13.61376
 Alpha virt. eigenvalues --   17.26555  18.23402  26.56426  28.35581  38.51631
  Beta  occ. eigenvalues -- -235.76862 -27.49276 -23.56121 -23.56063 -23.55959
  Beta  occ. eigenvalues --  -14.51492 -14.48869 -14.48516 -14.48010 -10.38625
  Beta  occ. eigenvalues --  -10.38408 -10.37530 -10.37382 -10.36936 -10.36004
  Beta  occ. eigenvalues --  -10.32803 -10.32732 -10.32234 -10.32161 -10.31886
  Beta  occ. eigenvalues --  -10.31558  -3.22633  -2.06947  -2.06712  -2.06452
  Beta  occ. eigenvalues --   -1.11500  -1.07565  -1.04537  -1.02675  -0.98361
  Beta  occ. eigenvalues --   -0.94055  -0.88581  -0.86627  -0.85176  -0.79347
  Beta  occ. eigenvalues --   -0.76255  -0.74398  -0.72393  -0.68057  -0.67235
  Beta  occ. eigenvalues --   -0.65782  -0.61988  -0.60938  -0.59819  -0.59643
  Beta  occ. eigenvalues --   -0.56527  -0.56282  -0.54481  -0.54318  -0.53702
  Beta  occ. eigenvalues --   -0.52860  -0.50576  -0.48918  -0.46934  -0.46809
  Beta  occ. eigenvalues --   -0.46327  -0.45992  -0.45626  -0.43187  -0.38379
  Beta  occ. eigenvalues --   -0.36899  -0.35369  -0.30344  -0.29938
  Beta virt. eigenvalues --   -0.05547   0.01560   0.02124   0.02174   0.02277
  Beta virt. eigenvalues --    0.02557   0.02877   0.03689   0.04789   0.05743
  Beta virt. eigenvalues --    0.05994   0.06267   0.07520   0.07698   0.07861
  Beta virt. eigenvalues --    0.08295   0.08378   0.09823   0.10239   0.10885
  Beta virt. eigenvalues --    0.11594   0.11767   0.12037   0.12380   0.12650
  Beta virt. eigenvalues --    0.13320   0.14524   0.14775   0.15107   0.15290
  Beta virt. eigenvalues --    0.15893   0.16421   0.16540   0.17242   0.17679
  Beta virt. eigenvalues --    0.18139   0.18411   0.19067   0.19935   0.20046
  Beta virt. eigenvalues --    0.20303   0.21156   0.21376   0.21628   0.21873
  Beta virt. eigenvalues --    0.22076   0.22305   0.22942   0.23440   0.23628
  Beta virt. eigenvalues --    0.23822   0.24368   0.25285   0.25590   0.25992
  Beta virt. eigenvalues --    0.26344   0.26565   0.26850   0.27249   0.27341
  Beta virt. eigenvalues --    0.28110   0.28257   0.28758   0.29272   0.29490
  Beta virt. eigenvalues --    0.29613   0.30143   0.30568   0.30759   0.31283
  Beta virt. eigenvalues --    0.31685   0.32111   0.32521   0.32546   0.33042
  Beta virt. eigenvalues --    0.33547   0.33749   0.34116   0.34595   0.34885
  Beta virt. eigenvalues --    0.35534   0.36516   0.36776   0.36964   0.37209
  Beta virt. eigenvalues --    0.37682   0.37935   0.38373   0.39038   0.39734
  Beta virt. eigenvalues --    0.40481   0.41466   0.41846   0.41922   0.43154
  Beta virt. eigenvalues --    0.43442   0.43900   0.44261   0.44492   0.45294
  Beta virt. eigenvalues --    0.46146   0.47123   0.47960   0.48796   0.50709
  Beta virt. eigenvalues --    0.51445   0.51969   0.54016   0.54317   0.55794
  Beta virt. eigenvalues --    0.58642   0.61585   0.62581   0.64009   0.65156
  Beta virt. eigenvalues --    0.65744   0.66186   0.67036   0.68162   0.69824
  Beta virt. eigenvalues --    0.70122   0.70580   0.71528   0.71951   0.72318
  Beta virt. eigenvalues --    0.72844   0.73633   0.74000   0.74199   0.74764
  Beta virt. eigenvalues --    0.75105   0.77133   0.77215   0.77671   0.78421
  Beta virt. eigenvalues --    0.78889   0.80432   0.82386   0.82665   0.84176
  Beta virt. eigenvalues --    0.84964   0.85491   0.86832   0.87540   0.88254
  Beta virt. eigenvalues --    0.89892   0.90222   0.90230   0.90929   0.91143
  Beta virt. eigenvalues --    0.91278   0.91478   0.92075   0.93608   0.93781
  Beta virt. eigenvalues --    0.94253   0.94571   0.94909   0.95398   0.95858
  Beta virt. eigenvalues --    0.95958   0.96454   0.97279   0.97339   0.98421
  Beta virt. eigenvalues --    0.98823   0.99704   1.00546   1.00617   1.02034
  Beta virt. eigenvalues --    1.02330   1.03088   1.03421   1.03857   1.04928
  Beta virt. eigenvalues --    1.04948   1.05952   1.06258   1.06977   1.08539
  Beta virt. eigenvalues --    1.09053   1.09443   1.10102   1.11261   1.12148
  Beta virt. eigenvalues --    1.14213   1.14689   1.16890   1.17842   1.18705
  Beta virt. eigenvalues --    1.19740   1.23821   1.24534   1.25126   1.25301
  Beta virt. eigenvalues --    1.26634   1.27406   1.28314   1.31710   1.32279
  Beta virt. eigenvalues --    1.34083   1.34551   1.35913   1.37302   1.37670
  Beta virt. eigenvalues --    1.39195   1.39798   1.41748   1.43662   1.44769
  Beta virt. eigenvalues --    1.45012   1.46590   1.47824   1.48616   1.48809
  Beta virt. eigenvalues --    1.49751   1.49899   1.51469   1.51966   1.52296
  Beta virt. eigenvalues --    1.53419   1.54627   1.55948   1.57002   1.57543
  Beta virt. eigenvalues --    1.58244   1.59770   1.61124   1.62902   1.63366
  Beta virt. eigenvalues --    1.63605   1.64949   1.65352   1.65510   1.65878
  Beta virt. eigenvalues --    1.68147   1.68868   1.69016   1.71483   1.72535
  Beta virt. eigenvalues --    1.73660   1.73728   1.74351   1.76852   1.77325
  Beta virt. eigenvalues --    1.79362   1.80062   1.81190   1.82304   1.84171
  Beta virt. eigenvalues --    1.84619   1.86927   1.87988   1.90993   1.92806
  Beta virt. eigenvalues --    1.94110   1.97943   1.98329   1.99403   2.01359
  Beta virt. eigenvalues --    2.03372   2.03694   2.05866   2.06603   2.07410
  Beta virt. eigenvalues --    2.09144   2.10989   2.12763   2.16814   2.19589
  Beta virt. eigenvalues --    2.21509   2.22433   2.23275   2.25871   2.26142
  Beta virt. eigenvalues --    2.31506   2.32063   2.33125   2.34659   2.34950
  Beta virt. eigenvalues --    2.36171   2.37431   2.39616   2.43098   2.44720
  Beta virt. eigenvalues --    2.44978   2.47300   2.49812   2.52490   2.53790
  Beta virt. eigenvalues --    2.54579   2.59554   2.65426   2.66622   2.69802
  Beta virt. eigenvalues --    2.70415   2.71851   2.72578   2.78498   2.79076
  Beta virt. eigenvalues --    2.82402   2.84257   2.84597   2.88350   2.89714
  Beta virt. eigenvalues --    2.91272   2.93501   2.94299   2.94585   2.95298
  Beta virt. eigenvalues --    2.97375   2.99885   3.00968   3.01132   3.02172
  Beta virt. eigenvalues --    3.02941   3.04040   3.04499   3.04948   3.07230
  Beta virt. eigenvalues --    3.08263   3.10308   3.11027   3.11363   3.12406
  Beta virt. eigenvalues --    3.13633   3.14851   3.16203   3.16303   3.17147
  Beta virt. eigenvalues --    3.17460   3.18802   3.19400   3.20389   3.21768
  Beta virt. eigenvalues --    3.22920   3.23846   3.24341   3.26175   3.26528
  Beta virt. eigenvalues --    3.27184   3.28164   3.28771   3.30097   3.30767
  Beta virt. eigenvalues --    3.32436   3.32804   3.34186   3.34805   3.35219
  Beta virt. eigenvalues --    3.36566   3.37864   3.38831   3.39794   3.41393
  Beta virt. eigenvalues --    3.43077   3.45780   3.47422   3.49280   3.50604
  Beta virt. eigenvalues --    3.51220   3.52992   3.53686   3.55372   3.58323
  Beta virt. eigenvalues --    3.58530   3.62305   3.62893   3.63871   3.65501
  Beta virt. eigenvalues --    3.66350   3.67151   3.69345   3.71339   3.72592
  Beta virt. eigenvalues --    3.72962   3.74121   3.75651   3.77671   3.78487
  Beta virt. eigenvalues --    3.79679   3.80758   3.82456   3.84914   3.85410
  Beta virt. eigenvalues --    3.86394   3.87598   3.89493   3.90292   3.92199
  Beta virt. eigenvalues --    3.95093   3.96179   3.98455   4.00500   4.01875
  Beta virt. eigenvalues --    4.02881   4.05462   4.06279   4.07230   4.10319
  Beta virt. eigenvalues --    4.10879   4.11689   4.12374   4.12809   4.12971
  Beta virt. eigenvalues --    4.13518   4.13848   4.14023   4.15518   4.16959
  Beta virt. eigenvalues --    4.17487   4.19359   4.20804   4.21329   4.22287
  Beta virt. eigenvalues --    4.22821   4.23464   4.25732   4.26934   4.27922
  Beta virt. eigenvalues --    4.28449   4.30413   4.30809   4.34212   4.34718
  Beta virt. eigenvalues --    4.35658   4.35900   4.37530   4.39201   4.39986
  Beta virt. eigenvalues --    4.41616   4.42009   4.44131   4.45634   4.46673
  Beta virt. eigenvalues --    4.47067   4.48440   4.50487   4.51904   4.52967
  Beta virt. eigenvalues --    4.54429   4.55019   4.56732   4.56903   4.57542
  Beta virt. eigenvalues --    4.58063   4.59551   4.60150   4.61372   4.61655
  Beta virt. eigenvalues --    4.61931   4.62498   4.63390   4.63890   4.64549
  Beta virt. eigenvalues --    4.65101   4.65900   4.67581   4.67675   4.67853
  Beta virt. eigenvalues --    4.69538   4.70481   4.71124   4.72041   4.73091
  Beta virt. eigenvalues --    4.73872   4.74514   4.75353   4.75724   4.76205
  Beta virt. eigenvalues --    4.76780   4.77408   4.79262   4.80816   4.81848
  Beta virt. eigenvalues --    4.83095   4.84307   4.85387   4.85494   4.87649
  Beta virt. eigenvalues --    4.90674   4.92082   4.92789   4.95525   4.97115
  Beta virt. eigenvalues --    4.97500   4.98731   4.99949   5.02034   5.05969
  Beta virt. eigenvalues --    5.07511   5.10323   5.11059   5.13372   5.14917
  Beta virt. eigenvalues --    5.17079   5.18949   5.20467   5.22752   5.24044
  Beta virt. eigenvalues --    5.25004   5.26021   5.28114   5.30222   5.32762
  Beta virt. eigenvalues --    5.37387   5.38446   5.41046   5.43081   5.45317
  Beta virt. eigenvalues --    5.48570   5.50808   5.55841   5.57430   5.61572
  Beta virt. eigenvalues --    5.64227   5.65338   5.71192   5.74709   5.80706
  Beta virt. eigenvalues --    5.84152   5.85957   5.87501   5.91635   5.91979
  Beta virt. eigenvalues --    5.95678   5.98378   6.04904   6.05907   6.13968
  Beta virt. eigenvalues --    6.22123   6.27603   6.41609   6.53006   6.61111
  Beta virt. eigenvalues --    6.84457   7.01162   8.97009   9.48176  11.10878
  Beta virt. eigenvalues --   11.33889  11.43150  11.43745  11.54417  11.55279
  Beta virt. eigenvalues --   11.74637  12.05085  12.05686  12.24510  12.40755
  Beta virt. eigenvalues --   12.43531  12.57325  12.68396  13.18294  13.61410
  Beta virt. eigenvalues --   17.37967  18.24698  26.56443  28.35758  38.51679
          Condensed to atoms (all electrons):
               1          2          3          4          5          6
     1  C   10.035081  -1.807372  -1.590904   0.436733  -1.455295   0.477000
     2  C   -1.807372  11.005087   0.436040  -2.953275   0.211346  -1.052624
     3  C   -1.590904   0.436040  10.724095  -1.736223  -2.134917   1.240355
     4  C    0.436733  -2.953275  -1.736223  11.929962  -0.810163  -1.158154
     5  C   -1.455295   0.211346  -2.134917  -0.810163  11.115142  -1.592129
     6  C    0.477000  -1.052624   1.240355  -1.158154  -1.592129   9.226269
     7  N    0.041485   0.003059   0.021612  -0.011675   0.344118  -0.082470
     8  C   -0.102313  -0.207876  -0.674793  -1.063573   1.178942  -0.046647
     9  C    0.063547  -0.114775  -0.137141  -0.096529   0.209200  -0.384087
    10  C    0.025408  -0.022819  -0.061761  -0.084440   0.151533  -0.003072
    11  C   -0.035224   0.070780   0.032907   0.390763  -0.235726  -0.033160
    12  C   -0.148413   0.122245  -0.340584   0.669929  -0.383362  -0.067365
    13  C   -0.104088   0.096460   0.532302  -0.162937  -1.236384  -0.252030
    14  N    0.029982  -0.026970  -0.188619   0.295230   0.235237  -0.051394
    15  H    0.034526   0.000147   0.184438   0.129041   0.035834  -0.021847
    16  H    0.001960  -0.000799  -0.038379   0.053958   0.129884   0.224094
    17  H   -0.000041   0.000118  -0.000301   0.001459  -0.027571   0.003659
    18  H    0.000003   0.000000  -0.000042   0.000391   0.000479   0.000030
    19  H    0.000005  -0.000024  -0.000233  -0.000101   0.001057   0.000018
    20  H    0.000298   0.001021   0.005301  -0.035806  -0.006278  -0.001568
    21  N    0.289815  -0.279355  -0.006465   0.059811   0.049106   0.035146
    22  H   -0.071696   0.059600  -0.008022   0.002392   0.046362  -0.055455
    23  H    0.082845  -0.170161  -0.022594  -0.014410   0.009180   0.085350
    24  N   -0.261913   0.245708   0.126462   0.095426   0.035404  -0.043628
    25  H   -0.169783   0.053222   0.120425   0.006839  -0.018956  -0.025537
    26  H    0.069021  -0.064352  -0.078534   0.047483   0.003694  -0.003021
    27  Mn   0.024311  -0.113681  -0.160170   0.044983   0.114506  -0.010547
               7          8          9         10         11         12
     1  C    0.041485  -0.102313   0.063547   0.025408  -0.035224  -0.148413
     2  C    0.003059  -0.207876  -0.114775  -0.022819   0.070780   0.122245
     3  C    0.021612  -0.674793  -0.137141  -0.061761   0.032907  -0.340584
     4  C   -0.011675  -1.063573  -0.096529  -0.084440   0.390763   0.669929
     5  C    0.344118   1.178942   0.209200   0.151533  -0.235726  -0.383362
     6  C   -0.082470  -0.046647  -0.384087  -0.003072  -0.033160  -0.067365
     7  N    6.577601   0.444641  -0.115945  -0.022045   0.013793  -0.002840
     8  C    0.444641   8.813045  -1.225258  -0.065231  -0.543489  -0.817777
     9  C   -0.115945  -1.225258   7.063095   0.590584  -0.145040   0.614453
    10  C   -0.022045  -0.065231   0.590584   5.545501   0.557288  -0.269724
    11  C    0.013793  -0.543489  -0.145040   0.557288   6.563578   0.104751
    12  C   -0.002840  -0.817777   0.614453  -0.269724   0.104751   7.682918
    13  C    0.033198  -0.038184  -0.300301  -0.492634  -0.787801  -1.113751
    14  N   -0.041830   0.208573  -0.063601   0.051468  -0.039671  -0.203960
    15  H    0.000208  -0.002725  -0.001582   0.000092   0.000839   0.005833
    16  H   -0.012754  -0.022405   0.002206  -0.000643   0.000134  -0.000643
    17  H   -0.013608   0.098158   0.265619  -0.015148  -0.009106  -0.024074
    18  H    0.000438   0.016927  -0.010866   0.287239   0.022925   0.022181
    19  H   -0.000088  -0.010734   0.007764   0.018985   0.305547  -0.004366
    20  H    0.000363   0.024579   0.002171  -0.009507  -0.063794   0.323742
    21  N    0.000051   0.008038  -0.001269  -0.000191   0.000144   0.001284
    22  H   -0.000199   0.000522   0.000035  -0.000000  -0.000000   0.000031
    23  H    0.000049   0.000428  -0.000056  -0.000002   0.000002   0.000020
    24  N    0.000408   0.001261   0.001101   0.000029  -0.000401  -0.002535
    25  H    0.000000  -0.000207   0.000005   0.000001  -0.000004  -0.000067
    26  H    0.000017   0.000316   0.000036  -0.000001   0.000006   0.000115
    27  Mn  -0.011652   0.125863   0.009710  -0.002900  -0.104648  -0.101557
              13         14         15         16         17         18
     1  C   -0.104088   0.029982   0.034526   0.001960  -0.000041   0.000003
     2  C    0.096460  -0.026970   0.000147  -0.000799   0.000118   0.000000
     3  C    0.532302  -0.188619   0.184438  -0.038379  -0.000301  -0.000042
     4  C   -0.162937   0.295230   0.129041   0.053958   0.001459   0.000391
     5  C   -1.236384   0.235237   0.035834   0.129884  -0.027571   0.000479
     6  C   -0.252030  -0.051394  -0.021847   0.224094   0.003659   0.000030
     7  N    0.033198  -0.041830   0.000208  -0.012754  -0.013608   0.000438
     8  C   -0.038184   0.208573  -0.002725  -0.022405   0.098158   0.016927
     9  C   -0.300301  -0.063601  -0.001582   0.002206   0.265619  -0.010866
    10  C   -0.492634   0.051468   0.000092  -0.000643  -0.015148   0.287239
    11  C   -0.787801  -0.039671   0.000839   0.000134  -0.009106   0.022925
    12  C   -1.113751  -0.203960   0.005833  -0.000643  -0.024074   0.022181
    13  C    9.377686   0.326373  -0.027245   0.005869   0.046606  -0.011496
    14  N    0.326373   6.250902  -0.019824   0.001532   0.001668  -0.000242
    15  H   -0.027245  -0.019824   0.490835   0.000016   0.000000  -0.000000
    16  H    0.005869   0.001532   0.000016   0.470364   0.000000  -0.000000
    17  H    0.046606   0.001668   0.000000   0.000000   0.476804  -0.003246
    18  H   -0.011496  -0.000242  -0.000000  -0.000000  -0.003246   0.471550
    19  H    0.009197   0.000994  -0.000000  -0.000000  -0.000143  -0.002526
    20  H    0.069548  -0.020120   0.000001   0.000000   0.000018  -0.000164
    21  N    0.003044  -0.000483  -0.000395  -0.013947  -0.000000  -0.000000
    22  H    0.000324   0.000030   0.000002   0.002842   0.000000  -0.000000
    23  H   -0.000229  -0.000004  -0.000004  -0.000086   0.000000   0.000000
    24  N    0.007585   0.001059  -0.017415  -0.000049   0.000000  -0.000000
    25  H    0.000054  -0.000060  -0.000167  -0.000006   0.000000  -0.000000
    26  H    0.000575  -0.000088   0.003729   0.000002  -0.000000   0.000000
    27  Mn   0.046574   0.175095   0.022029   0.000124   0.000120  -0.000117
              19         20         21         22         23         24
     1  C    0.000005   0.000298   0.289815  -0.071696   0.082845  -0.261913
     2  C   -0.000024   0.001021  -0.279355   0.059600  -0.170161   0.245708
     3  C   -0.000233   0.005301  -0.006465  -0.008022  -0.022594   0.126462
     4  C   -0.000101  -0.035806   0.059811   0.002392  -0.014410   0.095426
     5  C    0.001057  -0.006278   0.049106   0.046362   0.009180   0.035404
     6  C    0.000018  -0.001568   0.035146  -0.055455   0.085350  -0.043628
     7  N   -0.000088   0.000363   0.000051  -0.000199   0.000049   0.000408
     8  C   -0.010734   0.024579   0.008038   0.000522   0.000428   0.001261
     9  C    0.007764   0.002171  -0.001269   0.000035  -0.000056   0.001101
    10  C    0.018985  -0.009507  -0.000191  -0.000000  -0.000002   0.000029
    11  C    0.305547  -0.063794   0.000144  -0.000000   0.000002  -0.000401
    12  C   -0.004366   0.323742   0.001284   0.000031   0.000020  -0.002535
    13  C    0.009197   0.069548   0.003044   0.000324  -0.000229   0.007585
    14  N    0.000994  -0.020120  -0.000483   0.000030  -0.000004   0.001059
    15  H   -0.000000   0.000001  -0.000395   0.000002  -0.000004  -0.017415
    16  H   -0.000000   0.000000  -0.013947   0.002842  -0.000086  -0.000049
    17  H   -0.000143   0.000018  -0.000000   0.000000   0.000000   0.000000
    18  H   -0.002526  -0.000164  -0.000000  -0.000000   0.000000  -0.000000
    19  H    0.470477  -0.004100  -0.000000   0.000000  -0.000000   0.000000
    20  H   -0.004100   0.497685  -0.000000   0.000000   0.000000   0.000000
    21  N   -0.000000  -0.000000   6.829141   0.351081   0.332217   0.013245
    22  H    0.000000   0.000000   0.351081   0.343880  -0.021360  -0.001146
    23  H   -0.000000   0.000000   0.332217  -0.021360   0.357773   0.020448
    24  N    0.000000   0.000000   0.013245  -0.001146   0.020448   6.746009
    25  H    0.000000   0.000000   0.023464  -0.000015  -0.001655   0.337750
    26  H   -0.000000   0.000000  -0.001186  -0.000003   0.000025   0.350799
    27  Mn  -0.000207   0.029513  -0.000380   0.000005  -0.000016  -0.000966
              25         26         27
     1  C   -0.169783   0.069021   0.024311
     2  C    0.053222  -0.064352  -0.113681
     3  C    0.120425  -0.078534  -0.160170
     4  C    0.006839   0.047483   0.044983
     5  C   -0.018956   0.003694   0.114506
     6  C   -0.025537  -0.003021  -0.010547
     7  N    0.000000   0.000017  -0.011652
     8  C   -0.000207   0.000316   0.125863
     9  C    0.000005   0.000036   0.009710
    10  C    0.000001  -0.000001  -0.002900
    11  C   -0.000004   0.000006  -0.104648
    12  C   -0.000067   0.000115  -0.101557
    13  C    0.000054   0.000575   0.046574
    14  N   -0.000060  -0.000088   0.175095
    15  H   -0.000167   0.003729   0.022029
    16  H   -0.000006   0.000002   0.000124
    17  H    0.000000  -0.000000   0.000120
    18  H   -0.000000   0.000000  -0.000117
    19  H    0.000000  -0.000000  -0.000207
    20  H    0.000000   0.000000   0.029513
    21  N    0.023464  -0.001186  -0.000380
    22  H   -0.000015  -0.000003   0.000005
    23  H   -0.001655   0.000025  -0.000016
    24  N    0.337750   0.350799  -0.000966
    25  H    0.344652  -0.020339   0.000075
    26  H   -0.020339   0.336469  -0.000023
    27  Mn   0.000075  -0.000023  23.374393
          Atomic-Atomic Spin Densities.
               1          2          3          4          5          6
     1  C    0.267239  -0.305040   0.014011  -0.129128   0.192580  -0.063625
     2  C   -0.305040   0.878074  -0.143631  -0.130731  -0.263378  -0.019358
     3  C    0.014011  -0.143631   0.385151   0.095209  -0.317515   0.010463
     4  C   -0.129128  -0.130731   0.095209   0.720390  -0.544572   0.134538
     5  C    0.192580  -0.263378  -0.317515  -0.544572   1.097628  -0.237623
     6  C   -0.063625  -0.019358   0.010463   0.134538  -0.237623   0.273323
     7  N   -0.006479   0.003413   0.012305   0.046305  -0.075238   0.010832
     8  C    0.098271  -0.136795  -0.208026  -0.450874   0.702502  -0.040321
     9  C    0.013068  -0.002555   0.004230  -0.097929  -0.005854  -0.039265
    10  C    0.006369  -0.006823  -0.011668  -0.049590   0.052224   0.006748
    11  C   -0.011431   0.016958   0.055420   0.166496  -0.118848   0.008140
    12  C   -0.025477   0.052330   0.110635   0.069759  -0.199345   0.016975
    13  C   -0.074585   0.118130   0.036536   0.220115  -0.369025  -0.053076
    14  N    0.012185  -0.013850  -0.009614  -0.052013   0.045811  -0.004293
    15  H   -0.004517   0.005134   0.009226  -0.004388  -0.006001   0.001088
    16  H   -0.000376  -0.001051   0.000397   0.001750  -0.002382   0.001151
    17  H   -0.000023  -0.000013   0.000031   0.000555  -0.000873  -0.000024
    18  H    0.000002  -0.000002  -0.000010  -0.000095   0.000190   0.000028
    19  H    0.000001  -0.000001  -0.000013  -0.000120   0.000087   0.000001
    20  H   -0.000036   0.000190   0.000715   0.001762  -0.002840  -0.000124
    21  N   -0.005294   0.009702  -0.003510  -0.000669   0.002325  -0.002468
    22  H   -0.001054   0.000817  -0.000116   0.000046   0.000057   0.000229
    23  H    0.000668  -0.000729  -0.000088   0.000059  -0.000030   0.000133
    24  N    0.007374  -0.013857   0.003432   0.001172  -0.000773   0.001537
    25  H   -0.000285   0.000490  -0.000148   0.000072  -0.000080  -0.000065
    26  H   -0.000087  -0.000563   0.000436   0.000080   0.000010   0.000042
    27  Mn   0.008592  -0.048575  -0.045457   0.029556   0.028702   0.000271
               7          8          9         10         11         12
     1  C   -0.006479   0.098271   0.013068   0.006369  -0.011431  -0.025477
     2  C    0.003413  -0.136795  -0.002555  -0.006823   0.016958   0.052330
     3  C    0.012305  -0.208026   0.004230  -0.011668   0.055420   0.110635
     4  C    0.046305  -0.450874  -0.097929  -0.049590   0.166496   0.069759
     5  C   -0.075238   0.702502  -0.005854   0.052224  -0.118848  -0.199345
     6  C    0.010832  -0.040321  -0.039265   0.006748   0.008140   0.016975
     7  N    0.023210  -0.067305   0.014483  -0.004135   0.001233   0.013191
     8  C   -0.067305   1.014321  -0.183280   0.095858  -0.203948  -0.299871
     9  C    0.014483  -0.183280   0.257758  -0.022961  -0.096170   0.041292
    10  C   -0.004135   0.095858  -0.022961   0.065083  -0.000320  -0.035994
    11  C    0.001233  -0.203948  -0.096170  -0.000320   0.809865  -0.334740
    12  C    0.013191  -0.299871   0.041292  -0.035994  -0.334740   0.543071
    13  C    0.042765  -0.407638   0.115536  -0.102805  -0.216367   0.072979
    14  N   -0.005660   0.046396  -0.001963   0.005991  -0.011274  -0.010308
    15  H    0.000104  -0.001797  -0.000078  -0.000016   0.000022   0.000421
    16  H    0.000229  -0.000285   0.000124   0.000000  -0.000020   0.000015
    17  H    0.000246  -0.003558   0.002140  -0.000871  -0.000602   0.000837
    18  H   -0.000023   0.001689  -0.002316   0.001769  -0.000385  -0.000106
    19  H   -0.000006   0.000698  -0.000534   0.000074  -0.002805   0.002120
    20  H    0.000109  -0.008737   0.001475  -0.001397   0.010533   0.004689
    21  N   -0.000019   0.000023   0.000086  -0.000002  -0.000002   0.000016
    22  H    0.000001  -0.000011  -0.000005  -0.000000   0.000000   0.000001
    23  H    0.000000   0.000002   0.000001   0.000000  -0.000000  -0.000000
    24  N    0.000003   0.000072  -0.000001   0.000006   0.000008   0.000085
    25  H    0.000000   0.000001   0.000001  -0.000000  -0.000000  -0.000000
    26  H    0.000000  -0.000003  -0.000001   0.000000  -0.000000  -0.000001
    27  Mn  -0.000822   0.033406   0.008687  -0.001228  -0.074892  -0.028016
              13         14         15         16         17         18
     1  C   -0.074585   0.012185  -0.004517  -0.000376  -0.000023   0.000002
     2  C    0.118130  -0.013850   0.005134  -0.001051  -0.000013  -0.000002
     3  C    0.036536  -0.009614   0.009226   0.000397   0.000031  -0.000010
     4  C    0.220115  -0.052013  -0.004388   0.001750   0.000555  -0.000095
     5  C   -0.369025   0.045811  -0.006001  -0.002382  -0.000873   0.000190
     6  C   -0.053076  -0.004293   0.001088   0.001151  -0.000024   0.000028
     7  N    0.042765  -0.005660   0.000104   0.000229   0.000246  -0.000023
     8  C   -0.407638   0.046396  -0.001797  -0.000285  -0.003558   0.001689
     9  C    0.115536  -0.001963  -0.000078   0.000124   0.002140  -0.002316
    10  C   -0.102805   0.005991  -0.000016   0.000000  -0.000871   0.001769
    11  C   -0.216367  -0.011274   0.000022  -0.000020  -0.000602  -0.000385
    12  C    0.072979  -0.010308   0.000421   0.000015   0.000837  -0.000106
    13  C    0.629103  -0.034582   0.000710   0.000379   0.002117  -0.000743
    14  N   -0.034582   0.059178   0.000532  -0.000049  -0.000062   0.000015
    15  H    0.000710   0.000532  -0.002148   0.000000   0.000000  -0.000000
    16  H    0.000379  -0.000049   0.000000  -0.000013   0.000000   0.000000
    17  H    0.002117  -0.000062   0.000000   0.000000  -0.000037  -0.000001
    18  H   -0.000743   0.000015  -0.000000   0.000000  -0.000001   0.000148
    19  H    0.000527  -0.000033  -0.000000   0.000000   0.000000  -0.000008
    20  H   -0.005942   0.000645   0.000000   0.000000   0.000000   0.000001
    21  N    0.000392   0.000025   0.000019   0.000004   0.000000  -0.000000
    22  H    0.000017  -0.000001  -0.000000  -0.000004  -0.000000   0.000000
    23  H    0.000000   0.000000   0.000000   0.000000  -0.000000   0.000000
    24  N   -0.000530  -0.000094   0.000528   0.000014   0.000000   0.000000
    25  H    0.000009   0.000002   0.000001  -0.000000  -0.000000  -0.000000
    26  H   -0.000007  -0.000002  -0.000048  -0.000000  -0.000000  -0.000000
    27  Mn   0.058530  -0.022772  -0.000386   0.000039   0.000043  -0.000010
              19         20         21         22         23         24
     1  C    0.000001  -0.000036  -0.005294  -0.001054   0.000668   0.007374
     2  C   -0.000001   0.000190   0.009702   0.000817  -0.000729  -0.013857
     3  C   -0.000013   0.000715  -0.003510  -0.000116  -0.000088   0.003432
     4  C   -0.000120   0.001762  -0.000669   0.000046   0.000059   0.001172
     5  C    0.000087  -0.002840   0.002325   0.000057  -0.000030  -0.000773
     6  C    0.000001  -0.000124  -0.002468   0.000229   0.000133   0.001537
     7  N   -0.000006   0.000109  -0.000019   0.000001   0.000000   0.000003
     8  C    0.000698  -0.008737   0.000023  -0.000011   0.000002   0.000072
     9  C   -0.000534   0.001475   0.000086  -0.000005   0.000001  -0.000001
    10  C    0.000074  -0.001397  -0.000002  -0.000000   0.000000   0.000006
    11  C   -0.002805   0.010533  -0.000002   0.000000  -0.000000   0.000008
    12  C    0.002120   0.004689   0.000016   0.000001  -0.000000   0.000085
    13  C    0.000527  -0.005942   0.000392   0.000017   0.000000  -0.000530
    14  N   -0.000033   0.000645   0.000025  -0.000001   0.000000  -0.000094
    15  H   -0.000000   0.000000   0.000019  -0.000000   0.000000   0.000528
    16  H    0.000000   0.000000   0.000004  -0.000004   0.000000   0.000014
    17  H    0.000000   0.000000   0.000000  -0.000000  -0.000000   0.000000
    18  H   -0.000008   0.000001  -0.000000   0.000000   0.000000   0.000000
    19  H   -0.000210   0.000041  -0.000000   0.000000   0.000000  -0.000000
    20  H    0.000041  -0.002179   0.000000  -0.000000  -0.000000  -0.000000
    21  N   -0.000000   0.000000  -0.000657   0.000043  -0.000029  -0.000590
    22  H    0.000000  -0.000000   0.000043   0.000023  -0.000003  -0.000019
    23  H    0.000000  -0.000000  -0.000029  -0.000003  -0.000081   0.000055
    24  N   -0.000000  -0.000000  -0.000590  -0.000019   0.000055   0.004591
    25  H    0.000000  -0.000000   0.000034  -0.000000  -0.000004  -0.000083
    26  H   -0.000000   0.000000  -0.000003  -0.000000   0.000000   0.000062
    27  Mn   0.000002  -0.000469  -0.000059   0.000000   0.000001  -0.000159
              25         26         27
     1  C   -0.000285  -0.000087   0.008592
     2  C    0.000490  -0.000563  -0.048575
     3  C   -0.000148   0.000436  -0.045457
     4  C    0.000072   0.000080   0.029556
     5  C   -0.000080   0.000010   0.028702
     6  C   -0.000065   0.000042   0.000271
     7  N    0.000000   0.000000  -0.000822
     8  C    0.000001  -0.000003   0.033406
     9  C    0.000001  -0.000001   0.008687
    10  C   -0.000000   0.000000  -0.001228
    11  C   -0.000000  -0.000000  -0.074892
    12  C   -0.000000  -0.000001  -0.028016
    13  C    0.000009  -0.000007   0.058530
    14  N    0.000002  -0.000002  -0.022772
    15  H    0.000001  -0.000048  -0.000386
    16  H   -0.000000  -0.000000   0.000039
    17  H   -0.000000  -0.000000   0.000043
    18  H   -0.000000  -0.000000  -0.000010
    19  H    0.000000  -0.000000   0.000002
    20  H   -0.000000   0.000000  -0.000469
    21  N    0.000034  -0.000003  -0.000059
    22  H   -0.000000  -0.000000   0.000000
    23  H   -0.000004   0.000000   0.000001
    24  N   -0.000083   0.000062  -0.000159
    25  H    0.000049   0.000001   0.000002
    26  H    0.000001  -0.000051   0.000025
    27  Mn   0.000002   0.000025   5.035930
 Mulliken charges and spin densities:
               1          2
     1  C    0.135022  -0.007075
     2  C    0.509247  -0.001713
     3  C   -0.244252  -0.001596
     4  C   -0.037115   0.027754
     5  C    0.029755  -0.022264
     6  C   -0.407187   0.005257
     7  N   -0.165933   0.008742
     8  C   -0.100079  -0.019214
     9  C   -0.233076   0.005969
    10  C   -0.178010  -0.003685
    11  C   -0.065391  -0.003128
    12  C   -0.066481  -0.005441
    13  C   -0.028314   0.032545
    14  N    0.078724   0.004209
    15  H    0.183635  -0.001595
    16  H    0.196727  -0.000077
    17  H    0.199010  -0.000094
    18  H    0.206535   0.000146
    19  H    0.208478  -0.000178
    20  H    0.187098  -0.001563
    21  N   -0.691916  -0.000635
    22  H    0.350791   0.000020
    23  H    0.342242  -0.000045
    24  N   -0.654641   0.002834
    25  H    0.350309  -0.000004
    26  H    0.355260  -0.000109
    27  Mn   1.539563   4.980942
 Sum of Mulliken charges =   2.00000   5.00000
 Mulliken charges and spin densities with hydrogens summed into heavy atoms:
               1          2
     1  C    0.135022  -0.007075
     2  C    0.509247  -0.001713
     3  C   -0.060617  -0.003191
     4  C   -0.037115   0.027754
     5  C    0.029755  -0.022264
     6  C   -0.210459   0.005179
     7  N   -0.165933   0.008742
     8  C   -0.100079  -0.019214
     9  C   -0.034066   0.005875
    10  C    0.028525  -0.003539
    11  C    0.143087  -0.003306
    12  C    0.120617  -0.007004
    13  C   -0.028314   0.032545
    14  N    0.078724   0.004209
    21  N    0.001117  -0.000660
    24  N    0.050927   0.002721
    27  Mn   1.539563   4.980942
 Electronic spatial extent (au):  <R**2>=           4977.8458
 Charge=              2.0000 electrons
 Dipole moment (field-independent basis, Debye):
    X=              1.9999    Y=             24.3402    Z=              0.3814  Tot=             24.4252
 Quadrupole moment (field-independent basis, Debye-Ang):
   XX=            -32.0736   YY=            -14.0156   ZZ=           -104.2965
   XY=             22.4637   XZ=             -1.4865   YZ=             -2.6279
 Traceless Quadrupole moment (field-independent basis, Debye-Ang):
   XX=             18.0549   YY=             36.1130   ZZ=            -54.1679
   XY=             22.4637   XZ=             -1.4865   YZ=             -2.6279
 Octapole moment (field-independent basis, Debye-Ang**2):
  XXX=            -97.2506  YYY=            318.7909  ZZZ=              1.0467  XYY=             47.2491
  XXY=             34.9491  XXZ=             10.4164  XZZ=              3.2272  YZZ=             40.9887
  YYZ=              1.9543  XYZ=             15.2397
 Hexadecapole moment (field-independent basis, Debye-Ang**3):
 XXXX=          -2956.2260 YYYY=           -784.8215 ZZZZ=           -114.3723 XXXY=            107.1162
 XXXZ=            -57.8225 YYYX=            322.2921 YYYZ=             -5.8121 ZZZX=             -1.8817
 ZZZY=             -1.4426 XXYY=           -644.5384 XXZZ=           -823.7158 YYZZ=           -295.6242
 XXYZ=            -71.0673 YYXZ=             -3.4699 ZZXY=             46.6032
 N-N= 1.336863154695D+03 E-N=-6.951469283799D+03  KE= 1.825543364305D+03
                          Isotropic Fermi Contact Couplings
        Atom                 a.u.       MegaHertz       Gauss      10(-4) cm-1
     1  C(13)             -0.00005      -0.01090      -0.00389      -0.00364
     2  C(13)              0.00068       0.15199       0.05423       0.05070
     3  C(13)              0.00419       0.94267       0.33637       0.31444
     4  C(13)              0.00288       0.64710       0.23090       0.21585
     5  C(13)             -0.00009      -0.01943      -0.00693      -0.00648
     6  C(13)              0.00032       0.07261       0.02591       0.02422
     7  N(14)              0.00118       0.07613       0.02716       0.02539
     8  C(13)             -0.00013      -0.03011      -0.01074      -0.01004
     9  C(13)              0.00040       0.09039       0.03225       0.03015
    10  C(13)              0.00005       0.01234       0.00440       0.00411
    11  C(13)              0.00097       0.21739       0.07757       0.07251
    12  C(13)              0.00528       1.18739       0.42369       0.39607
    13  C(13)              0.00267       0.60049       0.21427       0.20030
    14  N(14)              0.01204       0.77783       0.27755       0.25946
    15  H(1)               0.00022       0.19669       0.07018       0.06561
    16  H(1)              -0.00003      -0.02736      -0.00976      -0.00913
    17  H(1)              -0.00004      -0.03640      -0.01299      -0.01214
    18  H(1)               0.00006       0.05339       0.01905       0.01781
    19  H(1)              -0.00005      -0.04587      -0.01637      -0.01530
    20  H(1)               0.00029       0.25752       0.09189       0.08590
    21  N(14)             -0.00023      -0.01474      -0.00526      -0.00492
    22  H(1)               0.00001       0.01081       0.00386       0.00360
    23  H(1)              -0.00003      -0.03091      -0.01103      -0.01031
    24  N(14)              0.00054       0.03511       0.01253       0.01171
    25  H(1)               0.00001       0.00717       0.00256       0.00239
    26  H(1)              -0.00002      -0.02062      -0.00736      -0.00688
    27  Mn(55)             0.44944      99.35864      35.45363      33.14247
 --------------------------------------------------------
       Center         ----  Spin Dipole Couplings  ----
                      3XX-RR        3YY-RR        3ZZ-RR
 --------------------------------------------------------
     1   Atom        0.003799      0.003265     -0.007064
     2   Atom        0.006712     -0.003830     -0.002882
     3   Atom        0.020982      0.001968     -0.022950
     4   Atom       -0.008303      0.025265     -0.016962
     5   Atom       -0.003025      0.014757     -0.011732
     6   Atom       -0.001864      0.003290     -0.001426
     7   Atom       -0.014499      0.002576      0.011923
     8   Atom       -0.005725      0.018700     -0.012974
     9   Atom       -0.004686      0.006095     -0.001409
    10   Atom        0.000773      0.006788     -0.007561
    11   Atom        0.001877      0.003318     -0.005196
    12   Atom        0.003939      0.022176     -0.026115
    13   Atom       -0.022544      0.042477     -0.019933
    14   Atom       -0.055178      0.137578     -0.082400
    15   Atom        0.057361     -0.023617     -0.033744
    16   Atom       -0.000969      0.003655     -0.002686
    17   Atom       -0.002398      0.005137     -0.002739
    18   Atom       -0.000030      0.002642     -0.002613
    19   Atom        0.005772     -0.000117     -0.005655
    20   Atom        0.041982     -0.003395     -0.038587
    21   Atom        0.002488      0.001347     -0.003835
    22   Atom        0.000950      0.000667     -0.001618
    23   Atom        0.002093     -0.000192     -0.001901
    24   Atom        0.005575     -0.006251      0.000676
    25   Atom        0.005084     -0.002170     -0.002914
    26   Atom        0.010689     -0.004979     -0.005709
    27   Atom       -0.027420      0.040956     -0.013536
 --------------------------------------------------------
                        XY            XZ            YZ
 --------------------------------------------------------
     1   Atom        0.006006     -0.000251     -0.000113
     2   Atom        0.009898     -0.000348      0.000437
     3   Atom        0.029850      0.000334      0.000041
     4   Atom        0.032120      0.000190     -0.000025
     5   Atom        0.008573      0.000068      0.000179
     6   Atom        0.005966      0.000148      0.000050
     7   Atom        0.002477     -0.000033     -0.000320
     8   Atom       -0.002685      0.000012      0.000262
     9   Atom       -0.003843     -0.000046      0.000039
    10   Atom       -0.005588     -0.000021      0.000112
    11   Atom       -0.012025     -0.000079      0.000025
    12   Atom       -0.033268     -0.000060      0.000136
    13   Atom       -0.018084     -0.000077      0.000206
    14   Atom        0.031274      0.000014      0.000867
    15   Atom        0.027887      0.001119      0.000332
    16   Atom        0.003400     -0.000005     -0.000020
    17   Atom       -0.001754     -0.000014      0.000060
    18   Atom       -0.003398     -0.000018      0.000031
    19   Atom       -0.007867     -0.000009      0.000006
    20   Atom       -0.051080      0.000219     -0.000103
    21   Atom        0.003326     -0.000757      0.000307
    22   Atom        0.002411     -0.000061     -0.000026
    23   Atom        0.002724     -0.000350     -0.000289
    24   Atom        0.004211     -0.001804     -0.000007
    25   Atom        0.002948      0.000702      0.000259
    26   Atom        0.002324      0.000616      0.000039
    27   Atom        0.012154     -0.000272     -0.000032
 --------------------------------------------------------


 ---------------------------------------------------------------------------------
              Anisotropic Spin Dipole Couplings in Principal Axis System
 ---------------------------------------------------------------------------------

       Atom             a.u.   MegaHertz   Gauss  10(-4) cm-1        Axes

              Baa    -0.0071    -0.949    -0.339    -0.316  0.0252 -0.0037  0.9997
     1 C(13)  Bbb    -0.0025    -0.332    -0.119    -0.111 -0.6908  0.7228  0.0201
              Bcc     0.0095     1.281     0.457     0.427  0.7226  0.6911 -0.0156
 
              Baa    -0.0098    -1.317    -0.470    -0.439 -0.5134  0.8545 -0.0796
     2 C(13)  Bbb    -0.0028    -0.381    -0.136    -0.127 -0.0369  0.0707  0.9968
              Bcc     0.0127     1.698     0.606     0.566  0.8574  0.5147 -0.0048
 
              Baa    -0.0230    -3.081    -1.099    -1.028 -0.0347  0.0399  0.9986
     3 C(13)  Bbb    -0.0198    -2.663    -0.950    -0.888 -0.5891  0.8063 -0.0526
              Bcc     0.0428     5.744     2.050     1.916  0.8073  0.5901  0.0045
 
              Baa    -0.0278    -3.725    -1.329    -1.243  0.8552 -0.5180 -0.0162
     4 C(13)  Bbb    -0.0170    -2.276    -0.812    -0.759  0.0132 -0.0095  0.9999
              Bcc     0.0447     6.001     2.141     2.002  0.5181  0.8553  0.0013
 
              Baa    -0.0117    -1.575    -0.562    -0.525 -0.0017 -0.0062  1.0000
     5 C(13)  Bbb    -0.0065    -0.870    -0.311    -0.290  0.9273 -0.3742 -0.0007
              Bcc     0.0182     2.445     0.872     0.815  0.3742  0.9273  0.0064
 
              Baa    -0.0058    -0.777    -0.277    -0.259  0.8355 -0.5490 -0.0221
     6 C(13)  Bbb    -0.0014    -0.191    -0.068    -0.064  0.0106 -0.0240  0.9997
              Bcc     0.0072     0.968     0.345     0.323  0.5493  0.8355  0.0142
 
              Baa    -0.0149    -0.573    -0.204    -0.191  0.9900 -0.1408 -0.0005
     7 N(14)  Bbb     0.0029     0.112     0.040     0.038  0.1407  0.9894  0.0357
              Bcc     0.0119     0.460     0.164     0.154 -0.0045 -0.0354  0.9994
 
              Baa    -0.0130    -1.741    -0.621    -0.581 -0.0049 -0.0087  1.0000
     8 C(13)  Bbb    -0.0060    -0.807    -0.288    -0.269  0.9941  0.1079  0.0058
              Bcc     0.0190     2.549     0.909     0.850 -0.1080  0.9941  0.0081
 
              Baa    -0.0059    -0.794    -0.283    -0.265  0.9524  0.3047  0.0070
     9 C(13)  Bbb    -0.0014    -0.189    -0.067    -0.063 -0.0048 -0.0077  1.0000
              Bcc     0.0073     0.983     0.351     0.328 -0.3047  0.9524  0.0059
 
              Baa    -0.0076    -1.015    -0.362    -0.338 -0.0037 -0.0092  1.0000
    10 C(13)  Bbb    -0.0026    -0.344    -0.123    -0.115  0.8585  0.5128  0.0079
              Bcc     0.0101     1.359     0.485     0.453 -0.5128  0.8585  0.0060
 
              Baa    -0.0094    -1.268    -0.452    -0.423  0.7279  0.6856  0.0095
    11 C(13)  Bbb    -0.0052    -0.697    -0.249    -0.233 -0.0044 -0.0092  0.9999
              Bcc     0.0146     1.965     0.701     0.656 -0.6856  0.7279  0.0037
 
              Baa    -0.0261    -3.504    -1.250    -1.169 -0.0047 -0.0060  1.0000
    12 C(13)  Bbb    -0.0214    -2.877    -1.026    -0.960  0.7951  0.6065  0.0074
              Bcc     0.0476     6.381     2.277     2.129 -0.6065  0.7951  0.0020
 
              Baa    -0.0272    -3.655    -1.304    -1.219  0.9680  0.2511  0.0031
    13 C(13)  Bbb    -0.0199    -2.675    -0.954    -0.892 -0.0022 -0.0039  1.0000
              Bcc     0.0472     6.330     2.259     2.111 -0.2511  0.9680  0.0033
 
              Baa    -0.0824    -3.178    -1.134    -1.060  0.0048 -0.0046  1.0000
    14 N(14)  Bbb    -0.0601    -2.319    -0.827    -0.773  0.9877 -0.1562 -0.0055
              Bcc     0.1425     5.497     1.961     1.834  0.1562  0.9877  0.0038
 
              Baa    -0.0338   -18.012    -6.427    -6.008 -0.0144  0.0069  0.9999
    15 H(1)   Bbb    -0.0323   -17.229    -6.148    -5.747 -0.2969  0.9549 -0.0108
              Bcc     0.0660    35.241    12.575    11.755  0.9548  0.2970  0.0117
 
              Baa    -0.0028    -1.477    -0.527    -0.493  0.8822 -0.4671 -0.0598
    16 H(1)   Bbb    -0.0027    -1.433    -0.511    -0.478  0.0540 -0.0257  0.9982
              Bcc     0.0055     2.910     1.038     0.971  0.4678  0.8838 -0.0025
 
              Baa    -0.0028    -1.487    -0.530    -0.496  0.9763  0.2161  0.0102
    17 H(1)   Bbb    -0.0027    -1.462    -0.522    -0.488 -0.0083 -0.0095  0.9999
              Bcc     0.0055     2.948     1.052     0.983 -0.2161  0.9763  0.0075
 
              Baa    -0.0026    -1.394    -0.497    -0.465 -0.0058 -0.0097  0.9999
    18 H(1)   Bbb    -0.0023    -1.251    -0.446    -0.417  0.8264  0.5630  0.0103
              Bcc     0.0050     2.645     0.944     0.882 -0.5631  0.8264  0.0048
 
              Baa    -0.0057    -3.017    -1.077    -1.007  0.0035  0.0039  1.0000
    19 H(1)   Bbb    -0.0056    -2.973    -1.061    -0.992  0.5699  0.8217 -0.0052
              Bcc     0.0112     5.991     2.138     1.998  0.8217 -0.5699 -0.0007
 
              Baa    -0.0386   -20.589    -7.347    -6.868 -0.0108 -0.0127  0.9999
    20 H(1)   Bbb    -0.0366   -19.527    -6.968    -6.513  0.5449  0.8383  0.0165
              Bcc     0.0752    40.116    14.314    13.381  0.8384 -0.5450  0.0021
 
              Baa    -0.0041    -0.156    -0.056    -0.052  0.2028 -0.1797  0.9626
    21 N(14)  Bbb    -0.0013    -0.048    -0.017    -0.016 -0.6091  0.7466  0.2677
              Bcc     0.0053     0.205     0.073     0.068  0.7668  0.6406 -0.0419
 
              Baa    -0.0016    -0.873    -0.311    -0.291  0.4233 -0.4339  0.7953
    22 H(1)   Bbb    -0.0016    -0.848    -0.302    -0.283 -0.5400  0.5841  0.6060
              Bcc     0.0032     1.721     0.614     0.574  0.7275  0.6860 -0.0129
 
              Baa    -0.0020    -1.081    -0.386    -0.361 -0.4644  0.7607  0.4535
    23 H(1)   Bbb    -0.0019    -1.020    -0.364    -0.340  0.3091 -0.3406  0.8879
              Bcc     0.0039     2.102     0.750     0.701  0.8299  0.5525 -0.0770
 
              Baa    -0.0076    -0.294    -0.105    -0.098 -0.3113  0.9479 -0.0668
    24 N(14)  Bbb     0.0003     0.010     0.004     0.003  0.2176  0.1396  0.9660
              Bcc     0.0074     0.284     0.101     0.095  0.9250  0.2862 -0.2498
 
              Baa    -0.0032    -1.717    -0.613    -0.573 -0.3318  0.9427 -0.0357
    25 H(1)   Bbb    -0.0030    -1.587    -0.566    -0.529 -0.0891  0.0064  0.9960
              Bcc     0.0062     3.304     1.179     1.102  0.9391  0.3336  0.0819
 
              Baa    -0.0057    -3.062    -1.092    -1.021 -0.0531  0.1123  0.9923
    26 H(1)   Bbb    -0.0053    -2.834    -1.011    -0.945 -0.1383  0.9833 -0.1186
              Bcc     0.0110     5.895     2.104     1.966  0.9890  0.1435  0.0367
 
              Baa    -0.0295    -3.895    -1.390    -1.299  0.9853 -0.1699  0.0164
    27 Mn(55) Bbb    -0.0135    -1.785    -0.637    -0.596 -0.0160  0.0041  0.9999
              Bcc     0.0431     5.680     2.027     1.895  0.1700  0.9855 -0.0014
 

 ---------------------------------------------------------------------------------

 No NMR shielding tensors so no spin-rotation constants.
 Leave Link  601 at Tue Apr 19 19:42:05 2022, MaxMem= 13421772800 cpu:              22.2 elap:               0.7
 (Enter /soft/gaussian/16-c.01/g16/l701.exe)
 ... and contract with generalized density number  0.
 Compute integral first derivatives.
 R6Disp: Adding Grimme-D2 dispersion energy 1st derivatives to the gradient.
 D1PCM: C-PCM CHGder 1st derivatives, ID1Alg=3 FixD1E=F DoIter=F DoCFld=F I1PDM=0.
 GePol: Maximum number of non-zero 1st derivatives   =     197
 Leave Link  701 at Tue Apr 19 19:42:07 2022, MaxMem= 13421772800 cpu:              70.6 elap:               2.0
 (Enter /soft/gaussian/16-c.01/g16/l702.exe)
 L702 exits ... SP integral derivatives will be done elsewhere.
 Leave Link  702 at Tue Apr 19 19:42:07 2022, MaxMem= 13421772800 cpu:               1.0 elap:               0.1
 (Enter /soft/gaussian/16-c.01/g16/l703.exe)
 Integral derivatives from FoFJK, PRISM(SPDF).
 Compute integral first derivatives, UseDBF=F ICtDFT=           0.
 Calling FoFJK, ICntrl=      2127 FMM=F ISym2X=0 I1Cent= 0 IOpClX= 1 NMat=1 NMatS=1 NMatT=0.
 FoFJK:  IHMeth= 1 ICntrl=    2127 DoSepK=T KAlg= 0 I1Cent=           0 FoldK=F
 IRaf=         1 NMat=       1 IRICut=       1 DoRegI=T DoRafI=F ISym2E= 0 IDoP0=0 IntGTp=1.
 FoFCou: FMM=F IPFlag=           0 FMFlag=      100000 FMFlg1=         800
         NFxFlg=           0 DoJE=F BraDBF=F KetDBF=F FulRan=T
         wScrn=  0.000000 ICntrl=      2527 IOpCl=  0 I1Cent=           0 NGrid=           0
         NMat0=    1 NMatS0=      1 NMatT0=    0 NMatD0=    1 NMtDS0=    0 NMtDT0=    0
 Symmetry not used in FoFCou.
 Leave Link  703 at Tue Apr 19 19:44:17 2022, MaxMem= 13421772800 cpu:            4657.0 elap:             129.5
 (Enter /soft/gaussian/16-c.01/g16/l716.exe)
 Dipole        = 7.86805449D-01 9.57616449D+00 1.50056569D-01
 ***** Axes restored to original set *****
 -------------------------------------------------------------------
 Center     Atomic                   Forces (Hartrees/Bohr)
 Number     Number              X              Y              Z
 -------------------------------------------------------------------
      1        6          -0.000035289   -0.000012332    0.000003784
      2        6           0.000046756   -0.000014203    0.000029130
      3        6          -0.000033876   -0.000018414   -0.000005762
      4        6           0.000031752   -0.000002221   -0.000008878
      5        6          -0.000030861    0.000008010    0.000012909
      6        6           0.000033100   -0.000002947    0.000006319
      7        7           0.000024072   -0.000003725    0.000003141
      8        6          -0.000009131   -0.000000352    0.000004530
      9        6           0.000002127    0.000005387   -0.000000462
     10        6          -0.000005905    0.000017810   -0.000005460
     11        6           0.000002650    0.000011063   -0.000006291
     12        6           0.000001826    0.000006095   -0.000015348
     13        6           0.000011488   -0.000001448    0.000000988
     14        7          -0.000015890    0.000001865   -0.000022473
     15        1          -0.000007018   -0.000002728   -0.000002031
     16        1           0.000007730   -0.000004499    0.000012715
     17        1           0.000008025    0.000007372    0.000003465
     18        1           0.000003672    0.000011437   -0.000002981
     19        1          -0.000003460    0.000009167   -0.000013291
     20        1          -0.000004619    0.000002589   -0.000008509
     21        7           0.000019928    0.000004692   -0.000021708
     22        1           0.000006874    0.000001896    0.000020012
     23        1           0.000002942   -0.000020482    0.000030267
     24        7          -0.000047709   -0.000003102   -0.000003183
     25        1           0.000002892   -0.000001151    0.000002967
     26        1          -0.000003028   -0.000004701   -0.000003171
     27       25          -0.000009045    0.000004923   -0.000010682
 -------------------------------------------------------------------
 Cartesian Forces:  Max     0.000047709 RMS     0.000015020
 Leave Link  716 at Tue Apr 19 19:44:18 2022, MaxMem= 13421772800 cpu:               1.3 elap:               0.1
 (Enter /soft/gaussian/16-c.01/g16/l103.exe)

 GradGradGradGradGradGradGradGradGradGradGradGradGradGradGradGradGradGrad
 Berny optimization.
 FormGI is forming the generalized inverse of G from B-inverse, IUseBI=4.
 Internal  Forces:  Max     0.000041772 RMS     0.000006687
 Search for a local minimum.
 Step number   1 out of a maximum of  153
 All quantities printed in internal units (Hartrees-Bohrs-Radians)
 RMS Force = .66873D-05 SwitMx=.10000D-02 MixMth= 2
 Mixed Optimization -- En-DIIS/RFO-DIIS
 Second derivative matrix not updated -- first step.
 ITU=  0
     Eigenvalues ---    0.01670   0.01813   0.01875   0.01887   0.01926
     Eigenvalues ---    0.01939   0.01946   0.01987   0.02017   0.02049
     Eigenvalues ---    0.02065   0.02095   0.02171   0.02183   0.02202
     Eigenvalues ---    0.02203   0.02215   0.02268   0.02296   0.02313
     Eigenvalues ---    0.02364   0.02481   0.03528   0.04426   0.09399
     Eigenvalues ---    0.15990   0.15994   0.16000   0.16000   0.16000
     Eigenvalues ---    0.16000   0.16000   0.16000   0.16000   0.16000
     Eigenvalues ---    0.22000   0.22557   0.23066   0.23932   0.24491
     Eigenvalues ---    0.24950   0.24983   0.24989   0.24996   0.24998
     Eigenvalues ---    0.24999   0.25000   0.34493   0.35498   0.35500
     Eigenvalues ---    0.35513   0.35560   0.35673   0.35748   0.36871
     Eigenvalues ---    0.38667   0.40068   0.40288   0.42049   0.42620
     Eigenvalues ---    0.42787   0.45786   0.46009   0.46222   0.46308
     Eigenvalues ---    0.48522   0.48870   0.49515   0.50048   0.51065
     Eigenvalues ---    0.51735   0.52662   0.53101   0.56081   0.60772
 RFO step:  Lambda=-4.18394594D-08 EMin= 1.66985348D-02
 Linear search not attempted -- first point.
 Iteration  1 RMS(Cart)=  0.00011064 RMS(Int)=  0.00000001
 Iteration  2 RMS(Cart)=  0.00000002 RMS(Int)=  0.00000001
 ITry= 1 IFail=0 DXMaxC= 5.07D-04 DCOld= 1.00D+10 DXMaxT= 3.00D-01 DXLimC= 3.00D+00 Rises=F
 Variable       Old X    -DE/DX   Delta X   Delta X   Delta X     New X
                                 (Linear)    (Quad)   (Total)
    R1        2.75426   0.00001   0.00000   0.00001   0.00001   2.75427
    R2        2.56937  -0.00002   0.00000  -0.00003  -0.00003   2.56934
    R3        2.61023   0.00002   0.00000   0.00005   0.00005   2.61028
    R4        2.59983   0.00001   0.00000   0.00003   0.00003   2.59986
    R5        2.57271  -0.00004   0.00000  -0.00008  -0.00008   2.57263
    R6        2.66888  -0.00002   0.00000  -0.00005  -0.00005   2.66883
    R7        2.04597  -0.00000   0.00000  -0.00000  -0.00000   2.04596
    R8        2.74192   0.00001   0.00000   0.00002   0.00002   2.74194
    R9        2.54262   0.00000   0.00000   0.00000   0.00000   2.54262
   R10        2.69334   0.00001   0.00000   0.00003   0.00003   2.69337
   R11        2.49077  -0.00001   0.00000  -0.00002  -0.00002   2.49074
   R12        2.04871  -0.00000   0.00000  -0.00000  -0.00000   2.04871
   R13        2.54108   0.00001   0.00000   0.00002   0.00002   2.54110
   R14        2.68383   0.00000   0.00000   0.00001   0.00001   2.68384
   R15        2.68944  -0.00000   0.00000  -0.00000  -0.00000   2.68944
   R16        2.57911   0.00000   0.00000   0.00000   0.00000   2.57911
   R17        2.04874   0.00000   0.00000   0.00000   0.00000   2.04874
   R18        2.67633   0.00001   0.00000   0.00002   0.00002   2.67634
   R19        2.04776  -0.00000   0.00000  -0.00000  -0.00000   2.04776
   R20        2.58571   0.00000   0.00000   0.00001   0.00001   2.58572
   R21        2.04849   0.00000   0.00000   0.00001   0.00001   2.04850
   R22        2.67920  -0.00000   0.00000  -0.00001  -0.00001   2.67919
   R23        2.04477   0.00000   0.00000   0.00001   0.00001   2.04479
   R24        2.57686  -0.00001   0.00000  -0.00003  -0.00003   2.57683
   R25        4.11486  -0.00000   0.00000  -0.00003  -0.00003   4.11483
   R26        1.90821   0.00001   0.00000   0.00003   0.00003   1.90824
   R27        1.91074   0.00001   0.00000   0.00003   0.00003   1.91077
   R28        1.90582   0.00001   0.00000   0.00002   0.00002   1.90583
   R29        1.90485  -0.00000   0.00000  -0.00001  -0.00001   1.90485
    A1        2.07385   0.00000   0.00000   0.00002   0.00002   2.07387
    A2        2.05419   0.00000   0.00000   0.00000   0.00000   2.05419
    A3        2.15363  -0.00000   0.00000  -0.00002  -0.00002   2.15361
    A4        2.10178   0.00000   0.00000   0.00002   0.00002   2.10180
    A5        2.05253  -0.00000   0.00000   0.00000   0.00000   2.05253
    A6        2.12828  -0.00000   0.00000  -0.00001  -0.00001   2.12827
    A7        2.12391  -0.00001   0.00000  -0.00004  -0.00004   2.12386
    A8        2.04017   0.00001   0.00000   0.00003   0.00003   2.04020
    A9        2.11857   0.00000   0.00000   0.00001   0.00001   2.11858
   A10        2.05465   0.00001   0.00000   0.00005   0.00005   2.05470
   A11        2.13978  -0.00001   0.00000  -0.00004  -0.00004   2.13974
   A12        2.08860  -0.00000   0.00000  -0.00001  -0.00001   2.08859
   A13        2.08618  -0.00001   0.00000  -0.00002  -0.00002   2.08616
   A14        2.12647   0.00000   0.00000   0.00001   0.00001   2.12648
   A15        2.07030   0.00000   0.00000   0.00002   0.00002   2.07031
   A16        2.12408  -0.00000   0.00000  -0.00001  -0.00001   2.12407
   A17        2.11235  -0.00000   0.00000  -0.00001  -0.00001   2.11235
   A18        2.04640   0.00000   0.00000   0.00002   0.00002   2.04642
   A19        2.06503  -0.00000   0.00000   0.00000   0.00000   2.06503
   A20        2.06914   0.00000   0.00000   0.00000   0.00000   2.06914
   A21        2.12030  -0.00000   0.00000  -0.00001  -0.00001   2.12028
   A22        2.09375   0.00000   0.00000   0.00001   0.00001   2.09376
   A23        2.10303   0.00000   0.00000   0.00000   0.00000   2.10304
   A24        2.05162  -0.00000   0.00000  -0.00001  -0.00001   2.05161
   A25        2.12853   0.00000   0.00000   0.00001   0.00001   2.12854
   A26        2.08893  -0.00001   0.00000  -0.00002  -0.00002   2.08891
   A27        2.10471   0.00000   0.00000   0.00001   0.00001   2.10472
   A28        2.08954   0.00000   0.00000   0.00001   0.00001   2.08955
   A29        2.11350   0.00000   0.00000   0.00002   0.00002   2.11352
   A30        2.08656   0.00000   0.00000   0.00000   0.00000   2.08657
   A31        2.08312  -0.00000   0.00000  -0.00002  -0.00002   2.08310
   A32        2.10712  -0.00000   0.00000  -0.00001  -0.00001   2.10711
   A33        2.06205   0.00000   0.00000   0.00001   0.00001   2.06207
   A34        2.11401  -0.00000   0.00000  -0.00000  -0.00000   2.11401
   A35        2.06004  -0.00000   0.00000  -0.00000  -0.00000   2.06004
   A36        2.09884   0.00000   0.00000   0.00002   0.00002   2.09886
   A37        2.12430  -0.00000   0.00000  -0.00002  -0.00002   2.12429
   A38        2.06710   0.00000   0.00000   0.00000   0.00000   2.06710
   A39        2.13387   0.00000   0.00000   0.00001   0.00001   2.13388
   A40        2.08219  -0.00000   0.00000  -0.00001  -0.00001   2.08218
   A41        2.00447   0.00000   0.00000  -0.00003  -0.00003   2.00444
   A42        2.02476  -0.00002   0.00000  -0.00017  -0.00017   2.02460
   A43        1.94105   0.00000   0.00000  -0.00006  -0.00006   1.94099
   A44        2.06435  -0.00001   0.00000  -0.00005  -0.00005   2.06430
   A45        2.05766   0.00000   0.00000   0.00002   0.00002   2.05768
   A46        1.99167   0.00000   0.00000   0.00000   0.00000   1.99168
    D1       -0.06661   0.00000   0.00000   0.00021   0.00021  -0.06641
    D2        3.11139  -0.00000   0.00000  -0.00021  -0.00021   3.11118
    D3        3.13213   0.00000   0.00000   0.00016   0.00016   3.13229
    D4        0.02694  -0.00001   0.00000  -0.00026  -0.00026   0.02668
    D5        0.03451  -0.00000   0.00000  -0.00011  -0.00011   0.03440
    D6       -3.13595  -0.00000   0.00000  -0.00010  -0.00010  -3.13605
    D7        3.11550  -0.00000   0.00000  -0.00006  -0.00006   3.11544
    D8       -0.05497  -0.00000   0.00000  -0.00005  -0.00005  -0.05501
    D9       -3.05428   0.00000   0.00000   0.00002   0.00002  -3.05426
   D10       -0.74973  -0.00001   0.00000  -0.00028  -0.00028  -0.75000
   D11        0.14728   0.00000   0.00000  -0.00003  -0.00003   0.14726
   D12        2.45184  -0.00001   0.00000  -0.00033  -0.00033   2.45151
   D13        0.04762  -0.00000   0.00000  -0.00009  -0.00009   0.04753
   D14       -3.12894  -0.00000   0.00000  -0.00013  -0.00013  -3.12907
   D15       -3.13200   0.00001   0.00000   0.00035   0.00035  -3.13165
   D16       -0.02537   0.00001   0.00000   0.00030   0.00030  -0.02506
   D17       -0.49334   0.00001   0.00000   0.00028   0.00028  -0.49306
   D18       -3.00779   0.00001   0.00000   0.00031   0.00031  -3.00748
   D19        2.68525  -0.00000   0.00000  -0.00015  -0.00015   2.68510
   D20        0.17080  -0.00000   0.00000  -0.00011  -0.00011   0.17069
   D21        0.00269  -0.00000   0.00000  -0.00011  -0.00011   0.00257
   D22        3.12506  -0.00000   0.00000  -0.00006  -0.00006   3.12499
   D23       -3.10237  -0.00000   0.00000  -0.00007  -0.00007  -3.10245
   D24        0.01999  -0.00000   0.00000  -0.00002  -0.00002   0.01997
   D25       -0.03456   0.00000   0.00000   0.00021   0.00021  -0.03436
   D26        3.13053   0.00000   0.00000   0.00005   0.00005   3.13059
   D27        3.12567   0.00000   0.00000   0.00016   0.00016   3.12583
   D28        0.00758   0.00000   0.00000   0.00001   0.00001   0.00758
   D29       -3.12980  -0.00000   0.00000  -0.00014  -0.00014  -3.12995
   D30        0.00414   0.00000   0.00000   0.00007   0.00007   0.00421
   D31       -0.00780  -0.00000   0.00000  -0.00009  -0.00009  -0.00789
   D32        3.12615   0.00000   0.00000   0.00012   0.00012   3.12627
   D33        0.01522  -0.00000   0.00000  -0.00009  -0.00009   0.01513
   D34       -3.09854  -0.00000   0.00000  -0.00011  -0.00011  -3.09865
   D35        3.13407   0.00000   0.00000   0.00005   0.00005   3.13413
   D36        0.02031   0.00000   0.00000   0.00004   0.00004   0.02035
   D37       -0.00141   0.00000   0.00000   0.00005   0.00005  -0.00136
   D38       -3.11971  -0.00000   0.00000  -0.00010  -0.00010  -3.11981
   D39        3.13889   0.00000   0.00000   0.00006   0.00006   3.13895
   D40       -0.00402  -0.00000   0.00000  -0.00002  -0.00002  -0.00404
   D41        3.14064  -0.00000   0.00000  -0.00002  -0.00002   3.14062
   D42       -0.00116  -0.00000   0.00000  -0.00001  -0.00001  -0.00117
   D43        0.00035   0.00000   0.00000   0.00005   0.00005   0.00041
   D44       -3.14145   0.00000   0.00000   0.00007   0.00007  -3.14138
   D45       -3.13980  -0.00000   0.00000  -0.00003  -0.00003  -3.13982
   D46        0.00362  -0.00000   0.00000  -0.00007  -0.00007   0.00355
   D47        0.00045  -0.00000   0.00000  -0.00010  -0.00010   0.00035
   D48       -3.13931  -0.00000   0.00000  -0.00015  -0.00015  -3.13946
   D49       -0.00041   0.00000   0.00000   0.00003   0.00003  -0.00038
   D50        3.14107  -0.00000   0.00000  -0.00001  -0.00001   3.14106
   D51        3.14140   0.00000   0.00000   0.00002   0.00002   3.14142
   D52       -0.00030  -0.00000   0.00000  -0.00002  -0.00002  -0.00032
   D53       -0.00037  -0.00000   0.00000  -0.00007  -0.00007  -0.00043
   D54        3.14087  -0.00000   0.00000  -0.00003  -0.00003   3.14085
   D55        3.14134  -0.00000   0.00000  -0.00003  -0.00003   3.14131
   D56       -0.00061   0.00000   0.00000   0.00001   0.00001  -0.00060
   D57        0.00120   0.00000   0.00000   0.00002   0.00002   0.00122
   D58        3.14144  -0.00000   0.00000  -0.00004  -0.00004   3.14140
   D59       -3.14004  -0.00000   0.00000  -0.00002  -0.00002  -3.14006
   D60        0.00020  -0.00000   0.00000  -0.00008  -0.00008   0.00012
   D61       -0.00122   0.00000   0.00000   0.00007   0.00007  -0.00115
   D62        3.13852   0.00000   0.00000   0.00012   0.00012   3.13863
   D63       -3.14142   0.00000   0.00000   0.00013   0.00013  -3.14130
   D64       -0.00168   0.00000   0.00000   0.00017   0.00017  -0.00151
   D65        0.00258   0.00000   0.00000   0.00012   0.00012   0.00270
   D66       -3.13160  -0.00000   0.00000  -0.00009  -0.00009  -3.13168
   D67       -3.13712   0.00000   0.00000   0.00008   0.00008  -3.13705
   D68        0.01189  -0.00000   0.00000  -0.00013  -0.00013   0.01176
         Item               Value     Threshold  Converged?
 Maximum Force            0.000042     0.000450     YES
 RMS     Force            0.000007     0.000300     YES
 Maximum Displacement     0.000507     0.001800     YES
 RMS     Displacement     0.000111     0.001200     YES
 Predicted change in Energy=-2.091921D-08
 Optimization completed.
    -- Stationary point found.
                           ----------------------------
                           !   Optimized Parameters   !
                           ! (Angstroms and Degrees)  !
 --------------------------                            --------------------------
 ! Name  Definition              Value          Derivative Info.                !
 --------------------------------------------------------------------------------
 ! R1    R(1,2)                  1.4575         -DE/DX =    0.0                 !
 ! R2    R(1,6)                  1.3597         -DE/DX =    0.0                 !
 ! R3    R(1,21)                 1.3813         -DE/DX =    0.0                 !
 ! R4    R(2,3)                  1.3758         -DE/DX =    0.0                 !
 ! R5    R(2,24)                 1.3614         -DE/DX =    0.0                 !
 ! R6    R(3,4)                  1.4123         -DE/DX =    0.0                 !
 ! R7    R(3,15)                 1.0827         -DE/DX =    0.0                 !
 ! R8    R(4,5)                  1.451          -DE/DX =    0.0                 !
 ! R9    R(4,14)                 1.3455         -DE/DX =    0.0                 !
 ! R10   R(5,6)                  1.4253         -DE/DX =    0.0                 !
 ! R11   R(5,7)                  1.3181         -DE/DX =    0.0                 !
 ! R12   R(6,16)                 1.0841         -DE/DX =    0.0                 !
 ! R13   R(7,8)                  1.3447         -DE/DX =    0.0                 !
 ! R14   R(8,9)                  1.4202         -DE/DX =    0.0                 !
 ! R15   R(8,13)                 1.4232         -DE/DX =    0.0                 !
 ! R16   R(9,10)                 1.3648         -DE/DX =    0.0                 !
 ! R17   R(9,17)                 1.0841         -DE/DX =    0.0                 !
 ! R18   R(10,11)                1.4163         -DE/DX =    0.0                 !
 ! R19   R(10,18)                1.0836         -DE/DX =    0.0                 !
 ! R20   R(11,12)                1.3683         -DE/DX =    0.0                 !
 ! R21   R(11,19)                1.084          -DE/DX =    0.0                 !
 ! R22   R(12,13)                1.4178         -DE/DX =    0.0                 !
 ! R23   R(12,20)                1.082          -DE/DX =    0.0                 !
 ! R24   R(13,14)                1.3636         -DE/DX =    0.0                 !
 ! R25   R(14,27)                2.1775         -DE/DX =    0.0                 !
 ! R26   R(21,22)                1.0098         -DE/DX =    0.0                 !
 ! R27   R(21,23)                1.0111         -DE/DX =    0.0                 !
 ! R28   R(24,25)                1.0085         -DE/DX =    0.0                 !
 ! R29   R(24,26)                1.008          -DE/DX =    0.0                 !
 ! A1    A(2,1,6)              118.8229         -DE/DX =    0.0                 !
 ! A2    A(2,1,21)             117.6964         -DE/DX =    0.0                 !
 ! A3    A(6,1,21)             123.3937         -DE/DX =    0.0                 !
 ! A4    A(1,2,3)              120.4231         -DE/DX =    0.0                 !
 ! A5    A(1,2,24)             117.6013         -DE/DX =    0.0                 !
 ! A6    A(3,2,24)             121.9414         -DE/DX =    0.0                 !
 ! A7    A(2,3,4)              121.6908         -DE/DX =    0.0                 !
 ! A8    A(2,3,15)             116.8931         -DE/DX =    0.0                 !
 ! A9    A(4,3,15)             121.3849         -DE/DX =    0.0                 !
 ! A10   A(3,4,5)              117.7227         -DE/DX =    0.0                 !
 ! A11   A(3,4,14)             122.6003         -DE/DX =    0.0                 !
 ! A12   A(5,4,14)             119.6679         -DE/DX =    0.0                 !
 ! A13   A(4,5,6)              119.5293         -DE/DX =    0.0                 !
 ! A14   A(4,5,7)              121.838          -DE/DX =    0.0                 !
 ! A15   A(6,5,7)              118.6194         -DE/DX =    0.0                 !
 ! A16   A(1,6,5)              121.701          -DE/DX =    0.0                 !
 ! A17   A(1,6,16)             121.029          -DE/DX =    0.0                 !
 ! A18   A(5,6,16)             117.2503         -DE/DX =    0.0                 !
 ! A19   A(5,7,8)              118.3175         -DE/DX =    0.0                 !
 ! A20   A(7,8,9)              118.553          -DE/DX =    0.0                 !
 ! A21   A(7,8,13)             121.4841         -DE/DX =    0.0                 !
 ! A22   A(9,8,13)             119.9629         -DE/DX =    0.0                 !
 ! A23   A(8,9,10)             120.4949         -DE/DX =    0.0                 !
 ! A24   A(8,9,17)             117.5492         -DE/DX =    0.0                 !
 ! A25   A(10,9,17)            121.956          -DE/DX =    0.0                 !
 ! A26   A(9,10,11)            119.687          -DE/DX =    0.0                 !
 ! A27   A(9,10,18)            120.5912         -DE/DX =    0.0                 !
 ! A28   A(11,10,18)           119.7218         -DE/DX =    0.0                 !
 ! A29   A(10,11,12)           121.0946         -DE/DX =    0.0                 !
 ! A30   A(10,11,19)           119.5512         -DE/DX =    0.0                 !
 ! A31   A(12,11,19)           119.3542         -DE/DX =    0.0                 !
 ! A32   A(11,12,13)           120.729          -DE/DX =    0.0                 !
 ! A33   A(11,12,20)           118.147          -DE/DX =    0.0                 !
 ! A34   A(13,12,20)           121.1239         -DE/DX =    0.0                 !
 ! A35   A(8,13,12)            118.0316         -DE/DX =    0.0                 !
 ! A36   A(8,13,14)            120.2547         -DE/DX =    0.0                 !
 ! A37   A(12,13,14)           121.7136         -DE/DX =    0.0                 !
 ! A38   A(4,14,13)            118.436          -DE/DX =    0.0                 !
 ! A39   A(4,14,27)            122.262          -DE/DX =    0.0                 !
 ! A40   A(13,14,27)           119.3007         -DE/DX =    0.0                 !
 ! A41   A(1,21,22)            114.8474         -DE/DX =    0.0                 !
 ! A42   A(1,21,23)            116.0104         -DE/DX =    0.0                 !
 ! A43   A(22,21,23)           111.214          -DE/DX =    0.0                 !
 ! A44   A(2,24,25)            118.2787         -DE/DX =    0.0                 !
 ! A45   A(2,24,26)            117.8954         -DE/DX =    0.0                 !
 ! A46   A(25,24,26)           114.1145         -DE/DX =    0.0                 !
 ! D1    D(6,1,2,3)             -3.8167         -DE/DX =    0.0                 !
 ! D2    D(6,1,2,24)           178.2693         -DE/DX =    0.0                 !
 ! D3    D(21,1,2,3)           179.4577         -DE/DX =    0.0                 !
 ! D4    D(21,1,2,24)            1.5437         -DE/DX =    0.0                 !
 ! D5    D(2,1,6,5)              1.9775         -DE/DX =    0.0                 !
 ! D6    D(2,1,6,16)          -179.6767         -DE/DX =    0.0                 !
 ! D7    D(21,1,6,5)           178.5048         -DE/DX =    0.0                 !
 ! D8    D(21,1,6,16)           -3.1494         -DE/DX =    0.0                 !
 ! D9    D(2,1,21,22)         -174.9974         -DE/DX =    0.0                 !
 ! D10   D(2,1,21,23)          -42.9561         -DE/DX =    0.0                 !
 ! D11   D(6,1,21,22)            8.4387         -DE/DX =    0.0                 !
 ! D12   D(6,1,21,23)          140.48           -DE/DX =    0.0                 !
 ! D13   D(1,2,3,4)              2.7283         -DE/DX =    0.0                 !
 ! D14   D(1,2,3,15)          -179.2751         -DE/DX =    0.0                 !
 ! D15   D(24,2,3,4)          -179.4502         -DE/DX =    0.0                 !
 ! D16   D(24,2,3,15)           -1.4535         -DE/DX =    0.0                 !
 ! D17   D(1,2,24,25)          -28.2663         -DE/DX =    0.0                 !
 ! D18   D(1,2,24,26)         -172.3335         -DE/DX =    0.0                 !
 ! D19   D(3,2,24,25)          153.8535         -DE/DX =    0.0                 !
 ! D20   D(3,2,24,26)            9.7862         -DE/DX =    0.0                 !
 ! D21   D(2,3,4,5)              0.1541         -DE/DX =    0.0                 !
 ! D22   D(2,3,4,14)           179.0526         -DE/DX =    0.0                 !
 ! D23   D(15,3,4,5)          -177.7529         -DE/DX =    0.0                 !
 ! D24   D(15,3,4,14)            1.1455         -DE/DX =    0.0                 !
 ! D25   D(3,4,5,6)             -1.9803         -DE/DX =    0.0                 !
 ! D26   D(3,4,5,7)            179.3663         -DE/DX =    0.0                 !
 ! D27   D(14,4,5,6)           179.0877         -DE/DX =    0.0                 !
 ! D28   D(14,4,5,7)             0.4343         -DE/DX =    0.0                 !
 ! D29   D(3,4,14,13)         -179.3245         -DE/DX =    0.0                 !
 ! D30   D(3,4,14,27)            0.2371         -DE/DX =    0.0                 !
 ! D31   D(5,4,14,13)           -0.4467         -DE/DX =    0.0                 !
 ! D32   D(5,4,14,27)          179.1149         -DE/DX =    0.0                 !
 ! D33   D(4,5,6,1)              0.8723         -DE/DX =    0.0                 !
 ! D34   D(4,5,6,16)          -177.5332         -DE/DX =    0.0                 !
 ! D35   D(7,5,6,1)            179.5691         -DE/DX =    0.0                 !
 ! D36   D(7,5,6,16)             1.1636         -DE/DX =    0.0                 !
 ! D37   D(4,5,7,8)             -0.0808         -DE/DX =    0.0                 !
 ! D38   D(6,5,7,8)           -178.7461         -DE/DX =    0.0                 !
 ! D39   D(5,7,8,9)            179.8452         -DE/DX =    0.0                 !
 ! D40   D(5,7,8,13)            -0.2306         -DE/DX =    0.0                 !
 ! D41   D(7,8,9,10)           179.9456         -DE/DX =    0.0                 !
 ! D42   D(7,8,9,17)            -0.0666         -DE/DX =    0.0                 !
 ! D43   D(13,8,9,10)            0.0202         -DE/DX =    0.0                 !
 ! D44   D(13,8,9,17)         -179.992          -DE/DX =    0.0                 !
 ! D45   D(7,8,13,12)         -179.8972         -DE/DX =    0.0                 !
 ! D46   D(7,8,13,14)            0.2073         -DE/DX =    0.0                 !
 ! D47   D(9,8,13,12)            0.026          -DE/DX =    0.0                 !
 ! D48   D(9,8,13,14)         -179.8695         -DE/DX =    0.0                 !
 ! D49   D(8,9,10,11)           -0.0235         -DE/DX =    0.0                 !
 ! D50   D(8,9,10,18)          179.9701         -DE/DX =    0.0                 !
 ! D51   D(17,9,10,11)         179.9892         -DE/DX =    0.0                 !
 ! D52   D(17,9,10,18)          -0.0171         -DE/DX =    0.0                 !
 ! D53   D(9,10,11,12)          -0.021          -DE/DX =    0.0                 !
 ! D54   D(9,10,11,19)         179.9588         -DE/DX =    0.0                 !
 ! D55   D(18,10,11,12)        179.9852         -DE/DX =    0.0                 !
 ! D56   D(18,10,11,19)         -0.0349         -DE/DX =    0.0                 !
 ! D57   D(10,11,12,13)          0.0689         -DE/DX =    0.0                 !
 ! D58   D(10,11,12,20)        179.9914         -DE/DX =    0.0                 !
 ! D59   D(19,11,12,13)       -179.911          -DE/DX =    0.0                 !
 ! D60   D(19,11,12,20)          0.0115         -DE/DX =    0.0                 !
 ! D61   D(11,12,13,8)          -0.0701         -DE/DX =    0.0                 !
 ! D62   D(11,12,13,14)        179.8237         -DE/DX =    0.0                 !
 ! D63   D(20,12,13,8)        -179.9903         -DE/DX =    0.0                 !
 ! D64   D(20,12,13,14)         -0.0965         -DE/DX =    0.0                 !
 ! D65   D(8,13,14,4)            0.1477         -DE/DX =    0.0                 !
 ! D66   D(8,13,14,27)        -179.4272         -DE/DX =    0.0                 !
 ! D67   D(12,13,14,4)        -179.7438         -DE/DX =    0.0                 !
 ! D68   D(12,13,14,27)          0.6813         -DE/DX =    0.0                 !
 --------------------------------------------------------------------------------
 Lowest energy point so far.  Saving SCF results.
 Largest change from initial coordinates is atom   17       0.000 Angstoms.
 GradGradGradGradGradGradGradGradGradGradGradGradGradGradGradGradGradGrad

 Leave Link  103 at Tue Apr 19 19:44:18 2022, MaxMem= 13421772800 cpu:               2.9 elap:               0.1
 (Enter /soft/gaussian/16-c.01/g16/l202.exe)
                          Input orientation:                          
 ---------------------------------------------------------------------
 Center     Atomic      Atomic             Coordinates (Angstroms)
 Number     Number       Type             X           Y           Z
 ---------------------------------------------------------------------
      1          6           0        3.563381    0.603417   -0.664856
      2          6           0        3.535662   -0.850570   -0.761970
      3          6           0        2.340760   -1.529993   -0.704204
      4          6           0        1.105645   -0.851930   -0.607554
      5          6           0        1.132673    0.598392   -0.573923
      6          6           0        2.385095    1.278329   -0.595608
      7          7           0        0.027686    1.312815   -0.497241
      8          6           0       -1.149336    0.664211   -0.451331
      9          6           0       -2.342949    1.429013   -0.365298
     10          6           0       -3.559179    0.811607   -0.317511
     11          6           0       -3.629933   -0.602390   -0.354583
     12          6           0       -2.496733   -1.364688   -0.438217
     13          6           0       -1.216847   -0.756886   -0.488709
     14          7           0       -0.074429   -1.497119   -0.568602
     15          1           0        2.387629   -2.609659   -0.769910
     16          1           0        2.363868    2.360126   -0.527759
     17          1           0       -2.246032    2.508508   -0.339485
     18          1           0       -4.470857    1.393599   -0.251374
     19          1           0       -4.597060   -1.090504   -0.315822
     20          1           0       -2.606201   -2.440892   -0.463267
     21          7           0        4.794721    1.227035   -0.717976
     22          1           0        4.771606    2.225304   -0.567697
     23          1           0        5.534800    0.793473   -0.182561
     24          7           0        4.728394   -1.498632   -0.866235
     25          1           0        5.500863   -1.011770   -1.294440
     26          1           0        4.712215   -2.489274   -1.051811
     27         25           0       -0.214795   -3.668811   -0.642830
 ---------------------------------------------------------------------
                    Distance matrix (angstroms):
                    1          2          3          4          5
     1  C    0.000000
     2  C    1.457490   0.000000
     3  C    2.459225   1.375770   0.000000
     4  C    2.856883   2.434919   1.412310   0.000000
     5  C    2.432413   2.812332   2.450810   1.450964   0.000000
     6  C    1.359654   2.425632   2.810770   2.484982   1.425252
     7  N    3.610052   4.129917   3.670789   2.420802   1.318057
     8  C    4.717943   4.933586   4.130284   2.721769   2.286247
     9  C    5.971271   6.317588   5.550469   4.141762   3.579582
    10  C    7.134062   7.300490   6.359395   4.961055   4.703688
    11  C    7.300274   7.181457   6.052426   4.748891   4.916544
    12  C    6.375718   6.062914   4.847619   3.642626   4.128521
    13  C    4.973130   4.761280   3.647012   2.327472   2.713721
    14  N    4.201806   3.672625   2.419216   1.345497   2.418324
    15  H    3.423052   2.100581   1.082679   2.181617   3.450351
    16  H    2.131585   3.425862   3.894187   3.450623   2.149809
    17  H    6.122459   6.699992   6.122186   4.753750   3.888335
    18  H    8.083584   8.330748   7.426343   6.022179   5.668857
    19  H    8.341702   8.148484   6.962567   5.715144   5.979032
    20  H    6.882746   6.351443   5.035892   4.040225   4.819614
    21  N    1.381275   2.429734   3.690977   4.235985   3.718405
    22  H    2.024788   3.320588   4.475478   4.786463   3.986065
    23  H    2.038437   2.652385   3.984030   4.743984   4.423792
    24  N    2.411725   1.361420   2.393331   3.689099   4.172789
    25  H    2.599816   2.042431   3.256254   4.451438   4.710929
    26  H    3.321790   2.038047   2.581638   3.985675   4.751335
    27  Mn   5.703247   4.692825   3.333042   3.111209   4.475426
                    6          7          8          9         10
     6  C    0.000000
     7  N    2.359712   0.000000
     8  C    3.590286   1.344684   0.000000
     9  C    4.736048   2.377146   1.420224   0.000000
    10  C    5.969050   3.626171   2.418052   1.364804   0.000000
    11  C    6.306803   4.131167   2.786934   2.404796   1.416252
    12  C    5.553607   3.680380   2.435587   2.798881   2.424794
    13  C    4.138539   2.415077   1.423191   2.462010   2.824181
    14  N    3.708517   2.812694   2.416718   3.708068   4.187690
    15  H    3.891894   4.585791   4.830097   6.233214   6.875627
    16  H    1.084131   2.560378   3.901867   4.800780   6.125732
    17  H    4.798570   2.573784   2.148647   1.084144   2.145766
    18  H    6.865556   4.505982   3.406537   2.131250   1.083626
    19  H    7.378356   5.215087   3.870942   3.381040   2.166847
    20  H    6.226006   4.585720   3.429908   3.880086   3.392368
    21  N    2.413276   4.772913   5.976594   7.149231   8.373804
    22  H    2.567680   4.831395   6.124386   7.161839   8.453586
    23  H    3.213461   5.540491   6.690786   7.905456   9.094998
    24  N    3.643597   5.489721   6.276762   7.669807   8.621031
    25  H    3.929495   5.999574   6.909768   8.267171   9.293194
    26  H    4.451791   6.058732   6.683025   8.099359   8.935937
    27  Mn   5.588904   4.989648   4.436791   5.531173   5.600435
                   11         12         13         14         15
    11  C    0.000000
    12  C    1.368297   0.000000
    13  C    2.421744   1.417774   0.000000
    14  N    3.672595   2.429422   1.363615   0.000000
    15  H    6.357097   5.051431   4.062522   2.709243   0.000000
    16  H    6.688209   6.124353   4.747505   4.563475   4.975738
    17  H    3.404864   3.882557   3.426994   4.562171   6.917493
    18  H    2.168358   3.397091   3.907621   5.271192   7.958253
    19  H    1.084016   2.121681   3.401034   4.547903   7.162395
    20  H    2.107114   1.082047   2.183307   2.704010   5.006081
    21  N    8.628652   7.743422   6.334623   5.581393   4.529571
    22  H    8.867194   8.107624   6.690386   6.110687   5.394544
    23  H    9.272020   8.320369   6.934123   6.071185   4.672363
    24  N    8.421797   7.239033   6.003216   4.812037   2.592845
    25  H    9.188165   8.051038   6.770657   5.643252   3.538448
    26  H    8.581253   7.321894   6.202582   4.912212   2.344710
    27  Mn   4.598825   3.249321   3.083369   2.177489   2.812572
                   16         17         18         19         20
    16  H    0.000000
    17  H    4.616128   0.000000
    18  H    6.908258   2.490107   0.000000
    19  H    7.772148   4.298928   2.488142   0.000000
    20  H    6.910537   4.964032   4.269094   2.410147   0.000000
    21  N    2.688703   7.166423   9.278814   9.681852   8.263910
    22  H    2.411841   7.027057   9.285199   9.941324   8.730197
    23  H    3.553642   7.969147  10.023874  10.306392   8.764463
    24  N    4.538234   8.060847   9.662778   9.350594   7.405844
    25  H    4.668857   8.562633  10.310625  10.145538   8.273919
    26  H    5.413506   8.596653  10.002311   9.442502   7.342203
    27  Mn   6.558264   6.509778   6.625352   5.094982   2.694225
                   21         22         23         24         25
    21  N    0.000000
    22  H    1.009782   0.000000
    23  H    1.011119   1.667613   0.000000
    24  N    2.730501   3.736133   2.524173   0.000000
    25  H    2.417270   3.396854   2.120455   1.008515   0.000000
    26  H    3.732184   4.739740   3.494091   1.008004   1.692292
    27  Mn   7.005012   7.720779   7.292576   5.403212   6.336656
                   26         27
    26  H    0.000000
    27  Mn   5.082717   0.000000
 Stoichiometry    C12H10MnN4(2+,6)
 Framework group  C1[X(C12H10MnN4)]
 Deg. of freedom    75
 Full point group                 C1      NOp   1
 RotChk:  IX=0 Diff= 6.12D-16
 Largest Abelian subgroup         C1      NOp   1
 Largest concise Abelian subgroup C1      NOp   1
                         Standard orientation:                         
 ---------------------------------------------------------------------
 Center     Atomic      Atomic             Coordinates (Angstroms)
 Number     Number       Type             X           Y           Z
 ---------------------------------------------------------------------
      1          6           0       -3.153383   -1.049010    0.021192
      2          6           0       -2.996005    0.399383   -0.019662
      3          6           0       -1.741989    0.964795    0.002624
      4          6           0       -0.571673    0.174257    0.007936
      5          6           0       -0.731087   -1.267749   -0.014448
      6          6           0       -2.040615   -1.830066    0.002246
      7          7           0        0.305485   -2.081818   -0.023721
      8          6           0        1.538295   -1.544929   -0.013554
      9          6           0        2.658801   -2.417546   -0.020103
     10          6           0        3.927810   -1.915322   -0.011339
     11          6           0        4.127186   -0.513257    0.003898
     12          6           0        3.066647    0.351302    0.009597
     13          6           0        1.735087   -0.135493    0.001828
     14          7           0        0.663521    0.707781    0.010867
     15          1           0       -1.691902    2.046122   -0.017809
     16          1           0       -2.116298   -2.911290    0.026067
     17          1           0        2.463804   -3.483943   -0.031986
     18          1           0        4.783869   -2.579693   -0.015831
     19          1           0        5.136056   -0.116754    0.011515
     20          1           0        3.273859    1.413256    0.021457
     21          7           0       -4.438251   -1.555812    0.007647
     22          1           0       -4.500355   -2.557741    0.116927
     23          1           0       -5.108362   -1.081186    0.597600
     24          7           0       -4.127312    1.156577   -0.035967
     25          1           0       -4.961256    0.760915   -0.442282
     26          1           0       -4.028539    2.148923   -0.182816
     27         25           0        1.000424    2.859044    0.015363
 ---------------------------------------------------------------------
 Rotational constants (GHZ):           0.5956659           0.2946941           0.1972582
 Leave Link  202 at Tue Apr 19 19:44:18 2022, MaxMem= 13421772800 cpu:               0.5 elap:               0.0
 (Enter /soft/gaussian/16-c.01/g16/l9999.exe)
 Unable to Open any file for archive entry.
 1\1\GINC-BDWD-0052\FOpt\UwB97XD\Gen\C12H10Mn1N4(2+,6)\HHARB\19-Apr-202
 2\0\\#p uwb97xd geom=allcheck guess=read chkbasis Freq=(ReadFC,Raman) 
 opt scrf=(cpcm,solvent=water)\\Title\\2,6\C,3.5633805825,0.6034167211,
 -0.6648563671\C,3.535662328,-0.8505703455,-0.7619697336\C,2.3407597655
 ,-1.5299927626,-0.7042035127\C,1.1056450283,-0.8519299757,-0.607554397
 8\C,1.1326731161,0.5983923086,-0.5739234075\C,2.3850948008,1.278328633
 1,-0.5956077186\N,0.0276864157,1.3128145553,-0.497241326\C,-1.14933589
 28,0.6642112856,-0.4513308782\C,-2.3429490464,1.4290134268,-0.36529751
 35\C,-3.5591790233,0.8116070993,-0.317510907\C,-3.6299332408,-0.602390
 1289,-0.3545825096\C,-2.4967328894,-1.3646883221,-0.4382172049\C,-1.21
 68465843,-0.756886017,-0.4887087578\N,-0.0744291224,-1.4971189807,-0.5
 68601606\H,2.3876285613,-2.6096593598,-0.7699103372\H,2.3638675716,2.3
 601262743,-0.5277587727\H,-2.2460315131,2.5085084064,-0.3394851559\H,-
 4.4708570065,1.3935992645,-0.2513735662\H,-4.5970601562,-1.090503709,-
 0.3158224848\H,-2.6062011489,-2.4408920488,-0.4632665065\N,4.794720659
 ,1.2270345296,-0.7179759805\H,4.7716062408,2.225303934,-0.5676965337\H
 ,5.5347996897,0.7934734666,-0.1825607784\N,4.7283939222,-1.4986319277,
 -0.8662350383\H,5.5008633167,-1.0117699626,-1.2944396716\H,4.712215465
 8,-2.4892736548,-1.0518113542\Mn,-0.2147952598,-3.6688105703,-0.642829
 8996\\Version=ES64L-G16RevC.01\State=6-A\HF=-1832.8723141\S2=8.752375\
 S2-1=0.\S2A=8.750001\RMSD=1.721e-09\RMSF=1.502e-05\Dipole=0.0909406,-9
 .6062995,-0.2350443\Quadrupole=10.4806255,29.5415419,-40.0221674,15.35
 93527,-1.1154396,4.0155169\PG=C01 [X(C12H10Mn1N4)]\\@
 The archive entry for this job was punched.


 IF I AM NOT FOR MYSELF, WHO WILL BE?
 BUT IF I AM ONLY FOR MYSELF, WHAT AM I?
 THOUGH A SEEKER SINCE MY BIRTH,
 HERE IS ALL I'VE LEARNED ON EARTH,
 THIS IS THE GIST OF WHAT I KNOW:
 GIVE ADVICE AND BUY A FOE.

 PRESSED FOR RULES AND VERITIES,
 ALL I RECOLLECT ARE THESE:
 FEED A COLD TO STARVE A FEVER,
 ARGUE WITH NO TRUE-BELIEVER.
 THINK-TOO-LONG IS NEVER-ACT,
 SCRATCH A MYTH AND FIND A FACT.

 STITCH IN TIME SAVES TWENTY STITCHES,
 GIVE THE RICH TO PLEASE THEM, RICHES.
 GIVE TO LOVE YOU HEARTH AND HALL,
 BUT DO NOT GIVE ADVICE AT ALL.

                                  -- HILLEL
 Leave Link 9999 at Tue Apr 19 19:44:18 2022, MaxMem= 13421772800 cpu:               2.3 elap:               0.1
 Job cpu time:       0 days  1 hours 33 minutes 10.3 seconds.
 Elapsed time:       0 days  0 hours  2 minutes 36.7 seconds.
 File lengths (MBytes):  RWF=    404 Int=      0 D2E=      0 Chk=    268 Scr=      1
 Normal termination of Gaussian 16 at Tue Apr 19 19:44:18 2022.
 (Enter /soft/gaussian/16-c.01/g16/l1.exe)
 Link1:  Proceeding to internal job step number  2.
 -------------------------------------------------------------------
 #P Geom=AllCheck Guess=TCheck SCRF=Check GenChk UwB97XD/ChkBas Freq
 -------------------------------------------------------------------
 1/10=4,29=7,30=1,38=1121,40=1/1,6,3;
 2/12=2,40=1/2;
 3/5=7,6=2,11=2,14=-4,25=1,30=1,67=1,70=2,71=2,74=-58,82=7,116=2,140=1/1,2,3;
 4/5=101,69=2/1;
 5/5=2,38=6,98=1/2;
 8/6=4,10=90,11=11/1;
 11/6=1,8=1,9=11,15=111,16=1/1,2,10;
 10/6=1/2;
 6/7=2,8=2,9=2,10=2,28=1/1;
 7/10=1,25=1/1,2,3,16;
 1/38=1120/6(3);
 7/8=1,25=1,44=-1/16;
 1/10=4,30=1,38=1120/3;
 99//99;
 3/5=7,6=1,11=2,14=-3,25=1,30=1,70=5,71=1,74=-58,82=7,116=2,140=1/1,2,3;
 4/5=5,16=3,69=2/1;
 5/5=2,38=5,98=1/2;
 8/6=4,10=90,11=11/1;
 11/6=1,8=1,9=11,15=111,16=1/1,2,10;
 10/6=101,13=10/2;
 6/7=2,8=2,9=2,10=2,28=1/1;
 7/7=1,10=1/16;
 1/38=1120/6(-8);
 7/8=1,25=1,44=-1/16;
 1/10=4,30=1,38=1120/3;
 99//99;
 Leave Link    1 at Tue Apr 19 19:44:18 2022, MaxMem= 13421772800 cpu:               1.7 elap:               0.0
 (Enter /soft/gaussian/16-c.01/g16/l101.exe)
 Structure from the checkpoint file:  "NH2-PHZ-dummy2-Mn-6-Raman.chk"
 -----
 Title
 -----
 Charge =  2 Multiplicity = 6
 Redundant internal coordinates found in file.  (old form).
 C,0,3.5633805825,0.6034167211,-0.6648563671
 C,0,3.535662328,-0.8505703455,-0.7619697336
 C,0,2.3407597655,-1.5299927626,-0.7042035127
 C,0,1.1056450283,-0.8519299757,-0.6075543978
 C,0,1.1326731161,0.5983923086,-0.5739234075
 C,0,2.3850948008,1.2783286331,-0.5956077186
 N,0,0.0276864157,1.3128145553,-0.497241326
 C,0,-1.1493358928,0.6642112856,-0.4513308782
 C,0,-2.3429490464,1.4290134268,-0.3652975135
 C,0,-3.5591790233,0.8116070993,-0.317510907
 C,0,-3.6299332408,-0.6023901289,-0.3545825096
 C,0,-2.4967328894,-1.3646883221,-0.4382172049
 C,0,-1.2168465843,-0.756886017,-0.4887087578
 N,0,-0.0744291224,-1.4971189807,-0.568601606
 H,0,2.3876285613,-2.6096593598,-0.7699103372
 H,0,2.3638675716,2.3601262743,-0.5277587727
 H,0,-2.2460315131,2.5085084064,-0.3394851559
 H,0,-4.4708570065,1.3935992645,-0.2513735662
 H,0,-4.5970601562,-1.090503709,-0.3158224848
 H,0,-2.6062011489,-2.4408920488,-0.4632665065
 N,0,4.794720659,1.2270345296,-0.7179759805
 H,0,4.7716062408,2.225303934,-0.5676965337
 H,0,5.5347996897,0.7934734666,-0.1825607784
 N,0,4.7283939222,-1.4986319277,-0.8662350383
 H,0,5.5008633167,-1.0117699626,-1.2944396716
 H,0,4.7122154658,-2.4892736548,-1.0518113542
 Mn,0,-0.2147952598,-3.6688105703,-0.6428298996
 Recover connectivity data from disk.
 ITRead=  0  0  0  0  0  0  0  0  0  0  0  0  0  0  0  0  0  0  0  0
 ITRead=  0  0  0  0  0  0  0
 MicOpt= -1 -1 -1 -1 -1 -1 -1 -1 -1 -1 -1 -1 -1 -1 -1 -1 -1 -1 -1 -1
 MicOpt= -1 -1 -1 -1 -1 -1 -1
 NAtoms=     27 NQM=       27 NQMF=       0 NMMI=      0 NMMIF=      0
                NMic=       0 NMicF=      0.
                    Isotopes and Nuclear Properties:
 (Nuclear quadrupole moments (NQMom) in fm**2, nuclear magnetic moments (NMagM)
  in nuclear magnetons)

  Atom         1           2           3           4           5           6           7           8           9          10
 IAtWgt=          12          12          12          12          12          12          14          12          12          12
 AtmWgt=  12.0000000  12.0000000  12.0000000  12.0000000  12.0000000  12.0000000  14.0030740  12.0000000  12.0000000  12.0000000
 NucSpn=           0           0           0           0           0           0           2           0           0           0
 AtZEff=   3.6000000   3.6000000   3.6000000   3.6000000   3.6000000   3.6000000   4.5500000   3.6000000   3.6000000   3.6000000
 NQMom=    0.0000000   0.0000000   0.0000000   0.0000000   0.0000000   0.0000000   2.0440000   0.0000000   0.0000000   0.0000000
 NMagM=    0.0000000   0.0000000   0.0000000   0.0000000   0.0000000   0.0000000   0.4037610   0.0000000   0.0000000   0.0000000
 AtZNuc=   6.0000000   6.0000000   6.0000000   6.0000000   6.0000000   6.0000000   7.0000000   6.0000000   6.0000000   6.0000000

  Atom        11          12          13          14          15          16          17          18          19          20
 IAtWgt=          12          12          12          14           1           1           1           1           1           1
 AtmWgt=  12.0000000  12.0000000  12.0000000  14.0030740   1.0078250   1.0078250   1.0078250   1.0078250   1.0078250   1.0078250
 NucSpn=           0           0           0           2           1           1           1           1           1           1
 AtZEff=   3.6000000   3.6000000   3.6000000   4.5500000   1.0000000   1.0000000   1.0000000   1.0000000   1.0000000   1.0000000
 NQMom=    0.0000000   0.0000000   0.0000000   2.0440000   0.0000000   0.0000000   0.0000000   0.0000000   0.0000000   0.0000000
 NMagM=    0.0000000   0.0000000   0.0000000   0.4037610   2.7928460   2.7928460   2.7928460   2.7928460   2.7928460   2.7928460
 AtZNuc=   6.0000000   6.0000000   6.0000000   7.0000000   1.0000000   1.0000000   1.0000000   1.0000000   1.0000000   1.0000000

  Atom        21          22          23          24          25          26          27
 IAtWgt=          14           1           1          14           1           1          55
 AtmWgt=  14.0030740   1.0078250   1.0078250  14.0030740   1.0078250   1.0078250  54.9380463
 NucSpn=           2           1           1           2           1           1           5
 AtZEff=   4.5500000   1.0000000   1.0000000   4.5500000   1.0000000   1.0000000  25.0000000
 NQMom=    2.0440000   0.0000000   0.0000000   2.0440000   0.0000000   0.0000000  33.0000000
 NMagM=    0.4037610   2.7928460   2.7928460   0.4037610   2.7928460   2.7928460   3.4532000
 AtZNuc=   7.0000000   1.0000000   1.0000000   7.0000000   1.0000000   1.0000000  25.0000000
 Leave Link  101 at Tue Apr 19 19:44:19 2022, MaxMem= 13421772800 cpu:              12.8 elap:               0.4
 (Enter /soft/gaussian/16-c.01/g16/l106.exe)
 Differentiate once with respect to electric field.
 Nuclear step= 0.001000 Angstroms, electric field step= 0.000333 atomic units, NStep=1.
 Leave Link  106 at Tue Apr 19 19:44:19 2022, MaxMem= 13421772800 cpu:               0.7 elap:               0.1
 (Enter /soft/gaussian/16-c.01/g16/l103.exe)

 GradGradGradGradGradGradGradGradGradGradGradGradGradGradGradGradGradGrad
 Berny optimization.
 Initialization pass.
                           ----------------------------
                           !    Initial Parameters    !
                           ! (Angstroms and Degrees)  !
 --------------------------                            --------------------------
 ! Name  Definition              Value          Derivative Info.                !
 --------------------------------------------------------------------------------
 ! R1    R(1,2)                  1.4575         calculate D2E/DX2 analytically  !
 ! R2    R(1,6)                  1.3597         calculate D2E/DX2 analytically  !
 ! R3    R(1,21)                 1.3813         calculate D2E/DX2 analytically  !
 ! R4    R(2,3)                  1.3758         calculate D2E/DX2 analytically  !
 ! R5    R(2,24)                 1.3614         calculate D2E/DX2 analytically  !
 ! R6    R(3,4)                  1.4123         calculate D2E/DX2 analytically  !
 ! R7    R(3,15)                 1.0827         calculate D2E/DX2 analytically  !
 ! R8    R(4,5)                  1.451          calculate D2E/DX2 analytically  !
 ! R9    R(4,14)                 1.3455         calculate D2E/DX2 analytically  !
 ! R10   R(5,6)                  1.4253         calculate D2E/DX2 analytically  !
 ! R11   R(5,7)                  1.3181         calculate D2E/DX2 analytically  !
 ! R12   R(6,16)                 1.0841         calculate D2E/DX2 analytically  !
 ! R13   R(7,8)                  1.3447         calculate D2E/DX2 analytically  !
 ! R14   R(8,9)                  1.4202         calculate D2E/DX2 analytically  !
 ! R15   R(8,13)                 1.4232         calculate D2E/DX2 analytically  !
 ! R16   R(9,10)                 1.3648         calculate D2E/DX2 analytically  !
 ! R17   R(9,17)                 1.0841         calculate D2E/DX2 analytically  !
 ! R18   R(10,11)                1.4163         calculate D2E/DX2 analytically  !
 ! R19   R(10,18)                1.0836         calculate D2E/DX2 analytically  !
 ! R20   R(11,12)                1.3683         calculate D2E/DX2 analytically  !
 ! R21   R(11,19)                1.084          calculate D2E/DX2 analytically  !
 ! R22   R(12,13)                1.4178         calculate D2E/DX2 analytically  !
 ! R23   R(12,20)                1.082          calculate D2E/DX2 analytically  !
 ! R24   R(13,14)                1.3636         calculate D2E/DX2 analytically  !
 ! R25   R(14,27)                2.1775         calculate D2E/DX2 analytically  !
 ! R26   R(21,22)                1.0098         calculate D2E/DX2 analytically  !
 ! R27   R(21,23)                1.0111         calculate D2E/DX2 analytically  !
 ! R28   R(24,25)                1.0085         calculate D2E/DX2 analytically  !
 ! R29   R(24,26)                1.008          calculate D2E/DX2 analytically  !
 ! A1    A(2,1,6)              118.8229         calculate D2E/DX2 analytically  !
 ! A2    A(2,1,21)             117.6964         calculate D2E/DX2 analytically  !
 ! A3    A(6,1,21)             123.3937         calculate D2E/DX2 analytically  !
 ! A4    A(1,2,3)              120.4231         calculate D2E/DX2 analytically  !
 ! A5    A(1,2,24)             117.6013         calculate D2E/DX2 analytically  !
 ! A6    A(3,2,24)             121.9414         calculate D2E/DX2 analytically  !
 ! A7    A(2,3,4)              121.6908         calculate D2E/DX2 analytically  !
 ! A8    A(2,3,15)             116.8931         calculate D2E/DX2 analytically  !
 ! A9    A(4,3,15)             121.3849         calculate D2E/DX2 analytically  !
 ! A10   A(3,4,5)              117.7227         calculate D2E/DX2 analytically  !
 ! A11   A(3,4,14)             122.6003         calculate D2E/DX2 analytically  !
 ! A12   A(5,4,14)             119.6679         calculate D2E/DX2 analytically  !
 ! A13   A(4,5,6)              119.5293         calculate D2E/DX2 analytically  !
 ! A14   A(4,5,7)              121.838          calculate D2E/DX2 analytically  !
 ! A15   A(6,5,7)              118.6194         calculate D2E/DX2 analytically  !
 ! A16   A(1,6,5)              121.701          calculate D2E/DX2 analytically  !
 ! A17   A(1,6,16)             121.029          calculate D2E/DX2 analytically  !
 ! A18   A(5,6,16)             117.2503         calculate D2E/DX2 analytically  !
 ! A19   A(5,7,8)              118.3175         calculate D2E/DX2 analytically  !
 ! A20   A(7,8,9)              118.553          calculate D2E/DX2 analytically  !
 ! A21   A(7,8,13)             121.4841         calculate D2E/DX2 analytically  !
 ! A22   A(9,8,13)             119.9629         calculate D2E/DX2 analytically  !
 ! A23   A(8,9,10)             120.4949         calculate D2E/DX2 analytically  !
 ! A24   A(8,9,17)             117.5492         calculate D2E/DX2 analytically  !
 ! A25   A(10,9,17)            121.956          calculate D2E/DX2 analytically  !
 ! A26   A(9,10,11)            119.687          calculate D2E/DX2 analytically  !
 ! A27   A(9,10,18)            120.5912         calculate D2E/DX2 analytically  !
 ! A28   A(11,10,18)           119.7218         calculate D2E/DX2 analytically  !
 ! A29   A(10,11,12)           121.0946         calculate D2E/DX2 analytically  !
 ! A30   A(10,11,19)           119.5512         calculate D2E/DX2 analytically  !
 ! A31   A(12,11,19)           119.3542         calculate D2E/DX2 analytically  !
 ! A32   A(11,12,13)           120.729          calculate D2E/DX2 analytically  !
 ! A33   A(11,12,20)           118.147          calculate D2E/DX2 analytically  !
 ! A34   A(13,12,20)           121.1239         calculate D2E/DX2 analytically  !
 ! A35   A(8,13,12)            118.0316         calculate D2E/DX2 analytically  !
 ! A36   A(8,13,14)            120.2547         calculate D2E/DX2 analytically  !
 ! A37   A(12,13,14)           121.7136         calculate D2E/DX2 analytically  !
 ! A38   A(4,14,13)            118.436          calculate D2E/DX2 analytically  !
 ! A39   A(4,14,27)            122.262          calculate D2E/DX2 analytically  !
 ! A40   A(13,14,27)           119.3007         calculate D2E/DX2 analytically  !
 ! A41   A(1,21,22)            114.8474         calculate D2E/DX2 analytically  !
 ! A42   A(1,21,23)            116.0104         calculate D2E/DX2 analytically  !
 ! A43   A(22,21,23)           111.214          calculate D2E/DX2 analytically  !
 ! A44   A(2,24,25)            118.2787         calculate D2E/DX2 analytically  !
 ! A45   A(2,24,26)            117.8954         calculate D2E/DX2 analytically  !
 ! A46   A(25,24,26)           114.1145         calculate D2E/DX2 analytically  !
 ! D1    D(6,1,2,3)             -3.8167         calculate D2E/DX2 analytically  !
 ! D2    D(6,1,2,24)           178.2693         calculate D2E/DX2 analytically  !
 ! D3    D(21,1,2,3)           179.4577         calculate D2E/DX2 analytically  !
 ! D4    D(21,1,2,24)            1.5437         calculate D2E/DX2 analytically  !
 ! D5    D(2,1,6,5)              1.9775         calculate D2E/DX2 analytically  !
 ! D6    D(2,1,6,16)          -179.6767         calculate D2E/DX2 analytically  !
 ! D7    D(21,1,6,5)           178.5048         calculate D2E/DX2 analytically  !
 ! D8    D(21,1,6,16)           -3.1494         calculate D2E/DX2 analytically  !
 ! D9    D(2,1,21,22)         -174.9974         calculate D2E/DX2 analytically  !
 ! D10   D(2,1,21,23)          -42.9561         calculate D2E/DX2 analytically  !
 ! D11   D(6,1,21,22)            8.4387         calculate D2E/DX2 analytically  !
 ! D12   D(6,1,21,23)          140.48           calculate D2E/DX2 analytically  !
 ! D13   D(1,2,3,4)              2.7283         calculate D2E/DX2 analytically  !
 ! D14   D(1,2,3,15)          -179.2751         calculate D2E/DX2 analytically  !
 ! D15   D(24,2,3,4)          -179.4502         calculate D2E/DX2 analytically  !
 ! D16   D(24,2,3,15)           -1.4535         calculate D2E/DX2 analytically  !
 ! D17   D(1,2,24,25)          -28.2663         calculate D2E/DX2 analytically  !
 ! D18   D(1,2,24,26)         -172.3335         calculate D2E/DX2 analytically  !
 ! D19   D(3,2,24,25)          153.8535         calculate D2E/DX2 analytically  !
 ! D20   D(3,2,24,26)            9.7862         calculate D2E/DX2 analytically  !
 ! D21   D(2,3,4,5)              0.1541         calculate D2E/DX2 analytically  !
 ! D22   D(2,3,4,14)           179.0526         calculate D2E/DX2 analytically  !
 ! D23   D(15,3,4,5)          -177.7529         calculate D2E/DX2 analytically  !
 ! D24   D(15,3,4,14)            1.1455         calculate D2E/DX2 analytically  !
 ! D25   D(3,4,5,6)             -1.9803         calculate D2E/DX2 analytically  !
 ! D26   D(3,4,5,7)            179.3663         calculate D2E/DX2 analytically  !
 ! D27   D(14,4,5,6)           179.0877         calculate D2E/DX2 analytically  !
 ! D28   D(14,4,5,7)             0.4343         calculate D2E/DX2 analytically  !
 ! D29   D(3,4,14,13)         -179.3245         calculate D2E/DX2 analytically  !
 ! D30   D(3,4,14,27)            0.2371         calculate D2E/DX2 analytically  !
 ! D31   D(5,4,14,13)           -0.4467         calculate D2E/DX2 analytically  !
 ! D32   D(5,4,14,27)          179.1149         calculate D2E/DX2 analytically  !
 ! D33   D(4,5,6,1)              0.8723         calculate D2E/DX2 analytically  !
 ! D34   D(4,5,6,16)          -177.5332         calculate D2E/DX2 analytically  !
 ! D35   D(7,5,6,1)            179.5691         calculate D2E/DX2 analytically  !
 ! D36   D(7,5,6,16)             1.1636         calculate D2E/DX2 analytically  !
 ! D37   D(4,5,7,8)             -0.0808         calculate D2E/DX2 analytically  !
 ! D38   D(6,5,7,8)           -178.7461         calculate D2E/DX2 analytically  !
 ! D39   D(5,7,8,9)            179.8452         calculate D2E/DX2 analytically  !
 ! D40   D(5,7,8,13)            -0.2306         calculate D2E/DX2 analytically  !
 ! D41   D(7,8,9,10)           179.9456         calculate D2E/DX2 analytically  !
 ! D42   D(7,8,9,17)            -0.0666         calculate D2E/DX2 analytically  !
 ! D43   D(13,8,9,10)            0.0202         calculate D2E/DX2 analytically  !
 ! D44   D(13,8,9,17)         -179.992          calculate D2E/DX2 analytically  !
 ! D45   D(7,8,13,12)         -179.8972         calculate D2E/DX2 analytically  !
 ! D46   D(7,8,13,14)            0.2073         calculate D2E/DX2 analytically  !
 ! D47   D(9,8,13,12)            0.026          calculate D2E/DX2 analytically  !
 ! D48   D(9,8,13,14)         -179.8695         calculate D2E/DX2 analytically  !
 ! D49   D(8,9,10,11)           -0.0235         calculate D2E/DX2 analytically  !
 ! D50   D(8,9,10,18)          179.9701         calculate D2E/DX2 analytically  !
 ! D51   D(17,9,10,11)         179.9892         calculate D2E/DX2 analytically  !
 ! D52   D(17,9,10,18)          -0.0171         calculate D2E/DX2 analytically  !
 ! D53   D(9,10,11,12)          -0.021          calculate D2E/DX2 analytically  !
 ! D54   D(9,10,11,19)         179.9588         calculate D2E/DX2 analytically  !
 ! D55   D(18,10,11,12)        179.9852         calculate D2E/DX2 analytically  !
 ! D56   D(18,10,11,19)         -0.0349         calculate D2E/DX2 analytically  !
 ! D57   D(10,11,12,13)          0.0689         calculate D2E/DX2 analytically  !
 ! D58   D(10,11,12,20)        179.9914         calculate D2E/DX2 analytically  !
 ! D59   D(19,11,12,13)       -179.911          calculate D2E/DX2 analytically  !
 ! D60   D(19,11,12,20)          0.0115         calculate D2E/DX2 analytically  !
 ! D61   D(11,12,13,8)          -0.0701         calculate D2E/DX2 analytically  !
 ! D62   D(11,12,13,14)        179.8237         calculate D2E/DX2 analytically  !
 ! D63   D(20,12,13,8)        -179.9903         calculate D2E/DX2 analytically  !
 ! D64   D(20,12,13,14)         -0.0965         calculate D2E/DX2 analytically  !
 ! D65   D(8,13,14,4)            0.1477         calculate D2E/DX2 analytically  !
 ! D66   D(8,13,14,27)        -179.4272         calculate D2E/DX2 analytically  !
 ! D67   D(12,13,14,4)        -179.7438         calculate D2E/DX2 analytically  !
 ! D68   D(12,13,14,27)          0.6813         calculate D2E/DX2 analytically  !
 --------------------------------------------------------------------------------
 Trust Radius=3.00D-01 FncErr=1.00D-07 GrdErr=1.00D-07 EigMax=2.50D+02 EigMin=1.00D-04
 Number of steps in this run=      2 maximum allowed number of steps=      2.
 GradGradGradGradGradGradGradGradGradGradGradGradGradGradGradGradGradGrad

 Leave Link  103 at Tue Apr 19 19:44:19 2022, MaxMem= 13421772800 cpu:               0.6 elap:               0.0
 (Enter /soft/gaussian/16-c.01/g16/l202.exe)
                          Input orientation:                          
 ---------------------------------------------------------------------
 Center     Atomic      Atomic             Coordinates (Angstroms)
 Number     Number       Type             X           Y           Z
 ---------------------------------------------------------------------
      1          6           0        3.563381    0.603417   -0.664856
      2          6           0        3.535662   -0.850570   -0.761970
      3          6           0        2.340760   -1.529993   -0.704204
      4          6           0        1.105645   -0.851930   -0.607554
      5          6           0        1.132673    0.598392   -0.573923
      6          6           0        2.385095    1.278329   -0.595608
      7          7           0        0.027686    1.312815   -0.497241
      8          6           0       -1.149336    0.664211   -0.451331
      9          6           0       -2.342949    1.429013   -0.365298
     10          6           0       -3.559179    0.811607   -0.317511
     11          6           0       -3.629933   -0.602390   -0.354583
     12          6           0       -2.496733   -1.364688   -0.438217
     13          6           0       -1.216847   -0.756886   -0.488709
     14          7           0       -0.074429   -1.497119   -0.568602
     15          1           0        2.387629   -2.609659   -0.769910
     16          1           0        2.363868    2.360126   -0.527759
     17          1           0       -2.246032    2.508508   -0.339485
     18          1           0       -4.470857    1.393599   -0.251374
     19          1           0       -4.597060   -1.090504   -0.315822
     20          1           0       -2.606201   -2.440892   -0.463267
     21          7           0        4.794721    1.227035   -0.717976
     22          1           0        4.771606    2.225304   -0.567697
     23          1           0        5.534800    0.793473   -0.182561
     24          7           0        4.728394   -1.498632   -0.866235
     25          1           0        5.500863   -1.011770   -1.294440
     26          1           0        4.712215   -2.489274   -1.051811
     27         25           0       -0.214795   -3.668811   -0.642830
 ---------------------------------------------------------------------
                    Distance matrix (angstroms):
                    1          2          3          4          5
     1  C    0.000000
     2  C    1.457490   0.000000
     3  C    2.459225   1.375770   0.000000
     4  C    2.856883   2.434919   1.412310   0.000000
     5  C    2.432413   2.812332   2.450810   1.450964   0.000000
     6  C    1.359654   2.425632   2.810770   2.484982   1.425252
     7  N    3.610052   4.129917   3.670789   2.420802   1.318057
     8  C    4.717943   4.933586   4.130284   2.721769   2.286247
     9  C    5.971271   6.317588   5.550469   4.141762   3.579582
    10  C    7.134062   7.300490   6.359395   4.961055   4.703688
    11  C    7.300274   7.181457   6.052426   4.748891   4.916544
    12  C    6.375718   6.062914   4.847619   3.642626   4.128521
    13  C    4.973130   4.761280   3.647012   2.327472   2.713721
    14  N    4.201806   3.672625   2.419216   1.345497   2.418324
    15  H    3.423052   2.100581   1.082679   2.181617   3.450351
    16  H    2.131585   3.425862   3.894187   3.450623   2.149809
    17  H    6.122459   6.699992   6.122186   4.753750   3.888335
    18  H    8.083584   8.330748   7.426343   6.022179   5.668857
    19  H    8.341702   8.148484   6.962567   5.715144   5.979032
    20  H    6.882746   6.351443   5.035892   4.040225   4.819614
    21  N    1.381275   2.429734   3.690977   4.235985   3.718405
    22  H    2.024788   3.320588   4.475478   4.786463   3.986065
    23  H    2.038437   2.652385   3.984030   4.743984   4.423792
    24  N    2.411725   1.361420   2.393331   3.689099   4.172789
    25  H    2.599816   2.042431   3.256254   4.451438   4.710929
    26  H    3.321790   2.038047   2.581638   3.985675   4.751335
    27  Mn   5.703247   4.692825   3.333042   3.111209   4.475426
                    6          7          8          9         10
     6  C    0.000000
     7  N    2.359712   0.000000
     8  C    3.590286   1.344684   0.000000
     9  C    4.736048   2.377146   1.420224   0.000000
    10  C    5.969050   3.626171   2.418052   1.364804   0.000000
    11  C    6.306803   4.131167   2.786934   2.404796   1.416252
    12  C    5.553607   3.680380   2.435587   2.798881   2.424794
    13  C    4.138539   2.415077   1.423191   2.462010   2.824181
    14  N    3.708517   2.812694   2.416718   3.708068   4.187690
    15  H    3.891894   4.585791   4.830097   6.233214   6.875627
    16  H    1.084131   2.560378   3.901867   4.800780   6.125732
    17  H    4.798570   2.573784   2.148647   1.084144   2.145766
    18  H    6.865556   4.505982   3.406537   2.131250   1.083626
    19  H    7.378356   5.215087   3.870942   3.381040   2.166847
    20  H    6.226006   4.585720   3.429908   3.880086   3.392368
    21  N    2.413276   4.772913   5.976594   7.149231   8.373804
    22  H    2.567680   4.831395   6.124386   7.161839   8.453586
    23  H    3.213461   5.540491   6.690786   7.905456   9.094998
    24  N    3.643597   5.489721   6.276762   7.669807   8.621031
    25  H    3.929495   5.999574   6.909768   8.267171   9.293194
    26  H    4.451791   6.058732   6.683025   8.099359   8.935937
    27  Mn   5.588904   4.989648   4.436791   5.531173   5.600435
                   11         12         13         14         15
    11  C    0.000000
    12  C    1.368297   0.000000
    13  C    2.421744   1.417774   0.000000
    14  N    3.672595   2.429422   1.363615   0.000000
    15  H    6.357097   5.051431   4.062522   2.709243   0.000000
    16  H    6.688209   6.124353   4.747505   4.563475   4.975738
    17  H    3.404864   3.882557   3.426994   4.562171   6.917493
    18  H    2.168358   3.397091   3.907621   5.271192   7.958253
    19  H    1.084016   2.121681   3.401034   4.547903   7.162395
    20  H    2.107114   1.082047   2.183307   2.704010   5.006081
    21  N    8.628652   7.743422   6.334623   5.581393   4.529571
    22  H    8.867194   8.107624   6.690386   6.110687   5.394544
    23  H    9.272020   8.320369   6.934123   6.071185   4.672363
    24  N    8.421797   7.239033   6.003216   4.812037   2.592845
    25  H    9.188165   8.051038   6.770657   5.643252   3.538448
    26  H    8.581253   7.321894   6.202582   4.912212   2.344710
    27  Mn   4.598825   3.249321   3.083369   2.177489   2.812572
                   16         17         18         19         20
    16  H    0.000000
    17  H    4.616128   0.000000
    18  H    6.908258   2.490107   0.000000
    19  H    7.772148   4.298928   2.488142   0.000000
    20  H    6.910537   4.964032   4.269094   2.410147   0.000000
    21  N    2.688703   7.166423   9.278814   9.681852   8.263910
    22  H    2.411841   7.027057   9.285199   9.941324   8.730197
    23  H    3.553642   7.969147  10.023874  10.306392   8.764463
    24  N    4.538234   8.060847   9.662778   9.350594   7.405844
    25  H    4.668857   8.562633  10.310625  10.145538   8.273919
    26  H    5.413506   8.596653  10.002311   9.442502   7.342203
    27  Mn   6.558264   6.509778   6.625352   5.094982   2.694225
                   21         22         23         24         25
    21  N    0.000000
    22  H    1.009782   0.000000
    23  H    1.011119   1.667613   0.000000
    24  N    2.730501   3.736133   2.524173   0.000000
    25  H    2.417270   3.396854   2.120455   1.008515   0.000000
    26  H    3.732184   4.739740   3.494091   1.008004   1.692292
    27  Mn   7.005012   7.720779   7.292576   5.403212   6.336656
                   26         27
    26  H    0.000000
    27  Mn   5.082717   0.000000
 Stoichiometry    C12H10MnN4(2+,6)
 Framework group  C1[X(C12H10MnN4)]
 Deg. of freedom    75
 Full point group                 C1      NOp   1
 RotChk:  IX=0 Diff= 4.42D-16
 Largest Abelian subgroup         C1      NOp   1
 Largest concise Abelian subgroup C1      NOp   1
                         Standard orientation:                         
 ---------------------------------------------------------------------
 Center     Atomic      Atomic             Coordinates (Angstroms)
 Number     Number       Type             X           Y           Z
 ---------------------------------------------------------------------
      1          6           0       -3.153383   -1.049010    0.021192
      2          6           0       -2.996005    0.399383   -0.019662
      3          6           0       -1.741989    0.964795    0.002624
      4          6           0       -0.571673    0.174257    0.007936
      5          6           0       -0.731087   -1.267749   -0.014448
      6          6           0       -2.040615   -1.830066    0.002246
      7          7           0        0.305485   -2.081818   -0.023721
      8          6           0        1.538295   -1.544929   -0.013554
      9          6           0        2.658801   -2.417546   -0.020103
     10          6           0        3.927810   -1.915322   -0.011339
     11          6           0        4.127186   -0.513257    0.003898
     12          6           0        3.066647    0.351302    0.009597
     13          6           0        1.735087   -0.135493    0.001828
     14          7           0        0.663521    0.707781    0.010867
     15          1           0       -1.691902    2.046122   -0.017809
     16          1           0       -2.116298   -2.911290    0.026067
     17          1           0        2.463804   -3.483943   -0.031986
     18          1           0        4.783869   -2.579693   -0.015831
     19          1           0        5.136056   -0.116754    0.011515
     20          1           0        3.273859    1.413256    0.021457
     21          7           0       -4.438251   -1.555812    0.007647
     22          1           0       -4.500355   -2.557741    0.116927
     23          1           0       -5.108362   -1.081186    0.597600
     24          7           0       -4.127312    1.156577   -0.035967
     25          1           0       -4.961256    0.760915   -0.442282
     26          1           0       -4.028539    2.148923   -0.182816
     27         25           0        1.000424    2.859044    0.015363
 ---------------------------------------------------------------------
 Rotational constants (GHZ):           0.5956659           0.2946941           0.1972582
 Leave Link  202 at Tue Apr 19 19:44:19 2022, MaxMem= 13421772800 cpu:               0.5 elap:               0.0
 (Enter /soft/gaussian/16-c.01/g16/l301.exe)
 Basis read from chk: "NH2-PHZ-dummy2-Mn-6-Raman.chk" (6D, 7F)
 No pseudopotential information found on chk file.
 There are   687 symmetry adapted cartesian basis functions of A   symmetry.
 There are   627 symmetry adapted basis functions of A   symmetry.
   627 basis functions,   980 primitive gaussians,   687 cartesian basis functions
    69 alpha electrons       64 beta electrons
       nuclear repulsion energy      1336.8815914606 Hartrees.
 IExCor= 4639 DFT=T Ex+Corr=wB97XD ExCW=0 ScaHFX=  1.000000
 ScaDFX=  1.000000  1.000000  1.000000  1.000000 ScalE2=  1.000000  1.000000
 IRadAn=      5 IRanWt=     -1 IRanGd=            0 ICorTp=0 IEmpDi=121
 HFx  wShort=  0.000000 wLong=  0.200000 cFull=  0.222036 cShort=  0.000000 cLong=  0.777964
 DFx  wShort=  0.000000 wLong=  0.200000 cFull=  0.000000 cShort=  0.000000 cLong=  1.000000
 NAtoms=   27 NActive=   27 NUniq=   27 SFac= 1.00D+00 NAtFMM=   60 NAOKFM=F Big=F
 Integral buffers will be    131072 words long.
 Raffenetti 2 integral format.
 Two-electron integral symmetry is turned on.
 R6Disp:  Grimme-D2 Dispersion energy=       -0.0184367652 Hartrees.
 Nuclear repulsion after empirical dispersion term =     1336.8631546954 Hartrees.
 No density basis found on file  20724.
 Force inversion solution in PCM.
 ------------------------------------------------------------------------------
 Polarizable Continuum Model (PCM)
 =================================
 Model                : C-PCM.
 Atomic radii         : UFF (Universal Force Field).
 Polarization charges : Total charges.
 Charge compensation  : None.
 Solution method      : Matrix inversion.
 Cavity type          : Scaled VdW (van der Waals Surface) (Alpha=1.100).
 Cavity algorithm     : GePol (No added spheres)
                        Default sphere list used, NSphG=   27.
                        Lebedev-Laikov grids with approx.  5.0 points / Ang**2.
                        Smoothing algorithm: York/Karplus (Gamma=1.0000).
                        Polarization charges: spherical gaussians, with
                                              point-specific exponents (IZeta= 3).
                        Self-potential: point-specific (ISelfS= 7).
                        Self-field    : sphere-specific E.n sum rule (ISelfD= 2).
 1st derivatives      : Analytical E(r).r(x)/FMM algorithm (CHGder, D1EAlg=3).
                        Cavity 1st derivative terms included.
 2nd derivatives      : Analytical E(r).r(xy)/FMM algorithm (CHGder, D2EAlg=3).
                        Cavity 2nd derivative terms included.
 Solvent              : Water, Eps=  78.355300 Eps(inf)=   1.777849
 ------------------------------------------------------------------------------
 GePol: Number of generator spheres                  =      27
 GePol: Total number of spheres                      =      27
 GePol: Number of exposed spheres                    =      27 (100.00%)
 GePol: Number of points                             =    2142
 GePol: Average weight of points                     =       0.13
 GePol: Minimum weight of points                     =   0.35D-10
 GePol: Maximum weight of points                     =    0.21276
 GePol: Number of points with low weight             =     125
 GePol: Fraction of low-weight points (<1% of avg)   =       5.84%
 GePol: Cavity surface area                          =    279.984 Ang**2
 GePol: Cavity volume                                =    296.941 Ang**3
 Leave Link  301 at Tue Apr 19 19:44:19 2022, MaxMem= 13421772800 cpu:               2.7 elap:               0.1
 (Enter /soft/gaussian/16-c.01/g16/l302.exe)
 NPDir=0 NMtPBC=     1 NCelOv=     1 NCel=       1 NClECP=     1 NCelD=      1
         NCelK=      1 NCelE2=     1 NClLst=     1 CellRange=     0.0.
 One-electron integrals computed using PRISM.
 One-electron integral symmetry used in STVInt
 NBasis=   627 RedAO= T EigKep=  1.19D-06  NBF=   627
 NBsUse=   624 1.00D-06 EigRej=  7.90D-07 NBFU=   624
 Precomputing XC quadrature grid using
 IXCGrd= 4 IRadAn=           5 IRanWt=          -1 IRanGd=           0 AccXCQ= 0.00D+00.
 Generated NRdTot=       0 NPtTot=           0 NUsed=           0 NTot=          32
 NSgBfM=   684   684   684   684   684 MxSgAt=    27 MxSgA2=    27.
 Leave Link  302 at Tue Apr 19 19:44:20 2022, MaxMem= 13421772800 cpu:              23.5 elap:               0.7
 (Enter /soft/gaussian/16-c.01/g16/l303.exe)
 DipDrv:  MaxL=1.
 Leave Link  303 at Tue Apr 19 19:44:20 2022, MaxMem= 13421772800 cpu:               2.3 elap:               0.1
 (Enter /soft/gaussian/16-c.01/g16/l401.exe)
 Initial guess from the checkpoint file:  "NH2-PHZ-dummy2-Mn-6-Raman.chk"
 B after Tr=    -0.000000    0.000000    0.000000
         Rot=    1.000000   -0.000000    0.000000    0.000000 Ang=   0.00 deg.
 Guess basis will be translated and rotated to current coordinates.
 JPrj=2 DoOrth=T DoCkMO=T.
 Initial guess <Sx>= 0.0000 <Sy>= 0.0000 <Sz>= 2.5000 <S**2>= 8.7524 S= 2.5004
 Leave Link  401 at Tue Apr 19 19:44:21 2022, MaxMem= 13421772800 cpu:              34.4 elap:               1.0
 (Enter /soft/gaussian/16-c.01/g16/l502.exe)
 Integral symmetry usage will be decided dynamically.
 UHF open shell SCF:
 Using DIIS extrapolation, IDIIS=  1040.
 NGot= 13421772800 LenX= 13420797655 LenY= 13420324999
 Requested convergence on RMS density matrix=1.00D-08 within 128 cycles.
 Requested convergence on MAX density matrix=1.00D-06.
 Requested convergence on             energy=1.00D-06.
 No special actions if energy rises.
 Fock matrices will be formed incrementally for  20 cycles.

 Cycle   1  Pass 1  IDiag  1:
 FoFJK:  IHMeth= 1 ICntrl=       0 DoSepK=T KAlg= 0 I1Cent=           0 FoldK=F
 IRaf=         1 NMat=       1 IRICut=       1 DoRegI=T DoRafI=F ISym2E= 0 IDoP0=0 IntGTp=1.
 FoFCou: FMM=F IPFlag=           0 FMFlag=      100000 FMFlg1=           0
         NFxFlg=           0 DoJE=T BraDBF=F KetDBF=F FulRan=T
         wScrn=  0.000000 ICntrl=       500 IOpCl=  0 I1Cent=           0 NGrid=           0
         NMat0=    1 NMatS0=      1 NMatT0=    0 NMatD0=    1 NMtDS0=    0 NMtDT0=    0
 Symmetry not used in FoFCou.
 Inv3:  Mode=1 IEnd=    13764492.
 Iteration    1 A*A^-1 deviation from unit magnitude is 3.22D-15 for    763.
 Iteration    1 A*A^-1 deviation from orthogonality  is 2.46D-15 for   1778   1409.
 Iteration    1 A^-1*A deviation from unit magnitude is 3.33D-15 for   1918.
 Iteration    1 A^-1*A deviation from orthogonality  is 2.33D-15 for   1100    450.
 E= -1832.87231407410    
 DIIS: error= 7.02D-09 at cycle   1 NSaved=   1.
 NSaved= 1 IEnMin= 1 EnMin= -1832.87231407410     IErMin= 1 ErrMin= 7.02D-09
 ErrMax= 7.02D-09  0.00D+00 EMaxC= 1.00D-01 BMatC= 6.13D-14 BMatP= 6.13D-14
 IDIUse=1 WtCom= 1.00D+00 WtEn= 0.00D+00
 Coeff-Com:  0.100D+01
 Coeff:      0.100D+01
 Gap=     0.246 Goal=   None    Shift=    0.000
 Gap=     0.244 Goal=   None    Shift=    0.000
 RMSDP=1.54D-09 MaxDP=1.15D-07              OVMax= 2.44D-07

 Error on total polarization charges =  0.01703
 SCF Done:  E(UwB97XD) =  -1832.87231407     A.U. after    1 cycles
            NFock=  1  Conv=0.15D-08     -V/T= 2.0040
 <Sx>= 0.0000 <Sy>= 0.0000 <Sz>= 2.5000 <S**2>= 8.7524 S= 2.5004
 <L.S>=  0.00000000000    
 KE= 1.825543363916D+03 PE=-6.951469283409D+03 EE= 1.956190450724D+03
 Annihilation of the first spin contaminant:
 S**2 before annihilation     8.7524,   after     8.7500
 Leave Link  502 at Tue Apr 19 19:44:42 2022, MaxMem= 13421772800 cpu:             733.3 elap:              21.0
 (Enter /soft/gaussian/16-c.01/g16/l801.exe)
 DoSCS=F DFT=T ScalE2(SS,OS)=  1.000000  1.000000
 Range of M.O.s used for correlation:     1   624
 NBasis=   627 NAE=    69 NBE=    64 NFC=     0 NFV=     0
 NROrb=    624 NOA=    69 NOB=    64 NVA=   555 NVB=   560

 **** Warning!!: The largest alpha MO coefficient is  0.15092702D+03


 **** Warning!!: The largest beta MO coefficient is  0.17367074D+03

 Leave Link  801 at Tue Apr 19 19:44:43 2022, MaxMem= 13421772800 cpu:               1.7 elap:               0.1
 (Enter /soft/gaussian/16-c.01/g16/l1101.exe)
 Using compressed storage, NAtomX=    27.
 Will process     28 centers per pass.
 R6Disp: Adding Grimme-D2 dispersion energy 1st derivatives to the gradient.
 Leave Link 1101 at Tue Apr 19 19:44:44 2022, MaxMem= 13421772800 cpu:              47.6 elap:               1.4
 (Enter /soft/gaussian/16-c.01/g16/l1102.exe)
 Symmetrizing basis deriv contribution to polar:
 IMax=3 JMax=2 DiffMx= 0.00D+00
 Leave Link 1102 at Tue Apr 19 19:44:45 2022, MaxMem= 13421772800 cpu:               2.4 elap:               0.1
 (Enter /soft/gaussian/16-c.01/g16/l1110.exe)
 Forming Gx(P) for the SCF density, NAtomX=    27.
 Integral derivatives from FoFJK, PRISM(SPDF).
 Do as many integral derivatives as possible in FoFJK.
 G2DrvN: MDV=   13421769937.
 G2DrvN: will do    28 centers at a time, making    1 passes.
 Calling FoFCou, ICntrl=  3107 FMM=F I1Cent=   0 AccDes= 0.00D+00.
 FoFJK:  IHMeth= 1 ICntrl=    3107 DoSepK=T KAlg= 0 I1Cent=           0 FoldK=F
 IRaf=         1 NMat=       1 IRICut=       1 DoRegI=T DoRafI=F ISym2E= 0 IDoP0=0 IntGTp=1.
 FoFCou: FMM=F IPFlag=           0 FMFlag=      100000 FMFlg1=           0
         NFxFlg=           0 DoJE=F BraDBF=F KetDBF=F FulRan=T
         wScrn=  0.000000 ICntrl=      3507 IOpCl=  0 I1Cent=           0 NGrid=           0
         NMat0=    1 NMatS0=      1 NMatT0=    0 NMatD0=    1 NMtDS0=    0 NMtDT0=    0
 Symmetry not used in FoFCou.
 NEqPCM:  Using equilibrium solvation (IEInf=0, Eps=  78.3553, EpsInf=   1.7778)
 G2PCM: DoFxE=T DoFxN=T DoGrad=T DoDP/DQ/DG/TGxP=FFFF NFrqRd=   0 IEInf=0 SqF1=F DoCFld=F IF1Alg=4.
 GePol: Maximum number of non-zero 1st derivatives   =     197
 End of G2Drv F.D. properties file   721 does not exist.
 End of G2Drv F.D. properties file   722 does not exist.
 End of G2Drv F.D. properties file   788 does not exist.
 Leave Link 1110 at Tue Apr 19 19:49:39 2022, MaxMem= 13421772800 cpu:           10571.5 elap:             293.8
 (Enter /soft/gaussian/16-c.01/g16/l1002.exe)
 Minotr:  UHF open shell wavefunction.
          IDoAtm=111111111111111111111111111
 NEqPCM:  Using equilibrium solvation (IEInf=0, Eps=  78.3553, EpsInf=   1.7778)
          Direct CPHF calculation.
          Differentiating once with respect to electric field.
                with respect to dipole field.
          Differentiating once with respect to nuclear coordinates.
          Requested convergence is 1.0D-08 RMS, and 1.0D-07 maximum.
          Secondary convergence is 1.0D-12 RMS, and 1.0D-12 maximum.
          NewPWx=T KeepS1=F KeepF1=F KeepIn=T MapXYZ=F SortEE=F KeepMc=T.
         8502 words used for storage of precomputed grid.
 Two-electron integrals replicated using symmetry.
          MDV=   13421772800 using IRadAn=       1.
          Solving linear equations simultaneously, MaxMat=     360.
 FoF2E skips out because all densities are zero.
 CalDSu exits because no D1Ps are significant.
 FoFJK:  IHMeth= 1 ICntrl=       0 DoSepK=T KAlg= 0 I1Cent=           0 FoldK=F
 IRaf=         1 NMat=      81 IRICut=       1 DoRegI=T DoRafI=F ISym2E= 2 IDoP0=3 IntGTp=2.
          There are    84 degrees of freedom in the 1st order CPHF.  IDoFFX=6 NUNeed=     3.
     81 vectors produced by pass  0 Test12= 8.83D-14 1.19D-09 XBig12= 5.32D+02 1.27D+01.
 AX will form    81 AO Fock derivatives at one time.
     81 vectors produced by pass  1 Test12= 8.83D-14 1.19D-09 XBig12= 3.45D+01 6.28D-01.
     81 vectors produced by pass  2 Test12= 8.83D-14 1.19D-09 XBig12= 1.20D+00 1.62D-01.
     81 vectors produced by pass  3 Test12= 8.83D-14 1.19D-09 XBig12= 2.85D-02 2.85D-02.
     81 vectors produced by pass  4 Test12= 8.83D-14 1.19D-09 XBig12= 7.48D-04 5.33D-03.
     81 vectors produced by pass  5 Test12= 8.83D-14 1.19D-09 XBig12= 1.40D-05 6.03D-04.
     81 vectors produced by pass  6 Test12= 8.83D-14 1.19D-09 XBig12= 1.58D-07 4.23D-05.
     68 vectors produced by pass  7 Test12= 8.83D-14 1.19D-09 XBig12= 1.66D-09 2.98D-06.
     28 vectors produced by pass  8 Test12= 8.83D-14 1.19D-09 XBig12= 1.67D-11 3.30D-07.
      3 vectors produced by pass  9 Test12= 8.83D-14 1.19D-09 XBig12= 2.13D-13 3.22D-08.
      3 vectors produced by pass 10 Test12= 8.83D-14 1.19D-09 XBig12= 2.76D-15 4.12D-09.
 InvSVY:  IOpt=1 It=  1 EMax= 1.07D-14
 Solved reduced A of dimension   669 with    84 vectors.
 FullF1:  Do perturbations      1 to       3.
 Isotropic polarizability for W=    0.000000      311.60 Bohr**3.
 End of Minotr F.D. properties file   721 does not exist.
 End of Minotr F.D. properties file   722 does not exist.
 End of Minotr F.D. properties file   788 does not exist.
 Leave Link 1002 at Tue Apr 19 20:20:50 2022, MaxMem= 13421772800 cpu:           67337.4 elap:            1871.1
 (Enter /soft/gaussian/16-c.01/g16/l601.exe)
 Copying SCF densities to generalized density rwf, IOpCl= 1 IROHF=0.

 **********************************************************************

            Population analysis using the SCF Density.

 **********************************************************************

 Orbital symmetries:
 Alpha Orbitals:
       Occupied  (A) (A) (A) (A) (A) (A) (A) (A) (A) (A) (A) (A)
                 (A) (A) (A) (A) (A) (A) (A) (A) (A) (A) (A) (A)
                 (A) (A) (A) (A) (A) (A) (A) (A) (A) (A) (A) (A)
                 (A) (A) (A) (A) (A) (A) (A) (A) (A) (A) (A) (A)
                 (A) (A) (A) (A) (A) (A) (A) (A) (A) (A) (A) (A)
                 (A) (A) (A) (A) (A) (A) (A) (A) (A)
       Virtual   (A) (A) (A) (A) (A) (A) (A) (A) (A) (A) (A) (A)
                 (A) (A) (A) (A) (A) (A) (A) (A) (A) (A) (A) (A)
                 (A) (A) (A) (A) (A) (A) (A) (A) (A) (A) (A) (A)
                 (A) (A) (A) (A) (A) (A) (A) (A) (A) (A) (A) (A)
                 (A) (A) (A) (A) (A) (A) (A) (A) (A) (A) (A) (A)
                 (A) (A) (A) (A) (A) (A) (A) (A) (A) (A) (A) (A)
                 (A) (A) (A) (A) (A) (A) (A) (A) (A) (A) (A) (A)
                 (A) (A) (A) (A) (A) (A) (A) (A) (A) (A) (A) (A)
                 (A) (A) (A) (A) (A) (A) (A) (A) (A) (A) (A) (A)
                 (A) (A) (A) (A) (A) (A) (A) (A) (A) (A) (A) (A)
                 (A) (A) (A) (A) (A) (A) (A) (A) (A) (A) (A) (A)
                 (A) (A) (A) (A) (A) (A) (A) (A) (A) (A) (A) (A)
                 (A) (A) (A) (A) (A) (A) (A) (A) (A) (A) (A) (A)
                 (A) (A) (A) (A) (A) (A) (A) (A) (A) (A) (A) (A)
                 (A) (A) (A) (A) (A) (A) (A) (A) (A) (A) (A) (A)
                 (A) (A) (A) (A) (A) (A) (A) (A) (A) (A) (A) (A)
                 (A) (A) (A) (A) (A) (A) (A) (A) (A) (A) (A) (A)
                 (A) (A) (A) (A) (A) (A) (A) (A) (A) (A) (A) (A)
                 (A) (A) (A) (A) (A) (A) (A) (A) (A) (A) (A) (A)
                 (A) (A) (A) (A) (A) (A) (A) (A) (A) (A) (A) (A)
                 (A) (A) (A) (A) (A) (A) (A) (A) (A) (A) (A) (A)
                 (A) (A) (A) (A) (A) (A) (A) (A) (A) (A) (A) (A)
                 (A) (A) (A) (A) (A) (A) (A) (A) (A) (A) (A) (A)
                 (A) (A) (A) (A) (A) (A) (A) (A) (A) (A) (A) (A)
                 (A) (A) (A) (A) (A) (A) (A) (A) (A) (A) (A) (A)
                 (A) (A) (A) (A) (A) (A) (A) (A) (A) (A) (A) (A)
                 (A) (A) (A) (A) (A) (A) (A) (A) (A) (A) (A) (A)
                 (A) (A) (A) (A) (A) (A) (A) (A) (A) (A) (A) (A)
                 (A) (A) (A) (A) (A) (A) (A) (A) (A) (A) (A) (A)
                 (A) (A) (A) (A) (A) (A) (A) (A) (A) (A) (A) (A)
                 (A) (A) (A) (A) (A) (A) (A) (A) (A) (A) (A) (A)
                 (A) (A) (A) (A) (A) (A) (A) (A) (A) (A) (A) (A)
                 (A) (A) (A) (A) (A) (A) (A) (A) (A) (A) (A) (A)
                 (A) (A) (A) (A) (A) (A) (A) (A) (A) (A) (A) (A)
                 (A) (A) (A) (A) (A) (A) (A) (A) (A) (A) (A) (A)
                 (A) (A) (A) (A) (A) (A) (A) (A) (A) (A) (A) (A)
                 (A) (A) (A) (A) (A) (A) (A) (A) (A) (A) (A) (A)
                 (A) (A) (A) (A) (A) (A) (A) (A) (A) (A) (A) (A)
                 (A) (A) (A) (A) (A) (A) (A) (A) (A) (A) (A) (A)
                 (A) (A) (A) (A) (A) (A) (A) (A) (A) (A) (A) (A)
                 (A) (A) (A) (A) (A) (A) (A) (A) (A) (A) (A) (A)
                 (A) (A) (A) (A) (A) (A) (A) (A) (A) (A) (A) (A)
                 (A) (A) (A) (A) (A) (A) (A) (A) (A) (A) (A) (A)
                 (A) (A) (A) (A) (A) (A) (A) (A) (A) (A) (A) (A)
                 (A) (A) (A) (A) (A) (A) (A) (A) (A) (A) (A) (A)
                 (A) (A) (A) (A) (A) (A) (A) (A) (A) (A) (A) (A)
                 (A) (A) (A)
 Beta  Orbitals:
       Occupied  (A) (A) (A) (A) (A) (A) (A) (A) (A) (A) (A) (A)
                 (A) (A) (A) (A) (A) (A) (A) (A) (A) (A) (A) (A)
                 (A) (A) (A) (A) (A) (A) (A) (A) (A) (A) (A) (A)
                 (A) (A) (A) (A) (A) (A) (A) (A) (A) (A) (A) (A)
                 (A) (A) (A) (A) (A) (A) (A) (A) (A) (A) (A) (A)
                 (A) (A) (A) (A)
       Virtual   (A) (A) (A) (A) (A) (A) (A) (A) (A) (A) (A) (A)
                 (A) (A) (A) (A) (A) (A) (A) (A) (A) (A) (A) (A)
                 (A) (A) (A) (A) (A) (A) (A) (A) (A) (A) (A) (A)
                 (A) (A) (A) (A) (A) (A) (A) (A) (A) (A) (A) (A)
                 (A) (A) (A) (A) (A) (A) (A) (A) (A) (A) (A) (A)
                 (A) (A) (A) (A) (A) (A) (A) (A) (A) (A) (A) (A)
                 (A) (A) (A) (A) (A) (A) (A) (A) (A) (A) (A) (A)
                 (A) (A) (A) (A) (A) (A) (A) (A) (A) (A) (A) (A)
                 (A) (A) (A) (A) (A) (A) (A) (A) (A) (A) (A) (A)
                 (A) (A) (A) (A) (A) (A) (A) (A) (A) (A) (A) (A)
                 (A) (A) (A) (A) (A) (A) (A) (A) (A) (A) (A) (A)
                 (A) (A) (A) (A) (A) (A) (A) (A) (A) (A) (A) (A)
                 (A) (A) (A) (A) (A) (A) (A) (A) (A) (A) (A) (A)
                 (A) (A) (A) (A) (A) (A) (A) (A) (A) (A) (A) (A)
                 (A) (A) (A) (A) (A) (A) (A) (A) (A) (A) (A) (A)
                 (A) (A) (A) (A) (A) (A) (A) (A) (A) (A) (A) (A)
                 (A) (A) (A) (A) (A) (A) (A) (A) (A) (A) (A) (A)
                 (A) (A) (A) (A) (A) (A) (A) (A) (A) (A) (A) (A)
                 (A) (A) (A) (A) (A) (A) (A) (A) (A) (A) (A) (A)
                 (A) (A) (A) (A) (A) (A) (A) (A) (A) (A) (A) (A)
                 (A) (A) (A) (A) (A) (A) (A) (A) (A) (A) (A) (A)
                 (A) (A) (A) (A) (A) (A) (A) (A) (A) (A) (A) (A)
                 (A) (A) (A) (A) (A) (A) (A) (A) (A) (A) (A) (A)
                 (A) (A) (A) (A) (A) (A) (A) (A) (A) (A) (A) (A)
                 (A) (A) (A) (A) (A) (A) (A) (A) (A) (A) (A) (A)
                 (A) (A) (A) (A) (A) (A) (A) (A) (A) (A) (A) (A)
                 (A) (A) (A) (A) (A) (A) (A) (A) (A) (A) (A) (A)
                 (A) (A) (A) (A) (A) (A) (A) (A) (A) (A) (A) (A)
                 (A) (A) (A) (A) (A) (A) (A) (A) (A) (A) (A) (A)
                 (A) (A) (A) (A) (A) (A) (A) (A) (A) (A) (A) (A)
                 (A) (A) (A) (A) (A) (A) (A) (A) (A) (A) (A) (A)
                 (A) (A) (A) (A) (A) (A) (A) (A) (A) (A) (A) (A)
                 (A) (A) (A) (A) (A) (A) (A) (A) (A) (A) (A) (A)
                 (A) (A) (A) (A) (A) (A) (A) (A) (A) (A) (A) (A)
                 (A) (A) (A) (A) (A) (A) (A) (A) (A) (A) (A) (A)
                 (A) (A) (A) (A) (A) (A) (A) (A) (A) (A) (A) (A)
                 (A) (A) (A) (A) (A) (A) (A) (A) (A) (A) (A) (A)
                 (A) (A) (A) (A) (A) (A) (A) (A) (A) (A) (A) (A)
                 (A) (A) (A) (A) (A) (A) (A) (A) (A) (A) (A) (A)
                 (A) (A) (A) (A) (A) (A) (A) (A) (A) (A) (A) (A)
                 (A) (A) (A) (A) (A) (A) (A) (A) (A) (A) (A) (A)
                 (A) (A) (A) (A) (A) (A) (A) (A) (A) (A) (A) (A)
                 (A) (A) (A) (A) (A) (A) (A) (A) (A) (A) (A) (A)
                 (A) (A) (A) (A) (A) (A) (A) (A) (A) (A) (A) (A)
                 (A) (A) (A) (A) (A) (A) (A) (A) (A) (A) (A) (A)
                 (A) (A) (A) (A) (A) (A) (A) (A) (A) (A) (A) (A)
                 (A) (A) (A) (A) (A) (A) (A) (A)
 The electronic state is 6-A.
 Alpha  occ. eigenvalues -- -235.76976 -27.57844 -23.63291 -23.63243 -23.63057
 Alpha  occ. eigenvalues --  -14.51492 -14.48874 -14.48531 -14.48008 -10.38631
 Alpha  occ. eigenvalues --  -10.38422 -10.37527 -10.37393 -10.36933 -10.35999
 Alpha  occ. eigenvalues --  -10.32809 -10.32738 -10.32235 -10.32161 -10.31891
 Alpha  occ. eigenvalues --  -10.31561  -3.44815  -2.30947  -2.30755  -2.30624
 Alpha  occ. eigenvalues --   -1.11534  -1.07572  -1.04575  -1.02678  -0.98372
 Alpha  occ. eigenvalues --   -0.94067  -0.88599  -0.86639  -0.85190  -0.79365
 Alpha  occ. eigenvalues --   -0.76280  -0.74443  -0.72422  -0.68070  -0.67276
 Alpha  occ. eigenvalues --   -0.65819  -0.62000  -0.60975  -0.59939  -0.59649
 Alpha  occ. eigenvalues --   -0.56557  -0.56369  -0.54551  -0.54367  -0.53787
 Alpha  occ. eigenvalues --   -0.52914  -0.50992  -0.50595  -0.48038  -0.47783
 Alpha  occ. eigenvalues --   -0.46883  -0.46852  -0.46786  -0.46486  -0.46013
 Alpha  occ. eigenvalues --   -0.45753  -0.45438  -0.43123  -0.42235  -0.38375
 Alpha  occ. eigenvalues --   -0.36604  -0.35366  -0.30296  -0.29951
 Alpha virt. eigenvalues --   -0.05339   0.00241   0.02368   0.03720   0.04435
 Alpha virt. eigenvalues --    0.04684   0.05540   0.06350   0.06881   0.07240
 Alpha virt. eigenvalues --    0.07765   0.08222   0.09564   0.10139   0.10822
 Alpha virt. eigenvalues --    0.11165   0.11425   0.11830   0.12181   0.12513
 Alpha virt. eigenvalues --    0.12959   0.14309   0.14409   0.14647   0.14847
 Alpha virt. eigenvalues --    0.15387   0.15788   0.16184   0.16878   0.16955
 Alpha virt. eigenvalues --    0.17996   0.18223   0.18629   0.18849   0.19484
 Alpha virt. eigenvalues --    0.19998   0.20192   0.20550   0.21088   0.21212
 Alpha virt. eigenvalues --    0.21761   0.21997   0.22192   0.23021   0.23401
 Alpha virt. eigenvalues --    0.23509   0.23936   0.25020   0.25490   0.25672
 Alpha virt. eigenvalues --    0.26020   0.26204   0.26435   0.27092   0.27203
 Alpha virt. eigenvalues --    0.27709   0.28110   0.28456   0.28709   0.29361
 Alpha virt. eigenvalues --    0.29408   0.29626   0.30100   0.30281   0.31020
 Alpha virt. eigenvalues --    0.31345   0.31441   0.32223   0.32354   0.32692
 Alpha virt. eigenvalues --    0.33218   0.33563   0.33788   0.34435   0.34768
 Alpha virt. eigenvalues --    0.34970   0.35411   0.36116   0.36235   0.36956
 Alpha virt. eigenvalues --    0.37410   0.37819   0.38206   0.38497   0.39506
 Alpha virt. eigenvalues --    0.40091   0.40164   0.40832   0.41378   0.41446
 Alpha virt. eigenvalues --    0.41839   0.42505   0.43470   0.43812   0.44190
 Alpha virt. eigenvalues --    0.45359   0.45752   0.46437   0.47564   0.47599
 Alpha virt. eigenvalues --    0.49104   0.51159   0.51585   0.53504   0.54375
 Alpha virt. eigenvalues --    0.58299   0.59165   0.59799   0.61358   0.64908
 Alpha virt. eigenvalues --    0.65156   0.66043   0.66960   0.67293   0.69342
 Alpha virt. eigenvalues --    0.69940   0.70359   0.71391   0.71926   0.72225
 Alpha virt. eigenvalues --    0.72705   0.73230   0.73714   0.74089   0.74688
 Alpha virt. eigenvalues --    0.74864   0.76595   0.76992   0.77600   0.78089
 Alpha virt. eigenvalues --    0.78856   0.79618   0.82358   0.82584   0.84154
 Alpha virt. eigenvalues --    0.84745   0.85470   0.86429   0.87318   0.88148
 Alpha virt. eigenvalues --    0.89765   0.89997   0.90156   0.90827   0.91034
 Alpha virt. eigenvalues --    0.91055   0.91180   0.91927   0.93306   0.93539
 Alpha virt. eigenvalues --    0.93888   0.94373   0.94851   0.95157   0.95513
 Alpha virt. eigenvalues --    0.95800   0.96412   0.97040   0.97205   0.98364
 Alpha virt. eigenvalues --    0.98698   0.99635   1.00474   1.00506   1.01895
 Alpha virt. eigenvalues --    1.02225   1.02840   1.03174   1.03681   1.04651
 Alpha virt. eigenvalues --    1.04862   1.05778   1.06164   1.06830   1.08351
 Alpha virt. eigenvalues --    1.08957   1.09305   1.09993   1.11057   1.12056
 Alpha virt. eigenvalues --    1.13656   1.14322   1.15954   1.17347   1.18383
 Alpha virt. eigenvalues --    1.19192   1.21925   1.22301   1.24317   1.24873
 Alpha virt. eigenvalues --    1.26411   1.26949   1.27373   1.28128   1.28944
 Alpha virt. eigenvalues --    1.30736   1.32918   1.34924   1.36569   1.37108
 Alpha virt. eigenvalues --    1.38126   1.39184   1.39600   1.40427   1.43001
 Alpha virt. eigenvalues --    1.43772   1.45716   1.46566   1.47150   1.48461
 Alpha virt. eigenvalues --    1.48993   1.49389   1.49903   1.50206   1.51794
 Alpha virt. eigenvalues --    1.51991   1.54072   1.54339   1.55991   1.56459
 Alpha virt. eigenvalues --    1.56789   1.57268   1.58900   1.59638   1.60950
 Alpha virt. eigenvalues --    1.61439   1.62794   1.63266   1.64423   1.65069
 Alpha virt. eigenvalues --    1.65325   1.66247   1.67318   1.68057   1.68615
 Alpha virt. eigenvalues --    1.68900   1.70083   1.71864   1.72969   1.73569
 Alpha virt. eigenvalues --    1.74620   1.79858   1.80191   1.80696   1.83964
 Alpha virt. eigenvalues --    1.84324   1.86139   1.87343   1.90519   1.92388
 Alpha virt. eigenvalues --    1.93867   1.97561   1.97783   1.99047   2.00323
 Alpha virt. eigenvalues --    2.00878   2.03456   2.05532   2.06517   2.07392
 Alpha virt. eigenvalues --    2.08972   2.10553   2.12303   2.16805   2.19493
 Alpha virt. eigenvalues --    2.21224   2.22044   2.22735   2.25790   2.25977
 Alpha virt. eigenvalues --    2.31412   2.31930   2.33060   2.34599   2.34894
 Alpha virt. eigenvalues --    2.36132   2.37300   2.39482   2.41150   2.44238
 Alpha virt. eigenvalues --    2.44945   2.46518   2.49763   2.52331   2.53619
 Alpha virt. eigenvalues --    2.54485   2.59541   2.65264   2.66526   2.69620
 Alpha virt. eigenvalues --    2.70366   2.71080   2.72432   2.74025   2.77495
 Alpha virt. eigenvalues --    2.78943   2.79169   2.84239   2.88263   2.89454
 Alpha virt. eigenvalues --    2.91050   2.92145   2.93773   2.94524   2.95232
 Alpha virt. eigenvalues --    2.97068   2.98085   3.00857   3.01082   3.01710
 Alpha virt. eigenvalues --    3.02759   3.03924   3.04382   3.04760   3.07158
 Alpha virt. eigenvalues --    3.08177   3.09933   3.10795   3.11154   3.11923
 Alpha virt. eigenvalues --    3.13384   3.14797   3.16007   3.16164   3.17116
 Alpha virt. eigenvalues --    3.17428   3.18602   3.19373   3.20361   3.21675
 Alpha virt. eigenvalues --    3.22855   3.23774   3.24314   3.26127   3.26454
 Alpha virt. eigenvalues --    3.27159   3.28133   3.28733   3.30066   3.30620
 Alpha virt. eigenvalues --    3.32412   3.32743   3.34155   3.34736   3.35141
 Alpha virt. eigenvalues --    3.36523   3.37828   3.38814   3.39635   3.41272
 Alpha virt. eigenvalues --    3.42974   3.45524   3.47371   3.49242   3.50509
 Alpha virt. eigenvalues --    3.51132   3.52941   3.53621   3.55335   3.58285
 Alpha virt. eigenvalues --    3.58479   3.62172   3.62745   3.63768   3.65468
 Alpha virt. eigenvalues --    3.66103   3.67021   3.69266   3.71240   3.72247
 Alpha virt. eigenvalues --    3.72932   3.74055   3.75518   3.77598   3.78433
 Alpha virt. eigenvalues --    3.79592   3.80582   3.82365   3.84776   3.85347
 Alpha virt. eigenvalues --    3.86314   3.87538   3.89255   3.90093   3.92027
 Alpha virt. eigenvalues --    3.93866   3.95788   3.97342   3.98136   3.99832
 Alpha virt. eigenvalues --    4.01628   4.01708   4.01764   4.02014   4.02716
 Alpha virt. eigenvalues --    4.03297   4.04884   4.05344   4.05586   4.06405
 Alpha virt. eigenvalues --    4.10462   4.11118   4.13333   4.13772   4.15585
 Alpha virt. eigenvalues --    4.16540   4.16859   4.18589   4.19614   4.20989
 Alpha virt. eigenvalues --    4.21639   4.22610   4.25366   4.26509   4.27417
 Alpha virt. eigenvalues --    4.27847   4.30048   4.30488   4.34092   4.34639
 Alpha virt. eigenvalues --    4.35400   4.35837   4.37378   4.38602   4.39376
 Alpha virt. eigenvalues --    4.40060   4.41716   4.43134   4.44188   4.44895
 Alpha virt. eigenvalues --    4.45055   4.46033   4.47256   4.48687   4.49053
 Alpha virt. eigenvalues --    4.50658   4.51845   4.52258   4.52755   4.54206
 Alpha virt. eigenvalues --    4.54711   4.55306   4.57132   4.57353   4.58019
 Alpha virt. eigenvalues --    4.59243   4.60033   4.60593   4.61672   4.62780
 Alpha virt. eigenvalues --    4.63212   4.63363   4.64556   4.66275   4.66507
 Alpha virt. eigenvalues --    4.68401   4.68779   4.69252   4.70338   4.71477
 Alpha virt. eigenvalues --    4.72554   4.73492   4.73873   4.74951   4.75506
 Alpha virt. eigenvalues --    4.76266   4.76643   4.78031   4.78585   4.80803
 Alpha virt. eigenvalues --    4.81434   4.82897   4.83834   4.84142   4.87294
 Alpha virt. eigenvalues --    4.89707   4.90399   4.91925   4.92482   4.96667
 Alpha virt. eigenvalues --    4.97216   4.98423   4.99526   5.01904   5.05923
 Alpha virt. eigenvalues --    5.07452   5.10281   5.10968   5.12853   5.14882
 Alpha virt. eigenvalues --    5.16852   5.18818   5.20433   5.22672   5.23981
 Alpha virt. eigenvalues --    5.24981   5.25988   5.28041   5.30058   5.32714
 Alpha virt. eigenvalues --    5.37370   5.38428   5.41022   5.43011   5.45283
 Alpha virt. eigenvalues --    5.48472   5.50782   5.55758   5.57409   5.61422
 Alpha virt. eigenvalues --    5.64203   5.65316   5.71177   5.74681   5.80671
 Alpha virt. eigenvalues --    5.84119   5.85949   5.87477   5.91611   5.91949
 Alpha virt. eigenvalues --    5.95662   5.98341   6.04880   6.05877   6.13915
 Alpha virt. eigenvalues --    6.22108   6.27553   6.41588   6.52888   6.61110
 Alpha virt. eigenvalues --    6.84435   7.01061   8.96992   9.48133  11.10874
 Alpha virt. eigenvalues --   11.33884  11.43146  11.43740  11.54393  11.55274
 Alpha virt. eigenvalues --   11.74626  12.05077  12.05672  12.24503  12.40734
 Alpha virt. eigenvalues --   12.43523  12.57311  12.68381  13.18285  13.61376
 Alpha virt. eigenvalues --   17.26555  18.23402  26.56426  28.35581  38.51631
  Beta  occ. eigenvalues -- -235.76862 -27.49276 -23.56121 -23.56063 -23.55959
  Beta  occ. eigenvalues --  -14.51492 -14.48869 -14.48516 -14.48010 -10.38625
  Beta  occ. eigenvalues --  -10.38408 -10.37530 -10.37382 -10.36936 -10.36004
  Beta  occ. eigenvalues --  -10.32803 -10.32732 -10.32234 -10.32161 -10.31886
  Beta  occ. eigenvalues --  -10.31558  -3.22633  -2.06947  -2.06712  -2.06452
  Beta  occ. eigenvalues --   -1.11500  -1.07565  -1.04537  -1.02675  -0.98361
  Beta  occ. eigenvalues --   -0.94055  -0.88581  -0.86627  -0.85176  -0.79347
  Beta  occ. eigenvalues --   -0.76255  -0.74398  -0.72393  -0.68057  -0.67235
  Beta  occ. eigenvalues --   -0.65782  -0.61988  -0.60938  -0.59819  -0.59643
  Beta  occ. eigenvalues --   -0.56527  -0.56282  -0.54481  -0.54318  -0.53702
  Beta  occ. eigenvalues --   -0.52860  -0.50576  -0.48918  -0.46934  -0.46809
  Beta  occ. eigenvalues --   -0.46327  -0.45992  -0.45626  -0.43187  -0.38379
  Beta  occ. eigenvalues --   -0.36899  -0.35369  -0.30344  -0.29938
  Beta virt. eigenvalues --   -0.05547   0.01560   0.02124   0.02174   0.02277
  Beta virt. eigenvalues --    0.02557   0.02877   0.03689   0.04789   0.05743
  Beta virt. eigenvalues --    0.05994   0.06267   0.07520   0.07698   0.07861
  Beta virt. eigenvalues --    0.08295   0.08378   0.09823   0.10239   0.10885
  Beta virt. eigenvalues --    0.11594   0.11767   0.12037   0.12380   0.12650
  Beta virt. eigenvalues --    0.13320   0.14524   0.14775   0.15107   0.15290
  Beta virt. eigenvalues --    0.15893   0.16421   0.16540   0.17242   0.17679
  Beta virt. eigenvalues --    0.18139   0.18411   0.19067   0.19935   0.20046
  Beta virt. eigenvalues --    0.20303   0.21156   0.21376   0.21628   0.21873
  Beta virt. eigenvalues --    0.22076   0.22305   0.22942   0.23440   0.23628
  Beta virt. eigenvalues --    0.23822   0.24368   0.25285   0.25590   0.25992
  Beta virt. eigenvalues --    0.26344   0.26565   0.26850   0.27249   0.27341
  Beta virt. eigenvalues --    0.28110   0.28257   0.28758   0.29272   0.29490
  Beta virt. eigenvalues --    0.29613   0.30143   0.30568   0.30759   0.31283
  Beta virt. eigenvalues --    0.31685   0.32111   0.32521   0.32546   0.33042
  Beta virt. eigenvalues --    0.33547   0.33749   0.34116   0.34595   0.34885
  Beta virt. eigenvalues --    0.35534   0.36516   0.36776   0.36964   0.37209
  Beta virt. eigenvalues --    0.37682   0.37935   0.38373   0.39038   0.39734
  Beta virt. eigenvalues --    0.40481   0.41466   0.41846   0.41922   0.43154
  Beta virt. eigenvalues --    0.43442   0.43900   0.44261   0.44492   0.45294
  Beta virt. eigenvalues --    0.46146   0.47123   0.47960   0.48796   0.50709
  Beta virt. eigenvalues --    0.51445   0.51969   0.54016   0.54317   0.55794
  Beta virt. eigenvalues --    0.58642   0.61585   0.62581   0.64009   0.65156
  Beta virt. eigenvalues --    0.65744   0.66186   0.67036   0.68162   0.69824
  Beta virt. eigenvalues --    0.70122   0.70580   0.71528   0.71951   0.72318
  Beta virt. eigenvalues --    0.72844   0.73633   0.74000   0.74199   0.74764
  Beta virt. eigenvalues --    0.75105   0.77133   0.77215   0.77671   0.78421
  Beta virt. eigenvalues --    0.78889   0.80432   0.82386   0.82665   0.84176
  Beta virt. eigenvalues --    0.84964   0.85491   0.86832   0.87540   0.88254
  Beta virt. eigenvalues --    0.89892   0.90222   0.90230   0.90929   0.91143
  Beta virt. eigenvalues --    0.91278   0.91478   0.92075   0.93608   0.93781
  Beta virt. eigenvalues --    0.94253   0.94571   0.94909   0.95398   0.95858
  Beta virt. eigenvalues --    0.95958   0.96454   0.97279   0.97339   0.98421
  Beta virt. eigenvalues --    0.98823   0.99704   1.00546   1.00617   1.02034
  Beta virt. eigenvalues --    1.02330   1.03088   1.03421   1.03857   1.04928
  Beta virt. eigenvalues --    1.04948   1.05952   1.06258   1.06977   1.08539
  Beta virt. eigenvalues --    1.09053   1.09443   1.10102   1.11261   1.12148
  Beta virt. eigenvalues --    1.14213   1.14689   1.16890   1.17842   1.18705
  Beta virt. eigenvalues --    1.19740   1.23821   1.24534   1.25126   1.25301
  Beta virt. eigenvalues --    1.26634   1.27406   1.28314   1.31710   1.32279
  Beta virt. eigenvalues --    1.34083   1.34551   1.35913   1.37302   1.37670
  Beta virt. eigenvalues --    1.39195   1.39798   1.41748   1.43662   1.44769
  Beta virt. eigenvalues --    1.45012   1.46590   1.47824   1.48616   1.48809
  Beta virt. eigenvalues --    1.49751   1.49899   1.51469   1.51966   1.52296
  Beta virt. eigenvalues --    1.53419   1.54627   1.55948   1.57002   1.57543
  Beta virt. eigenvalues --    1.58244   1.59770   1.61124   1.62902   1.63366
  Beta virt. eigenvalues --    1.63605   1.64949   1.65352   1.65510   1.65878
  Beta virt. eigenvalues --    1.68147   1.68868   1.69016   1.71483   1.72535
  Beta virt. eigenvalues --    1.73660   1.73728   1.74351   1.76852   1.77325
  Beta virt. eigenvalues --    1.79362   1.80062   1.81190   1.82304   1.84171
  Beta virt. eigenvalues --    1.84619   1.86927   1.87988   1.90993   1.92806
  Beta virt. eigenvalues --    1.94110   1.97943   1.98329   1.99403   2.01359
  Beta virt. eigenvalues --    2.03372   2.03694   2.05866   2.06603   2.07410
  Beta virt. eigenvalues --    2.09144   2.10989   2.12763   2.16814   2.19589
  Beta virt. eigenvalues --    2.21509   2.22433   2.23275   2.25871   2.26142
  Beta virt. eigenvalues --    2.31506   2.32063   2.33125   2.34659   2.34950
  Beta virt. eigenvalues --    2.36171   2.37431   2.39616   2.43098   2.44720
  Beta virt. eigenvalues --    2.44978   2.47300   2.49812   2.52490   2.53790
  Beta virt. eigenvalues --    2.54579   2.59554   2.65426   2.66622   2.69802
  Beta virt. eigenvalues --    2.70415   2.71851   2.72578   2.78498   2.79076
  Beta virt. eigenvalues --    2.82402   2.84257   2.84597   2.88350   2.89714
  Beta virt. eigenvalues --    2.91272   2.93501   2.94299   2.94585   2.95298
  Beta virt. eigenvalues --    2.97375   2.99885   3.00968   3.01132   3.02172
  Beta virt. eigenvalues --    3.02941   3.04040   3.04499   3.04948   3.07230
  Beta virt. eigenvalues --    3.08263   3.10308   3.11027   3.11363   3.12406
  Beta virt. eigenvalues --    3.13633   3.14851   3.16203   3.16303   3.17147
  Beta virt. eigenvalues --    3.17460   3.18802   3.19400   3.20389   3.21768
  Beta virt. eigenvalues --    3.22920   3.23846   3.24341   3.26175   3.26528
  Beta virt. eigenvalues --    3.27184   3.28164   3.28771   3.30097   3.30767
  Beta virt. eigenvalues --    3.32436   3.32804   3.34186   3.34805   3.35219
  Beta virt. eigenvalues --    3.36566   3.37864   3.38831   3.39794   3.41393
  Beta virt. eigenvalues --    3.43077   3.45780   3.47422   3.49280   3.50604
  Beta virt. eigenvalues --    3.51220   3.52992   3.53686   3.55372   3.58323
  Beta virt. eigenvalues --    3.58530   3.62305   3.62893   3.63871   3.65501
  Beta virt. eigenvalues --    3.66350   3.67151   3.69345   3.71339   3.72592
  Beta virt. eigenvalues --    3.72962   3.74121   3.75651   3.77671   3.78487
  Beta virt. eigenvalues --    3.79679   3.80758   3.82456   3.84914   3.85410
  Beta virt. eigenvalues --    3.86394   3.87598   3.89493   3.90292   3.92199
  Beta virt. eigenvalues --    3.95093   3.96179   3.98455   4.00500   4.01875
  Beta virt. eigenvalues --    4.02881   4.05462   4.06279   4.07230   4.10319
  Beta virt. eigenvalues --    4.10879   4.11689   4.12374   4.12809   4.12971
  Beta virt. eigenvalues --    4.13518   4.13848   4.14023   4.15518   4.16959
  Beta virt. eigenvalues --    4.17487   4.19359   4.20804   4.21329   4.22287
  Beta virt. eigenvalues --    4.22821   4.23464   4.25732   4.26934   4.27922
  Beta virt. eigenvalues --    4.28449   4.30413   4.30809   4.34212   4.34718
  Beta virt. eigenvalues --    4.35658   4.35900   4.37530   4.39201   4.39986
  Beta virt. eigenvalues --    4.41616   4.42009   4.44131   4.45634   4.46673
  Beta virt. eigenvalues --    4.47067   4.48440   4.50487   4.51904   4.52967
  Beta virt. eigenvalues --    4.54429   4.55019   4.56732   4.56903   4.57542
  Beta virt. eigenvalues --    4.58063   4.59551   4.60150   4.61372   4.61655
  Beta virt. eigenvalues --    4.61931   4.62498   4.63390   4.63890   4.64549
  Beta virt. eigenvalues --    4.65101   4.65900   4.67581   4.67675   4.67853
  Beta virt. eigenvalues --    4.69538   4.70481   4.71124   4.72041   4.73091
  Beta virt. eigenvalues --    4.73872   4.74514   4.75353   4.75724   4.76205
  Beta virt. eigenvalues --    4.76780   4.77408   4.79261   4.80816   4.81848
  Beta virt. eigenvalues --    4.83095   4.84307   4.85387   4.85494   4.87649
  Beta virt. eigenvalues --    4.90674   4.92082   4.92789   4.95525   4.97115
  Beta virt. eigenvalues --    4.97500   4.98731   4.99949   5.02034   5.05969
  Beta virt. eigenvalues --    5.07511   5.10323   5.11059   5.13372   5.14917
  Beta virt. eigenvalues --    5.17079   5.18949   5.20467   5.22752   5.24044
  Beta virt. eigenvalues --    5.25004   5.26021   5.28114   5.30222   5.32762
  Beta virt. eigenvalues --    5.37387   5.38446   5.41046   5.43081   5.45317
  Beta virt. eigenvalues --    5.48570   5.50808   5.55841   5.57430   5.61572
  Beta virt. eigenvalues --    5.64227   5.65338   5.71192   5.74709   5.80706
  Beta virt. eigenvalues --    5.84152   5.85957   5.87501   5.91635   5.91979
  Beta virt. eigenvalues --    5.95678   5.98378   6.04904   6.05907   6.13968
  Beta virt. eigenvalues --    6.22123   6.27603   6.41609   6.53006   6.61111
  Beta virt. eigenvalues --    6.84457   7.01162   8.97009   9.48176  11.10878
  Beta virt. eigenvalues --   11.33889  11.43150  11.43745  11.54417  11.55279
  Beta virt. eigenvalues --   11.74637  12.05085  12.05686  12.24510  12.40755
  Beta virt. eigenvalues --   12.43531  12.57325  12.68396  13.18294  13.61410
  Beta virt. eigenvalues --   17.37967  18.24698  26.56443  28.35758  38.51679
          Condensed to atoms (all electrons):
               1          2          3          4          5          6
     1  C   10.035081  -1.807372  -1.590904   0.436733  -1.455295   0.477000
     2  C   -1.807372  11.005087   0.436040  -2.953275   0.211346  -1.052624
     3  C   -1.590904   0.436040  10.724095  -1.736223  -2.134917   1.240355
     4  C    0.436733  -2.953275  -1.736223  11.929962  -0.810163  -1.158154
     5  C   -1.455295   0.211346  -2.134917  -0.810163  11.115143  -1.592129
     6  C    0.477000  -1.052624   1.240355  -1.158154  -1.592129   9.226269
     7  N    0.041485   0.003059   0.021612  -0.011675   0.344118  -0.082470
     8  C   -0.102313  -0.207876  -0.674793  -1.063573   1.178942  -0.046647
     9  C    0.063547  -0.114775  -0.137141  -0.096529   0.209200  -0.384087
    10  C    0.025408  -0.022819  -0.061761  -0.084440   0.151533  -0.003072
    11  C   -0.035224   0.070780   0.032907   0.390763  -0.235726  -0.033160
    12  C   -0.148413   0.122245  -0.340584   0.669929  -0.383362  -0.067365
    13  C   -0.104088   0.096460   0.532302  -0.162937  -1.236384  -0.252030
    14  N    0.029982  -0.026970  -0.188619   0.295230   0.235237  -0.051394
    15  H    0.034526   0.000147   0.184438   0.129041   0.035834  -0.021847
    16  H    0.001960  -0.000799  -0.038379   0.053958   0.129884   0.224094
    17  H   -0.000041   0.000118  -0.000301   0.001459  -0.027571   0.003659
    18  H    0.000003   0.000000  -0.000042   0.000391   0.000479   0.000030
    19  H    0.000005  -0.000024  -0.000233  -0.000101   0.001057   0.000018
    20  H    0.000298   0.001021   0.005301  -0.035806  -0.006278  -0.001568
    21  N    0.289815  -0.279355  -0.006465   0.059811   0.049106   0.035146
    22  H   -0.071696   0.059600  -0.008022   0.002392   0.046362  -0.055455
    23  H    0.082845  -0.170161  -0.022594  -0.014410   0.009180   0.085350
    24  N   -0.261913   0.245708   0.126462   0.095426   0.035404  -0.043628
    25  H   -0.169783   0.053222   0.120425   0.006839  -0.018956  -0.025537
    26  H    0.069021  -0.064352  -0.078534   0.047483   0.003694  -0.003021
    27  Mn   0.024311  -0.113681  -0.160170   0.044983   0.114506  -0.010547
               7          8          9         10         11         12
     1  C    0.041485  -0.102313   0.063547   0.025408  -0.035224  -0.148413
     2  C    0.003059  -0.207876  -0.114775  -0.022819   0.070780   0.122245
     3  C    0.021612  -0.674793  -0.137141  -0.061761   0.032907  -0.340584
     4  C   -0.011675  -1.063573  -0.096529  -0.084440   0.390763   0.669929
     5  C    0.344118   1.178942   0.209200   0.151533  -0.235726  -0.383362
     6  C   -0.082470  -0.046647  -0.384087  -0.003072  -0.033160  -0.067365
     7  N    6.577600   0.444641  -0.115945  -0.022045   0.013793  -0.002840
     8  C    0.444641   8.813045  -1.225258  -0.065231  -0.543489  -0.817777
     9  C   -0.115945  -1.225258   7.063096   0.590584  -0.145040   0.614453
    10  C   -0.022045  -0.065231   0.590584   5.545501   0.557288  -0.269724
    11  C    0.013793  -0.543489  -0.145040   0.557288   6.563578   0.104751
    12  C   -0.002840  -0.817777   0.614453  -0.269724   0.104751   7.682918
    13  C    0.033198  -0.038184  -0.300301  -0.492634  -0.787801  -1.113752
    14  N   -0.041830   0.208573  -0.063601   0.051468  -0.039671  -0.203960
    15  H    0.000208  -0.002725  -0.001582   0.000092   0.000839   0.005833
    16  H   -0.012754  -0.022405   0.002206  -0.000643   0.000134  -0.000643
    17  H   -0.013608   0.098158   0.265619  -0.015148  -0.009106  -0.024074
    18  H    0.000438   0.016927  -0.010866   0.287239   0.022925   0.022181
    19  H   -0.000088  -0.010734   0.007764   0.018985   0.305547  -0.004366
    20  H    0.000363   0.024579   0.002171  -0.009507  -0.063794   0.323742
    21  N    0.000051   0.008038  -0.001269  -0.000191   0.000144   0.001284
    22  H   -0.000199   0.000522   0.000035  -0.000000  -0.000000   0.000031
    23  H    0.000049   0.000428  -0.000056  -0.000002   0.000002   0.000020
    24  N    0.000408   0.001261   0.001101   0.000029  -0.000401  -0.002535
    25  H    0.000000  -0.000207   0.000005   0.000001  -0.000004  -0.000067
    26  H    0.000017   0.000316   0.000036  -0.000001   0.000006   0.000115
    27  Mn  -0.011652   0.125863   0.009710  -0.002900  -0.104648  -0.101557
              13         14         15         16         17         18
     1  C   -0.104088   0.029982   0.034526   0.001960  -0.000041   0.000003
     2  C    0.096460  -0.026970   0.000147  -0.000799   0.000118   0.000000
     3  C    0.532302  -0.188619   0.184438  -0.038379  -0.000301  -0.000042
     4  C   -0.162937   0.295230   0.129041   0.053958   0.001459   0.000391
     5  C   -1.236384   0.235237   0.035834   0.129884  -0.027571   0.000479
     6  C   -0.252030  -0.051394  -0.021847   0.224094   0.003659   0.000030
     7  N    0.033198  -0.041830   0.000208  -0.012754  -0.013608   0.000438
     8  C   -0.038184   0.208573  -0.002725  -0.022405   0.098158   0.016927
     9  C   -0.300301  -0.063601  -0.001582   0.002206   0.265619  -0.010866
    10  C   -0.492634   0.051468   0.000092  -0.000643  -0.015148   0.287239
    11  C   -0.787801  -0.039671   0.000839   0.000134  -0.009106   0.022925
    12  C   -1.113752  -0.203960   0.005833  -0.000643  -0.024074   0.022181
    13  C    9.377687   0.326373  -0.027245   0.005869   0.046606  -0.011496
    14  N    0.326373   6.250902  -0.019824   0.001532   0.001668  -0.000242
    15  H   -0.027245  -0.019824   0.490835   0.000016   0.000000  -0.000000
    16  H    0.005869   0.001532   0.000016   0.470364   0.000000  -0.000000
    17  H    0.046606   0.001668   0.000000   0.000000   0.476804  -0.003246
    18  H   -0.011496  -0.000242  -0.000000  -0.000000  -0.003246   0.471550
    19  H    0.009197   0.000994  -0.000000  -0.000000  -0.000143  -0.002526
    20  H    0.069548  -0.020120   0.000001   0.000000   0.000018  -0.000164
    21  N    0.003044  -0.000483  -0.000395  -0.013947  -0.000000  -0.000000
    22  H    0.000324   0.000030   0.000002   0.002842   0.000000  -0.000000
    23  H   -0.000229  -0.000004  -0.000004  -0.000086   0.000000   0.000000
    24  N    0.007585   0.001059  -0.017415  -0.000049   0.000000  -0.000000
    25  H    0.000054  -0.000060  -0.000167  -0.000006   0.000000  -0.000000
    26  H    0.000575  -0.000088   0.003729   0.000002  -0.000000   0.000000
    27  Mn   0.046574   0.175095   0.022029   0.000124   0.000120  -0.000117
              19         20         21         22         23         24
     1  C    0.000005   0.000298   0.289815  -0.071696   0.082845  -0.261913
     2  C   -0.000024   0.001021  -0.279355   0.059600  -0.170161   0.245708
     3  C   -0.000233   0.005301  -0.006465  -0.008022  -0.022594   0.126462
     4  C   -0.000101  -0.035806   0.059811   0.002392  -0.014410   0.095426
     5  C    0.001057  -0.006278   0.049106   0.046362   0.009180   0.035404
     6  C    0.000018  -0.001568   0.035146  -0.055455   0.085350  -0.043628
     7  N   -0.000088   0.000363   0.000051  -0.000199   0.000049   0.000408
     8  C   -0.010734   0.024579   0.008038   0.000522   0.000428   0.001261
     9  C    0.007764   0.002171  -0.001269   0.000035  -0.000056   0.001101
    10  C    0.018985  -0.009507  -0.000191  -0.000000  -0.000002   0.000029
    11  C    0.305547  -0.063794   0.000144  -0.000000   0.000002  -0.000401
    12  C   -0.004366   0.323742   0.001284   0.000031   0.000020  -0.002535
    13  C    0.009197   0.069548   0.003044   0.000324  -0.000229   0.007585
    14  N    0.000994  -0.020120  -0.000483   0.000030  -0.000004   0.001059
    15  H   -0.000000   0.000001  -0.000395   0.000002  -0.000004  -0.017415
    16  H   -0.000000   0.000000  -0.013947   0.002842  -0.000086  -0.000049
    17  H   -0.000143   0.000018  -0.000000   0.000000   0.000000   0.000000
    18  H   -0.002526  -0.000164  -0.000000  -0.000000   0.000000  -0.000000
    19  H    0.470477  -0.004100  -0.000000   0.000000  -0.000000   0.000000
    20  H   -0.004100   0.497685  -0.000000   0.000000   0.000000   0.000000
    21  N   -0.000000  -0.000000   6.829141   0.351081   0.332217   0.013245
    22  H    0.000000   0.000000   0.351081   0.343880  -0.021360  -0.001146
    23  H   -0.000000   0.000000   0.332217  -0.021360   0.357773   0.020448
    24  N    0.000000   0.000000   0.013245  -0.001146   0.020448   6.746008
    25  H    0.000000   0.000000   0.023464  -0.000015  -0.001655   0.337750
    26  H   -0.000000   0.000000  -0.001186  -0.000003   0.000025   0.350799
    27  Mn  -0.000207   0.029513  -0.000380   0.000005  -0.000016  -0.000966
              25         26         27
     1  C   -0.169783   0.069021   0.024311
     2  C    0.053222  -0.064352  -0.113681
     3  C    0.120425  -0.078534  -0.160170
     4  C    0.006839   0.047483   0.044983
     5  C   -0.018956   0.003694   0.114506
     6  C   -0.025537  -0.003021  -0.010547
     7  N    0.000000   0.000017  -0.011652
     8  C   -0.000207   0.000316   0.125863
     9  C    0.000005   0.000036   0.009710
    10  C    0.000001  -0.000001  -0.002900
    11  C   -0.000004   0.000006  -0.104648
    12  C   -0.000067   0.000115  -0.101557
    13  C    0.000054   0.000575   0.046574
    14  N   -0.000060  -0.000088   0.175095
    15  H   -0.000167   0.003729   0.022029
    16  H   -0.000006   0.000002   0.000124
    17  H    0.000000  -0.000000   0.000120
    18  H   -0.000000   0.000000  -0.000117
    19  H    0.000000  -0.000000  -0.000207
    20  H    0.000000   0.000000   0.029513
    21  N    0.023464  -0.001186  -0.000380
    22  H   -0.000015  -0.000003   0.000005
    23  H   -0.001655   0.000025  -0.000016
    24  N    0.337750   0.350799  -0.000966
    25  H    0.344652  -0.020339   0.000075
    26  H   -0.020339   0.336469  -0.000023
    27  Mn   0.000075  -0.000023  23.374393
          Atomic-Atomic Spin Densities.
               1          2          3          4          5          6
     1  C    0.267239  -0.305040   0.014011  -0.129128   0.192580  -0.063625
     2  C   -0.305040   0.878075  -0.143631  -0.130731  -0.263378  -0.019358
     3  C    0.014011  -0.143631   0.385151   0.095209  -0.317515   0.010463
     4  C   -0.129128  -0.130731   0.095209   0.720390  -0.544573   0.134538
     5  C    0.192580  -0.263378  -0.317515  -0.544573   1.097628  -0.237623
     6  C   -0.063625  -0.019358   0.010463   0.134538  -0.237623   0.273323
     7  N   -0.006479   0.003413   0.012305   0.046305  -0.075238   0.010832
     8  C    0.098271  -0.136795  -0.208026  -0.450874   0.702502  -0.040321
     9  C    0.013068  -0.002555   0.004230  -0.097929  -0.005854  -0.039265
    10  C    0.006369  -0.006823  -0.011668  -0.049590   0.052224   0.006748
    11  C   -0.011431   0.016958   0.055420   0.166496  -0.118848   0.008140
    12  C   -0.025477   0.052330   0.110635   0.069759  -0.199345   0.016975
    13  C   -0.074585   0.118130   0.036536   0.220115  -0.369025  -0.053076
    14  N    0.012185  -0.013850  -0.009614  -0.052013   0.045811  -0.004293
    15  H   -0.004517   0.005134   0.009226  -0.004388  -0.006001   0.001088
    16  H   -0.000376  -0.001051   0.000397   0.001750  -0.002382   0.001151
    17  H   -0.000023  -0.000013   0.000031   0.000555  -0.000873  -0.000024
    18  H    0.000002  -0.000002  -0.000010  -0.000095   0.000190   0.000028
    19  H    0.000001  -0.000001  -0.000013  -0.000120   0.000087   0.000001
    20  H   -0.000036   0.000190   0.000715   0.001762  -0.002840  -0.000124
    21  N   -0.005294   0.009702  -0.003510  -0.000669   0.002325  -0.002468
    22  H   -0.001054   0.000817  -0.000116   0.000046   0.000057   0.000229
    23  H    0.000668  -0.000729  -0.000088   0.000059  -0.000030   0.000133
    24  N    0.007374  -0.013857   0.003432   0.001172  -0.000773   0.001537
    25  H   -0.000285   0.000490  -0.000148   0.000072  -0.000080  -0.000065
    26  H   -0.000087  -0.000563   0.000436   0.000080   0.000010   0.000042
    27  Mn   0.008592  -0.048575  -0.045457   0.029556   0.028702   0.000271
               7          8          9         10         11         12
     1  C   -0.006479   0.098271   0.013068   0.006369  -0.011431  -0.025477
     2  C    0.003413  -0.136795  -0.002555  -0.006823   0.016958   0.052330
     3  C    0.012305  -0.208026   0.004230  -0.011668   0.055420   0.110635
     4  C    0.046305  -0.450874  -0.097929  -0.049590   0.166496   0.069759
     5  C   -0.075238   0.702502  -0.005854   0.052224  -0.118848  -0.199345
     6  C    0.010832  -0.040321  -0.039265   0.006748   0.008140   0.016975
     7  N    0.023210  -0.067305   0.014483  -0.004135   0.001233   0.013191
     8  C   -0.067305   1.014320  -0.183280   0.095858  -0.203948  -0.299871
     9  C    0.014483  -0.183280   0.257758  -0.022961  -0.096170   0.041292
    10  C   -0.004135   0.095858  -0.022961   0.065083  -0.000320  -0.035994
    11  C    0.001233  -0.203948  -0.096170  -0.000320   0.809865  -0.334740
    12  C    0.013191  -0.299871   0.041292  -0.035994  -0.334740   0.543071
    13  C    0.042765  -0.407638   0.115536  -0.102805  -0.216367   0.072979
    14  N   -0.005660   0.046396  -0.001963   0.005991  -0.011274  -0.010308
    15  H    0.000104  -0.001797  -0.000078  -0.000016   0.000022   0.000421
    16  H    0.000229  -0.000285   0.000124   0.000000  -0.000020   0.000015
    17  H    0.000246  -0.003558   0.002140  -0.000871  -0.000602   0.000837
    18  H   -0.000023   0.001689  -0.002316   0.001769  -0.000385  -0.000106
    19  H   -0.000006   0.000698  -0.000534   0.000074  -0.002805   0.002120
    20  H    0.000109  -0.008737   0.001475  -0.001397   0.010533   0.004689
    21  N   -0.000019   0.000023   0.000086  -0.000002  -0.000002   0.000016
    22  H    0.000001  -0.000011  -0.000005  -0.000000   0.000000   0.000001
    23  H    0.000000   0.000002   0.000001   0.000000  -0.000000  -0.000000
    24  N    0.000003   0.000072  -0.000001   0.000006   0.000008   0.000085
    25  H    0.000000   0.000001   0.000001  -0.000000  -0.000000  -0.000000
    26  H    0.000000  -0.000003  -0.000001   0.000000  -0.000000  -0.000001
    27  Mn  -0.000822   0.033406   0.008687  -0.001228  -0.074892  -0.028016
              13         14         15         16         17         18
     1  C   -0.074585   0.012185  -0.004517  -0.000376  -0.000023   0.000002
     2  C    0.118130  -0.013850   0.005134  -0.001051  -0.000013  -0.000002
     3  C    0.036536  -0.009614   0.009226   0.000397   0.000031  -0.000010
     4  C    0.220115  -0.052013  -0.004388   0.001750   0.000555  -0.000095
     5  C   -0.369025   0.045811  -0.006001  -0.002382  -0.000873   0.000190
     6  C   -0.053076  -0.004293   0.001088   0.001151  -0.000024   0.000028
     7  N    0.042765  -0.005660   0.000104   0.000229   0.000246  -0.000023
     8  C   -0.407638   0.046396  -0.001797  -0.000285  -0.003558   0.001689
     9  C    0.115536  -0.001963  -0.000078   0.000124   0.002140  -0.002316
    10  C   -0.102805   0.005991  -0.000016   0.000000  -0.000871   0.001769
    11  C   -0.216367  -0.011274   0.000022  -0.000020  -0.000602  -0.000385
    12  C    0.072979  -0.010308   0.000421   0.000015   0.000837  -0.000106
    13  C    0.629103  -0.034582   0.000710   0.000379   0.002117  -0.000743
    14  N   -0.034582   0.059178   0.000532  -0.000049  -0.000062   0.000015
    15  H    0.000710   0.000532  -0.002148   0.000000   0.000000  -0.000000
    16  H    0.000379  -0.000049   0.000000  -0.000013   0.000000   0.000000
    17  H    0.002117  -0.000062   0.000000   0.000000  -0.000037  -0.000001
    18  H   -0.000743   0.000015  -0.000000   0.000000  -0.000001   0.000148
    19  H    0.000527  -0.000033  -0.000000   0.000000   0.000000  -0.000008
    20  H   -0.005942   0.000645   0.000000   0.000000   0.000000   0.000001
    21  N    0.000392   0.000025   0.000019   0.000004   0.000000  -0.000000
    22  H    0.000017  -0.000001  -0.000000  -0.000004  -0.000000   0.000000
    23  H    0.000000   0.000000   0.000000   0.000000  -0.000000   0.000000
    24  N   -0.000530  -0.000094   0.000528   0.000014   0.000000   0.000000
    25  H    0.000009   0.000002   0.000001  -0.000000  -0.000000  -0.000000
    26  H   -0.000007  -0.000002  -0.000048  -0.000000  -0.000000  -0.000000
    27  Mn   0.058530  -0.022772  -0.000386   0.000039   0.000043  -0.000010
              19         20         21         22         23         24
     1  C    0.000001  -0.000036  -0.005294  -0.001054   0.000668   0.007374
     2  C   -0.000001   0.000190   0.009702   0.000817  -0.000729  -0.013857
     3  C   -0.000013   0.000715  -0.003510  -0.000116  -0.000088   0.003432
     4  C   -0.000120   0.001762  -0.000669   0.000046   0.000059   0.001172
     5  C    0.000087  -0.002840   0.002325   0.000057  -0.000030  -0.000773
     6  C    0.000001  -0.000124  -0.002468   0.000229   0.000133   0.001537
     7  N   -0.000006   0.000109  -0.000019   0.000001   0.000000   0.000003
     8  C    0.000698  -0.008737   0.000023  -0.000011   0.000002   0.000072
     9  C   -0.000534   0.001475   0.000086  -0.000005   0.000001  -0.000001
    10  C    0.000074  -0.001397  -0.000002  -0.000000   0.000000   0.000006
    11  C   -0.002805   0.010533  -0.000002   0.000000  -0.000000   0.000008
    12  C    0.002120   0.004689   0.000016   0.000001  -0.000000   0.000085
    13  C    0.000527  -0.005942   0.000392   0.000017   0.000000  -0.000530
    14  N   -0.000033   0.000645   0.000025  -0.000001   0.000000  -0.000094
    15  H   -0.000000   0.000000   0.000019  -0.000000   0.000000   0.000528
    16  H    0.000000   0.000000   0.000004  -0.000004   0.000000   0.000014
    17  H    0.000000   0.000000   0.000000  -0.000000  -0.000000   0.000000
    18  H   -0.000008   0.000001  -0.000000   0.000000   0.000000   0.000000
    19  H   -0.000210   0.000041  -0.000000   0.000000   0.000000  -0.000000
    20  H    0.000041  -0.002179   0.000000  -0.000000  -0.000000  -0.000000
    21  N   -0.000000   0.000000  -0.000657   0.000043  -0.000029  -0.000590
    22  H    0.000000  -0.000000   0.000043   0.000023  -0.000003  -0.000019
    23  H    0.000000  -0.000000  -0.000029  -0.000003  -0.000081   0.000055
    24  N   -0.000000  -0.000000  -0.000590  -0.000019   0.000055   0.004591
    25  H    0.000000  -0.000000   0.000034  -0.000000  -0.000004  -0.000083
    26  H   -0.000000   0.000000  -0.000003  -0.000000   0.000000   0.000062
    27  Mn   0.000002  -0.000469  -0.000059   0.000000   0.000001  -0.000159
              25         26         27
     1  C   -0.000285  -0.000087   0.008592
     2  C    0.000490  -0.000563  -0.048575
     3  C   -0.000148   0.000436  -0.045457
     4  C    0.000072   0.000080   0.029556
     5  C   -0.000080   0.000010   0.028702
     6  C   -0.000065   0.000042   0.000271
     7  N    0.000000   0.000000  -0.000822
     8  C    0.000001  -0.000003   0.033406
     9  C    0.000001  -0.000001   0.008687
    10  C   -0.000000   0.000000  -0.001228
    11  C   -0.000000  -0.000000  -0.074892
    12  C   -0.000000  -0.000001  -0.028016
    13  C    0.000009  -0.000007   0.058530
    14  N    0.000002  -0.000002  -0.022772
    15  H    0.000001  -0.000048  -0.000386
    16  H   -0.000000  -0.000000   0.000039
    17  H   -0.000000  -0.000000   0.000043
    18  H   -0.000000  -0.000000  -0.000010
    19  H    0.000000  -0.000000   0.000002
    20  H   -0.000000   0.000000  -0.000469
    21  N    0.000034  -0.000003  -0.000059
    22  H   -0.000000  -0.000000   0.000000
    23  H   -0.000004   0.000000   0.000001
    24  N   -0.000083   0.000062  -0.000159
    25  H    0.000049   0.000001   0.000002
    26  H    0.000001  -0.000051   0.000025
    27  Mn   0.000002   0.000025   5.035930
 Mulliken charges and spin densities:
               1          2
     1  C    0.135022  -0.007075
     2  C    0.509247  -0.001713
     3  C   -0.244252  -0.001596
     4  C   -0.037115   0.027754
     5  C    0.029755  -0.022264
     6  C   -0.407187   0.005257
     7  N   -0.165933   0.008742
     8  C   -0.100079  -0.019214
     9  C   -0.233076   0.005969
    10  C   -0.178010  -0.003685
    11  C   -0.065391  -0.003128
    12  C   -0.066481  -0.005441
    13  C   -0.028314   0.032545
    14  N    0.078724   0.004209
    15  H    0.183635  -0.001595
    16  H    0.196727  -0.000077
    17  H    0.199010  -0.000094
    18  H    0.206535   0.000146
    19  H    0.208478  -0.000178
    20  H    0.187098  -0.001563
    21  N   -0.691916  -0.000635
    22  H    0.350791   0.000020
    23  H    0.342242  -0.000045
    24  N   -0.654641   0.002834
    25  H    0.350309  -0.000004
    26  H    0.355260  -0.000109
    27  Mn   1.539563   4.980942
 Sum of Mulliken charges =   2.00000   5.00000
 Mulliken charges and spin densities with hydrogens summed into heavy atoms:
               1          2
     1  C    0.135022  -0.007075
     2  C    0.509247  -0.001713
     3  C   -0.060617  -0.003191
     4  C   -0.037115   0.027754
     5  C    0.029755  -0.022264
     6  C   -0.210459   0.005179
     7  N   -0.165933   0.008742
     8  C   -0.100079  -0.019214
     9  C   -0.034066   0.005875
    10  C    0.028525  -0.003539
    11  C    0.143087  -0.003306
    12  C    0.120617  -0.007004
    13  C   -0.028314   0.032545
    14  N    0.078724   0.004209
    21  N    0.001117  -0.000660
    24  N    0.050927   0.002721
    27  Mn   1.539563   4.980942
 APT charges:
               1
     1  C    0.895091
     2  C    1.399355
     3  C   -0.785530
     4  C    0.566950
     5  C    0.057728
     6  C   -0.316776
     7  N    0.211107
     8  C   -0.297266
     9  C    0.253879
    10  C   -0.249565
    11  C   -0.112257
    12  C    0.074693
    13  C   -0.072489
    14  N   -0.482204
    15  H    0.025966
    16  H    0.070409
    17  H    0.067888
    18  H    0.046595
    19  H    0.049559
    20  H    0.018375
    21  N   -1.235019
    22  H    0.253356
    23  H    0.321817
    24  N   -1.459393
    25  H    0.359687
    26  H    0.276019
    27  Mn   2.062025
 Sum of APT charges =   2.00000
 APT charges with hydrogens summed into heavy atoms:
               1
     1  C    0.895091
     2  C    1.399355
     3  C   -0.759564
     4  C    0.566950
     5  C    0.057728
     6  C   -0.246367
     7  N    0.211107
     8  C   -0.297266
     9  C    0.321767
    10  C   -0.202970
    11  C   -0.062699
    12  C    0.093067
    13  C   -0.072489
    14  N   -0.482204
    21  N   -0.659846
    24  N   -0.823687
    27  Mn   2.062025
 Electronic spatial extent (au):  <R**2>=           4977.8458
 Charge=              2.0000 electrons
 Dipole moment (field-independent basis, Debye):
    X=              1.9999    Y=             24.3402    Z=              0.3814  Tot=             24.4252
 Quadrupole moment (field-independent basis, Debye-Ang):
   XX=            -32.0736   YY=            -14.0155   ZZ=           -104.2965
   XY=             22.4637   XZ=             -1.4865   YZ=             -2.6279
 Traceless Quadrupole moment (field-independent basis, Debye-Ang):
   XX=             18.0549   YY=             36.1130   ZZ=            -54.1679
   XY=             22.4637   XZ=             -1.4865   YZ=             -2.6279
 Octapole moment (field-independent basis, Debye-Ang**2):
  XXX=            -97.2506  YYY=            318.7909  ZZZ=              1.0467  XYY=             47.2491
  XXY=             34.9491  XXZ=             10.4164  XZZ=              3.2272  YZZ=             40.9887
  YYZ=              1.9543  XYZ=             15.2397
 Hexadecapole moment (field-independent basis, Debye-Ang**3):
 XXXX=          -2956.2260 YYYY=           -784.8215 ZZZZ=           -114.3723 XXXY=            107.1161
 XXXZ=            -57.8225 YYYX=            322.2921 YYYZ=             -5.8121 ZZZX=             -1.8817
 ZZZY=             -1.4426 XXYY=           -644.5383 XXZZ=           -823.7158 YYZZ=           -295.6242
 XXYZ=            -71.0673 YYXZ=             -3.4699 ZZXY=             46.6032
 N-N= 1.336863154695D+03 E-N=-6.951469283976D+03  KE= 1.825543363916D+03
  Exact polarizability:     552.207     -41.596     257.187       0.214       0.724     125.405
 Approx polarizability:     365.457     -23.640     214.489       0.011       0.992     113.880
                          Isotropic Fermi Contact Couplings
        Atom                 a.u.       MegaHertz       Gauss      10(-4) cm-1
     1  C(13)             -0.00005      -0.01090      -0.00389      -0.00364
     2  C(13)              0.00068       0.15199       0.05423       0.05070
     3  C(13)              0.00419       0.94266       0.33637       0.31444
     4  C(13)              0.00288       0.64711       0.23090       0.21585
     5  C(13)             -0.00009      -0.01943      -0.00693      -0.00648
     6  C(13)              0.00032       0.07261       0.02591       0.02422
     7  N(14)              0.00118       0.07613       0.02716       0.02539
     8  C(13)             -0.00013      -0.03011      -0.01074      -0.01004
     9  C(13)              0.00040       0.09039       0.03225       0.03015
    10  C(13)              0.00005       0.01233       0.00440       0.00411
    11  C(13)              0.00097       0.21739       0.07757       0.07251
    12  C(13)              0.00528       1.18739       0.42369       0.39607
    13  C(13)              0.00267       0.60049       0.21427       0.20030
    14  N(14)              0.01204       0.77782       0.27755       0.25945
    15  H(1)               0.00022       0.19669       0.07018       0.06561
    16  H(1)              -0.00003      -0.02737      -0.00976      -0.00913
    17  H(1)              -0.00004      -0.03640      -0.01299      -0.01214
    18  H(1)               0.00006       0.05339       0.01905       0.01781
    19  H(1)              -0.00005      -0.04587      -0.01637      -0.01530
    20  H(1)               0.00029       0.25752       0.09189       0.08590
    21  N(14)             -0.00023      -0.01474      -0.00526      -0.00492
    22  H(1)               0.00001       0.01081       0.00386       0.00360
    23  H(1)              -0.00003      -0.03091      -0.01103      -0.01031
    24  N(14)              0.00054       0.03511       0.01253       0.01171
    25  H(1)               0.00001       0.00717       0.00256       0.00239
    26  H(1)              -0.00002      -0.02062      -0.00736      -0.00688
    27  Mn(55)             0.44944      99.35864      35.45363      33.14248
 --------------------------------------------------------
       Center         ----  Spin Dipole Couplings  ----
                      3XX-RR        3YY-RR        3ZZ-RR
 --------------------------------------------------------
     1   Atom        0.003799      0.003265     -0.007065
     2   Atom        0.006712     -0.003830     -0.002882
     3   Atom        0.020982      0.001968     -0.022950
     4   Atom       -0.008303      0.025265     -0.016962
     5   Atom       -0.003025      0.014757     -0.011732
     6   Atom       -0.001864      0.003290     -0.001426
     7   Atom       -0.014500      0.002576      0.011924
     8   Atom       -0.005725      0.018700     -0.012975
     9   Atom       -0.004686      0.006095     -0.001409
    10   Atom        0.000773      0.006788     -0.007561
    11   Atom        0.001877      0.003318     -0.005196
    12   Atom        0.003939      0.022176     -0.026115
    13   Atom       -0.022544      0.042477     -0.019933
    14   Atom       -0.055178      0.137579     -0.082400
    15   Atom        0.057361     -0.023617     -0.033744
    16   Atom       -0.000969      0.003655     -0.002686
    17   Atom       -0.002398      0.005137     -0.002739
    18   Atom       -0.000030      0.002642     -0.002613
    19   Atom        0.005772     -0.000117     -0.005655
    20   Atom        0.041982     -0.003395     -0.038587
    21   Atom        0.002488      0.001347     -0.003835
    22   Atom        0.000950      0.000667     -0.001618
    23   Atom        0.002093     -0.000192     -0.001901
    24   Atom        0.005575     -0.006251      0.000676
    25   Atom        0.005084     -0.002170     -0.002914
    26   Atom        0.010689     -0.004979     -0.005709
    27   Atom       -0.027420      0.040956     -0.013536
 --------------------------------------------------------
                        XY            XZ            YZ
 --------------------------------------------------------
     1   Atom        0.006006     -0.000251     -0.000113
     2   Atom        0.009898     -0.000348      0.000437
     3   Atom        0.029850      0.000334      0.000041
     4   Atom        0.032120      0.000190     -0.000025
     5   Atom        0.008573      0.000068      0.000179
     6   Atom        0.005966      0.000148      0.000050
     7   Atom        0.002477     -0.000033     -0.000320
     8   Atom       -0.002685      0.000012      0.000262
     9   Atom       -0.003843     -0.000046      0.000039
    10   Atom       -0.005588     -0.000021      0.000112
    11   Atom       -0.012025     -0.000079      0.000025
    12   Atom       -0.033268     -0.000060      0.000136
    13   Atom       -0.018084     -0.000077      0.000206
    14   Atom        0.031274      0.000014      0.000867
    15   Atom        0.027887      0.001119      0.000332
    16   Atom        0.003400     -0.000005     -0.000020
    17   Atom       -0.001754     -0.000014      0.000060
    18   Atom       -0.003398     -0.000018      0.000031
    19   Atom       -0.007867     -0.000009      0.000006
    20   Atom       -0.051080      0.000219     -0.000103
    21   Atom        0.003326     -0.000757      0.000307
    22   Atom        0.002411     -0.000061     -0.000026
    23   Atom        0.002724     -0.000350     -0.000289
    24   Atom        0.004211     -0.001804     -0.000007
    25   Atom        0.002948      0.000702      0.000259
    26   Atom        0.002324      0.000616      0.000039
    27   Atom        0.012154     -0.000272     -0.000032
 --------------------------------------------------------


 ---------------------------------------------------------------------------------
              Anisotropic Spin Dipole Couplings in Principal Axis System
 ---------------------------------------------------------------------------------

       Atom             a.u.   MegaHertz   Gauss  10(-4) cm-1        Axes

              Baa    -0.0071    -0.949    -0.339    -0.316  0.0252 -0.0037  0.9997
     1 C(13)  Bbb    -0.0025    -0.332    -0.119    -0.111 -0.6908  0.7228  0.0201
              Bcc     0.0095     1.281     0.457     0.427  0.7226  0.6911 -0.0156
 
              Baa    -0.0098    -1.317    -0.470    -0.439 -0.5134  0.8545 -0.0796
     2 C(13)  Bbb    -0.0028    -0.381    -0.136    -0.127 -0.0369  0.0707  0.9968
              Bcc     0.0127     1.698     0.606     0.566  0.8574  0.5147 -0.0048
 
              Baa    -0.0230    -3.081    -1.099    -1.028 -0.0347  0.0399  0.9986
     3 C(13)  Bbb    -0.0198    -2.663    -0.950    -0.888 -0.5891  0.8063 -0.0526
              Bcc     0.0428     5.744     2.050     1.916  0.8073  0.5901  0.0045
 
              Baa    -0.0278    -3.725    -1.329    -1.243  0.8552 -0.5180 -0.0162
     4 C(13)  Bbb    -0.0170    -2.276    -0.812    -0.759  0.0132 -0.0095  0.9999
              Bcc     0.0447     6.001     2.141     2.002  0.5181  0.8553  0.0013
 
              Baa    -0.0117    -1.575    -0.562    -0.525 -0.0017 -0.0062  1.0000
     5 C(13)  Bbb    -0.0065    -0.870    -0.311    -0.290  0.9273 -0.3742 -0.0007
              Bcc     0.0182     2.445     0.872     0.815  0.3742  0.9273  0.0064
 
              Baa    -0.0058    -0.777    -0.277    -0.259  0.8355 -0.5490 -0.0221
     6 C(13)  Bbb    -0.0014    -0.191    -0.068    -0.064  0.0106 -0.0240  0.9997
              Bcc     0.0072     0.968     0.345     0.323  0.5493  0.8355  0.0142
 
              Baa    -0.0149    -0.573    -0.204    -0.191  0.9900 -0.1408 -0.0005
     7 N(14)  Bbb     0.0029     0.112     0.040     0.038  0.1407  0.9894  0.0356
              Bcc     0.0119     0.460     0.164     0.154 -0.0045 -0.0354  0.9994
 
              Baa    -0.0130    -1.741    -0.621    -0.581 -0.0049 -0.0087  1.0000
     8 C(13)  Bbb    -0.0060    -0.807    -0.288    -0.269  0.9941  0.1079  0.0058
              Bcc     0.0190     2.549     0.909     0.850 -0.1080  0.9941  0.0081
 
              Baa    -0.0059    -0.794    -0.283    -0.265  0.9524  0.3047  0.0070
     9 C(13)  Bbb    -0.0014    -0.189    -0.067    -0.063 -0.0048 -0.0077  1.0000
              Bcc     0.0073     0.983     0.351     0.328 -0.3047  0.9524  0.0059
 
              Baa    -0.0076    -1.015    -0.362    -0.339 -0.0037 -0.0092  1.0000
    10 C(13)  Bbb    -0.0026    -0.344    -0.123    -0.115  0.8585  0.5128  0.0079
              Bcc     0.0101     1.359     0.485     0.453 -0.5128  0.8585  0.0060
 
              Baa    -0.0094    -1.268    -0.452    -0.423  0.7279  0.6856  0.0095
    11 C(13)  Bbb    -0.0052    -0.697    -0.249    -0.233 -0.0044 -0.0092  0.9999
              Bcc     0.0146     1.965     0.701     0.656 -0.6856  0.7279  0.0037
 
              Baa    -0.0261    -3.504    -1.250    -1.169 -0.0047 -0.0060  1.0000
    12 C(13)  Bbb    -0.0214    -2.877    -1.026    -0.960  0.7951  0.6065  0.0074
              Bcc     0.0476     6.381     2.277     2.129 -0.6065  0.7951  0.0020
 
              Baa    -0.0272    -3.655    -1.304    -1.219  0.9680  0.2511  0.0031
    13 C(13)  Bbb    -0.0199    -2.675    -0.954    -0.892 -0.0022 -0.0039  1.0000
              Bcc     0.0472     6.330     2.259     2.111 -0.2511  0.9680  0.0033
 
              Baa    -0.0824    -3.178    -1.134    -1.060  0.0048 -0.0046  1.0000
    14 N(14)  Bbb    -0.0601    -2.319    -0.827    -0.773  0.9877 -0.1562 -0.0055
              Bcc     0.1425     5.497     1.961     1.834  0.1562  0.9877  0.0038
 
              Baa    -0.0338   -18.012    -6.427    -6.008 -0.0144  0.0069  0.9999
    15 H(1)   Bbb    -0.0323   -17.229    -6.148    -5.747 -0.2969  0.9549 -0.0108
              Bcc     0.0660    35.241    12.575    11.755  0.9548  0.2970  0.0117
 
              Baa    -0.0028    -1.477    -0.527    -0.493  0.8822 -0.4671 -0.0598
    16 H(1)   Bbb    -0.0027    -1.433    -0.511    -0.478  0.0540 -0.0257  0.9982
              Bcc     0.0055     2.910     1.038     0.971  0.4678  0.8838 -0.0025
 
              Baa    -0.0028    -1.487    -0.530    -0.496  0.9763  0.2161  0.0102
    17 H(1)   Bbb    -0.0027    -1.462    -0.522    -0.488 -0.0083 -0.0095  0.9999
              Bcc     0.0055     2.948     1.052     0.983 -0.2161  0.9763  0.0075
 
              Baa    -0.0026    -1.394    -0.497    -0.465 -0.0058 -0.0097  0.9999
    18 H(1)   Bbb    -0.0023    -1.251    -0.446    -0.417  0.8264  0.5630  0.0103
              Bcc     0.0050     2.645     0.944     0.882 -0.5631  0.8264  0.0048
 
              Baa    -0.0057    -3.017    -1.077    -1.007  0.0035  0.0039  1.0000
    19 H(1)   Bbb    -0.0056    -2.973    -1.061    -0.992  0.5699  0.8217 -0.0052
              Bcc     0.0112     5.991     2.138     1.998  0.8217 -0.5699 -0.0007
 
              Baa    -0.0386   -20.589    -7.347    -6.868 -0.0108 -0.0127  0.9999
    20 H(1)   Bbb    -0.0366   -19.527    -6.968    -6.513  0.5449  0.8383  0.0165
              Bcc     0.0752    40.116    14.314    13.381  0.8384 -0.5450  0.0021
 
              Baa    -0.0041    -0.156    -0.056    -0.052  0.2028 -0.1797  0.9626
    21 N(14)  Bbb    -0.0013    -0.048    -0.017    -0.016 -0.6091  0.7466  0.2677
              Bcc     0.0053     0.205     0.073     0.068  0.7668  0.6406 -0.0419
 
              Baa    -0.0016    -0.873    -0.311    -0.291  0.4233 -0.4339  0.7953
    22 H(1)   Bbb    -0.0016    -0.848    -0.302    -0.283 -0.5400  0.5841  0.6060
              Bcc     0.0032     1.721     0.614     0.574  0.7275  0.6860 -0.0129
 
              Baa    -0.0020    -1.081    -0.386    -0.361 -0.4644  0.7607  0.4535
    23 H(1)   Bbb    -0.0019    -1.020    -0.364    -0.340  0.3091 -0.3406  0.8879
              Bcc     0.0039     2.102     0.750     0.701  0.8299  0.5525 -0.0770
 
              Baa    -0.0076    -0.294    -0.105    -0.098 -0.3113  0.9479 -0.0668
    24 N(14)  Bbb     0.0003     0.010     0.004     0.003  0.2177  0.1396  0.9660
              Bcc     0.0074     0.284     0.101     0.095  0.9250  0.2862 -0.2498
 
              Baa    -0.0032    -1.717    -0.613    -0.573 -0.3318  0.9427 -0.0357
    25 H(1)   Bbb    -0.0030    -1.587    -0.566    -0.529 -0.0891  0.0064  0.9960
              Bcc     0.0062     3.304     1.179     1.102  0.9391  0.3336  0.0819
 
              Baa    -0.0057    -3.062    -1.092    -1.021 -0.0531  0.1123  0.9923
    26 H(1)   Bbb    -0.0053    -2.834    -1.011    -0.945 -0.1383  0.9833 -0.1186
              Bcc     0.0110     5.895     2.104     1.966  0.9890  0.1435  0.0367
 
              Baa    -0.0295    -3.895    -1.390    -1.299  0.9853 -0.1699  0.0164
    27 Mn(55) Bbb    -0.0135    -1.785    -0.637    -0.596 -0.0160  0.0041  0.9999
              Bcc     0.0431     5.680     2.027     1.895  0.1700  0.9855 -0.0014
 

 ---------------------------------------------------------------------------------

 No NMR shielding tensors so no spin-rotation constants.
 Leave Link  601 at Tue Apr 19 20:20:51 2022, MaxMem= 13421772800 cpu:              28.4 elap:               0.9
 (Enter /soft/gaussian/16-c.01/g16/l701.exe)
 ... and contract with generalized density number  0.
 Compute integral second derivatives.
 R6Disp: Adding Grimme-D2 dispersion energy 2nd derivatives to the Hessian.
 D2PCM: C-PCM CHGder 2nd derivatives, FixD1E=F FixD2E=F DoIter=F DoCFld=F I1PDM=0
 GePol: Maximum number of non-zero 2nd derivatives   =     197
 Leave Link  701 at Tue Apr 19 20:21:01 2022, MaxMem= 13421772800 cpu:             336.3 elap:               9.4
 (Enter /soft/gaussian/16-c.01/g16/l702.exe)
 L702 exits ... SP integral derivatives will be done elsewhere.
 Leave Link  702 at Tue Apr 19 20:21:01 2022, MaxMem= 13421772800 cpu:               0.8 elap:               0.1
 (Enter /soft/gaussian/16-c.01/g16/l703.exe)
 Integral derivatives from FoFJK, PRISM(SPDF).
 Compute integral second derivatives, UseDBF=F ICtDFT=           0.
 Calling FoFJK, ICntrl=    100127 FMM=F ISym2X=0 I1Cent= 0 IOpClX= 1 NMat=1 NMatS=1 NMatT=0.
 FoFJK:  IHMeth= 1 ICntrl=  100127 DoSepK=T KAlg= 0 I1Cent=           0 FoldK=F
 IRaf=         1 NMat=       1 IRICut=       1 DoRegI=T DoRafI=F ISym2E= 0 IDoP0=0 IntGTp=1.
 FoFCou: FMM=F IPFlag=           0 FMFlag=      100000 FMFlg1=         800
         NFxFlg=           0 DoJE=F BraDBF=F KetDBF=F FulRan=T
         wScrn=  0.000000 ICntrl=    100527 IOpCl=  0 I1Cent=           0 NGrid=           0
         NMat0=    1 NMatS0=      1 NMatT0=    0 NMatD0=    1 NMtDS0=    0 NMtDT0=    0
 Symmetry not used in FoFCou.
 Leave Link  703 at Tue Apr 19 20:39:53 2022, MaxMem= 13421772800 cpu:           40717.2 elap:            1131.6
 (Enter /soft/gaussian/16-c.01/g16/l716.exe)
 Dipole        = 7.86805810D-01 9.57616374D+00 1.50056581D-01
 Polarizability= 5.52206708D+02-4.15959175D+01 2.57186584D+02
                 2.13993948D-01 7.24362507D-01 1.25405000D+02
 ***** Axes restored to original set *****
 -------------------------------------------------------------------
 Center     Atomic                   Forces (Hartrees/Bohr)
 Number     Number              X              Y              Z
 -------------------------------------------------------------------
      1        6          -0.000035317   -0.000012334    0.000003784
      2        6           0.000046812   -0.000014199    0.000029133
      3        6          -0.000033865   -0.000018471   -0.000005769
      4        6           0.000031759   -0.000002208   -0.000008882
      5        6          -0.000030901    0.000008064    0.000012916
      6        6           0.000033096   -0.000002927    0.000006322
      7        7           0.000024052   -0.000003763    0.000003140
      8        6          -0.000009092   -0.000000305    0.000004530
      9        6           0.000002120    0.000005361   -0.000000463
     10        6          -0.000005886    0.000017817   -0.000005461
     11        6           0.000002648    0.000011072   -0.000006291
     12        6           0.000001805    0.000006081   -0.000015348
     13        6           0.000011507   -0.000001421    0.000000988
     14        7          -0.000015918    0.000001827   -0.000022472
     15        1          -0.000007019   -0.000002734   -0.000002031
     16        1           0.000007730   -0.000004503    0.000012715
     17        1           0.000008024    0.000007365    0.000003465
     18        1           0.000003672    0.000011436   -0.000002981
     19        1          -0.000003458    0.000009166   -0.000013291
     20        1          -0.000004619    0.000002586   -0.000008509
     21        7           0.000019941    0.000004695   -0.000021712
     22        1           0.000006873    0.000001900    0.000020013
     23        1           0.000002944   -0.000020484    0.000030269
     24        7          -0.000047720   -0.000003100   -0.000003189
     25        1           0.000002886   -0.000001154    0.000002972
     26        1          -0.000003029   -0.000004693   -0.000003168
     27       25          -0.000009043    0.000004926   -0.000010682
 -------------------------------------------------------------------
 Cartesian Forces:  Max     0.000047720 RMS     0.000015025
 FormGI is forming the generalized inverse of G from B-inverse, IUseBI=4.
 Leave Link  716 at Tue Apr 19 20:39:53 2022, MaxMem= 13421772800 cpu:               2.5 elap:               0.1
 (Enter /soft/gaussian/16-c.01/g16/l106.exe)
 NDeriv=      3 NFrqRd=  0 NDerD0=      0 MskFDP=       0 MskDFD=       0 MskDF0=       0
 At 1st pt F.D. properties file   721 does not exist.
 At 1st pt F.D. properties file   722 does not exist.
 D2Numr ... symmetry will be used.
 Leave Link  106 at Tue Apr 19 20:39:53 2022, MaxMem= 13421772800 cpu:               3.0 elap:               0.1
 (Enter /soft/gaussian/16-c.01/g16/l301.exe)
 Basis read from rwf:  (6D, 7F)
 No pseudopotential information found on rwf file.
 The following finite field(s) will be applied:
 An electric field of              0.0003  0.0000  0.0000
   627 basis functions,   980 primitive gaussians,   687 cartesian basis functions
    69 alpha electrons       64 beta electrons
       nuclear repulsion energy      1336.8815914606 Hartrees.
 IExCor= 4639 DFT=T Ex+Corr=wB97XD ExCW=0 ScaHFX=  1.000000
 ScaDFX=  1.000000  1.000000  1.000000  1.000000 ScalE2=  1.000000  1.000000
 IRadAn=      5 IRanWt=     -1 IRanGd=            0 ICorTp=0 IEmpDi=121
 HFx  wShort=  0.000000 wLong=  0.200000 cFull=  0.222036 cShort=  0.000000 cLong=  0.777964
 DFx  wShort=  0.000000 wLong=  0.200000 cFull=  0.000000 cShort=  0.000000 cLong=  1.000000
 NAtoms=   27 NActive=   27 NUniq=   27 SFac= 1.00D+00 NAtFMM=   60 NAOKFM=F Big=F
 Integral buffers will be    131072 words long.
 Raffenetti 2 integral format.
 Two-electron integral symmetry is turned off.
 R6Disp:  Grimme-D2 Dispersion energy=       -0.0184367652 Hartrees.
 Nuclear repulsion after empirical dispersion term =     1336.8631546954 Hartrees.
 No density basis found on file    724.
 Force inversion solution in PCM.
 ------------------------------------------------------------------------------
 Polarizable Continuum Model (PCM)
 =================================
 Model                : C-PCM.
 Atomic radii         : UFF (Universal Force Field).
 Polarization charges : Total charges.
 Charge compensation  : None.
 Solution method      : Matrix inversion.
 Cavity type          : Scaled VdW (van der Waals Surface) (Alpha=1.100).
 Cavity algorithm     : GePol (No added spheres)
                        Default sphere list used, NSphG=   27.
                        Lebedev-Laikov grids with approx.  5.0 points / Ang**2.
                        Smoothing algorithm: York/Karplus (Gamma=1.0000).
                        Polarization charges: spherical gaussians, with
                                              point-specific exponents (IZeta= 3).
                        Self-potential: point-specific (ISelfS= 7).
                        Self-field    : sphere-specific E.n sum rule (ISelfD= 2).
 1st derivatives      : Analytical E(r).r(x)/FMM algorithm (CHGder, D1EAlg=3).
                        Cavity 1st derivative terms included.
 Solvent              : Water, Eps=  78.355300 Eps(inf)=   1.777849
 ------------------------------------------------------------------------------
 GePol: Number of generator spheres                  =      27
 GePol: Total number of spheres                      =      27
 GePol: Number of exposed spheres                    =      27 (100.00%)
 GePol: Number of points                             =    2142
 GePol: Average weight of points                     =       0.13
 GePol: Minimum weight of points                     =   0.35D-10
 GePol: Maximum weight of points                     =    0.21276
 GePol: Number of points with low weight             =     125
 GePol: Fraction of low-weight points (<1% of avg)   =       5.84%
 GePol: Cavity surface area                          =    279.984 Ang**2
 GePol: Cavity volume                                =    296.941 Ang**3
 Leave Link  301 at Tue Apr 19 20:39:53 2022, MaxMem= 13421772800 cpu:               2.6 elap:               0.1
 (Enter /soft/gaussian/16-c.01/g16/l302.exe)
 NPDir=0 NMtPBC=     1 NCelOv=     1 NCel=       1 NClECP=     1 NCelD=      1
         NCelK=      1 NCelE2=     1 NClLst=     1 CellRange=     0.0.
 One-electron integrals computed using PRISM.
 NBasis=   627 RedAO= T EigKep=  1.19D-06  NBF=   627
 NBsUse=   624 1.00D-06 EigRej=  7.90D-07 NBFU=   624
 Precomputing XC quadrature grid using
 IXCGrd= 4 IRadAn=           5 IRanWt=          -1 IRanGd=           0 AccXCQ= 0.00D+00.
 Generated NRdTot=       0 NPtTot=           0 NUsed=           0 NTot=          32
 NSgBfM=   684   684   684   684   684 MxSgAt=    27 MxSgA2=    27.
 Leave Link  302 at Tue Apr 19 20:39:54 2022, MaxMem= 13421772800 cpu:              21.6 elap:               0.6
 (Enter /soft/gaussian/16-c.01/g16/l303.exe)
 DipDrv:  MaxL=1.
 The nuclear repulsion energy is now      1336.8631546954 hartrees.
 Leave Link  303 at Tue Apr 19 20:39:54 2022, MaxMem= 13421772800 cpu:               2.4 elap:               0.1
 (Enter /soft/gaussian/16-c.01/g16/l401.exe)
 Initial guess from the checkpoint file:  "NH2-PHZ-dummy2-Mn-6-Raman.chk"
 B after Tr=     0.000000    0.000000    0.000000
         Rot=    1.000000    0.000000    0.000000    0.000000 Ang=   0.00 deg.
 Guess basis will be translated and rotated to current coordinates.
 JPrj=2 DoOrth=T DoCkMO=T.
 Initial guess <Sx>= 0.0000 <Sy>= 0.0000 <Sz>= 2.5000 <S**2>= 8.7524 S= 2.5004
 Leave Link  401 at Tue Apr 19 20:39:54 2022, MaxMem= 13421772800 cpu:              21.6 elap:               0.6
 (Enter /soft/gaussian/16-c.01/g16/l502.exe)
 Two-electron integral symmetry not used.
 UHF open shell SCF:
 Using DIIS extrapolation, IDIIS=  1040.
 NGot= 13421772800 LenX= 13420799125 LenY= 13420326469
 Requested convergence on RMS density matrix=1.00D-08 within 128 cycles.
 Requested convergence on MAX density matrix=1.00D-06.
 Requested convergence on             energy=1.00D-06.
 No special actions if energy rises.
 Fock matrices will be formed incrementally for  20 cycles.

 Cycle   1  Pass 1  IDiag  1:
 FoFJK:  IHMeth= 1 ICntrl=       0 DoSepK=T KAlg= 0 I1Cent=           0 FoldK=F
 IRaf=         1 NMat=       1 IRICut=       1 DoRegI=T DoRafI=F ISym2E= 0 IDoP0=0 IntGTp=1.
 FoFCou: FMM=F IPFlag=           0 FMFlag=      100000 FMFlg1=           0
         NFxFlg=           0 DoJE=T BraDBF=F KetDBF=F FulRan=T
         wScrn=  0.000000 ICntrl=       500 IOpCl=  0 I1Cent=           0 NGrid=           0
         NMat0=    1 NMatS0=      1 NMatT0=    0 NMatD0=    1 NMtDS0=    0 NMtDT0=    0
 Symmetry not used in FoFCou.
 Inv3:  Mode=1 IEnd=    13764492.
 Iteration    1 A*A^-1 deviation from unit magnitude is 3.22D-15 for    763.
 Iteration    1 A*A^-1 deviation from orthogonality  is 2.46D-15 for   1778   1409.
 Iteration    1 A^-1*A deviation from unit magnitude is 3.33D-15 for   1918.
 Iteration    1 A^-1*A deviation from orthogonality  is 2.33D-15 for   1100    450.
 E= -1832.87205180548    
 DIIS: error= 1.91D-04 at cycle   1 NSaved=   1.
 NSaved= 1 IEnMin= 1 EnMin= -1832.87205180548     IErMin= 1 ErrMin= 1.91D-04
 ErrMax= 1.91D-04  0.00D+00 EMaxC= 1.00D-01 BMatC= 1.90D-05 BMatP= 1.90D-05
 IDIUse=3 WtCom= 9.98D-01 WtEn= 1.91D-03
 Coeff-Com:  0.100D+01
 Coeff-En:   0.100D+01
 Coeff:      0.100D+01
 Gap=     0.526 Goal=   None    Shift=    0.000
 Gap=     0.522 Goal=   None    Shift=    0.000
 RMSDP=1.64D-04 MaxDP=1.92D-02              OVMax= 4.29D-03

 Cycle   2  Pass 1  IDiag  1:
 RMSU=  1.63D-04    CP:  1.00D+00
 E= -1832.87207527651     Delta-E=       -0.000023471024 Rises=F Damp=F
 DIIS: error= 4.82D-05 at cycle   2 NSaved=   2.
 NSaved= 2 IEnMin= 2 EnMin= -1832.87207527651     IErMin= 2 ErrMin= 4.82D-05
 ErrMax= 4.82D-05  0.00D+00 EMaxC= 1.00D-01 BMatC= 1.06D-05 BMatP= 1.90D-05
 IDIUse=1 WtCom= 1.00D+00 WtEn= 0.00D+00
 Coeff-Com:  0.332D+00 0.668D+00
 Coeff:      0.332D+00 0.668D+00
 Gap=     0.245 Goal=   None    Shift=    0.000
 Gap=     0.243 Goal=   None    Shift=    0.000
 RMSDP=4.94D-05 MaxDP=4.84D-03 DE=-2.35D-05 OVMax= 6.30D-04

 Cycle   3  Pass 1  IDiag  1:
 RMSU=  3.28D-05    CP:  1.00D+00  1.22D+00
 E= -1832.87207961491     Delta-E=       -0.000004338405 Rises=F Damp=F
 DIIS: error= 5.59D-05 at cycle   3 NSaved=   3.
 NSaved= 3 IEnMin= 3 EnMin= -1832.87207961491     IErMin= 2 ErrMin= 4.82D-05
 ErrMax= 5.59D-05  0.00D+00 EMaxC= 1.00D-01 BMatC= 1.50D-06 BMatP= 1.06D-05
 IDIUse=1 WtCom= 1.00D+00 WtEn= 0.00D+00
 Coeff-Com: -0.122D+00 0.129D+00 0.994D+00
 Coeff:     -0.122D+00 0.129D+00 0.994D+00
 Gap=     0.245 Goal=   None    Shift=    0.000
 Gap=     0.243 Goal=   None    Shift=    0.000
 RMSDP=4.78D-05 MaxDP=6.16D-03 DE=-4.34D-06 OVMax= 1.59D-03

 Cycle   4  Pass 1  IDiag  1:
 RMSU=  1.13D-05    CP:  1.00D+00  1.48D+00  1.57D+00
 E= -1832.87208188089     Delta-E=       -0.000002265973 Rises=F Damp=F
 DIIS: error= 1.96D-05 at cycle   4 NSaved=   4.
 NSaved= 4 IEnMin= 4 EnMin= -1832.87208188089     IErMin= 4 ErrMin= 1.96D-05
 ErrMax= 1.96D-05  0.00D+00 EMaxC= 1.00D-01 BMatC= 5.40D-07 BMatP= 1.50D-06
 IDIUse=1 WtCom= 1.00D+00 WtEn= 0.00D+00
 Coeff-Com: -0.336D-01-0.151D+00 0.186D+00 0.999D+00
 Coeff:     -0.336D-01-0.151D+00 0.186D+00 0.999D+00
 Gap=     0.245 Goal=   None    Shift=    0.000
 Gap=     0.243 Goal=   None    Shift=    0.000
 RMSDP=1.83D-05 MaxDP=2.04D-03 DE=-2.27D-06 OVMax= 7.18D-04

 Cycle   5  Pass 1  IDiag  1:
 RMSU=  3.39D-06    CP:  1.00D+00  1.56D+00  1.89D+00  1.34D+00
 E= -1832.87208238868     Delta-E=       -0.000000507795 Rises=F Damp=F
 DIIS: error= 1.01D-05 at cycle   5 NSaved=   5.
 NSaved= 5 IEnMin= 5 EnMin= -1832.87208238868     IErMin= 5 ErrMin= 1.01D-05
 ErrMax= 1.01D-05  0.00D+00 EMaxC= 1.00D-01 BMatC= 1.21D-07 BMatP= 5.40D-07
 IDIUse=1 WtCom= 1.00D+00 WtEn= 0.00D+00
 Coeff-Com:  0.115D-01-0.110D+00-0.616D-01 0.371D+00 0.789D+00
 Coeff:      0.115D-01-0.110D+00-0.616D-01 0.371D+00 0.789D+00
 Gap=     0.245 Goal=   None    Shift=    0.000
 Gap=     0.243 Goal=   None    Shift=    0.000
 RMSDP=6.00D-06 MaxDP=6.60D-04 DE=-5.08D-07 OVMax= 3.57D-04

 Cycle   6  Pass 1  IDiag  1:
 RMSU=  1.77D-06    CP:  1.00D+00  1.58D+00  1.99D+00  1.49D+00  1.28D+00
 E= -1832.87208250049     Delta-E=       -0.000000111809 Rises=F Damp=F
 DIIS: error= 4.79D-06 at cycle   6 NSaved=   6.
 NSaved= 6 IEnMin= 6 EnMin= -1832.87208250049     IErMin= 6 ErrMin= 4.79D-06
 ErrMax= 4.79D-06  0.00D+00 EMaxC= 1.00D-01 BMatC= 3.34D-08 BMatP= 1.21D-07
 IDIUse=1 WtCom= 1.00D+00 WtEn= 0.00D+00
 Coeff-Com:  0.127D-01-0.183D-01-0.320D-01-0.136D+00 0.289D+00 0.885D+00
 Coeff:      0.127D-01-0.183D-01-0.320D-01-0.136D+00 0.289D+00 0.885D+00
 Gap=     0.245 Goal=   None    Shift=    0.000
 Gap=     0.243 Goal=   None    Shift=    0.000
 RMSDP=2.42D-06 MaxDP=2.03D-04 DE=-1.12D-07 OVMax= 2.00D-04

 Cycle   7  Pass 1  IDiag  1:
 RMSU=  6.65D-07    CP:  1.00D+00  1.59D+00  2.04D+00  1.55D+00  1.63D+00
                    CP:  1.25D+00
 E= -1832.87208253143     Delta-E=       -0.000000030938 Rises=F Damp=F
 DIIS: error= 2.44D-06 at cycle   7 NSaved=   7.
 NSaved= 7 IEnMin= 7 EnMin= -1832.87208253143     IErMin= 7 ErrMin= 2.44D-06
 ErrMax= 2.44D-06  0.00D+00 EMaxC= 1.00D-01 BMatC= 5.31D-09 BMatP= 3.34D-08
 IDIUse=1 WtCom= 1.00D+00 WtEn= 0.00D+00
 Coeff-Com:  0.294D-02 0.584D-02 0.845D-02-0.115D+00-0.365D-01 0.232D+00
 Coeff-Com:  0.902D+00
 Coeff:      0.294D-02 0.584D-02 0.845D-02-0.115D+00-0.365D-01 0.232D+00
 Coeff:      0.902D+00
 Gap=     0.245 Goal=   None    Shift=    0.000
 Gap=     0.243 Goal=   None    Shift=    0.000
 RMSDP=9.77D-07 MaxDP=6.96D-05 DE=-3.09D-08 OVMax= 9.67D-05

 Cycle   8  Pass 1  IDiag  1:
 RMSU=  2.97D-07    CP:  1.00D+00  1.59D+00  2.05D+00  1.56D+00  1.79D+00
                    CP:  1.43D+00  1.40D+00
 E= -1832.87208253788     Delta-E=       -0.000000006455 Rises=F Damp=F
 DIIS: error= 1.57D-06 at cycle   8 NSaved=   8.
 NSaved= 8 IEnMin= 8 EnMin= -1832.87208253788     IErMin= 8 ErrMin= 1.57D-06
 ErrMax= 1.57D-06  0.00D+00 EMaxC= 1.00D-01 BMatC= 1.24D-09 BMatP= 5.31D-09
 IDIUse=1 WtCom= 1.00D+00 WtEn= 0.00D+00
 Coeff-Com: -0.201D-02 0.487D-02 0.144D-01-0.105D-01-0.818D-01-0.153D+00
 Coeff-Com:  0.336D+00 0.892D+00
 Coeff:     -0.201D-02 0.487D-02 0.144D-01-0.105D-01-0.818D-01-0.153D+00
 Coeff:      0.336D+00 0.892D+00
 Gap=     0.245 Goal=   None    Shift=    0.000
 Gap=     0.243 Goal=   None    Shift=    0.000
 RMSDP=4.43D-07 MaxDP=3.18D-05 DE=-6.46D-09 OVMax= 4.97D-05

 Cycle   9  Pass 1  IDiag  1:
 RMSU=  1.44D-07    CP:  1.00D+00  1.59D+00  2.05D+00  1.56D+00  1.85D+00
                    CP:  1.52D+00  1.69D+00  1.30D+00
 E= -1832.87208253939     Delta-E=       -0.000000001511 Rises=F Damp=F
 DIIS: error= 4.64D-07 at cycle   9 NSaved=   9.
 NSaved= 9 IEnMin= 9 EnMin= -1832.87208253939     IErMin= 9 ErrMin= 4.64D-07
 ErrMax= 4.64D-07  0.00D+00 EMaxC= 1.00D-01 BMatC= 2.05D-10 BMatP= 1.24D-09
 IDIUse=1 WtCom= 1.00D+00 WtEn= 0.00D+00
 Coeff-Com: -0.122D-02 0.104D-02 0.355D-02 0.147D-01-0.195D-01-0.920D-01
 Coeff-Com: -0.460D-01 0.304D+00 0.836D+00
 Coeff:     -0.122D-02 0.104D-02 0.355D-02 0.147D-01-0.195D-01-0.920D-01
 Coeff:     -0.460D-01 0.304D+00 0.836D+00
 Gap=     0.245 Goal=   None    Shift=    0.000
 Gap=     0.243 Goal=   None    Shift=    0.000
 RMSDP=1.29D-07 MaxDP=9.35D-06 DE=-1.51D-09 OVMax= 1.62D-05

 Cycle  10  Pass 1  IDiag  1:
 RMSU=  6.12D-08    CP:  1.00D+00  1.59D+00  2.06D+00  1.56D+00  1.85D+00
                    CP:  1.54D+00  1.75D+00  1.46D+00  1.36D+00
 E= -1832.87208253962     Delta-E=       -0.000000000230 Rises=F Damp=F
 DIIS: error= 2.24D-07 at cycle  10 NSaved=  10.
 NSaved=10 IEnMin=10 EnMin= -1832.87208253962     IErMin=10 ErrMin= 2.24D-07
 ErrMax= 2.24D-07  0.00D+00 EMaxC= 1.00D-01 BMatC= 6.22D-11 BMatP= 2.05D-10
 IDIUse=1 WtCom= 1.00D+00 WtEn= 0.00D+00
 Coeff-Com: -0.269D-04-0.174D-03-0.200D-02 0.682D-02 0.112D-01 0.893D-03
 Coeff-Com: -0.930D-01-0.882D-01 0.347D+00 0.817D+00
 Coeff:     -0.269D-04-0.174D-03-0.200D-02 0.682D-02 0.112D-01 0.893D-03
 Coeff:     -0.930D-01-0.882D-01 0.347D+00 0.817D+00
 Gap=     0.245 Goal=   None    Shift=    0.000
 Gap=     0.243 Goal=   None    Shift=    0.000
 RMSDP=5.84D-08 MaxDP=4.30D-06 DE=-2.30D-10 OVMax= 7.46D-06

 Cycle  11  Pass 1  IDiag  1:
 RMSU=  2.92D-08    CP:  1.00D+00  1.59D+00  2.06D+00  1.56D+00  1.85D+00
                    CP:  1.54D+00  1.75D+00  1.53D+00  1.61D+00  1.32D+00
 E= -1832.87208253969     Delta-E=       -0.000000000062 Rises=F Damp=F
 DIIS: error= 1.33D-07 at cycle  11 NSaved=  11.
 NSaved=11 IEnMin=11 EnMin= -1832.87208253969     IErMin=11 ErrMin= 1.33D-07
 ErrMax= 1.33D-07  0.00D+00 EMaxC= 1.00D-01 BMatC= 1.24D-11 BMatP= 6.22D-11
 IDIUse=1 WtCom= 1.00D+00 WtEn= 0.00D+00
 Coeff-Com:  0.160D-03 0.941D-05-0.788D-03-0.240D-02 0.394D-02 0.168D-01
 Coeff-Com:  0.130D-02-0.635D-01-0.114D+00 0.230D-01 0.114D+01
 Coeff:      0.160D-03 0.941D-05-0.788D-03-0.240D-02 0.394D-02 0.168D-01
 Coeff:      0.130D-02-0.635D-01-0.114D+00 0.230D-01 0.114D+01
 Gap=     0.245 Goal=   None    Shift=    0.000
 Gap=     0.243 Goal=   None    Shift=    0.000
 RMSDP=4.44D-08 MaxDP=4.17D-06 DE=-6.21D-11 OVMax= 5.18D-06

 Cycle  12  Pass 1  IDiag  1:
 RMSU=  1.66D-08    CP:  1.00D+00  1.59D+00  2.06D+00  1.56D+00  1.85D+00
                    CP:  1.54D+00  1.73D+00  1.54D+00  1.75D+00  1.63D+00
                    CP:  1.72D+00
 E= -1832.87208253972     Delta-E=       -0.000000000036 Rises=F Damp=F
 DIIS: error= 9.61D-08 at cycle  12 NSaved=  12.
 NSaved=12 IEnMin=12 EnMin= -1832.87208253972     IErMin=12 ErrMin= 9.61D-08
 ErrMax= 9.61D-08  0.00D+00 EMaxC= 1.00D-01 BMatC= 7.42D-12 BMatP= 1.24D-11
 IDIUse=1 WtCom= 1.00D+00 WtEn= 0.00D+00
 Coeff-Com:  0.351D-04 0.340D-04 0.390D-03-0.224D-02-0.211D-02 0.389D-02
 Coeff-Com:  0.254D-01 0.735D-02-0.115D+00-0.210D+00 0.286D+00 0.101D+01
 Coeff:      0.351D-04 0.340D-04 0.390D-03-0.224D-02-0.211D-02 0.389D-02
 Coeff:      0.254D-01 0.735D-02-0.115D+00-0.210D+00 0.286D+00 0.101D+01
 Gap=     0.245 Goal=   None    Shift=    0.000
 Gap=     0.243 Goal=   None    Shift=    0.000
 RMSDP=2.85D-08 MaxDP=4.07D-06 DE=-3.57D-11 OVMax= 3.68D-06

 Cycle  13  Pass 1  IDiag  1:
 RMSU=  1.12D-08    CP:  1.00D+00  1.59D+00  2.06D+00  1.56D+00  1.85D+00
                    CP:  1.54D+00  1.73D+00  1.54D+00  1.79D+00  1.81D+00
                    CP:  2.26D+00  1.74D+00
 E= -1832.87208253977     Delta-E=       -0.000000000051 Rises=F Damp=F
 DIIS: error= 7.99D-08 at cycle  13 NSaved=  13.
 NSaved=13 IEnMin=13 EnMin= -1832.87208253977     IErMin=13 ErrMin= 7.99D-08
 ErrMax= 7.99D-08  0.00D+00 EMaxC= 1.00D-01 BMatC= 4.56D-12 BMatP= 7.42D-12
 IDIUse=1 WtCom= 1.00D+00 WtEn= 0.00D+00
 Coeff-Com: -0.110D-03-0.937D-04 0.810D-03 0.174D-02-0.457D-02-0.154D-01
 Coeff-Com:  0.740D-02 0.649D-01 0.684D-01-0.954D-01-0.106D+01 0.342D+00
 Coeff-Com:  0.169D+01
 Coeff:     -0.110D-03-0.937D-04 0.810D-03 0.174D-02-0.457D-02-0.154D-01
 Coeff:      0.740D-02 0.649D-01 0.684D-01-0.954D-01-0.106D+01 0.342D+00
 Coeff:      0.169D+01
 Gap=     0.245 Goal=   None    Shift=    0.000
 Gap=     0.243 Goal=   None    Shift=    0.000
 RMSDP=4.75D-08 MaxDP=5.32D-06 DE=-5.07D-11 OVMax= 7.11D-06

 Cycle  14  Pass 1  IDiag  1:
 RMSU=  1.42D-08    CP:  1.00D+00  1.59D+00  2.06D+00  1.56D+00  1.85D+00
                    CP:  1.54D+00  1.72D+00  1.55D+00  1.84D+00  2.04D+00
                    CP:  3.00D+00  3.00D+00  2.54D+00
 E= -1832.87208253977     Delta-E=        0.000000000003 Rises=F Damp=F
 DIIS: error= 3.22D-08 at cycle  14 NSaved=  14.
 NSaved=14 IEnMin=13 EnMin= -1832.87208253977     IErMin=14 ErrMin= 3.22D-08
 ErrMax= 3.22D-08  0.00D+00 EMaxC= 1.00D-01 BMatC= 1.23D-12 BMatP= 4.56D-12
 IDIUse=1 WtCom= 1.00D+00 WtEn= 0.00D+00
 Coeff-Com: -0.274D-04-0.596D-04-0.707D-04 0.139D-02 0.631D-03-0.411D-02
 Coeff-Com: -0.124D-01 0.485D-02 0.658D-01 0.121D+00-0.266D+00-0.504D+00
 Coeff-Com:  0.191D+00 0.140D+01
 Coeff:     -0.274D-04-0.596D-04-0.707D-04 0.139D-02 0.631D-03-0.411D-02
 Coeff:     -0.124D-01 0.485D-02 0.658D-01 0.121D+00-0.266D+00-0.504D+00
 Coeff:      0.191D+00 0.140D+01
 Gap=     0.245 Goal=   None    Shift=    0.000
 Gap=     0.243 Goal=   None    Shift=    0.000
 RMSDP=3.11D-08 MaxDP=3.27D-06 DE= 2.73D-12 OVMax= 4.46D-06

 Cycle  15  Pass 1  IDiag  1:
 RMSU=  1.56D-08    CP:  1.00D+00  1.59D+00  2.06D+00  1.56D+00  1.85D+00
                    CP:  1.54D+00  1.73D+00  1.56D+00  1.85D+00  2.13D+00
                    CP:  3.00D+00  3.00D+00  3.00D+00  2.57D+00
 E= -1832.87208253977     Delta-E=       -0.000000000000 Rises=F Damp=F
 DIIS: error= 1.37D-08 at cycle  15 NSaved=  15.
 NSaved=15 IEnMin=13 EnMin= -1832.87208253977     IErMin=15 ErrMin= 1.37D-08
 ErrMax= 1.37D-08  0.00D+00 EMaxC= 1.00D-01 BMatC= 2.98D-13 BMatP= 1.23D-12
 IDIUse=1 WtCom= 1.00D+00 WtEn= 0.00D+00
 Coeff-Com:  0.837D-05-0.277D-05-0.170D-03 0.229D-03 0.102D-02 0.886D-03
 Coeff-Com: -0.609D-02-0.895D-02 0.877D-02 0.622D-01 0.756D-01-0.231D+00
 Coeff-Com: -0.206D+00 0.496D+00 0.808D+00
 Coeff:      0.837D-05-0.277D-05-0.170D-03 0.229D-03 0.102D-02 0.886D-03
 Coeff:     -0.609D-02-0.895D-02 0.877D-02 0.622D-01 0.756D-01-0.231D+00
 Coeff:     -0.206D+00 0.496D+00 0.808D+00
 Gap=     0.245 Goal=   None    Shift=    0.000
 Gap=     0.243 Goal=   None    Shift=    0.000
 RMSDP=7.94D-09 MaxDP=9.33D-07 DE=-2.27D-13 OVMax= 9.94D-07

 Error on total polarization charges =  0.01705
 SCF Done:  E(UwB97XD) =  -1832.87208254     A.U. after   15 cycles
            NFock= 15  Conv=0.79D-08     -V/T= 2.0040
 <Sx>= 0.0000 <Sy>= 0.0000 <Sz>= 2.5000 <S**2>= 8.7524 S= 2.5004
 <L.S>=  0.00000000000    
 KE= 1.825541718880D+03 PE=-6.951471883098D+03 EE= 1.956194926983D+03
 Annihilation of the first spin contaminant:
 S**2 before annihilation     8.7524,   after     8.7500
 Leave Link  502 at Tue Apr 19 20:44:14 2022, MaxMem= 13421772800 cpu:            9319.1 elap:             259.9
 (Enter /soft/gaussian/16-c.01/g16/l801.exe)
 DoSCS=F DFT=T ScalE2(SS,OS)=  1.000000  1.000000
 Range of M.O.s used for correlation:     1   624
 NBasis=   627 NAE=    69 NBE=    64 NFC=     0 NFV=     0
 NROrb=    624 NOA=    69 NOB=    64 NVA=   555 NVB=   560

 **** Warning!!: The largest alpha MO coefficient is  0.14298220D+03


 **** Warning!!: The largest beta MO coefficient is  0.16300132D+03

 Leave Link  801 at Tue Apr 19 20:44:14 2022, MaxMem= 13421772800 cpu:               1.3 elap:               0.1
 (Enter /soft/gaussian/16-c.01/g16/l1101.exe)
 Using compressed storage, NAtomX=    27.
 Will process     28 centers per pass.
 R6Disp: Adding Grimme-D2 dispersion energy 1st derivatives to the gradient.
 Leave Link 1101 at Tue Apr 19 20:44:16 2022, MaxMem= 13421772800 cpu:              45.9 elap:               1.3
 (Enter /soft/gaussian/16-c.01/g16/l1102.exe)
 DDipDN:  doing centers     0 through    27.
 Symmetrizing basis deriv contribution to polar:
 IMax=3 JMax=2 DiffMx= 0.00D+00
 Leave Link 1102 at Tue Apr 19 20:44:17 2022, MaxMem= 13421772800 cpu:              51.7 elap:               1.6
 (Enter /soft/gaussian/16-c.01/g16/l1110.exe)
 Forming Gx(P) for the SCF density, NAtomX=    27.
 Integral derivatives from FoFJK, PRISM(SPDF).
 Do as many integral derivatives as possible in FoFJK.
 G2DrvN: MDV=   13421769937.
 G2DrvN: will do    28 centers at a time, making    1 passes.
 Calling FoFCou, ICntrl=  3107 FMM=F I1Cent=   0 AccDes= 0.00D+00.
 FoFJK:  IHMeth= 1 ICntrl=    3107 DoSepK=T KAlg= 0 I1Cent=           0 FoldK=F
 IRaf=         1 NMat=       1 IRICut=       1 DoRegI=T DoRafI=F ISym2E= 0 IDoP0=0 IntGTp=1.
 FoFCou: FMM=F IPFlag=           0 FMFlag=      100000 FMFlg1=           0
         NFxFlg=           0 DoJE=F BraDBF=F KetDBF=F FulRan=T
         wScrn=  0.000000 ICntrl=      3507 IOpCl=  0 I1Cent=           0 NGrid=           0
         NMat0=    1 NMatS0=      1 NMatT0=    0 NMatD0=    1 NMtDS0=    0 NMtDT0=    0
 Symmetry not used in FoFCou.
 NEqPCM:  Using equilibrium solvation (IEInf=0, Eps=  78.3553, EpsInf=   1.7778)
 G2PCM: DoFxE=T DoFxN=T DoGrad=T DoDP/DQ/DG/TGxP=FFFF NFrqRd=   0 IEInf=0 SqF1=F DoCFld=F IF1Alg=4.
 GePol: Maximum number of non-zero 1st derivatives   =     197
 End of G2Drv F.D. properties file   721 does not exist.
 End of G2Drv F.D. properties file   722 does not exist.
 End of G2Drv F.D. properties file   788 does not exist.
 Leave Link 1110 at Tue Apr 19 20:49:10 2022, MaxMem= 13421772800 cpu:           10528.6 elap:             292.6
 (Enter /soft/gaussian/16-c.01/g16/l1002.exe)
 Minotr:  UHF open shell wavefunction.
          IDoAtm=111111111111111111111111111
 NEqPCM:  Using equilibrium solvation (IEInf=0, Eps=  78.3553, EpsInf=   1.7778)
          Direct CPHF calculation.
          Differentiating once with respect to electric field.
                with respect to dipole field.
          Requested convergence is 1.0D-08 RMS, and 1.0D-07 maximum.
          Secondary convergence is 1.0D-12 RMS, and 1.0D-12 maximum.
          NewPWx=T KeepS1=F KeepF1=F KeepIn=T MapXYZ=F SortEE=F KeepMc=T.
         8502 words used for storage of precomputed grid.
 Two-electron integral symmetry not used.
          MDV=   13421772800 using IRadAn=       1.
          Solving linear equations simultaneously, MaxMat=     360.
 FoF2E skips out because all densities are zero.
 CalDSu exits because no D1Ps are significant.
          There are     3 degrees of freedom in the 1st order CPHF.  IDoFFX=4 NUNeed=     3.
      3 vectors produced by pass  0 Test12= 2.47D-12 3.33D-08 XBig12= 5.36D+02 1.27D+01.
 AX will form     3 AO Fock derivatives at one time.
 FoFJK:  IHMeth= 1 ICntrl=       0 DoSepK=T KAlg= 0 I1Cent=           0 FoldK=F
 IRaf=         1 NMat=       3 IRICut=       1 DoRegI=T DoRafI=F ISym2E= 0 IDoP0=0 IntGTp=1.
      3 vectors produced by pass  1 Test12= 2.47D-12 3.33D-08 XBig12= 5.67D+01 9.93D-01.
      3 vectors produced by pass  2 Test12= 2.47D-12 3.33D-08 XBig12= 1.55D+01 1.23D+00.
      3 vectors produced by pass  3 Test12= 2.47D-12 3.33D-08 XBig12= 2.36D+00 2.82D-01.
      3 vectors produced by pass  4 Test12= 2.47D-12 3.33D-08 XBig12= 9.31D-01 2.82D-01.
      3 vectors produced by pass  5 Test12= 2.47D-12 3.33D-08 XBig12= 1.52D-01 1.01D-01.
      3 vectors produced by pass  6 Test12= 2.47D-12 3.33D-08 XBig12= 3.55D-02 2.83D-02.
      3 vectors produced by pass  7 Test12= 2.47D-12 3.33D-08 XBig12= 6.49D-03 2.36D-02.
      3 vectors produced by pass  8 Test12= 2.47D-12 3.33D-08 XBig12= 2.17D-03 1.35D-02.
      3 vectors produced by pass  9 Test12= 2.47D-12 3.33D-08 XBig12= 8.53D-04 7.38D-03.
      3 vectors produced by pass 10 Test12= 2.47D-12 3.33D-08 XBig12= 1.28D-04 1.72D-03.
      3 vectors produced by pass 11 Test12= 2.47D-12 3.33D-08 XBig12= 1.16D-05 6.17D-04.
      3 vectors produced by pass 12 Test12= 2.47D-12 3.33D-08 XBig12= 1.38D-06 2.37D-04.
      3 vectors produced by pass 13 Test12= 2.47D-12 3.33D-08 XBig12= 3.66D-07 1.04D-04.
      3 vectors produced by pass 14 Test12= 2.47D-12 3.33D-08 XBig12= 7.04D-08 7.80D-05.
      3 vectors produced by pass 15 Test12= 2.47D-12 3.33D-08 XBig12= 7.08D-09 1.71D-05.
      3 vectors produced by pass 16 Test12= 2.47D-12 3.33D-08 XBig12= 4.74D-10 3.32D-06.
      3 vectors produced by pass 17 Test12= 2.47D-12 3.33D-08 XBig12= 5.32D-11 1.20D-06.
      2 vectors produced by pass 18 Test12= 2.47D-12 3.33D-08 XBig12= 6.36D-12 4.13D-07.
      2 vectors produced by pass 19 Test12= 2.47D-12 3.33D-08 XBig12= 5.78D-13 1.54D-07.
 InvSVY:  IOpt=1 It=  1 EMax= 5.33D-15
 Solved reduced A of dimension    58 with     3 vectors.
 FullF1:  Do perturbations      1 to       3.
 SCF Polarizability for W=    0.000000:
                1             2             3 
      1  0.555269D+03
      2 -0.421327D+02  0.257268D+03
      3  0.221903D+00  0.725443D+00  0.125449D+03
 Isotropic polarizability for W=    0.000000      312.66 Bohr**3.
 SCF Static Hyperpolarizability:
 K=  1 block:
                1 
      1  0.937155D+04
 K=  2 block:
                1             2 
      1 -0.163347D+04
      2  0.255244D+03  0.403296D+03
 K=  3 block:
                1             2             3 
      1  0.242105D+02
      2  0.323489D+01 -0.728325D+00
      3  0.139064D+03  0.488691D+01  0.187014D+01
 End of Minotr F.D. properties file   721 does not exist.
 End of Minotr F.D. properties file   722 does not exist.
 End of Minotr F.D. properties file   788 does not exist.
 Leave Link 1002 at Tue Apr 19 21:01:16 2022, MaxMem= 13421772800 cpu:           26137.0 elap:             726.3
 (Enter /soft/gaussian/16-c.01/g16/l601.exe)
 Copying SCF densities to generalized density rwf, IOpCl= 1 IROHF=0.

 **********************************************************************

            Population analysis using the SCF Density.

 **********************************************************************

 Alpha  occ. eigenvalues -- -235.77027 -27.57895 -23.63342 -23.63294 -23.63108
 Alpha  occ. eigenvalues --  -14.51491 -14.48736 -14.48518 -14.47830 -10.38563
 Alpha  occ. eigenvalues --  -10.38418 -10.37443 -10.37439 -10.36930 -10.36043
 Alpha  occ. eigenvalues --  -10.32945 -10.32873 -10.32363 -10.32291 -10.31805
 Alpha  occ. eigenvalues --  -10.31456  -3.44866  -2.30998  -2.30806  -2.30674
 Alpha  occ. eigenvalues --   -1.11543  -1.07436  -1.04578  -1.02521  -0.98430
 Alpha  occ. eigenvalues --   -0.94058  -0.88634  -0.86654  -0.85189  -0.79353
 Alpha  occ. eigenvalues --   -0.76289  -0.74393  -0.72485  -0.68040  -0.67281
 Alpha  occ. eigenvalues --   -0.65731  -0.61984  -0.60926  -0.59951  -0.59506
 Alpha  occ. eigenvalues --   -0.56597  -0.56380  -0.54626  -0.54288  -0.53805
 Alpha  occ. eigenvalues --   -0.52912  -0.51000  -0.50540  -0.48069  -0.47735
 Alpha  occ. eigenvalues --   -0.46944  -0.46911  -0.46829  -0.46573  -0.46053
 Alpha  occ. eigenvalues --   -0.45859  -0.45457  -0.42998  -0.42265  -0.38393
 Alpha  occ. eigenvalues --   -0.36613  -0.35419  -0.30259  -0.29883
 Alpha virt. eigenvalues --   -0.05344   0.00170   0.02327   0.03663   0.04324
 Alpha virt. eigenvalues --    0.04723   0.05519   0.06395   0.06849   0.07277
 Alpha virt. eigenvalues --    0.07759   0.08094   0.09499   0.10111   0.10802
 Alpha virt. eigenvalues --    0.11088   0.11360   0.11819   0.12141   0.12474
 Alpha virt. eigenvalues --    0.12937   0.14272   0.14442   0.14642   0.14803
 Alpha virt. eigenvalues --    0.15383   0.15849   0.16118   0.16798   0.17003
 Alpha virt. eigenvalues --    0.18025   0.18225   0.18601   0.18881   0.19456
 Alpha virt. eigenvalues --    0.20009   0.20137   0.20530   0.21137   0.21216
 Alpha virt. eigenvalues --    0.21770   0.22044   0.22259   0.23074   0.23328
 Alpha virt. eigenvalues --    0.23432   0.23965   0.25007   0.25551   0.25698
 Alpha virt. eigenvalues --    0.25998   0.26276   0.26463   0.27088   0.27227
 Alpha virt. eigenvalues --    0.27655   0.28067   0.28426   0.28684   0.29370
 Alpha virt. eigenvalues --    0.29448   0.29679   0.30156   0.30310   0.31014
 Alpha virt. eigenvalues --    0.31352   0.31411   0.32181   0.32273   0.32723
 Alpha virt. eigenvalues --    0.33232   0.33602   0.33853   0.34450   0.34801
 Alpha virt. eigenvalues --    0.34999   0.35372   0.36017   0.36198   0.36969
 Alpha virt. eigenvalues --    0.37444   0.37826   0.38237   0.38522   0.39587
 Alpha virt. eigenvalues --    0.40077   0.40154   0.40814   0.41406   0.41455
 Alpha virt. eigenvalues --    0.41848   0.42502   0.43482   0.43783   0.44236
 Alpha virt. eigenvalues --    0.45338   0.45692   0.46462   0.47609   0.47641
 Alpha virt. eigenvalues --    0.49148   0.51139   0.51621   0.53489   0.54365
 Alpha virt. eigenvalues --    0.58286   0.59123   0.59774   0.61324   0.64943
 Alpha virt. eigenvalues --    0.65131   0.65985   0.66945   0.67211   0.69328
 Alpha virt. eigenvalues --    0.69921   0.70304   0.71367   0.71804   0.72191
 Alpha virt. eigenvalues --    0.72735   0.73268   0.73647   0.73966   0.74733
 Alpha virt. eigenvalues --    0.74882   0.76515   0.77003   0.77636   0.78148
 Alpha virt. eigenvalues --    0.78791   0.79648   0.82320   0.82574   0.84153
 Alpha virt. eigenvalues --    0.84745   0.85429   0.86407   0.87271   0.88190
 Alpha virt. eigenvalues --    0.89711   0.89945   0.90193   0.90800   0.90991
 Alpha virt. eigenvalues --    0.91035   0.91197   0.91983   0.93341   0.93639
 Alpha virt. eigenvalues --    0.93904   0.94435   0.94870   0.95163   0.95490
 Alpha virt. eigenvalues --    0.95803   0.96509   0.97116   0.97267   0.98392
 Alpha virt. eigenvalues --    0.98746   0.99687   1.00462   1.00649   1.01925
 Alpha virt. eigenvalues --    1.02300   1.02845   1.03195   1.03749   1.04674
 Alpha virt. eigenvalues --    1.04914   1.05776   1.06196   1.06862   1.08358
 Alpha virt. eigenvalues --    1.08977   1.09346   1.09961   1.11049   1.12124
 Alpha virt. eigenvalues --    1.13626   1.14324   1.15892   1.17404   1.18288
 Alpha virt. eigenvalues --    1.19126   1.21916   1.22265   1.24281   1.24874
 Alpha virt. eigenvalues --    1.26427   1.26904   1.27396   1.28197   1.28959
 Alpha virt. eigenvalues --    1.30749   1.32905   1.34906   1.36516   1.37117
 Alpha virt. eigenvalues --    1.38125   1.39149   1.39581   1.40456   1.43011
 Alpha virt. eigenvalues --    1.43772   1.45755   1.46627   1.47143   1.48460
 Alpha virt. eigenvalues --    1.48981   1.49365   1.49901   1.50225   1.51795
 Alpha virt. eigenvalues --    1.52028   1.54031   1.54311   1.55981   1.56462
 Alpha virt. eigenvalues --    1.56770   1.57210   1.58861   1.59612   1.60978
 Alpha virt. eigenvalues --    1.61405   1.62793   1.63228   1.64404   1.65105
 Alpha virt. eigenvalues --    1.65284   1.66280   1.67326   1.67994   1.68583
 Alpha virt. eigenvalues --    1.68835   1.70077   1.71856   1.72937   1.73586
 Alpha virt. eigenvalues --    1.74612   1.79737   1.80196   1.80760   1.83943
 Alpha virt. eigenvalues --    1.84295   1.86131   1.87342   1.90561   1.92433
 Alpha virt. eigenvalues --    1.93881   1.97536   1.97741   1.98972   2.00282
 Alpha virt. eigenvalues --    2.00879   2.03489   2.05511   2.06514   2.07535
 Alpha virt. eigenvalues --    2.09047   2.10621   2.12410   2.16639   2.19613
 Alpha virt. eigenvalues --    2.21214   2.22028   2.22803   2.25862   2.26057
 Alpha virt. eigenvalues --    2.31373   2.31970   2.33056   2.34578   2.34813
 Alpha virt. eigenvalues --    2.36125   2.37249   2.39596   2.41161   2.44293
 Alpha virt. eigenvalues --    2.44821   2.46519   2.49875   2.52363   2.53711
 Alpha virt. eigenvalues --    2.54613   2.59700   2.65214   2.66419   2.69555
 Alpha virt. eigenvalues --    2.70226   2.71062   2.72441   2.73980   2.77527
 Alpha virt. eigenvalues --    2.78942   2.79149   2.84214   2.88221   2.89483
 Alpha virt. eigenvalues --    2.91123   2.92140   2.93783   2.94561   2.95217
 Alpha virt. eigenvalues --    2.97059   2.97984   3.00911   3.01204   3.01723
 Alpha virt. eigenvalues --    3.02786   3.03941   3.04409   3.04726   3.07135
 Alpha virt. eigenvalues --    3.08218   3.09947   3.10705   3.11080   3.11921
 Alpha virt. eigenvalues --    3.13511   3.14811   3.15995   3.16211   3.17202
 Alpha virt. eigenvalues --    3.17349   3.18582   3.19338   3.20242   3.21665
 Alpha virt. eigenvalues --    3.22799   3.23752   3.24331   3.26174   3.26403
 Alpha virt. eigenvalues --    3.27221   3.28142   3.28704   3.29981   3.30695
 Alpha virt. eigenvalues --    3.32472   3.32810   3.34093   3.34746   3.35089
 Alpha virt. eigenvalues --    3.36526   3.37897   3.38764   3.39608   3.41253
 Alpha virt. eigenvalues --    3.43020   3.45452   3.47407   3.49282   3.50528
 Alpha virt. eigenvalues --    3.51123   3.52884   3.53559   3.55320   3.58215
 Alpha virt. eigenvalues --    3.58447   3.62161   3.62723   3.63771   3.65416
 Alpha virt. eigenvalues --    3.66127   3.66977   3.69197   3.71264   3.72246
 Alpha virt. eigenvalues --    3.72932   3.74089   3.75515   3.77626   3.78423
 Alpha virt. eigenvalues --    3.79585   3.80615   3.82414   3.84735   3.85359
 Alpha virt. eigenvalues --    3.86355   3.87491   3.89236   3.90060   3.92028
 Alpha virt. eigenvalues --    3.93874   3.95787   3.97345   3.98101   3.99822
 Alpha virt. eigenvalues --    4.01581   4.01682   4.01733   4.01966   4.02672
 Alpha virt. eigenvalues --    4.03248   4.04864   4.05376   4.05560   4.06436
 Alpha virt. eigenvalues --    4.10479   4.11131   4.13314   4.13731   4.15599
 Alpha virt. eigenvalues --    4.16555   4.16885   4.18612   4.19594   4.20980
 Alpha virt. eigenvalues --    4.21712   4.22709   4.25457   4.26560   4.27489
 Alpha virt. eigenvalues --    4.27853   4.30023   4.30524   4.34171   4.34741
 Alpha virt. eigenvalues --    4.35430   4.35924   4.37288   4.38580   4.39371
 Alpha virt. eigenvalues --    4.40084   4.41779   4.43147   4.44228   4.44880
 Alpha virt. eigenvalues --    4.45030   4.46085   4.47287   4.48670   4.49064
 Alpha virt. eigenvalues --    4.50683   4.51841   4.52254   4.52782   4.54218
 Alpha virt. eigenvalues --    4.54710   4.55303   4.57052   4.57294   4.58030
 Alpha virt. eigenvalues --    4.59195   4.60052   4.60633   4.61706   4.62808
 Alpha virt. eigenvalues --    4.63144   4.63340   4.64562   4.66271   4.66510
 Alpha virt. eigenvalues --    4.68421   4.68756   4.69240   4.70377   4.71537
 Alpha virt. eigenvalues --    4.72544   4.73502   4.73823   4.74927   4.75500
 Alpha virt. eigenvalues --    4.76261   4.76665   4.78031   4.78609   4.80821
 Alpha virt. eigenvalues --    4.81466   4.82925   4.83888   4.84196   4.87301
 Alpha virt. eigenvalues --    4.89718   4.90402   4.91924   4.92434   4.96621
 Alpha virt. eigenvalues --    4.97216   4.98475   4.99593   5.01945   5.06028
 Alpha virt. eigenvalues --    5.07494   5.10248   5.10927   5.12873   5.14919
 Alpha virt. eigenvalues --    5.16873   5.18866   5.20459   5.22636   5.23953
 Alpha virt. eigenvalues --    5.25000   5.26016   5.28000   5.30051   5.32786
 Alpha virt. eigenvalues --    5.37381   5.38505   5.40938   5.42992   5.45296
 Alpha virt. eigenvalues --    5.48474   5.50804   5.55707   5.57378   5.61377
 Alpha virt. eigenvalues --    5.64123   5.65260   5.71147   5.74668   5.80654
 Alpha virt. eigenvalues --    5.84124   5.85950   5.87513   5.91596   5.91985
 Alpha virt. eigenvalues --    5.95629   5.98343   6.04874   6.05897   6.13889
 Alpha virt. eigenvalues --    6.22141   6.27611   6.41648   6.52879   6.61103
 Alpha virt. eigenvalues --    6.84382   7.01087   8.96941   9.48148  11.10762
 Alpha virt. eigenvalues --   11.34020  11.43300  11.43745  11.54398  11.55358
 Alpha virt. eigenvalues --   11.74535  12.04996  12.05713  12.24534  12.40705
 Alpha virt. eigenvalues --   12.43517  12.57206  12.68436  13.18266  13.61360
 Alpha virt. eigenvalues --   17.26528  18.23591  26.56628  28.35585  38.51623
  Beta  occ. eigenvalues -- -235.76913 -27.49328 -23.56173 -23.56115 -23.56011
  Beta  occ. eigenvalues --  -14.51491 -14.48731 -14.48503 -14.47831 -10.38557
  Beta  occ. eigenvalues --  -10.38405 -10.37446 -10.37428 -10.36934 -10.36048
  Beta  occ. eigenvalues --  -10.32940 -10.32867 -10.32363 -10.32290 -10.31800
  Beta  occ. eigenvalues --  -10.31453  -3.22684  -2.06998  -2.06763  -2.06503
  Beta  occ. eigenvalues --   -1.11508  -1.07429  -1.04540  -1.02517  -0.98419
  Beta  occ. eigenvalues --   -0.94046  -0.88616  -0.86642  -0.85175  -0.79335
  Beta  occ. eigenvalues --   -0.76265  -0.74347  -0.72457  -0.68028  -0.67239
  Beta  occ. eigenvalues --   -0.65692  -0.61971  -0.60886  -0.59839  -0.59500
  Beta  occ. eigenvalues --   -0.56567  -0.56289  -0.54557  -0.54234  -0.53714
  Beta  occ. eigenvalues --   -0.52860  -0.50519  -0.48891  -0.46961  -0.46831
  Beta  occ. eigenvalues --   -0.46366  -0.46038  -0.45724  -0.43053  -0.38396
  Beta  occ. eigenvalues --   -0.36906  -0.35423  -0.30309  -0.29868
  Beta virt. eigenvalues --   -0.05552   0.01494   0.02077   0.02123   0.02221
  Beta virt. eigenvalues --    0.02498   0.02834   0.03625   0.04758   0.05832
  Beta virt. eigenvalues --    0.05968   0.06210   0.07569   0.07653   0.07840
  Beta virt. eigenvalues --    0.08147   0.08365   0.09737   0.10190   0.10867
  Beta virt. eigenvalues --    0.11525   0.11725   0.12021   0.12325   0.12608
  Beta virt. eigenvalues --    0.13320   0.14575   0.14781   0.15067   0.15229
  Beta virt. eigenvalues --    0.15949   0.16364   0.16576   0.17273   0.17593
  Beta virt. eigenvalues --    0.18161   0.18413   0.19127   0.19886   0.20027
  Beta virt. eigenvalues --    0.20276   0.21207   0.21404   0.21596   0.21883
  Beta virt. eigenvalues --    0.22119   0.22367   0.22958   0.23425   0.23472
  Beta virt. eigenvalues --    0.23813   0.24409   0.25259   0.25697   0.25976
  Beta virt. eigenvalues --    0.26429   0.26664   0.26811   0.27203   0.27351
  Beta virt. eigenvalues --    0.28031   0.28218   0.28734   0.29242   0.29539
  Beta virt. eigenvalues --    0.29659   0.30201   0.30577   0.30795   0.31292
  Beta virt. eigenvalues --    0.31705   0.32051   0.32460   0.32510   0.33074
  Beta virt. eigenvalues --    0.33553   0.33786   0.34152   0.34598   0.34923
  Beta virt. eigenvalues --    0.35564   0.36465   0.36712   0.36938   0.37210
  Beta virt. eigenvalues --    0.37706   0.37959   0.38406   0.39082   0.39815
  Beta virt. eigenvalues --    0.40495   0.41451   0.41862   0.41967   0.43140
  Beta virt. eigenvalues --    0.43445   0.43857   0.44297   0.44475   0.45276
  Beta virt. eigenvalues --    0.46108   0.47186   0.48028   0.48808   0.50684
  Beta virt. eigenvalues --    0.51430   0.51966   0.53994   0.54319   0.55762
  Beta virt. eigenvalues --    0.58628   0.61549   0.62535   0.63997   0.65141
  Beta virt. eigenvalues --    0.65736   0.66119   0.67014   0.68089   0.69815
  Beta virt. eigenvalues --    0.70105   0.70525   0.71502   0.71834   0.72285
  Beta virt. eigenvalues --    0.72859   0.73621   0.73951   0.74116   0.74798
  Beta virt. eigenvalues --    0.75132   0.77105   0.77182   0.77708   0.78481
  Beta virt. eigenvalues --    0.78824   0.80443   0.82349   0.82651   0.84177
  Beta virt. eigenvalues --    0.84971   0.85450   0.86812   0.87488   0.88280
  Beta virt. eigenvalues --    0.89834   0.90170   0.90272   0.90891   0.91132
  Beta virt. eigenvalues --    0.91264   0.91488   0.92139   0.93659   0.93874
  Beta virt. eigenvalues --    0.94294   0.94613   0.94931   0.95378   0.95853
  Beta virt. eigenvalues --    0.95957   0.96548   0.97325   0.97420   0.98448
  Beta virt. eigenvalues --    0.98869   0.99756   1.00548   1.00739   1.02078
  Beta virt. eigenvalues --    1.02392   1.03111   1.03438   1.03959   1.04931
  Beta virt. eigenvalues --    1.04979   1.05944   1.06293   1.07005   1.08544
  Beta virt. eigenvalues --    1.09074   1.09488   1.10063   1.11259   1.12210
  Beta virt. eigenvalues --    1.14185   1.14689   1.16834   1.17901   1.18636
  Beta virt. eigenvalues --    1.19654   1.23815   1.24521   1.25110   1.25263
  Beta virt. eigenvalues --    1.26665   1.27436   1.28396   1.31734   1.32282
  Beta virt. eigenvalues --    1.34026   1.34554   1.35893   1.37296   1.37574
  Beta virt. eigenvalues --    1.39200   1.39825   1.41747   1.43639   1.44813
  Beta virt. eigenvalues --    1.45042   1.46639   1.47829   1.48597   1.48818
  Beta virt. eigenvalues --    1.49714   1.49934   1.51434   1.51980   1.52323
  Beta virt. eigenvalues --    1.53430   1.54601   1.55911   1.56995   1.57509
  Beta virt. eigenvalues --    1.58223   1.59755   1.61148   1.62899   1.63336
  Beta virt. eigenvalues --    1.63579   1.64953   1.65268   1.65567   1.65860
  Beta virt. eigenvalues --    1.68171   1.68815   1.68987   1.71487   1.72518
  Beta virt. eigenvalues --    1.73639   1.73685   1.74331   1.76832   1.77287
  Beta virt. eigenvalues --    1.79307   1.79982   1.81244   1.82268   1.84133
  Beta virt. eigenvalues --    1.84594   1.86917   1.88005   1.91042   1.92846
  Beta virt. eigenvalues --    1.94112   1.97903   1.98301   1.99309   2.01376
  Beta virt. eigenvalues --    2.03380   2.03669   2.05859   2.06600   2.07552
  Beta virt. eigenvalues --    2.09213   2.11096   2.12835   2.16648   2.19714
  Beta virt. eigenvalues --    2.21497   2.22431   2.23336   2.25915   2.26235
  Beta virt. eigenvalues --    2.31469   2.32106   2.33119   2.34615   2.34889
  Beta virt. eigenvalues --    2.36167   2.37380   2.39745   2.43124   2.44733
  Beta virt. eigenvalues --    2.44864   2.47307   2.49922   2.52522   2.53878
  Beta virt. eigenvalues --    2.54707   2.59712   2.65376   2.66514   2.69737
  Beta virt. eigenvalues --    2.70274   2.71841   2.72597   2.78536   2.79089
  Beta virt. eigenvalues --    2.82346   2.84233   2.84566   2.88305   2.89735
  Beta virt. eigenvalues --    2.91337   2.93521   2.94293   2.94617   2.95286
  Beta virt. eigenvalues --    2.97358   2.99779   3.01027   3.01255   3.02181
  Beta virt. eigenvalues --    3.02975   3.04037   3.04528   3.04932   3.07206
  Beta virt. eigenvalues --    3.08306   3.10319   3.10910   3.11311   3.12447
  Beta virt. eigenvalues --    3.13725   3.14865   3.16219   3.16321   3.17235
  Beta virt. eigenvalues --    3.17378   3.18776   3.19366   3.20272   3.21755
  Beta virt. eigenvalues --    3.22868   3.23822   3.24357   3.26225   3.26476
  Beta virt. eigenvalues --    3.27244   3.28173   3.28741   3.30011   3.30843
  Beta virt. eigenvalues --    3.32496   3.32869   3.34123   3.34813   3.35170
  Beta virt. eigenvalues --    3.36569   3.37931   3.38782   3.39767   3.41372
  Beta virt. eigenvalues --    3.43126   3.45704   3.47458   3.49321   3.50635
  Beta virt. eigenvalues --    3.51202   3.52931   3.53630   3.55356   3.58252
  Beta virt. eigenvalues --    3.58500   3.62301   3.62861   3.63876   3.65441
  Beta virt. eigenvalues --    3.66381   3.67107   3.69275   3.71363   3.72592
  Beta virt. eigenvalues --    3.72962   3.74156   3.75650   3.77698   3.78476
  Beta virt. eigenvalues --    3.79674   3.80789   3.82503   3.84872   3.85425
  Beta virt. eigenvalues --    3.86434   3.87551   3.89472   3.90262   3.92201
  Beta virt. eigenvalues --    3.95104   3.96191   3.98444   4.00484   4.01885
  Beta virt. eigenvalues --    4.02900   4.05489   4.06272   4.07242   4.10314
  Beta virt. eigenvalues --    4.10892   4.11646   4.12321   4.12755   4.12919
  Beta virt. eigenvalues --    4.13471   4.13813   4.14015   4.15497   4.16963
  Beta virt. eigenvalues --    4.17565   4.19364   4.20792   4.21340   4.22378
  Beta virt. eigenvalues --    4.22807   4.23513   4.25817   4.26992   4.27980
  Beta virt. eigenvalues --    4.28437   4.30390   4.30832   4.34294   4.34824
  Beta virt. eigenvalues --    4.35698   4.35982   4.37436   4.39168   4.40016
  Beta virt. eigenvalues --    4.41621   4.42086   4.44194   4.45683   4.46685
  Beta virt. eigenvalues --    4.47135   4.48445   4.50550   4.51906   4.53008
  Beta virt. eigenvalues --    4.54461   4.55038   4.56683   4.56833   4.57518
  Beta virt. eigenvalues --    4.58083   4.59476   4.60199   4.61345   4.61688
  Beta virt. eigenvalues --    4.61938   4.62459   4.63329   4.63897   4.64527
  Beta virt. eigenvalues --    4.65060   4.65892   4.67586   4.67667   4.67869
  Beta virt. eigenvalues --    4.69569   4.70458   4.71161   4.72073   4.73029
  Beta virt. eigenvalues --    4.73822   4.74524   4.75320   4.75729   4.76223
  Beta virt. eigenvalues --    4.76821   4.77417   4.79270   4.80828   4.81858
  Beta virt. eigenvalues --    4.83148   4.84331   4.85364   4.85577   4.87645
  Beta virt. eigenvalues --    4.90678   4.92076   4.92744   4.95487   4.97097
  Beta virt. eigenvalues --    4.97516   4.98761   5.00010   5.02074   5.06074
  Beta virt. eigenvalues --    5.07552   5.10293   5.11017   5.13386   5.14954
  Beta virt. eigenvalues --    5.17104   5.18992   5.20491   5.22716   5.24019
  Beta virt. eigenvalues --    5.25023   5.26047   5.28073   5.30213   5.32834
  Beta virt. eigenvalues --    5.37397   5.38523   5.40961   5.43063   5.45330
  Beta virt. eigenvalues --    5.48572   5.50830   5.55788   5.57399   5.61527
  Beta virt. eigenvalues --    5.64147   5.65282   5.71162   5.74695   5.80688
  Beta virt. eigenvalues --    5.84158   5.85958   5.87536   5.91620   5.92014
  Beta virt. eigenvalues --    5.95645   5.98380   6.04897   6.05927   6.13941
  Beta virt. eigenvalues --    6.22157   6.27660   6.41669   6.52997   6.61103
  Beta virt. eigenvalues --    6.84404   7.01188   8.96958   9.48191  11.10766
  Beta virt. eigenvalues --   11.34025  11.43304  11.43751  11.54422  11.55362
  Beta virt. eigenvalues --   11.74545  12.05004  12.05727  12.24541  12.40727
  Beta virt. eigenvalues --   12.43525  12.57220  12.68451  13.18275  13.61395
  Beta virt. eigenvalues --   17.37946  18.24880  26.56645  28.35761  38.51671
          Condensed to atoms (all electrons):
               1          2          3          4          5          6
     1  C   10.074010  -1.878588  -1.595416   0.463536  -1.473403   0.500856
     2  C   -1.878588  11.038204   0.478947  -2.986081   0.236267  -1.047887
     3  C   -1.595416   0.478947  10.693049  -1.762483  -2.109604   1.235997
     4  C    0.463536  -2.986081  -1.762483  11.949423  -0.814072  -1.144805
     5  C   -1.473403   0.236267  -2.109604  -0.814072  11.096240  -1.601302
     6  C    0.500856  -1.047887   1.235997  -1.144805  -1.601302   9.197394
     7  N    0.040129   0.003016   0.021736  -0.011007   0.345702  -0.081710
     8  C   -0.103916  -0.203610  -0.673400  -1.059185   1.169716  -0.050917
     9  C    0.065529  -0.118746  -0.139674  -0.100202   0.218072  -0.384313
    10  C    0.024968  -0.022697  -0.061803  -0.082754   0.150759  -0.003728
    11  C   -0.035059   0.070303   0.033727   0.391794  -0.234848  -0.032183
    12  C   -0.150552   0.122029  -0.342899   0.675312  -0.383656  -0.068390
    13  C   -0.100748   0.093619   0.531303  -0.167813  -1.237440  -0.247807
    14  N    0.029673  -0.027321  -0.187216   0.293827   0.235245  -0.051481
    15  H    0.034485   0.001469   0.184727   0.127724   0.035460  -0.021774
    16  H    0.004558  -0.000833  -0.038291   0.053206   0.128157   0.223856
    17  H   -0.000051   0.000118  -0.000302   0.001631  -0.027806   0.003553
    18  H    0.000003   0.000000  -0.000042   0.000371   0.000494   0.000034
    19  H    0.000005  -0.000024  -0.000234  -0.000096   0.001053   0.000018
    20  H    0.000299   0.001019   0.005320  -0.035915  -0.006288  -0.001572
    21  N    0.297506  -0.285827  -0.008470   0.058954   0.050268   0.038611
    22  H   -0.073112   0.060596  -0.007703   0.002464   0.046095  -0.055257
    23  H    0.082632  -0.168101  -0.022569  -0.014333   0.009230   0.083504
    24  N   -0.267002   0.251217   0.129904   0.096972   0.034419  -0.044995
    25  H   -0.167489   0.053121   0.118113   0.006605  -0.018702  -0.025300
    26  H    0.069746  -0.066959  -0.077437   0.048114   0.003608  -0.002877
    27  Mn   0.024406  -0.112896  -0.160671   0.044118   0.114375  -0.010970
               7          8          9         10         11         12
     1  C    0.040129  -0.103916   0.065529   0.024968  -0.035059  -0.150552
     2  C    0.003016  -0.203610  -0.118746  -0.022697   0.070303   0.122029
     3  C    0.021736  -0.673400  -0.139674  -0.061803   0.033727  -0.342899
     4  C   -0.011007  -1.059185  -0.100202  -0.082754   0.391794   0.675312
     5  C    0.345702   1.169716   0.218072   0.150759  -0.234848  -0.383656
     6  C   -0.081710  -0.050917  -0.384313  -0.003728  -0.032183  -0.068390
     7  N    6.578553   0.445310  -0.118026  -0.021231   0.013669  -0.003306
     8  C    0.445310   8.824682  -1.231931  -0.075407  -0.541820  -0.823598
     9  C   -0.118026  -1.231931   7.076171   0.595469  -0.149632   0.619557
    10  C   -0.021231  -0.075407   0.595469   5.551204   0.557420  -0.268119
    11  C    0.013669  -0.541820  -0.149632   0.557420   6.572650   0.100937
    12  C   -0.003306  -0.823598   0.619557  -0.268119   0.100937   7.701434
    13  C    0.032017  -0.023226  -0.311258  -0.492021  -0.790899  -1.126475
    14  N   -0.041625   0.207091  -0.063167   0.051284  -0.039000  -0.204735
    15  H    0.000207  -0.002790  -0.001583   0.000092   0.000841   0.005840
    16  H   -0.012651  -0.022200   0.002256  -0.000636   0.000132  -0.000641
    17  H   -0.013696   0.099129   0.266157  -0.017363  -0.009076  -0.023981
    18  H    0.000441   0.017174  -0.010485   0.287747   0.021864   0.022093
    19  H   -0.000088  -0.010964   0.007633   0.018424   0.306047  -0.004184
    20  H    0.000365   0.024697   0.002169  -0.009598  -0.065075   0.323630
    21  N    0.000101   0.008092  -0.001322  -0.000191   0.000144   0.001310
    22  H   -0.000196   0.000515   0.000032  -0.000000  -0.000000   0.000031
    23  H    0.000048   0.000429  -0.000055  -0.000002   0.000002   0.000020
    24  N    0.000412   0.001214   0.001133   0.000028  -0.000398  -0.002559
    25  H    0.000000  -0.000206   0.000004   0.000001  -0.000004  -0.000066
    26  H    0.000017   0.000324   0.000037  -0.000001   0.000006   0.000113
    27  Mn  -0.011653   0.126085   0.010055  -0.002863  -0.105418  -0.101742
              13         14         15         16         17         18
     1  C   -0.100748   0.029673   0.034485   0.004558  -0.000051   0.000003
     2  C    0.093619  -0.027321   0.001469  -0.000833   0.000118   0.000000
     3  C    0.531303  -0.187216   0.184727  -0.038291  -0.000302  -0.000042
     4  C   -0.167813   0.293827   0.127724   0.053206   0.001631   0.000371
     5  C   -1.237440   0.235245   0.035460   0.128157  -0.027806   0.000494
     6  C   -0.247807  -0.051481  -0.021774   0.223856   0.003553   0.000034
     7  N    0.032017  -0.041625   0.000207  -0.012651  -0.013696   0.000441
     8  C   -0.023226   0.207091  -0.002790  -0.022200   0.099129   0.017174
     9  C   -0.311258  -0.063167  -0.001583   0.002256   0.266157  -0.010485
    10  C   -0.492021   0.051284   0.000092  -0.000636  -0.017363   0.287747
    11  C   -0.790899  -0.039000   0.000841   0.000132  -0.009076   0.021864
    12  C   -1.126475  -0.204735   0.005840  -0.000641  -0.023981   0.022093
    13  C    9.389865   0.327202  -0.027157   0.005723   0.047394  -0.011766
    14  N    0.327202   6.252608  -0.019781   0.001535   0.001659  -0.000241
    15  H   -0.027157  -0.019781   0.490475   0.000015   0.000000  -0.000000
    16  H    0.005723   0.001535   0.000015   0.469788   0.000000  -0.000000
    17  H    0.047394   0.001659   0.000000   0.000000   0.477134  -0.003257
    18  H   -0.011766  -0.000241  -0.000000  -0.000000  -0.003257   0.474006
    19  H    0.009115   0.000999  -0.000000  -0.000000  -0.000144  -0.002548
    20  H    0.070899  -0.020169   0.000001   0.000000   0.000018  -0.000165
    21  N    0.003018  -0.000469  -0.000385  -0.013969  -0.000000  -0.000000
    22  H    0.000332   0.000029   0.000002   0.002830   0.000000  -0.000000
    23  H   -0.000229  -0.000004  -0.000004  -0.000084   0.000000   0.000000
    24  N    0.007620   0.001084  -0.017424  -0.000041   0.000000  -0.000000
    25  H    0.000056  -0.000059  -0.000165  -0.000006   0.000000  -0.000000
    26  H    0.000571  -0.000094   0.003719   0.000002  -0.000000   0.000000
    27  Mn   0.047404   0.175541   0.022114   0.000124   0.000121  -0.000118
              19         20         21         22         23         24
     1  C    0.000005   0.000299   0.297506  -0.073112   0.082632  -0.267002
     2  C   -0.000024   0.001019  -0.285827   0.060596  -0.168101   0.251217
     3  C   -0.000234   0.005320  -0.008470  -0.007703  -0.022569   0.129904
     4  C   -0.000096  -0.035915   0.058954   0.002464  -0.014333   0.096972
     5  C    0.001053  -0.006288   0.050268   0.046095   0.009230   0.034419
     6  C    0.000018  -0.001572   0.038611  -0.055257   0.083504  -0.044995
     7  N   -0.000088   0.000365   0.000101  -0.000196   0.000048   0.000412
     8  C   -0.010964   0.024697   0.008092   0.000515   0.000429   0.001214
     9  C    0.007633   0.002169  -0.001322   0.000032  -0.000055   0.001133
    10  C    0.018424  -0.009598  -0.000191  -0.000000  -0.000002   0.000028
    11  C    0.306047  -0.065075   0.000144  -0.000000   0.000002  -0.000398
    12  C   -0.004184   0.323630   0.001310   0.000031   0.000020  -0.002559
    13  C    0.009115   0.070899   0.003018   0.000332  -0.000229   0.007620
    14  N    0.000999  -0.020169  -0.000469   0.000029  -0.000004   0.001084
    15  H   -0.000000   0.000001  -0.000385   0.000002  -0.000004  -0.017424
    16  H   -0.000000   0.000000  -0.013969   0.002830  -0.000084  -0.000041
    17  H   -0.000144   0.000018  -0.000000   0.000000   0.000000   0.000000
    18  H   -0.002548  -0.000165  -0.000000  -0.000000   0.000000  -0.000000
    19  H    0.473294  -0.004128  -0.000000   0.000000  -0.000000   0.000000
    20  H   -0.004128   0.498929  -0.000000   0.000000   0.000000   0.000000
    21  N   -0.000000  -0.000000   6.821171   0.351142   0.332480   0.014902
    22  H    0.000000   0.000000   0.351142   0.343276  -0.021256  -0.001203
    23  H   -0.000000   0.000000   0.332480  -0.021256   0.356112   0.020228
    24  N    0.000000   0.000000   0.014902  -0.001203   0.020228   6.738045
    25  H    0.000000   0.000000   0.023232  -0.000013  -0.001615   0.337903
    26  H   -0.000000   0.000000  -0.001233  -0.000003   0.000026   0.350773
    27  Mn  -0.000206   0.029480  -0.000380   0.000005  -0.000016  -0.000953
              25         26         27
     1  C   -0.167489   0.069746   0.024406
     2  C    0.053121  -0.066959  -0.112896
     3  C    0.118113  -0.077437  -0.160671
     4  C    0.006605   0.048114   0.044118
     5  C   -0.018702   0.003608   0.114375
     6  C   -0.025300  -0.002877  -0.010970
     7  N    0.000000   0.000017  -0.011653
     8  C   -0.000206   0.000324   0.126085
     9  C    0.000004   0.000037   0.010055
    10  C    0.000001  -0.000001  -0.002863
    11  C   -0.000004   0.000006  -0.105418
    12  C   -0.000066   0.000113  -0.101742
    13  C    0.000056   0.000571   0.047404
    14  N   -0.000059  -0.000094   0.175541
    15  H   -0.000165   0.003719   0.022114
    16  H   -0.000006   0.000002   0.000124
    17  H    0.000000  -0.000000   0.000121
    18  H   -0.000000   0.000000  -0.000118
    19  H    0.000000  -0.000000  -0.000206
    20  H    0.000000   0.000000   0.029480
    21  N    0.023232  -0.001233  -0.000380
    22  H   -0.000013  -0.000003   0.000005
    23  H   -0.001615   0.000026  -0.000016
    24  N    0.337903   0.350773  -0.000953
    25  H    0.342942  -0.020210   0.000075
    26  H   -0.020210   0.335974  -0.000017
    27  Mn   0.000075  -0.000017  23.375117
          Atomic-Atomic Spin Densities.
               1          2          3          4          5          6
     1  C    0.264928  -0.301767   0.012388  -0.129826   0.194782  -0.065076
     2  C   -0.301767   0.873059  -0.141520  -0.129617  -0.265589  -0.017836
     3  C    0.012388  -0.141520   0.386744   0.095283  -0.319662   0.011021
     4  C   -0.129826  -0.129617   0.095283   0.721754  -0.546015   0.135960
     5  C    0.194782  -0.265589  -0.319662  -0.546015   1.101745  -0.239968
     6  C   -0.065076  -0.017836   0.011021   0.135960  -0.239968   0.273466
     7  N   -0.006513   0.003420   0.012378   0.046392  -0.075339   0.010911
     8  C    0.098220  -0.136700  -0.209296  -0.450457   0.702845  -0.041785
     9  C    0.013297  -0.002839   0.003780  -0.099703  -0.003980  -0.039300
    10  C    0.006373  -0.006831  -0.011786  -0.049908   0.052362   0.006657
    11  C   -0.011441   0.016996   0.055968   0.166890  -0.119324   0.008296
    12  C   -0.025271   0.051885   0.110677   0.068505  -0.198272   0.017319
    13  C   -0.074163   0.117919   0.037501   0.220516  -0.369891  -0.051870
    14  N    0.012202  -0.014057  -0.009861  -0.051736   0.045819  -0.004392
    15  H   -0.004521   0.005224   0.009254  -0.004463  -0.006045   0.001092
    16  H   -0.000388  -0.001047   0.000397   0.001753  -0.002374   0.001148
    17  H   -0.000023  -0.000013   0.000031   0.000556  -0.000875  -0.000025
    18  H    0.000002  -0.000002  -0.000010  -0.000095   0.000191   0.000028
    19  H    0.000001  -0.000001  -0.000013  -0.000120   0.000088   0.000001
    20  H   -0.000036   0.000190   0.000715   0.001747  -0.002843  -0.000125
    21  N   -0.005271   0.009638  -0.003459  -0.000645   0.002262  -0.002447
    22  H   -0.001050   0.000813  -0.000116   0.000046   0.000055   0.000230
    23  H    0.000670  -0.000737  -0.000090   0.000057  -0.000028   0.000139
    24  N    0.007309  -0.013802   0.003420   0.001146  -0.000743   0.001523
    25  H   -0.000279   0.000480  -0.000145   0.000074  -0.000082  -0.000066
    26  H   -0.000085  -0.000558   0.000430   0.000078   0.000012   0.000042
    27  Mn   0.008508  -0.048284  -0.045523   0.029369   0.028631   0.000213
               7          8          9         10         11         12
     1  C   -0.006513   0.098220   0.013297   0.006373  -0.011441  -0.025271
     2  C    0.003420  -0.136700  -0.002839  -0.006831   0.016996   0.051885
     3  C    0.012378  -0.209296   0.003780  -0.011786   0.055968   0.110677
     4  C    0.046392  -0.450457  -0.099703  -0.049908   0.166890   0.068505
     5  C   -0.075339   0.702845  -0.003980   0.052362  -0.119324  -0.198272
     6  C    0.010911  -0.041785  -0.039300   0.006657   0.008296   0.017319
     7  N    0.023004  -0.067321   0.014414  -0.004146   0.001277   0.013152
     8  C   -0.067321   1.011431  -0.180617   0.095249  -0.203822  -0.298130
     9  C    0.014414  -0.180617   0.257973  -0.022292  -0.097354   0.041001
    10  C   -0.004146   0.095249  -0.022292   0.065694  -0.000971  -0.035351
    11  C    0.001277  -0.203822  -0.097354  -0.000971   0.813515  -0.337753
    12  C    0.013152  -0.298130   0.041001  -0.035351  -0.337753   0.543665
    13  C    0.042777  -0.406577   0.113645  -0.103031  -0.215844   0.073110
    14  N   -0.005660   0.046235  -0.001833   0.006013  -0.011066  -0.010069
    15  H    0.000104  -0.001806  -0.000078  -0.000016   0.000023   0.000428
    16  H    0.000228  -0.000287   0.000126   0.000000  -0.000020   0.000015
    17  H    0.000246  -0.003582   0.002158  -0.000871  -0.000605   0.000842
    18  H   -0.000023   0.001694  -0.002327   0.001782  -0.000385  -0.000111
    19  H   -0.000006   0.000702  -0.000537   0.000079  -0.002808   0.002119
    20  H    0.000110  -0.008740   0.001489  -0.001412   0.010408   0.004719
    21  N   -0.000019   0.000022   0.000085  -0.000002  -0.000002   0.000016
    22  H    0.000001  -0.000011  -0.000005  -0.000000   0.000000   0.000001
    23  H    0.000000   0.000002   0.000001   0.000000  -0.000000  -0.000000
    24  N    0.000003   0.000070  -0.000001   0.000006   0.000008   0.000087
    25  H    0.000000   0.000001   0.000001  -0.000000  -0.000000  -0.000000
    26  H    0.000000  -0.000003  -0.000001   0.000000  -0.000000  -0.000001
    27  Mn  -0.000817   0.033458   0.008807  -0.001211  -0.075357  -0.027869
              13         14         15         16         17         18
     1  C   -0.074163   0.012202  -0.004521  -0.000388  -0.000023   0.000002
     2  C    0.117919  -0.014057   0.005224  -0.001047  -0.000013  -0.000002
     3  C    0.037501  -0.009861   0.009254   0.000397   0.000031  -0.000010
     4  C    0.220516  -0.051736  -0.004463   0.001753   0.000556  -0.000095
     5  C   -0.369891   0.045819  -0.006045  -0.002374  -0.000875   0.000191
     6  C   -0.051870  -0.004392   0.001092   0.001148  -0.000025   0.000028
     7  N    0.042777  -0.005660   0.000104   0.000228   0.000246  -0.000023
     8  C   -0.406577   0.046235  -0.001806  -0.000287  -0.003582   0.001694
     9  C    0.113645  -0.001833  -0.000078   0.000126   0.002158  -0.002327
    10  C   -0.103031   0.006013  -0.000016   0.000000  -0.000871   0.001782
    11  C   -0.215844  -0.011066   0.000023  -0.000020  -0.000605  -0.000385
    12  C    0.073110  -0.010069   0.000428   0.000015   0.000842  -0.000111
    13  C    0.627599  -0.034866   0.000716   0.000380   0.002124  -0.000746
    14  N   -0.034866   0.059320   0.000535  -0.000049  -0.000062   0.000016
    15  H    0.000716   0.000535  -0.002142   0.000000   0.000000  -0.000000
    16  H    0.000380  -0.000049   0.000000  -0.000011   0.000000   0.000000
    17  H    0.002124  -0.000062   0.000000   0.000000  -0.000033  -0.000001
    18  H   -0.000746   0.000016  -0.000000   0.000000  -0.000001   0.000147
    19  H    0.000525  -0.000033  -0.000000   0.000000   0.000000  -0.000008
    20  H   -0.005845   0.000648   0.000000   0.000000   0.000000   0.000001
    21  N    0.000386   0.000024   0.000019   0.000005   0.000000  -0.000000
    22  H    0.000017  -0.000001  -0.000000  -0.000004  -0.000000   0.000000
    23  H    0.000000   0.000000   0.000000   0.000000  -0.000000   0.000000
    24  N   -0.000522  -0.000093   0.000528   0.000014   0.000000   0.000000
    25  H    0.000009   0.000002   0.000001  -0.000000  -0.000000  -0.000000
    26  H   -0.000007  -0.000002  -0.000048  -0.000000  -0.000000  -0.000000
    27  Mn   0.058664  -0.022701  -0.000404   0.000039   0.000043  -0.000010
              19         20         21         22         23         24
     1  C    0.000001  -0.000036  -0.005271  -0.001050   0.000670   0.007309
     2  C   -0.000001   0.000190   0.009638   0.000813  -0.000737  -0.013802
     3  C   -0.000013   0.000715  -0.003459  -0.000116  -0.000090   0.003420
     4  C   -0.000120   0.001747  -0.000645   0.000046   0.000057   0.001146
     5  C    0.000088  -0.002843   0.002262   0.000055  -0.000028  -0.000743
     6  C    0.000001  -0.000125  -0.002447   0.000230   0.000139   0.001523
     7  N   -0.000006   0.000110  -0.000019   0.000001   0.000000   0.000003
     8  C    0.000702  -0.008740   0.000022  -0.000011   0.000002   0.000070
     9  C   -0.000537   0.001489   0.000085  -0.000005   0.000001  -0.000001
    10  C    0.000079  -0.001412  -0.000002  -0.000000   0.000000   0.000006
    11  C   -0.002808   0.010408  -0.000002   0.000000  -0.000000   0.000008
    12  C    0.002119   0.004719   0.000016   0.000001  -0.000000   0.000087
    13  C    0.000525  -0.005845   0.000386   0.000017   0.000000  -0.000522
    14  N   -0.000033   0.000648   0.000024  -0.000001   0.000000  -0.000093
    15  H   -0.000000   0.000000   0.000019  -0.000000   0.000000   0.000528
    16  H    0.000000   0.000000   0.000005  -0.000004   0.000000   0.000014
    17  H    0.000000   0.000000   0.000000  -0.000000  -0.000000   0.000000
    18  H   -0.000008   0.000001  -0.000000   0.000000   0.000000   0.000000
    19  H   -0.000208   0.000041  -0.000000   0.000000   0.000000  -0.000000
    20  H    0.000041  -0.002188   0.000000  -0.000000  -0.000000  -0.000000
    21  N   -0.000000   0.000000  -0.000632   0.000043  -0.000031  -0.000587
    22  H    0.000000  -0.000000   0.000043   0.000023  -0.000003  -0.000018
    23  H    0.000000  -0.000000  -0.000031  -0.000003  -0.000077   0.000056
    24  N   -0.000000  -0.000000  -0.000587  -0.000018   0.000056   0.004695
    25  H    0.000000  -0.000000   0.000034  -0.000000  -0.000004  -0.000083
    26  H   -0.000000   0.000000  -0.000003  -0.000000   0.000000   0.000061
    27  Mn   0.000002  -0.000440  -0.000059   0.000000   0.000001  -0.000160
              25         26         27
     1  C   -0.000279  -0.000085   0.008508
     2  C    0.000480  -0.000558  -0.048284
     3  C   -0.000145   0.000430  -0.045523
     4  C    0.000074   0.000078   0.029369
     5  C   -0.000082   0.000012   0.028631
     6  C   -0.000066   0.000042   0.000213
     7  N    0.000000   0.000000  -0.000817
     8  C    0.000001  -0.000003   0.033458
     9  C    0.000001  -0.000001   0.008807
    10  C   -0.000000   0.000000  -0.001211
    11  C   -0.000000  -0.000000  -0.075357
    12  C   -0.000000  -0.000001  -0.027869
    13  C    0.000009  -0.000007   0.058664
    14  N    0.000002  -0.000002  -0.022701
    15  H    0.000001  -0.000048  -0.000404
    16  H   -0.000000  -0.000000   0.000039
    17  H   -0.000000  -0.000000   0.000043
    18  H   -0.000000  -0.000000  -0.000010
    19  H    0.000000  -0.000000   0.000002
    20  H   -0.000000   0.000000  -0.000440
    21  N    0.000034  -0.000003  -0.000059
    22  H   -0.000000  -0.000000   0.000000
    23  H   -0.000004   0.000000   0.000001
    24  N   -0.000083   0.000061  -0.000160
    25  H    0.000048   0.000002   0.000002
    26  H    0.000002  -0.000053   0.000025
    27  Mn   0.000002   0.000025   5.036036
 Mulliken charges and spin densities:
               1          2
     1  C    0.132992  -0.007030
     2  C    0.509646  -0.001576
     3  C   -0.244605  -0.001492
     4  C   -0.035302   0.027542
     5  C    0.031959  -0.022235
     6  C   -0.406556   0.005159
     7  N   -0.166530   0.008573
     8  C   -0.101286  -0.019204
     9  C   -0.233882   0.005913
    10  C   -0.178981  -0.003614
    11  C   -0.066124  -0.003371
    12  C   -0.067401  -0.005290
    13  C   -0.029298   0.032529
    14  N    0.077587   0.004333
    15  H    0.183891  -0.001598
    16  H    0.197169  -0.000075
    17  H    0.198760  -0.000090
    18  H    0.204395   0.000144
    19  H    0.206029  -0.000174
    20  H    0.186082  -0.001561
    21  N   -0.688684  -0.000626
    22  H    0.351394   0.000020
    23  H    0.343558  -0.000043
    24  N   -0.651280   0.002919
    25  H    0.351783  -0.000005
    26  H    0.355802  -0.000111
    27  Mn   1.538883   4.980966
 Sum of Mulliken charges =   2.00000   5.00000
 Mulliken charges and spin densities with hydrogens summed into heavy atoms:
               1          2
     1  C    0.132992  -0.007030
     2  C    0.509646  -0.001576
     3  C   -0.060714  -0.003090
     4  C   -0.035302   0.027542
     5  C    0.031959  -0.022235
     6  C   -0.209386   0.005084
     7  N   -0.166530   0.008573
     8  C   -0.101286  -0.019204
     9  C   -0.035122   0.005823
    10  C    0.025414  -0.003470
    11  C    0.139905  -0.003545
    12  C    0.118681  -0.006851
    13  C   -0.029298   0.032529
    14  N    0.077587   0.004333
    21  N    0.006268  -0.000650
    24  N    0.056305   0.002803
    27  Mn   1.538883   4.980966
 APT charges:
               1
     1  C    0.910036
     2  C    1.416934
     3  C   -0.805597
     4  C    0.586719
     5  C    0.077140
     6  C   -0.335398
     7  N    0.199869
     8  C   -0.297464
     9  C    0.261283
    10  C   -0.255625
    11  C   -0.121414
    12  C    0.085634
    13  C   -0.078519
    14  N   -0.490984
    15  H    0.026313
    16  H    0.070963
    17  H    0.067731
    18  H    0.043741
    19  H    0.046356
    20  H    0.017599
    21  N   -1.241748
    22  H    0.254815
    23  H    0.325473
    24  N   -1.466063
    25  H    0.363396
    26  H    0.277666
    27  Mn   2.061142
 Sum of APT charges =   2.00000
 APT charges with hydrogens summed into heavy atoms:
               1
     1  C    0.910036
     2  C    1.416934
     3  C   -0.779284
     4  C    0.586719
     5  C    0.077140
     6  C   -0.264435
     7  N    0.199869
     8  C   -0.297464
     9  C    0.329014
    10  C   -0.211884
    11  C   -0.075058
    12  C    0.103233
    13  C   -0.078519
    14  N   -0.490984
    21  N   -0.661459
    24  N   -0.825001
    27  Mn   2.061142
 Electronic spatial extent (au):  <R**2>=           4977.7799
 Charge=              2.0000 electrons
 Dipole moment (field-independent basis, Debye):
    X=              1.5307    Y=             24.3756    Z=              0.3812  Tot=             24.4266
 Quadrupole moment (field-independent basis, Debye-Ang):
   XX=            -31.9341   YY=            -14.0606   ZZ=           -104.3023
   XY=             22.7155   XZ=             -1.4845   YZ=             -2.6281
 Traceless Quadrupole moment (field-independent basis, Debye-Ang):
   XX=             18.1649   YY=             36.0384   ZZ=            -54.2033
   XY=             22.7155   XZ=             -1.4845   YZ=             -2.6281
 Octapole moment (field-independent basis, Debye-Ang**2):
  XXX=           -107.2024  YYY=            319.0432  ZZZ=              1.0464  XYY=             45.8876
  XXY=             35.6563  XXZ=             10.4090  XZZ=              2.7776  YZZ=             41.0300
  YYZ=              1.9557  XYZ=             15.2300
 Hexadecapole moment (field-independent basis, Debye-Ang**3):
 XXXX=          -2952.1330 YYYY=           -785.4532 ZZZZ=           -114.4185 XXXY=            113.2361
 XXXZ=            -57.7505 YYYX=            324.1652 YYYZ=             -5.8242 ZZZX=             -1.8761
 ZZZY=             -1.4445 XXYY=           -644.6719 XXZZ=           -823.6512 YYZZ=           -295.6895
 XXYZ=            -71.0387 YYXZ=             -3.4619 ZZXY=             46.8648
 N-N= 1.336863154695D+03 E-N=-6.951471883491D+03  KE= 1.825541718880D+03
  Exact polarizability:     555.269     -42.133     257.268       0.222       0.725     125.449
 Approx polarizability:     366.875     -23.983     214.478       0.016       0.997     113.908
                          Isotropic Fermi Contact Couplings
        Atom                 a.u.       MegaHertz       Gauss      10(-4) cm-1
     1  C(13)             -0.00004      -0.01004      -0.00358      -0.00335
     2  C(13)              0.00067       0.15028       0.05362       0.05013
     3  C(13)              0.00419       0.94125       0.33586       0.31397
     4  C(13)              0.00286       0.64374       0.22970       0.21473
     5  C(13)             -0.00008      -0.01755      -0.00626      -0.00585
     6  C(13)              0.00031       0.07074       0.02524       0.02360
     7  N(14)              0.00115       0.07445       0.02657       0.02484
     8  C(13)             -0.00012      -0.02770      -0.00988      -0.00924
     9  C(13)              0.00040       0.08973       0.03202       0.02993
    10  C(13)              0.00006       0.01388       0.00495       0.00463
    11  C(13)              0.00096       0.21671       0.07733       0.07229
    12  C(13)              0.00531       1.19307       0.42572       0.39796
    13  C(13)              0.00267       0.60108       0.21448       0.20050
    14  N(14)              0.01201       0.77608       0.27693       0.25887
    15  H(1)               0.00022       0.19665       0.07017       0.06560
    16  H(1)              -0.00003      -0.02644      -0.00943      -0.00882
    17  H(1)              -0.00004      -0.03522      -0.01257      -0.01175
    18  H(1)               0.00006       0.05250       0.01873       0.01751
    19  H(1)              -0.00005      -0.04460      -0.01592      -0.01488
    20  H(1)               0.00029       0.25589       0.09131       0.08536
    21  N(14)             -0.00023      -0.01459      -0.00521      -0.00487
    22  H(1)               0.00001       0.01076       0.00384       0.00359
    23  H(1)              -0.00003      -0.03010      -0.01074      -0.01004
    24  N(14)              0.00056       0.03650       0.01302       0.01217
    25  H(1)               0.00001       0.00664       0.00237       0.00221
    26  H(1)              -0.00002      -0.02153      -0.00768      -0.00718
    27  Mn(55)             0.45006      99.49402      35.50194      33.18763
 --------------------------------------------------------
       Center         ----  Spin Dipole Couplings  ----
                      3XX-RR        3YY-RR        3ZZ-RR
 --------------------------------------------------------
     1   Atom        0.003755      0.003225     -0.006980
     2   Atom        0.006706     -0.003837     -0.002870
     3   Atom        0.020941      0.001922     -0.022864
     4   Atom       -0.008264      0.025290     -0.017026
     5   Atom       -0.003099      0.014680     -0.011581
     6   Atom       -0.001818      0.003337     -0.001519
     7   Atom       -0.014307      0.002764      0.011543
     8   Atom       -0.005758      0.018667     -0.012910
     9   Atom       -0.004636      0.006141     -0.001505
    10   Atom        0.000735      0.006752     -0.007486
    11   Atom        0.001927      0.003371     -0.005298
    12   Atom        0.003903      0.022161     -0.026063
    13   Atom       -0.022505      0.042512     -0.020007
    14   Atom       -0.055219      0.137420     -0.082201
    15   Atom        0.057348     -0.023610     -0.033738
    16   Atom       -0.000965      0.003651     -0.002686
    17   Atom       -0.002392      0.005130     -0.002738
    18   Atom       -0.000029      0.002641     -0.002612
    19   Atom        0.005767     -0.000111     -0.005656
    20   Atom        0.041979     -0.003386     -0.038593
    21   Atom        0.002480      0.001337     -0.003817
    22   Atom        0.000948      0.000670     -0.001618
    23   Atom        0.002094     -0.000192     -0.001902
    24   Atom        0.005491     -0.006349      0.000857
    25   Atom        0.005090     -0.002176     -0.002915
    26   Atom        0.010680     -0.004968     -0.005712
    27   Atom       -0.027535      0.041097     -0.013562
 --------------------------------------------------------
                        XY            XZ            YZ
 --------------------------------------------------------
     1   Atom        0.006009     -0.000246     -0.000108
     2   Atom        0.009898     -0.000358      0.000445
     3   Atom        0.029852      0.000336      0.000042
     4   Atom        0.032121      0.000193     -0.000025
     5   Atom        0.008583      0.000068      0.000175
     6   Atom        0.005965      0.000147      0.000048
     7   Atom        0.002478     -0.000032     -0.000312
     8   Atom       -0.002688      0.000012      0.000261
     9   Atom       -0.003841     -0.000045      0.000041
    10   Atom       -0.005590     -0.000021      0.000111
    11   Atom       -0.012028     -0.000079      0.000027
    12   Atom       -0.033272     -0.000061      0.000135
    13   Atom       -0.018079     -0.000076      0.000206
    14   Atom        0.031271      0.000014      0.000863
    15   Atom        0.027884      0.001119      0.000332
    16   Atom        0.003399     -0.000005     -0.000021
    17   Atom       -0.001754     -0.000014      0.000060
    18   Atom       -0.003402     -0.000018      0.000031
    19   Atom       -0.007873     -0.000009      0.000006
    20   Atom       -0.051087      0.000219     -0.000103
    21   Atom        0.003325     -0.000741      0.000302
    22   Atom        0.002412     -0.000061     -0.000027
    23   Atom        0.002724     -0.000351     -0.000289
    24   Atom        0.004212     -0.001871     -0.000009
    25   Atom        0.002956      0.000706      0.000261
    26   Atom        0.002326      0.000614      0.000037
    27   Atom        0.011732     -0.000272     -0.000031
 --------------------------------------------------------


 ---------------------------------------------------------------------------------
              Anisotropic Spin Dipole Couplings in Principal Axis System
 ---------------------------------------------------------------------------------

       Atom             a.u.   MegaHertz   Gauss  10(-4) cm-1        Axes

              Baa    -0.0070    -0.937    -0.334    -0.313  0.0253 -0.0043  0.9997
     1 C(13)  Bbb    -0.0025    -0.339    -0.121    -0.113 -0.6909  0.7226  0.0205
              Bcc     0.0095     1.276     0.455     0.426  0.7225  0.6912 -0.0153
 
              Baa    -0.0098    -1.319    -0.470    -0.440 -0.5133  0.8544 -0.0811
     2 C(13)  Bbb    -0.0028    -0.379    -0.135    -0.126 -0.0374  0.0721  0.9967
              Bcc     0.0126     1.697     0.606     0.566  0.8574  0.5146 -0.0050
 
              Baa    -0.0229    -3.069    -1.095    -1.024 -0.0362  0.0418  0.9985
     3 C(13)  Bbb    -0.0199    -2.669    -0.952    -0.890 -0.5890  0.8062 -0.0551
              Bcc     0.0428     5.738     2.048     1.914  0.8073  0.5901  0.0045
 
              Baa    -0.0277    -3.721    -1.328    -1.241  0.8552 -0.5181 -0.0166
     4 C(13)  Bbb    -0.0170    -2.284    -0.815    -0.762  0.0136 -0.0097  0.9999
              Bcc     0.0448     6.005     2.143     2.003  0.5182  0.8553  0.0013
 
              Baa    -0.0116    -1.554    -0.555    -0.518 -0.0018 -0.0061  1.0000
     5 C(13)  Bbb    -0.0066    -0.881    -0.314    -0.294  0.9272 -0.3746 -0.0006
              Bcc     0.0181     2.435     0.869     0.812  0.3746  0.9272  0.0063
 
              Baa    -0.0057    -0.770    -0.275    -0.257  0.8355 -0.5489 -0.0230
     6 C(13)  Bbb    -0.0015    -0.204    -0.073    -0.068  0.0116 -0.0241  0.9996
              Bcc     0.0073     0.974     0.348     0.325  0.5493  0.8355  0.0138
 
              Baa    -0.0147    -0.565    -0.202    -0.189  0.9900 -0.1408 -0.0005
     7 N(14)  Bbb     0.0031     0.120     0.043     0.040  0.1407  0.9894  0.0371
              Bcc     0.0116     0.446     0.159     0.149 -0.0048 -0.0368  0.9993
 
              Baa    -0.0129    -1.733    -0.618    -0.578 -0.0049 -0.0087  1.0000
     8 C(13)  Bbb    -0.0060    -0.812    -0.290    -0.271  0.9941  0.1080  0.0058
              Bcc     0.0190     2.544     0.908     0.849 -0.1081  0.9941  0.0081
 
              Baa    -0.0059    -0.787    -0.281    -0.263  0.9524  0.3047  0.0070
     9 C(13)  Bbb    -0.0015    -0.202    -0.072    -0.067 -0.0048 -0.0078  1.0000
              Bcc     0.0074     0.989     0.353     0.330 -0.3047  0.9524  0.0059
 
              Baa    -0.0075    -1.005    -0.359    -0.335 -0.0037 -0.0092  1.0000
    10 C(13)  Bbb    -0.0026    -0.350    -0.125    -0.117  0.8585  0.5128  0.0079
              Bcc     0.0101     1.354     0.483     0.452 -0.5129  0.8584  0.0060
 
              Baa    -0.0094    -1.262    -0.450    -0.421  0.7280  0.6856  0.0095
    11 C(13)  Bbb    -0.0053    -0.711    -0.254    -0.237 -0.0044 -0.0092  0.9999
              Bcc     0.0147     1.973     0.704     0.658 -0.6856  0.7280  0.0037
 
              Baa    -0.0261    -3.498    -1.248    -1.167 -0.0046 -0.0060  1.0000
    12 C(13)  Bbb    -0.0215    -2.881    -1.028    -0.961  0.7952  0.6064  0.0073
              Bcc     0.0475     6.379     2.276     2.128 -0.6064  0.7952  0.0020
 
              Baa    -0.0272    -3.649    -1.302    -1.217  0.9680  0.2510  0.0030
    13 C(13)  Bbb    -0.0200    -2.685    -0.958    -0.896 -0.0021 -0.0039  1.0000
              Bcc     0.0472     6.334     2.260     2.113 -0.2511  0.9680  0.0033
 
              Baa    -0.0822    -3.170    -1.131    -1.058  0.0048 -0.0046  1.0000
    14 N(14)  Bbb    -0.0602    -2.321    -0.828    -0.774  0.9877 -0.1563 -0.0055
              Bcc     0.1424     5.491     1.959     1.832  0.1563  0.9877  0.0038
 
              Baa    -0.0338   -18.008    -6.426    -6.007 -0.0143  0.0067  0.9999
    15 H(1)   Bbb    -0.0323   -17.225    -6.146    -5.746 -0.2969  0.9548 -0.0107
              Bcc     0.0660    35.234    12.572    11.753  0.9548  0.2970  0.0117
 
              Baa    -0.0028    -1.476    -0.527    -0.492  0.8819 -0.4673 -0.0622
    16 H(1)   Bbb    -0.0027    -1.433    -0.511    -0.478  0.0561 -0.0269  0.9981
              Bcc     0.0055     2.908     1.038     0.970  0.4681  0.8837 -0.0025
 
              Baa    -0.0028    -1.484    -0.529    -0.495  0.9763  0.2164  0.0108
    17 H(1)   Bbb    -0.0027    -1.461    -0.521    -0.487 -0.0089 -0.0096  0.9999
              Bcc     0.0055     2.945     1.051     0.982 -0.2164  0.9763  0.0074
 
              Baa    -0.0026    -1.394    -0.497    -0.465 -0.0058 -0.0097  0.9999
    18 H(1)   Bbb    -0.0023    -1.253    -0.447    -0.418  0.8262  0.5633  0.0103
              Bcc     0.0050     2.647     0.944     0.883 -0.5634  0.8262  0.0048
 
              Baa    -0.0057    -3.018    -1.077    -1.007  0.0037  0.0042  1.0000
    19 H(1)   Bbb    -0.0056    -2.975    -1.062    -0.992  0.5702  0.8215 -0.0055
              Bcc     0.0112     5.993     2.138     1.999  0.8215 -0.5702 -0.0007
 
              Baa    -0.0386   -20.592    -7.348    -6.869 -0.0108 -0.0127  0.9999
    20 H(1)   Bbb    -0.0366   -19.527    -6.968    -6.514  0.5450  0.8383  0.0165
              Bcc     0.0752    40.120    14.316    13.382  0.8384 -0.5451  0.0021
 
              Baa    -0.0040    -0.155    -0.055    -0.052  0.2011 -0.1788  0.9631
    21 N(14)  Bbb    -0.0013    -0.049    -0.017    -0.016 -0.6096  0.7468  0.2660
              Bcc     0.0053     0.204     0.073     0.068  0.7668  0.6406 -0.0412
 
              Baa    -0.0016    -0.873    -0.311    -0.291  0.4216 -0.4317  0.7974
    22 H(1)   Bbb    -0.0016    -0.848    -0.303    -0.283 -0.5417  0.5853  0.6033
              Bcc     0.0032     1.721     0.614     0.574  0.7272  0.6864 -0.0129
 
              Baa    -0.0020    -1.081    -0.386    -0.361 -0.4638  0.7602  0.4549
    23 H(1)   Bbb    -0.0019    -1.021    -0.364    -0.340  0.3100 -0.3418  0.8872
              Bcc     0.0039     2.102     0.750     0.701  0.8299  0.5525 -0.0771
 
              Baa    -0.0077    -0.298    -0.106    -0.099 -0.3114  0.9479 -0.0668
    24 N(14)  Bbb     0.0004     0.015     0.006     0.005  0.2338  0.1446  0.9615
              Bcc     0.0073     0.283     0.101     0.094  0.9211  0.2838 -0.2666
 
              Baa    -0.0032    -1.721    -0.614    -0.574 -0.3318  0.9426 -0.0372
    25 H(1)   Bbb    -0.0030    -1.588    -0.567    -0.530 -0.0899  0.0076  0.9959
              Bcc     0.0062     3.310     1.181     1.104  0.9390  0.3338  0.0822
 
              Baa    -0.0057    -3.063    -1.093    -1.022 -0.0530  0.1122  0.9923
    26 H(1)   Bbb    -0.0053    -2.828    -1.009    -0.943 -0.1385  0.9832 -0.1186
              Bcc     0.0110     5.891     2.102     1.965  0.9889  0.1438  0.0366
 
              Baa    -0.0295    -3.891    -1.388    -1.298  0.9863 -0.1639  0.0165
    27 Mn(55) Bbb    -0.0136    -1.789    -0.638    -0.597 -0.0161  0.0040  0.9999
              Bcc     0.0430     5.680     2.027     1.895  0.1640  0.9865 -0.0013
 

 ---------------------------------------------------------------------------------

 No NMR shielding tensors so no spin-rotation constants.
 Leave Link  601 at Tue Apr 19 21:01:17 2022, MaxMem= 13421772800 cpu:              24.2 elap:               0.8
 (Enter /soft/gaussian/16-c.01/g16/l716.exe)
 Dipole        = 6.02229334D-01 9.59011472D+00 1.49986280D-01
 Polarizability= 5.55268722D+02-4.21327420D+01 2.57268119D+02
                 2.21903454D-01 7.25442971D-01 1.25448990D+02
 HyperPolar    = 9.37155225D+03-1.63347023D+03 2.55244138D+02
                 4.03296212D+02 2.42104666D+01 3.23488748D+00
                -7.28325277D-01 1.39063907D+02 4.88690915D+00
                 1.87014186D+00
 -------------------------------------------------------------------
 Center     Atomic                   Forces (Hartrees/Bohr)
 Number     Number              X              Y              Z
 -------------------------------------------------------------------
      1        6          -0.000859255   -0.000627515   -0.000015327
      2        6          -0.001096817    0.000748854    0.000069098
      3        6           0.000703301    0.000005463    0.000048592
      4        6          -0.000412660    0.000767715    0.000006954
      5        6          -0.000037105   -0.000763023   -0.000012892
      6        6           0.000204099   -0.000059848   -0.000051911
      7        7          -0.000479387    0.000008235    0.000005694
      8        6           0.000395770    0.000363738    0.000018176
      9        6          -0.000256240    0.000093308   -0.000000497
     10        6           0.000227378    0.000243343   -0.000003641
     11        6           0.000108883   -0.000271907   -0.000009434
     12        6          -0.000131371   -0.000050977   -0.000015076
     13        6           0.000084472   -0.000362853   -0.000009695
     14        7           0.000045226    0.000229613   -0.000027970
     15        1          -0.000009197   -0.000016273   -0.000000381
     16        1          -0.000024978    0.000040291    0.000017625
     17        1          -0.000039731   -0.000020711    0.000003633
     18        1           0.000015125   -0.000049801   -0.000003460
     19        1           0.000036113    0.000015262   -0.000013282
     20        1          -0.000027607    0.000038665   -0.000008335
     21        7           0.000912258    0.000274672    0.000223007
     22        1          -0.000085911   -0.000036659   -0.000045450
     23        1          -0.000153758    0.000071219   -0.000078655
     24        7           0.001057811   -0.000561306   -0.000266349
     25        1          -0.000178245   -0.000030469    0.000114852
     26        1          -0.000062320    0.000068121    0.000066431
     27       25          -0.000602521   -0.000117153   -0.000011707
 -------------------------------------------------------------------
 Cartesian Forces:  Max     0.001096817 RMS     0.000328665
 Leave Link  716 at Tue Apr 19 21:01:17 2022, MaxMem= 13421772800 cpu:               2.3 elap:               0.1
 (Enter /soft/gaussian/16-c.01/g16/l106.exe)
 NDeriv=      3 NFrqRd=  0 NDerD0=      0 MskFDP=       0 MskDFD=       0 MskDF0=       0
 Re-enter D2Numr:  atom      0 IXYZ=1 step-up   number 1
 Leave Link  106 at Tue Apr 19 21:01:17 2022, MaxMem= 13421772800 cpu:               5.2 elap:               0.2
 (Enter /soft/gaussian/16-c.01/g16/l301.exe)
 Basis read from rwf:  (6D, 7F)
 No pseudopotential information found on rwf file.
 The following finite field(s) will be applied:
 An electric field of             -0.0003  0.0000  0.0000
   627 basis functions,   980 primitive gaussians,   687 cartesian basis functions
    69 alpha electrons       64 beta electrons
       nuclear repulsion energy      1336.8815914606 Hartrees.
 IExCor= 4639 DFT=T Ex+Corr=wB97XD ExCW=0 ScaHFX=  1.000000
 ScaDFX=  1.000000  1.000000  1.000000  1.000000 ScalE2=  1.000000  1.000000
 IRadAn=      5 IRanWt=     -1 IRanGd=            0 ICorTp=0 IEmpDi=121
 HFx  wShort=  0.000000 wLong=  0.200000 cFull=  0.222036 cShort=  0.000000 cLong=  0.777964
 DFx  wShort=  0.000000 wLong=  0.200000 cFull=  0.000000 cShort=  0.000000 cLong=  1.000000
 NAtoms=   27 NActive=   27 NUniq=   27 SFac= 1.00D+00 NAtFMM=   60 NAOKFM=F Big=F
 Integral buffers will be    131072 words long.
 Raffenetti 2 integral format.
 Two-electron integral symmetry is turned off.
 R6Disp:  Grimme-D2 Dispersion energy=       -0.0184367652 Hartrees.
 Nuclear repulsion after empirical dispersion term =     1336.8631546954 Hartrees.
 No density basis found on file    724.
 Force inversion solution in PCM.
 ------------------------------------------------------------------------------
 Polarizable Continuum Model (PCM)
 =================================
 Model                : C-PCM.
 Atomic radii         : UFF (Universal Force Field).
 Polarization charges : Total charges.
 Charge compensation  : None.
 Solution method      : Matrix inversion.
 Cavity type          : Scaled VdW (van der Waals Surface) (Alpha=1.100).
 Cavity algorithm     : GePol (No added spheres)
                        Default sphere list used, NSphG=   27.
                        Lebedev-Laikov grids with approx.  5.0 points / Ang**2.
                        Smoothing algorithm: York/Karplus (Gamma=1.0000).
                        Polarization charges: spherical gaussians, with
                                              point-specific exponents (IZeta= 3).
                        Self-potential: point-specific (ISelfS= 7).
                        Self-field    : sphere-specific E.n sum rule (ISelfD= 2).
 1st derivatives      : Analytical E(r).r(x)/FMM algorithm (CHGder, D1EAlg=3).
                        Cavity 1st derivative terms included.
 Solvent              : Water, Eps=  78.355300 Eps(inf)=   1.777849
 ------------------------------------------------------------------------------
 GePol: Number of generator spheres                  =      27
 GePol: Total number of spheres                      =      27
 GePol: Number of exposed spheres                    =      27 (100.00%)
 GePol: Number of points                             =    2142
 GePol: Average weight of points                     =       0.13
 GePol: Minimum weight of points                     =   0.35D-10
 GePol: Maximum weight of points                     =    0.21276
 GePol: Number of points with low weight             =     125
 GePol: Fraction of low-weight points (<1% of avg)   =       5.84%
 GePol: Cavity surface area                          =    279.984 Ang**2
 GePol: Cavity volume                                =    296.941 Ang**3
 Leave Link  301 at Tue Apr 19 21:01:17 2022, MaxMem= 13421772800 cpu:               2.6 elap:               0.1
 (Enter /soft/gaussian/16-c.01/g16/l302.exe)
 NPDir=0 NMtPBC=     1 NCelOv=     1 NCel=       1 NClECP=     1 NCelD=      1
         NCelK=      1 NCelE2=     1 NClLst=     1 CellRange=     0.0.
 One-electron integrals computed using PRISM.
 NBasis=   627 RedAO= T EigKep=  1.19D-06  NBF=   627
 NBsUse=   624 1.00D-06 EigRej=  7.90D-07 NBFU=   624
 Precomputing XC quadrature grid using
 IXCGrd= 4 IRadAn=           5 IRanWt=          -1 IRanGd=           0 AccXCQ= 0.00D+00.
 Generated NRdTot=       0 NPtTot=           0 NUsed=           0 NTot=          32
 NSgBfM=   684   684   684   684   684 MxSgAt=    27 MxSgA2=    27.
 Leave Link  302 at Tue Apr 19 21:01:18 2022, MaxMem= 13421772800 cpu:              21.6 elap:               0.6
 (Enter /soft/gaussian/16-c.01/g16/l303.exe)
 DipDrv:  MaxL=1.
 The nuclear repulsion energy is now      1336.8631546954 hartrees.
 Leave Link  303 at Tue Apr 19 21:01:18 2022, MaxMem= 13421772800 cpu:               2.5 elap:               0.1
 (Enter /soft/gaussian/16-c.01/g16/l401.exe)
 Initial guess from the checkpoint file:  "NH2-PHZ-dummy2-Mn-6-Raman.chk"
 B after Tr=     0.000000    0.000000    0.000000
         Rot=    1.000000    0.000000    0.000000    0.000000 Ang=   0.00 deg.
 Guess basis will be translated and rotated to current coordinates.
 JPrj=2 DoOrth=T DoCkMO=T.
 Initial guess <Sx>= 0.0000 <Sy>= 0.0000 <Sz>= 2.5000 <S**2>= 8.7524 S= 2.5004
 Leave Link  401 at Tue Apr 19 21:01:19 2022, MaxMem= 13421772800 cpu:              21.7 elap:               0.6
 (Enter /soft/gaussian/16-c.01/g16/l502.exe)
 Two-electron integral symmetry not used.
 UHF open shell SCF:
 Using DIIS extrapolation, IDIIS=  1040.
 NGot= 13421772800 LenX= 13420799125 LenY= 13420326469
 Requested convergence on RMS density matrix=1.00D-08 within 128 cycles.
 Requested convergence on MAX density matrix=1.00D-06.
 Requested convergence on             energy=1.00D-06.
 No special actions if energy rises.
 Fock matrices will be formed incrementally for  20 cycles.

 Cycle   1  Pass 1  IDiag  1:
 FoFJK:  IHMeth= 1 ICntrl=       0 DoSepK=T KAlg= 0 I1Cent=           0 FoldK=F
 IRaf=         1 NMat=       1 IRICut=       1 DoRegI=T DoRafI=F ISym2E= 0 IDoP0=0 IntGTp=1.
 FoFCou: FMM=F IPFlag=           0 FMFlag=      100000 FMFlg1=           0
         NFxFlg=           0 DoJE=T BraDBF=F KetDBF=F FulRan=T
         wScrn=  0.000000 ICntrl=       500 IOpCl=  0 I1Cent=           0 NGrid=           0
         NMat0=    1 NMatS0=      1 NMatT0=    0 NMatD0=    1 NMtDS0=    0 NMtDT0=    0
 Symmetry not used in FoFCou.
 Inv3:  Mode=1 IEnd=    13764492.
 Iteration    1 A*A^-1 deviation from unit magnitude is 3.22D-15 for    763.
 Iteration    1 A*A^-1 deviation from orthogonality  is 2.46D-15 for   1778   1409.
 Iteration    1 A^-1*A deviation from unit magnitude is 3.33D-15 for   1918.
 Iteration    1 A^-1*A deviation from orthogonality  is 2.33D-15 for   1100    450.
 E= -1832.87257634270    
 DIIS: error= 1.91D-04 at cycle   1 NSaved=   1.
 NSaved= 1 IEnMin= 1 EnMin= -1832.87257634270     IErMin= 1 ErrMin= 1.91D-04
 ErrMax= 1.91D-04  0.00D+00 EMaxC= 1.00D-01 BMatC= 1.90D-05 BMatP= 1.90D-05
 IDIUse=3 WtCom= 9.98D-01 WtEn= 1.91D-03
 Coeff-Com:  0.100D+01
 Coeff-En:   0.100D+01
 Coeff:      0.100D+01
 Gap=     0.528 Goal=   None    Shift=    0.000
 Gap=     0.524 Goal=   None    Shift=    0.000
 RMSDP=1.63D-04 MaxDP=1.89D-02              OVMax= 4.29D-03

 Cycle   2  Pass 1  IDiag  1:
 RMSU=  1.63D-04    CP:  1.00D+00
 E= -1832.87259976442     Delta-E=       -0.000023421728 Rises=F Damp=F
 DIIS: error= 4.82D-05 at cycle   2 NSaved=   2.
 NSaved= 2 IEnMin= 2 EnMin= -1832.87259976442     IErMin= 2 ErrMin= 4.82D-05
 ErrMax= 4.82D-05  0.00D+00 EMaxC= 1.00D-01 BMatC= 1.05D-05 BMatP= 1.90D-05
 IDIUse=1 WtCom= 1.00D+00 WtEn= 0.00D+00
 Coeff-Com:  0.331D+00 0.669D+00
 Coeff:      0.331D+00 0.669D+00
 Gap=     0.247 Goal=   None    Shift=    0.000
 Gap=     0.245 Goal=   None    Shift=    0.000
 RMSDP=4.92D-05 MaxDP=4.65D-03 DE=-2.34D-05 OVMax= 6.27D-04

 Cycle   3  Pass 1  IDiag  1:
 RMSU=  3.24D-05    CP:  1.00D+00  1.23D+00
 E= -1832.87260408065     Delta-E=       -0.000004316229 Rises=F Damp=F
 DIIS: error= 5.57D-05 at cycle   3 NSaved=   3.
 NSaved= 3 IEnMin= 3 EnMin= -1832.87260408065     IErMin= 2 ErrMin= 4.82D-05
 ErrMax= 5.57D-05  0.00D+00 EMaxC= 1.00D-01 BMatC= 1.50D-06 BMatP= 1.05D-05
 IDIUse=1 WtCom= 1.00D+00 WtEn= 0.00D+00
 Coeff-Com: -0.123D+00 0.131D+00 0.992D+00
 Coeff:     -0.123D+00 0.131D+00 0.992D+00
 Gap=     0.247 Goal=   None    Shift=    0.000
 Gap=     0.245 Goal=   None    Shift=    0.000
 RMSDP=4.69D-05 MaxDP=5.82D-03 DE=-4.32D-06 OVMax= 1.58D-03

 Cycle   4  Pass 1  IDiag  1:
 RMSU=  1.09D-05    CP:  1.00D+00  1.48D+00  1.54D+00
 E= -1832.87260632249     Delta-E=       -0.000002241840 Rises=F Damp=F
 DIIS: error= 1.94D-05 at cycle   4 NSaved=   4.
 NSaved= 4 IEnMin= 4 EnMin= -1832.87260632249     IErMin= 4 ErrMin= 1.94D-05
 ErrMax= 1.94D-05  0.00D+00 EMaxC= 1.00D-01 BMatC= 5.28D-07 BMatP= 1.50D-06
 IDIUse=1 WtCom= 1.00D+00 WtEn= 0.00D+00
 Coeff-Com: -0.334D-01-0.150D+00 0.183D+00 0.100D+01
 Coeff:     -0.334D-01-0.150D+00 0.183D+00 0.100D+01
 Gap=     0.247 Goal=   None    Shift=    0.000
 Gap=     0.245 Goal=   None    Shift=    0.000
 RMSDP=1.79D-05 MaxDP=1.91D-03 DE=-2.24D-06 OVMax= 7.13D-04

 Cycle   5  Pass 1  IDiag  1:
 RMSU=  3.38D-06    CP:  1.00D+00  1.56D+00  1.85D+00  1.34D+00
 E= -1832.87260681991     Delta-E=       -0.000000497419 Rises=F Damp=F
 DIIS: error= 9.88D-06 at cycle   5 NSaved=   5.
 NSaved= 5 IEnMin= 5 EnMin= -1832.87260681991     IErMin= 5 ErrMin= 9.88D-06
 ErrMax= 9.88D-06  0.00D+00 EMaxC= 1.00D-01 BMatC= 1.18D-07 BMatP= 5.28D-07
 IDIUse=1 WtCom= 1.00D+00 WtEn= 0.00D+00
 Coeff-Com:  0.113D-01-0.108D+00-0.612D-01 0.371D+00 0.787D+00
 Coeff:      0.113D-01-0.108D+00-0.612D-01 0.371D+00 0.787D+00
 Gap=     0.247 Goal=   None    Shift=    0.000
 Gap=     0.245 Goal=   None    Shift=    0.000
 RMSDP=5.74D-06 MaxDP=6.04D-04 DE=-4.97D-07 OVMax= 3.49D-04

 Cycle   6  Pass 1  IDiag  1:
 RMSU=  1.75D-06    CP:  1.00D+00  1.58D+00  1.95D+00  1.50D+00  1.28D+00
 E= -1832.87260692779     Delta-E=       -0.000000107876 Rises=F Damp=F
 DIIS: error= 4.74D-06 at cycle   6 NSaved=   6.
 NSaved= 6 IEnMin= 6 EnMin= -1832.87260692779     IErMin= 6 ErrMin= 4.74D-06
 ErrMax= 4.74D-06  0.00D+00 EMaxC= 1.00D-01 BMatC= 3.24D-08 BMatP= 1.18D-07
 IDIUse=1 WtCom= 1.00D+00 WtEn= 0.00D+00
 Coeff-Com:  0.125D-01-0.181D-01-0.318D-01-0.133D+00 0.289D+00 0.882D+00
 Coeff:      0.125D-01-0.181D-01-0.318D-01-0.133D+00 0.289D+00 0.882D+00
 Gap=     0.247 Goal=   None    Shift=    0.000
 Gap=     0.245 Goal=   None    Shift=    0.000
 RMSDP=2.30D-06 MaxDP=1.83D-04 DE=-1.08D-07 OVMax= 1.96D-04

 Cycle   7  Pass 1  IDiag  1:
 RMSU=  6.70D-07    CP:  1.00D+00  1.59D+00  1.99D+00  1.56D+00  1.62D+00
                    CP:  1.24D+00
 E= -1832.87260695778     Delta-E=       -0.000000029989 Rises=F Damp=F
 DIIS: error= 2.46D-06 at cycle   7 NSaved=   7.
 NSaved= 7 IEnMin= 7 EnMin= -1832.87260695778     IErMin= 7 ErrMin= 2.46D-06
 ErrMax= 2.46D-06  0.00D+00 EMaxC= 1.00D-01 BMatC= 5.26D-09 BMatP= 3.24D-08
 IDIUse=1 WtCom= 1.00D+00 WtEn= 0.00D+00
 Coeff-Com:  0.295D-02 0.581D-02 0.818D-02-0.115D+00-0.371D-01 0.238D+00
 Coeff-Com:  0.897D+00
 Coeff:      0.295D-02 0.581D-02 0.818D-02-0.115D+00-0.371D-01 0.238D+00
 Coeff:      0.897D+00
 Gap=     0.247 Goal=   None    Shift=    0.000
 Gap=     0.245 Goal=   None    Shift=    0.000
 RMSDP=9.47D-07 MaxDP=6.73D-05 DE=-3.00D-08 OVMax= 9.51D-05

 Cycle   8  Pass 1  IDiag  1:
 RMSU=  2.91D-07    CP:  9.99D-01  1.59D+00  2.00D+00  1.57D+00  1.78D+00
                    CP:  1.42D+00  1.40D+00
 E= -1832.87260696409     Delta-E=       -0.000000006317 Rises=F Damp=F
 DIIS: error= 1.58D-06 at cycle   8 NSaved=   8.
 NSaved= 8 IEnMin= 8 EnMin= -1832.87260696409     IErMin= 8 ErrMin= 1.58D-06
 ErrMax= 1.58D-06  0.00D+00 EMaxC= 1.00D-01 BMatC= 1.21D-09 BMatP= 5.26D-09
 IDIUse=1 WtCom= 1.00D+00 WtEn= 0.00D+00
 Coeff-Com: -0.198D-02 0.486D-02 0.143D-01-0.108D-01-0.829D-01-0.150D+00
 Coeff-Com:  0.331D+00 0.896D+00
 Coeff:     -0.198D-02 0.486D-02 0.143D-01-0.108D-01-0.829D-01-0.150D+00
 Coeff:      0.331D+00 0.896D+00
 Gap=     0.247 Goal=   None    Shift=    0.000
 Gap=     0.245 Goal=   None    Shift=    0.000
 RMSDP=4.34D-07 MaxDP=3.12D-05 DE=-6.32D-09 OVMax= 4.86D-05

 Cycle   9  Pass 1  IDiag  1:
 RMSU=  1.42D-07    CP:  9.99D-01  1.59D+00  2.01D+00  1.57D+00  1.83D+00
                    CP:  1.52D+00  1.69D+00  1.29D+00
 E= -1832.87260696553     Delta-E=       -0.000000001440 Rises=F Damp=F
 DIIS: error= 4.70D-07 at cycle   9 NSaved=   9.
 NSaved= 9 IEnMin= 9 EnMin= -1832.87260696553     IErMin= 9 ErrMin= 4.70D-07
 ErrMax= 4.70D-07  0.00D+00 EMaxC= 1.00D-01 BMatC= 2.02D-10 BMatP= 1.21D-09
 IDIUse=1 WtCom= 1.00D+00 WtEn= 0.00D+00
 Coeff-Com: -0.121D-02 0.103D-02 0.358D-02 0.145D-01-0.199D-01-0.916D-01
 Coeff-Com: -0.466D-01 0.307D+00 0.833D+00
 Coeff:     -0.121D-02 0.103D-02 0.358D-02 0.145D-01-0.199D-01-0.916D-01
 Coeff:     -0.466D-01 0.307D+00 0.833D+00
 Gap=     0.247 Goal=   None    Shift=    0.000
 Gap=     0.245 Goal=   None    Shift=    0.000
 RMSDP=1.25D-07 MaxDP=9.11D-06 DE=-1.44D-09 OVMax= 1.57D-05

 Cycle  10  Pass 1  IDiag  1:
 RMSU=  5.99D-08    CP:  9.99D-01  1.59D+00  2.01D+00  1.57D+00  1.84D+00
                    CP:  1.53D+00  1.75D+00  1.44D+00  1.35D+00
 E= -1832.87260696574     Delta-E=       -0.000000000211 Rises=F Damp=F
 DIIS: error= 2.16D-07 at cycle  10 NSaved=  10.
 NSaved=10 IEnMin=10 EnMin= -1832.87260696574     IErMin=10 ErrMin= 2.16D-07
 ErrMax= 2.16D-07  0.00D+00 EMaxC= 1.00D-01 BMatC= 6.01D-11 BMatP= 2.02D-10
 IDIUse=1 WtCom= 1.00D+00 WtEn= 0.00D+00
 Coeff-Com: -0.272D-04-0.173D-03-0.197D-02 0.679D-02 0.113D-01 0.531D-03
 Coeff-Com: -0.923D-01-0.881D-01 0.345D+00 0.820D+00
 Coeff:     -0.272D-04-0.173D-03-0.197D-02 0.679D-02 0.113D-01 0.531D-03
 Coeff:     -0.923D-01-0.881D-01 0.345D+00 0.820D+00
 Gap=     0.247 Goal=   None    Shift=    0.000
 Gap=     0.245 Goal=   None    Shift=    0.000
 RMSDP=5.67D-08 MaxDP=4.18D-06 DE=-2.11D-10 OVMax= 7.14D-06

 Cycle  11  Pass 1  IDiag  1:
 RMSU=  2.85D-08    CP:  9.99D-01  1.59D+00  2.01D+00  1.57D+00  1.84D+00
                    CP:  1.53D+00  1.76D+00  1.52D+00  1.60D+00  1.30D+00
 E= -1832.87260696581     Delta-E=       -0.000000000071 Rises=F Damp=F
 DIIS: error= 1.24D-07 at cycle  11 NSaved=  11.
 NSaved=11 IEnMin=11 EnMin= -1832.87260696581     IErMin=11 ErrMin= 1.24D-07
 ErrMax= 1.24D-07  0.00D+00 EMaxC= 1.00D-01 BMatC= 1.16D-11 BMatP= 6.01D-11
 IDIUse=1 WtCom= 1.00D+00 WtEn= 0.00D+00
 Coeff-Com:  0.156D-03 0.902D-05-0.772D-03-0.234D-02 0.396D-02 0.164D-01
 Coeff-Com:  0.142D-02-0.626D-01-0.111D+00 0.248D-01 0.113D+01
 Coeff:      0.156D-03 0.902D-05-0.772D-03-0.234D-02 0.396D-02 0.164D-01
 Coeff:      0.142D-02-0.626D-01-0.111D+00 0.248D-01 0.113D+01
 Gap=     0.247 Goal=   None    Shift=    0.000
 Gap=     0.245 Goal=   None    Shift=    0.000
 RMSDP=4.25D-08 MaxDP=3.88D-06 DE=-7.09D-11 OVMax= 4.73D-06

 Cycle  12  Pass 1  IDiag  1:
 RMSU=  1.60D-08    CP:  9.99D-01  1.59D+00  2.01D+00  1.57D+00  1.84D+00
                    CP:  1.53D+00  1.74D+00  1.52D+00  1.74D+00  1.60D+00
                    CP:  1.69D+00
 E= -1832.87260696585     Delta-E=       -0.000000000034 Rises=F Damp=F
 DIIS: error= 8.93D-08 at cycle  12 NSaved=  12.
 NSaved=12 IEnMin=12 EnMin= -1832.87260696585     IErMin=12 ErrMin= 8.93D-08
 ErrMax= 8.93D-08  0.00D+00 EMaxC= 1.00D-01 BMatC= 6.90D-12 BMatP= 1.16D-11
 IDIUse=1 WtCom= 1.00D+00 WtEn= 0.00D+00
 Coeff-Com:  0.341D-04 0.317D-04 0.368D-03-0.216D-02-0.201D-02 0.383D-02
 Coeff-Com:  0.243D-01 0.691D-02-0.111D+00-0.203D+00 0.280D+00 0.100D+01
 Coeff:      0.341D-04 0.317D-04 0.368D-03-0.216D-02-0.201D-02 0.383D-02
 Coeff:      0.243D-01 0.691D-02-0.111D+00-0.203D+00 0.280D+00 0.100D+01
 Gap=     0.247 Goal=   None    Shift=    0.000
 Gap=     0.245 Goal=   None    Shift=    0.000
 RMSDP=2.64D-08 MaxDP=3.62D-06 DE=-3.39D-11 OVMax= 3.13D-06

 Cycle  13  Pass 1  IDiag  1:
 RMSU=  1.07D-08    CP:  9.99D-01  1.59D+00  2.01D+00  1.57D+00  1.83D+00
                    CP:  1.53D+00  1.73D+00  1.52D+00  1.77D+00  1.77D+00
                    CP:  2.19D+00  1.71D+00
 E= -1832.87260696585     Delta-E=       -0.000000000005 Rises=F Damp=F
 DIIS: error= 7.37D-08 at cycle  13 NSaved=  13.
 NSaved=13 IEnMin=13 EnMin= -1832.87260696585     IErMin=13 ErrMin= 7.37D-08
 ErrMax= 7.37D-08  0.00D+00 EMaxC= 1.00D-01 BMatC= 4.26D-12 BMatP= 6.90D-12
 IDIUse=1 WtCom= 1.00D+00 WtEn= 0.00D+00
 Coeff-Com: -0.106D-03-0.875D-04 0.779D-03 0.168D-02-0.449D-02-0.148D-01
 Coeff-Com:  0.678D-02 0.630D-01 0.674D-01-0.925D-01-0.104D+01 0.332D+00
 Coeff-Com:  0.168D+01
 Coeff:     -0.106D-03-0.875D-04 0.779D-03 0.168D-02-0.449D-02-0.148D-01
 Coeff:      0.678D-02 0.630D-01 0.674D-01-0.925D-01-0.104D+01 0.332D+00
 Coeff:      0.168D+01
 Gap=     0.247 Goal=   None    Shift=    0.000
 Gap=     0.245 Goal=   None    Shift=    0.000
 RMSDP=4.30D-08 MaxDP=4.59D-06 DE=-4.55D-12 OVMax= 6.19D-06

 Cycle  14  Pass 1  IDiag  1:
 RMSU=  1.16D-08    CP:  9.99D-01  1.59D+00  2.01D+00  1.57D+00  1.83D+00
                    CP:  1.53D+00  1.73D+00  1.53D+00  1.82D+00  1.96D+00
                    CP:  3.00D+00  3.00D+00  2.53D+00
 E= -1832.87260696589     Delta-E=       -0.000000000035 Rises=F Damp=F
 DIIS: error= 3.16D-08 at cycle  14 NSaved=  14.
 NSaved=14 IEnMin=14 EnMin= -1832.87260696589     IErMin=14 ErrMin= 3.16D-08
 ErrMax= 3.16D-08  0.00D+00 EMaxC= 1.00D-01 BMatC= 1.19D-12 BMatP= 4.26D-12
 IDIUse=1 WtCom= 1.00D+00 WtEn= 0.00D+00
 Coeff-Com: -0.271D-04-0.554D-04-0.722D-04 0.136D-02 0.628D-03-0.397D-02
 Coeff-Com: -0.122D-01 0.430D-02 0.648D-01 0.119D+00-0.258D+00-0.516D+00
 Coeff-Com:  0.180D+00 0.142D+01
 Coeff:     -0.271D-04-0.554D-04-0.722D-04 0.136D-02 0.628D-03-0.397D-02
 Coeff:     -0.122D-01 0.430D-02 0.648D-01 0.119D+00-0.258D+00-0.516D+00
 Coeff:      0.180D+00 0.142D+01
 Gap=     0.247 Goal=   None    Shift=    0.000
 Gap=     0.245 Goal=   None    Shift=    0.000
 RMSDP=2.91D-08 MaxDP=2.91D-06 DE=-3.46D-11 OVMax= 4.31D-06

 Cycle  15  Pass 1  IDiag  1:
 RMSU=  1.84D-08    CP:  9.99D-01  1.59D+00  2.01D+00  1.57D+00  1.83D+00
                    CP:  1.53D+00  1.73D+00  1.54D+00  1.83D+00  2.04D+00
                    CP:  3.00D+00  3.00D+00  3.00D+00  2.50D+00
 E= -1832.87260696591     Delta-E=       -0.000000000018 Rises=F Damp=F
 DIIS: error= 1.35D-08 at cycle  15 NSaved=  15.
 NSaved=15 IEnMin=15 EnMin= -1832.87260696591     IErMin=15 ErrMin= 1.35D-08
 ErrMax= 1.35D-08  0.00D+00 EMaxC= 1.00D-01 BMatC= 2.93D-13 BMatP= 1.19D-12
 IDIUse=1 WtCom= 1.00D+00 WtEn= 0.00D+00
 Coeff-Com:  0.820D-05-0.106D-05-0.169D-03 0.219D-03 0.101D-02 0.894D-03
 Coeff-Com: -0.587D-02-0.907D-02 0.840D-02 0.604D-01 0.795D-01-0.233D+00
 Coeff-Com: -0.211D+00 0.496D+00 0.813D+00
 Coeff:      0.820D-05-0.106D-05-0.169D-03 0.219D-03 0.101D-02 0.894D-03
 Coeff:     -0.587D-02-0.907D-02 0.840D-02 0.604D-01 0.795D-01-0.233D+00
 Coeff:     -0.211D+00 0.496D+00 0.813D+00
 Gap=     0.247 Goal=   None    Shift=    0.000
 Gap=     0.245 Goal=   None    Shift=    0.000
 RMSDP=7.60D-09 MaxDP=8.34D-07 DE=-1.75D-11 OVMax= 1.04D-06

 Error on total polarization charges =  0.01701
 SCF Done:  E(UwB97XD) =  -1832.87260697     A.U. after   15 cycles
            NFock= 15  Conv=0.76D-08     -V/T= 2.0040
 <Sx>= 0.0000 <Sy>= 0.0000 <Sz>= 2.5000 <S**2>= 8.7524 S= 2.5004
 <L.S>=  0.00000000000    
 KE= 1.825544993705D+03 PE=-6.951466709486D+03 EE= 1.956185954119D+03
 Annihilation of the first spin contaminant:
 S**2 before annihilation     8.7524,   after     8.7500
 Leave Link  502 at Tue Apr 19 21:05:39 2022, MaxMem= 13421772800 cpu:            9320.8 elap:             259.9
 (Enter /soft/gaussian/16-c.01/g16/l801.exe)
 DoSCS=F DFT=T ScalE2(SS,OS)=  1.000000  1.000000
 Range of M.O.s used for correlation:     1   624
 NBasis=   627 NAE=    69 NBE=    64 NFC=     0 NFV=     0
 NROrb=    624 NOA=    69 NOB=    64 NVA=   555 NVB=   560

 **** Warning!!: The largest alpha MO coefficient is  0.15557524D+03


 **** Warning!!: The largest beta MO coefficient is  0.17685830D+03

 Leave Link  801 at Tue Apr 19 21:05:39 2022, MaxMem= 13421772800 cpu:               1.3 elap:               0.1
 (Enter /soft/gaussian/16-c.01/g16/l1101.exe)
 Using compressed storage, NAtomX=    27.
 Will process     28 centers per pass.
 R6Disp: Adding Grimme-D2 dispersion energy 1st derivatives to the gradient.
 Leave Link 1101 at Tue Apr 19 21:05:40 2022, MaxMem= 13421772800 cpu:              46.4 elap:               1.3
 (Enter /soft/gaussian/16-c.01/g16/l1102.exe)
 DDipDN:  doing centers     0 through    27.
 Symmetrizing basis deriv contribution to polar:
 IMax=3 JMax=2 DiffMx= 0.00D+00
 Leave Link 1102 at Tue Apr 19 21:05:42 2022, MaxMem= 13421772800 cpu:              51.8 elap:               1.6
 (Enter /soft/gaussian/16-c.01/g16/l1110.exe)
 Forming Gx(P) for the SCF density, NAtomX=    27.
 Integral derivatives from FoFJK, PRISM(SPDF).
 Do as many integral derivatives as possible in FoFJK.
 G2DrvN: MDV=   13421769937.
 G2DrvN: will do    28 centers at a time, making    1 passes.
 Calling FoFCou, ICntrl=  3107 FMM=F I1Cent=   0 AccDes= 0.00D+00.
 FoFJK:  IHMeth= 1 ICntrl=    3107 DoSepK=T KAlg= 0 I1Cent=           0 FoldK=F
 IRaf=         1 NMat=       1 IRICut=       1 DoRegI=T DoRafI=F ISym2E= 0 IDoP0=0 IntGTp=1.
 FoFCou: FMM=F IPFlag=           0 FMFlag=      100000 FMFlg1=           0
         NFxFlg=           0 DoJE=F BraDBF=F KetDBF=F FulRan=T
         wScrn=  0.000000 ICntrl=      3507 IOpCl=  0 I1Cent=           0 NGrid=           0
         NMat0=    1 NMatS0=      1 NMatT0=    0 NMatD0=    1 NMtDS0=    0 NMtDT0=    0
 Symmetry not used in FoFCou.
 NEqPCM:  Using equilibrium solvation (IEInf=0, Eps=  78.3553, EpsInf=   1.7778)
 G2PCM: DoFxE=T DoFxN=T DoGrad=T DoDP/DQ/DG/TGxP=FFFF NFrqRd=   0 IEInf=0 SqF1=F DoCFld=F IF1Alg=4.
 GePol: Maximum number of non-zero 1st derivatives   =     197
 End of G2Drv F.D. properties file   721 does not exist.
 End of G2Drv F.D. properties file   722 does not exist.
 End of G2Drv F.D. properties file   788 does not exist.
 Leave Link 1110 at Tue Apr 19 21:10:34 2022, MaxMem= 13421772800 cpu:           10516.1 elap:             292.3
 (Enter /soft/gaussian/16-c.01/g16/l1002.exe)
 Minotr:  UHF open shell wavefunction.
          IDoAtm=111111111111111111111111111
 NEqPCM:  Using equilibrium solvation (IEInf=0, Eps=  78.3553, EpsInf=   1.7778)
          Direct CPHF calculation.
          Differentiating once with respect to electric field.
                with respect to dipole field.
          Requested convergence is 1.0D-08 RMS, and 1.0D-07 maximum.
          Secondary convergence is 1.0D-12 RMS, and 1.0D-12 maximum.
          NewPWx=T KeepS1=F KeepF1=F KeepIn=T MapXYZ=F SortEE=F KeepMc=T.
         8502 words used for storage of precomputed grid.
 Two-electron integral symmetry not used.
          MDV=   13421772800 using IRadAn=       1.
          Solving linear equations simultaneously, MaxMat=     360.
 FoF2E skips out because all densities are zero.
 CalDSu exits because no D1Ps are significant.
          There are     3 degrees of freedom in the 1st order CPHF.  IDoFFX=4 NUNeed=     3.
      3 vectors produced by pass  0 Test12= 2.47D-12 3.33D-08 XBig12= 5.29D+02 1.26D+01.
 AX will form     3 AO Fock derivatives at one time.
 FoFJK:  IHMeth= 1 ICntrl=       0 DoSepK=T KAlg= 0 I1Cent=           0 FoldK=F
 IRaf=         1 NMat=       3 IRICut=       1 DoRegI=T DoRafI=F ISym2E= 0 IDoP0=0 IntGTp=1.
      3 vectors produced by pass  1 Test12= 2.47D-12 3.33D-08 XBig12= 5.58D+01 9.86D-01.
      3 vectors produced by pass  2 Test12= 2.47D-12 3.33D-08 XBig12= 1.51D+01 1.23D+00.
      3 vectors produced by pass  3 Test12= 2.47D-12 3.33D-08 XBig12= 2.29D+00 2.77D-01.
      3 vectors produced by pass  4 Test12= 2.47D-12 3.33D-08 XBig12= 8.86D-01 2.77D-01.
      3 vectors produced by pass  5 Test12= 2.47D-12 3.33D-08 XBig12= 1.48D-01 1.01D-01.
      3 vectors produced by pass  6 Test12= 2.47D-12 3.33D-08 XBig12= 3.38D-02 2.61D-02.
      3 vectors produced by pass  7 Test12= 2.47D-12 3.33D-08 XBig12= 5.98D-03 1.98D-02.
      3 vectors produced by pass  8 Test12= 2.47D-12 3.33D-08 XBig12= 1.95D-03 1.14D-02.
      3 vectors produced by pass  9 Test12= 2.47D-12 3.33D-08 XBig12= 8.02D-04 7.84D-03.
      3 vectors produced by pass 10 Test12= 2.47D-12 3.33D-08 XBig12= 1.24D-04 1.77D-03.
      3 vectors produced by pass 11 Test12= 2.47D-12 3.33D-08 XBig12= 1.10D-05 5.94D-04.
      3 vectors produced by pass 12 Test12= 2.47D-12 3.33D-08 XBig12= 1.26D-06 2.11D-04.
      3 vectors produced by pass 13 Test12= 2.47D-12 3.33D-08 XBig12= 3.24D-07 9.85D-05.
      3 vectors produced by pass 14 Test12= 2.47D-12 3.33D-08 XBig12= 6.46D-08 7.63D-05.
      3 vectors produced by pass 15 Test12= 2.47D-12 3.33D-08 XBig12= 6.69D-09 1.77D-05.
      3 vectors produced by pass 16 Test12= 2.47D-12 3.33D-08 XBig12= 5.01D-10 4.24D-06.
      3 vectors produced by pass 17 Test12= 2.47D-12 3.33D-08 XBig12= 5.98D-11 1.19D-06.
      2 vectors produced by pass 18 Test12= 2.47D-12 3.33D-08 XBig12= 5.03D-12 3.97D-07.
      2 vectors produced by pass 19 Test12= 2.47D-12 3.33D-08 XBig12= 4.05D-13 1.24D-07.
      1 vectors produced by pass 20 Test12= 2.47D-12 3.33D-08 XBig12= 3.22D-14 3.50D-08.
 InvSVY:  IOpt=1 It=  1 EMax= 8.88D-15
 Solved reduced A of dimension    59 with     3 vectors.
 FullF1:  Do perturbations      1 to       3.
 SCF Polarizability for W=    0.000000:
                1             2             3 
      1  0.549267D+03
      2 -0.410746D+02  0.257112D+03
      3  0.206311D+00  0.723345D+00  0.125366D+03
 Isotropic polarizability for W=    0.000000      310.58 Bohr**3.
 SCF Static Hyperpolarizability:
 K=  1 block:
                1 
      1  0.863644D+04
 K=  2 block:
                1             2 
      1 -0.154067D+04
      2  0.213462D+03  0.404055D+03
 K=  3 block:
                1             2             3 
      1  0.228637D+02
      2  0.285343D+01 -0.592554D+00
      3  0.110132D+03  0.713576D+01  0.185156D+01
 End of Minotr F.D. properties file   721 does not exist.
 End of Minotr F.D. properties file   722 does not exist.
 End of Minotr F.D. properties file   788 does not exist.
 Leave Link 1002 at Tue Apr 19 21:22:54 2022, MaxMem= 13421772800 cpu:           26621.3 elap:             739.8
 (Enter /soft/gaussian/16-c.01/g16/l601.exe)
 Copying SCF densities to generalized density rwf, IOpCl= 1 IROHF=0.

 **********************************************************************

            Population analysis using the SCF Density.

 **********************************************************************

 Alpha  occ. eigenvalues -- -235.76925 -27.57792 -23.63239 -23.63192 -23.63006
 Alpha  occ. eigenvalues --  -14.51492 -14.49013 -14.48543 -14.48188 -10.38700
 Alpha  occ. eigenvalues --  -10.38425 -10.37612 -10.37347 -10.36935 -10.35956
 Alpha  occ. eigenvalues --  -10.32673 -10.32602 -10.32108 -10.32029 -10.31977
 Alpha  occ. eigenvalues --  -10.31667  -3.44764  -2.30896  -2.30704  -2.30574
 Alpha  occ. eigenvalues --   -1.11525  -1.07709  -1.04572  -1.02837  -0.98316
 Alpha  occ. eigenvalues --   -0.94075  -0.88569  -0.86624  -0.85187  -0.79376
 Alpha  occ. eigenvalues --   -0.76271  -0.74495  -0.72358  -0.68102  -0.67273
 Alpha  occ. eigenvalues --   -0.65910  -0.62018  -0.61028  -0.59925  -0.59789
 Alpha  occ. eigenvalues --   -0.56519  -0.56358  -0.54516  -0.54413  -0.53763
 Alpha  occ. eigenvalues --   -0.52912  -0.50984  -0.50651  -0.48008  -0.47836
 Alpha  occ. eigenvalues --   -0.46828  -0.46795  -0.46736  -0.46394  -0.45971
 Alpha  occ. eigenvalues --   -0.45645  -0.45420  -0.43245  -0.42203  -0.38359
 Alpha  occ. eigenvalues --   -0.36594  -0.35317  -0.30331  -0.30016
 Alpha virt. eigenvalues --   -0.05334   0.00308   0.02406   0.03758   0.04546
 Alpha virt. eigenvalues --    0.04642   0.05544   0.06270   0.06915   0.07218
 Alpha virt. eigenvalues --    0.07719   0.08373   0.09636   0.10153   0.10837
 Alpha virt. eigenvalues --    0.11254   0.11468   0.11845   0.12232   0.12547
 Alpha virt. eigenvalues --    0.12988   0.14314   0.14406   0.14644   0.14902
 Alpha virt. eigenvalues --    0.15380   0.15732   0.16250   0.16900   0.16962
 Alpha virt. eigenvalues --    0.17965   0.18214   0.18617   0.18844   0.19512
 Alpha virt. eigenvalues --    0.19994   0.20254   0.20572   0.21027   0.21213
 Alpha virt. eigenvalues --    0.21741   0.21958   0.22146   0.22964   0.23368
 Alpha virt. eigenvalues --    0.23680   0.23921   0.25021   0.25403   0.25653
 Alpha virt. eigenvalues --    0.25994   0.26141   0.26428   0.27110   0.27195
 Alpha virt. eigenvalues --    0.27759   0.28156   0.28499   0.28733   0.29328
 Alpha virt. eigenvalues --    0.29380   0.29594   0.30051   0.30252   0.31018
 Alpha virt. eigenvalues --    0.31340   0.31474   0.32251   0.32433   0.32681
 Alpha virt. eigenvalues --    0.33202   0.33532   0.33736   0.34421   0.34735
 Alpha virt. eigenvalues --    0.34948   0.35450   0.36215   0.36274   0.36938
 Alpha virt. eigenvalues --    0.37377   0.37814   0.38186   0.38472   0.39426
 Alpha virt. eigenvalues --    0.40073   0.40203   0.40850   0.41341   0.41449
 Alpha virt. eigenvalues --    0.41838   0.42508   0.43448   0.43839   0.44174
 Alpha virt. eigenvalues --    0.45373   0.45816   0.46411   0.47519   0.47563
 Alpha virt. eigenvalues --    0.49067   0.51182   0.51549   0.53519   0.54385
 Alpha virt. eigenvalues --    0.58312   0.59207   0.59825   0.61392   0.64871
 Alpha virt. eigenvalues --    0.65175   0.66097   0.66984   0.67370   0.69354
 Alpha virt. eigenvalues --    0.69958   0.70399   0.71401   0.72037   0.72288
 Alpha virt. eigenvalues --    0.72676   0.73195   0.73773   0.74214   0.74656
 Alpha virt. eigenvalues --    0.74848   0.76678   0.76970   0.77569   0.78032
 Alpha virt. eigenvalues --    0.78926   0.79592   0.82378   0.82594   0.84173
 Alpha virt. eigenvalues --    0.84732   0.85510   0.86439   0.87361   0.88116
 Alpha virt. eigenvalues --    0.89798   0.90034   0.90138   0.90858   0.91064
 Alpha virt. eigenvalues --    0.91095   0.91162   0.91870   0.93268   0.93430
 Alpha virt. eigenvalues --    0.93867   0.94310   0.94830   0.95128   0.95557
 Alpha virt. eigenvalues --    0.95801   0.96325   0.96960   0.97155   0.98336
 Alpha virt. eigenvalues --    0.98649   0.99583   1.00343   1.00505   1.01842
 Alpha virt. eigenvalues --    1.02166   1.02835   1.03156   1.03593   1.04644
 Alpha virt. eigenvalues --    1.04819   1.05783   1.06137   1.06794   1.08344
 Alpha virt. eigenvalues --    1.08938   1.09260   1.10032   1.11063   1.11992
 Alpha virt. eigenvalues --    1.13686   1.14320   1.16012   1.17289   1.18478
 Alpha virt. eigenvalues --    1.19262   1.21935   1.22336   1.24353   1.24870
 Alpha virt. eigenvalues --    1.26395   1.26993   1.27354   1.28058   1.28930
 Alpha virt. eigenvalues --    1.30722   1.32930   1.34944   1.36616   1.37100
 Alpha virt. eigenvalues --    1.38127   1.39210   1.39626   1.40404   1.42992
 Alpha virt. eigenvalues --    1.43769   1.45678   1.46504   1.47158   1.48458
 Alpha virt. eigenvalues --    1.49005   1.49413   1.49903   1.50191   1.51790
 Alpha virt. eigenvalues --    1.51958   1.54111   1.54365   1.55996   1.56458
 Alpha virt. eigenvalues --    1.56805   1.57335   1.58937   1.59665   1.60923
 Alpha virt. eigenvalues --    1.61473   1.62793   1.63300   1.64441   1.65029
 Alpha virt. eigenvalues --    1.65368   1.66214   1.67312   1.68117   1.68647
 Alpha virt. eigenvalues --    1.68969   1.70093   1.71868   1.72999   1.73558
 Alpha virt. eigenvalues --    1.74627   1.79971   1.80192   1.80634   1.83982
 Alpha virt. eigenvalues --    1.84357   1.86146   1.87343   1.90475   1.92342
 Alpha virt. eigenvalues --    1.93855   1.97584   1.97824   1.99124   2.00357
 Alpha virt. eigenvalues --    2.00884   2.03415   2.05558   2.06522   2.07249
 Alpha virt. eigenvalues --    2.08900   2.10478   2.12204   2.16971   2.19365
 Alpha virt. eigenvalues --    2.21231   2.22068   2.22665   2.25687   2.25930
 Alpha virt. eigenvalues --    2.31444   2.31889   2.33067   2.34593   2.35000
 Alpha virt. eigenvalues --    2.36138   2.37356   2.39365   2.41143   2.44182
 Alpha virt. eigenvalues --    2.45070   2.46517   2.49650   2.52295   2.53528
 Alpha virt. eigenvalues --    2.54359   2.59383   2.65313   2.66632   2.69682
 Alpha virt. eigenvalues --    2.70507   2.71100   2.72423   2.74072   2.77464
 Alpha virt. eigenvalues --    2.78939   2.79193   2.84266   2.88286   2.89438
 Alpha virt. eigenvalues --    2.90977   2.92144   2.93765   2.94482   2.95246
 Alpha virt. eigenvalues --    2.97084   2.98187   3.00803   3.00957   3.01694
 Alpha virt. eigenvalues --    3.02732   3.03903   3.04359   3.04799   3.07182
 Alpha virt. eigenvalues --    3.08132   3.09918   3.10873   3.11241   3.11920
 Alpha virt. eigenvalues --    3.13262   3.14780   3.16015   3.16110   3.17009
 Alpha virt. eigenvalues --    3.17530   3.18625   3.19414   3.20479   3.21689
 Alpha virt. eigenvalues --    3.22905   3.23801   3.24297   3.26067   3.26514
 Alpha virt. eigenvalues --    3.27096   3.28125   3.28758   3.30153   3.30547
 Alpha virt. eigenvalues --    3.32345   3.32683   3.34217   3.34723   3.35199
 Alpha virt. eigenvalues --    3.36522   3.37761   3.38862   3.39663   3.41293
 Alpha virt. eigenvalues --    3.42926   3.45597   3.47334   3.49200   3.50470
 Alpha virt. eigenvalues --    3.51160   3.52991   3.53690   3.55351   3.58350
 Alpha virt. eigenvalues --    3.58517   3.62175   3.62769   3.63768   3.65518
 Alpha virt. eigenvalues --    3.66084   3.67064   3.69330   3.71216   3.72250
 Alpha virt. eigenvalues --    3.72935   3.74022   3.75521   3.77566   3.78445
 Alpha virt. eigenvalues --    3.79598   3.80549   3.82318   3.84815   3.85332
 Alpha virt. eigenvalues --    3.86272   3.87589   3.89274   3.90127   3.92028
 Alpha virt. eigenvalues --    3.93858   3.95788   3.97337   3.98173   3.99841
 Alpha virt. eigenvalues --    4.01663   4.01729   4.01810   4.02064   4.02760
 Alpha virt. eigenvalues --    4.03347   4.04903   4.05312   4.05611   4.06376
 Alpha virt. eigenvalues --    4.10443   4.11106   4.13349   4.13816   4.15570
 Alpha virt. eigenvalues --    4.16524   4.16831   4.18566   4.19633   4.20998
 Alpha virt. eigenvalues --    4.21567   4.22511   4.25274   4.26457   4.27344
 Alpha virt. eigenvalues --    4.27839   4.30070   4.30458   4.34010   4.34534
 Alpha virt. eigenvalues --    4.35368   4.35751   4.37467   4.38622   4.39384
 Alpha virt. eigenvalues --    4.40038   4.41652   4.43122   4.44144   4.44903
 Alpha virt. eigenvalues --    4.45092   4.45978   4.47226   4.48696   4.49048
 Alpha virt. eigenvalues --    4.50632   4.51840   4.52263   4.52732   4.54196
 Alpha virt. eigenvalues --    4.54713   4.55306   4.57211   4.57407   4.58012
 Alpha virt. eigenvalues --    4.59293   4.60007   4.60557   4.61638   4.62753
 Alpha virt. eigenvalues --    4.63281   4.63388   4.64551   4.66279   4.66505
 Alpha virt. eigenvalues --    4.68375   4.68805   4.69266   4.70298   4.71417
 Alpha virt. eigenvalues --    4.72559   4.73484   4.73926   4.74974   4.75512
 Alpha virt. eigenvalues --    4.76273   4.76623   4.78032   4.78561   4.80783
 Alpha virt. eigenvalues --    4.81403   4.82867   4.83770   4.84099   4.87287
 Alpha virt. eigenvalues --    4.89698   4.90395   4.91926   4.92531   4.96711
 Alpha virt. eigenvalues --    4.97217   4.98369   4.99461   5.01864   5.05818
 Alpha virt. eigenvalues --    5.07409   5.10313   5.11009   5.12833   5.14843
 Alpha virt. eigenvalues --    5.16832   5.18770   5.20406   5.22709   5.24006
 Alpha virt. eigenvalues --    5.24963   5.25962   5.28082   5.30066   5.32643
 Alpha virt. eigenvalues --    5.37360   5.38351   5.41104   5.43031   5.45270
 Alpha virt. eigenvalues --    5.48471   5.50759   5.55808   5.57442   5.61468
 Alpha virt. eigenvalues --    5.64283   5.65371   5.71207   5.74695   5.80688
 Alpha virt. eigenvalues --    5.84112   5.85948   5.87442   5.91626   5.91913
 Alpha virt. eigenvalues --    5.95695   5.98340   6.04885   6.05858   6.13942
 Alpha virt. eigenvalues --    6.22075   6.27495   6.41527   6.52897   6.61118
 Alpha virt. eigenvalues --    6.84488   7.01035   8.97043   9.48119  11.10986
 Alpha virt. eigenvalues --   11.33746  11.42988  11.43737  11.54389  11.55191
 Alpha virt. eigenvalues --   11.74717  12.05157  12.05631  12.24472  12.40761
 Alpha virt. eigenvalues --   12.43530  12.57416  12.68326  13.18303  13.61392
 Alpha virt. eigenvalues --   17.26583  18.23213  26.56223  28.35578  38.51640
  Beta  occ. eigenvalues -- -235.76811 -27.49225 -23.56070 -23.56012 -23.55908
  Beta  occ. eigenvalues --  -14.51492 -14.49009 -14.48528 -14.48189 -10.38694
  Beta  occ. eigenvalues --  -10.38411 -10.37615 -10.37335 -10.36939 -10.35961
  Beta  occ. eigenvalues --  -10.32667 -10.32597 -10.32107 -10.32030 -10.31972
  Beta  occ. eigenvalues --  -10.31663  -3.22581  -2.06895  -2.06660  -2.06401
  Beta  occ. eigenvalues --   -1.11491  -1.07703  -1.04534  -1.02833  -0.98305
  Beta  occ. eigenvalues --   -0.94063  -0.88551  -0.86612  -0.85173  -0.79359
  Beta  occ. eigenvalues --   -0.76247  -0.74451  -0.72327  -0.68089  -0.67232
  Beta  occ. eigenvalues --   -0.65874  -0.62007  -0.60994  -0.59802  -0.59781
  Beta  occ. eigenvalues --   -0.56487  -0.56275  -0.54439  -0.54375  -0.53684
  Beta  occ. eigenvalues --   -0.52855  -0.50636  -0.48949  -0.46920  -0.46792
  Beta  occ. eigenvalues --   -0.46270  -0.45943  -0.45524  -0.43320  -0.38363
  Beta  occ. eigenvalues --   -0.36892  -0.35319  -0.30376  -0.30007
  Beta virt. eigenvalues --   -0.05541   0.01622   0.02169   0.02224   0.02330
  Beta virt. eigenvalues --    0.02611   0.02920   0.03745   0.04814   0.05622
  Beta virt. eigenvalues --    0.06027   0.06304   0.07475   0.07744   0.07845
  Beta virt. eigenvalues --    0.08375   0.08467   0.09917   0.10284   0.10898
  Beta virt. eigenvalues --    0.11639   0.11802   0.12068   0.12443   0.12695
  Beta virt. eigenvalues --    0.13321   0.14481   0.14764   0.15145   0.15357
  Beta virt. eigenvalues --    0.15835   0.16457   0.16520   0.17197   0.17758
  Beta virt. eigenvalues --    0.18117   0.18411   0.19008   0.19994   0.20065
  Beta virt. eigenvalues --    0.20334   0.21098   0.21345   0.21653   0.21867
  Beta virt. eigenvalues --    0.22039   0.22262   0.22909   0.23429   0.23754
  Beta virt. eigenvalues --    0.23883   0.24336   0.25295   0.25489   0.25994
  Beta virt. eigenvalues --    0.26254   0.26470   0.26836   0.27321   0.27375
  Beta virt. eigenvalues --    0.28184   0.28305   0.28785   0.29306   0.29441
  Beta virt. eigenvalues --    0.29568   0.30097   0.30552   0.30727   0.31271
  Beta virt. eigenvalues --    0.31666   0.32164   0.32544   0.32617   0.33026
  Beta virt. eigenvalues --    0.33531   0.33727   0.34089   0.34595   0.34851
  Beta virt. eigenvalues --    0.35504   0.36556   0.36851   0.36986   0.37207
  Beta virt. eigenvalues --    0.37659   0.37916   0.38352   0.38994   0.39655
  Beta virt. eigenvalues --    0.40466   0.41473   0.41832   0.41889   0.43162
  Beta virt. eigenvalues --    0.43436   0.43946   0.44246   0.44509   0.45312
  Beta virt. eigenvalues --    0.46186   0.47064   0.47896   0.48788   0.50737
  Beta virt. eigenvalues --    0.51453   0.51979   0.54038   0.54316   0.55828
  Beta virt. eigenvalues --    0.58655   0.61621   0.62627   0.64018   0.65168
  Beta virt. eigenvalues --    0.65747   0.66248   0.67067   0.68231   0.69829
  Beta virt. eigenvalues --    0.70138   0.70624   0.71535   0.72067   0.72373
  Beta virt. eigenvalues --    0.72836   0.73621   0.74044   0.74300   0.74748
  Beta virt. eigenvalues --    0.75081   0.77119   0.77278   0.77643   0.78360
  Beta virt. eigenvalues --    0.78960   0.80425   0.82405   0.82677   0.84193
  Beta virt. eigenvalues --    0.84946   0.85531   0.86832   0.87590   0.88244
  Beta virt. eigenvalues --    0.89930   0.90190   0.90279   0.90965   0.91166
  Beta virt. eigenvalues --    0.91291   0.91465   0.92014   0.93544   0.93687
  Beta virt. eigenvalues --    0.94209   0.94520   0.94892   0.95397   0.95878
  Beta virt. eigenvalues --    0.95968   0.96372   0.97236   0.97263   0.98396
  Beta virt. eigenvalues --    0.98775   0.99654   1.00424   1.00614   1.01962
  Beta virt. eigenvalues --    1.02289   1.03067   1.03402   1.03746   1.04888
  Beta virt. eigenvalues --    1.04974   1.05965   1.06226   1.06946   1.08535
  Beta virt. eigenvalues --    1.09034   1.09395   1.10147   1.11260   1.12093
  Beta virt. eigenvalues --    1.14238   1.14691   1.16938   1.17789   1.18775
  Beta virt. eigenvalues --    1.19830   1.23825   1.24546   1.25140   1.25338
  Beta virt. eigenvalues --    1.26605   1.27376   1.28233   1.31686   1.32275
  Beta virt. eigenvalues --    1.34140   1.34546   1.35932   1.37308   1.37768
  Beta virt. eigenvalues --    1.39192   1.39771   1.41749   1.43688   1.44719
  Beta virt. eigenvalues --    1.44986   1.46541   1.47818   1.48635   1.48798
  Beta virt. eigenvalues --    1.49777   1.49874   1.51502   1.51950   1.52274
  Beta virt. eigenvalues --    1.53407   1.54653   1.55978   1.57008   1.57585
  Beta virt. eigenvalues --    1.58267   1.59786   1.61100   1.62903   1.63396
  Beta virt. eigenvalues --    1.63633   1.64941   1.65432   1.65455   1.65900
  Beta virt. eigenvalues --    1.68124   1.68910   1.69059   1.71478   1.72550
  Beta virt. eigenvalues --    1.73683   1.73773   1.74371   1.76871   1.77364
  Beta virt. eigenvalues --    1.79410   1.80149   1.81137   1.82340   1.84209
  Beta virt. eigenvalues --    1.84646   1.86935   1.87970   1.90942   1.92766
  Beta virt. eigenvalues --    1.94111   1.97982   1.98354   1.99503   2.01342
  Beta virt. eigenvalues --    2.03334   2.03742   2.05876   2.06608   2.07269
  Beta virt. eigenvalues --    2.09079   2.10876   2.12699   2.16980   2.19455
  Beta virt. eigenvalues --    2.21520   2.22437   2.23214   2.25810   2.26070
  Beta virt. eigenvalues --    2.31537   2.32019   2.33134   2.34669   2.35043
  Beta virt. eigenvalues --    2.36175   2.37488   2.39486   2.43071   2.44701
  Beta virt. eigenvalues --    2.45100   2.47292   2.49702   2.52454   2.53705
  Beta virt. eigenvalues --    2.54453   2.59395   2.65476   2.66730   2.69865
  Beta virt. eigenvalues --    2.70555   2.71861   2.72560   2.78462   2.79060
  Beta virt. eigenvalues --    2.82459   2.84282   2.84626   2.88379   2.89706
  Beta virt. eigenvalues --    2.91208   2.93464   2.94311   2.94556   2.95310
  Beta virt. eigenvalues --    2.97398   2.99990   3.00905   3.01011   3.02158
  Beta virt. eigenvalues --    3.02906   3.04039   3.04470   3.04972   3.07254
  Beta virt. eigenvalues --    3.08217   3.10295   3.11146   3.11417   3.12353
  Beta virt. eigenvalues --    3.13551   3.14833   3.16163   3.16300   3.17041
  Beta virt. eigenvalues --    3.17563   3.18830   3.19439   3.20506   3.21784
  Beta virt. eigenvalues --    3.22965   3.23875   3.24325   3.26115   3.26589
  Beta virt. eigenvalues --    3.27122   3.28155   3.28798   3.30185   3.30692
  Beta virt. eigenvalues --    3.32370   3.32744   3.34248   3.34792   3.35274
  Beta virt. eigenvalues --    3.36564   3.37797   3.38879   3.39823   3.41414
  Beta virt. eigenvalues --    3.43026   3.45857   3.47385   3.49238   3.50555
  Beta virt. eigenvalues --    3.51257   3.53047   3.53751   3.55389   3.58390
  Beta virt. eigenvalues --    3.58566   3.62300   3.62927   3.63867   3.65563
  Beta virt. eigenvalues --    3.66319   3.67195   3.69410   3.71314   3.72592
  Beta virt. eigenvalues --    3.72964   3.74086   3.75653   3.77639   3.78501
  Beta virt. eigenvalues --    3.79683   3.80726   3.82411   3.84954   3.85392
  Beta virt. eigenvalues --    3.86353   3.87649   3.89513   3.90323   3.92199
  Beta virt. eigenvalues --    3.95081   3.96167   3.98466   4.00517   4.01865
  Beta virt. eigenvalues --    4.02862   4.05432   4.06287   4.07220   4.10322
  Beta virt. eigenvalues --    4.10866   4.11731   4.12427   4.12862   4.13024
  Beta virt. eigenvalues --    4.13564   4.13882   4.14033   4.15536   4.16955
  Beta virt. eigenvalues --    4.17407   4.19353   4.20813   4.21318   4.22193
  Beta virt. eigenvalues --    4.22836   4.23418   4.25647   4.26875   4.27861
  Beta virt. eigenvalues --    4.28460   4.30433   4.30792   4.34127   4.34610
  Beta virt. eigenvalues --    4.35616   4.35821   4.37624   4.39231   4.39958
  Beta virt. eigenvalues --    4.41610   4.41936   4.44066   4.45585   4.46660
  Beta virt. eigenvalues --    4.46998   4.48437   4.50423   4.51899   4.52925
  Beta virt. eigenvalues --    4.54397   4.54997   4.56777   4.56970   4.57564
  Beta virt. eigenvalues --    4.58050   4.59626   4.60099   4.61395   4.61624
  Beta virt. eigenvalues --    4.61930   4.62537   4.63454   4.63883   4.64572
  Beta virt. eigenvalues --    4.65141   4.65909   4.67571   4.67682   4.67842
  Beta virt. eigenvalues --    4.69506   4.70500   4.71088   4.72010   4.73154
  Beta virt. eigenvalues --    4.73917   4.74510   4.75385   4.75720   4.76184
  Beta virt. eigenvalues --    4.76741   4.77402   4.79253   4.80804   4.81836
  Beta virt. eigenvalues --    4.83041   4.84285   4.85392   4.85429   4.87654
  Beta virt. eigenvalues --    4.90668   4.92089   4.92835   4.95562   4.97133
  Beta virt. eigenvalues --    4.97483   4.98704   4.99889   5.01994   5.05864
  Beta virt. eigenvalues --    5.07470   5.10353   5.11101   5.13359   5.14878
  Beta virt. eigenvalues --    5.17054   5.18906   5.20441   5.22789   5.24066
  Beta virt. eigenvalues --    5.24985   5.25997   5.28155   5.30231   5.32690
  Beta virt. eigenvalues --    5.37377   5.38369   5.41129   5.43101   5.45305
  Beta virt. eigenvalues --    5.48569   5.50785   5.55892   5.57462   5.61617
  Beta virt. eigenvalues --    5.64307   5.65393   5.71221   5.74723   5.80723
  Beta virt. eigenvalues --    5.84145   5.85957   5.87466   5.91650   5.91944
  Beta virt. eigenvalues --    5.95710   5.98378   6.04908   6.05888   6.13994
  Beta virt. eigenvalues --    6.22090   6.27545   6.41549   6.53015   6.61119
  Beta virt. eigenvalues --    6.84510   7.01137   8.97060   9.48162  11.10990
  Beta virt. eigenvalues --   11.33750  11.42992  11.43743  11.54414  11.55195
  Beta virt. eigenvalues --   11.74728  12.05166  12.05645  12.24479  12.40783
  Beta virt. eigenvalues --   12.43537  12.57429  12.68341  13.18312  13.61426
  Beta virt. eigenvalues --   17.37989  18.24515  26.56240  28.35755  38.51688
          Condensed to atoms (all electrons):
               1          2          3          4          5          6
     1  C   10.001178  -1.739294  -1.589239   0.409807  -1.437217   0.454179
     2  C   -1.739294  10.977845   0.393955  -2.921115   0.186280  -1.060104
     3  C   -1.589239   0.393955  10.758329  -1.710278  -2.160579   1.244337
     4  C    0.409807  -2.921115  -1.710278  11.911602  -0.806333  -1.171365
     5  C   -1.437217   0.186280  -2.160579  -0.806333  11.135121  -1.583361
     6  C    0.454179  -1.060104   1.244337  -1.171365  -1.583361   9.257631
     7  N    0.042856   0.003104   0.021492  -0.012333   0.342479  -0.083241
     8  C   -0.100621  -0.212090  -0.676309  -1.068109   1.188223  -0.042321
     9  C    0.061543  -0.110839  -0.134666  -0.092868   0.200450  -0.383948
    10  C    0.025844  -0.022940  -0.061726  -0.086155   0.152329  -0.002393
    11  C   -0.035383   0.071264   0.032095   0.389720  -0.236610  -0.034162
    12  C   -0.146276   0.122441  -0.338366   0.664649  -0.383099  -0.066359
    13  C   -0.107399   0.099364   0.533425  -0.158009  -1.235507  -0.256333
    14  N    0.030301  -0.026600  -0.190040   0.296566   0.235241  -0.051313
    15  H    0.034579  -0.001179   0.184124   0.130374   0.036210  -0.021921
    16  H   -0.000654  -0.000757  -0.038469   0.054714   0.131630   0.224316
    17  H   -0.000031   0.000117  -0.000301   0.001286  -0.027340   0.003764
    18  H    0.000003   0.000000  -0.000041   0.000412   0.000463   0.000027
    19  H    0.000005  -0.000024  -0.000233  -0.000105   0.001061   0.000018
    20  H    0.000298   0.001022   0.005282  -0.035700  -0.006268  -0.001564
    21  N    0.281708  -0.272503  -0.004337   0.060650   0.047963   0.031566
    22  H   -0.070262   0.058599  -0.008344   0.002318   0.046632  -0.055662
    23  H    0.083101  -0.172310  -0.022624  -0.014484   0.009124   0.087249
    24  N   -0.256449   0.239743   0.122916   0.093909   0.036388  -0.042140
    25  H   -0.172167   0.053361   0.122803   0.007074  -0.019211  -0.025785
    26  H    0.068298  -0.061717  -0.079651   0.046846   0.003781  -0.003166
    27  Mn   0.024219  -0.114487  -0.159671   0.045869   0.114617  -0.010118
               7          8          9         10         11         12
     1  C    0.042856  -0.100621   0.061543   0.025844  -0.035383  -0.146276
     2  C    0.003104  -0.212090  -0.110839  -0.022940   0.071264   0.122441
     3  C    0.021492  -0.676309  -0.134666  -0.061726   0.032095  -0.338366
     4  C   -0.012333  -1.068109  -0.092868  -0.086155   0.389720   0.664649
     5  C    0.342479   1.188223   0.200450   0.152329  -0.236610  -0.383099
     6  C   -0.083241  -0.042321  -0.383948  -0.002393  -0.034162  -0.066359
     7  N    6.576736   0.443978  -0.113899  -0.022850   0.013918  -0.002385
     8  C    0.443978   8.802179  -1.218955  -0.055074  -0.545224  -0.812029
     9  C   -0.113899  -1.218955   7.050615   0.585550  -0.140340   0.609404
    10  C   -0.022850  -0.055074   0.585550   5.540131   0.557020  -0.271282
    11  C    0.013918  -0.545224  -0.140340   0.557020   6.554899   0.108404
    12  C   -0.002385  -0.812029   0.609404  -0.271282   0.108404   7.664882
    13  C    0.034389  -0.053386  -0.289464  -0.493327  -0.784780  -1.101298
    14  N   -0.042028   0.210066  -0.064041   0.051658  -0.040337  -0.203197
    15  H    0.000210  -0.002660  -0.001581   0.000092   0.000836   0.005827
    16  H   -0.012858  -0.022611   0.002156  -0.000651   0.000135  -0.000645
    17  H   -0.013518   0.097197   0.265081  -0.012946  -0.009135  -0.024166
    18  H    0.000435   0.016689  -0.011226   0.286734   0.023959   0.022260
    19  H   -0.000089  -0.010505   0.007885   0.019532   0.305063  -0.004551
    20  H    0.000361   0.024465   0.002172  -0.009419  -0.062542   0.323850
    21  N    0.000001   0.007984  -0.001216  -0.000191   0.000144   0.001258
    22  H   -0.000203   0.000528   0.000038  -0.000000  -0.000000   0.000030
    23  H    0.000050   0.000426  -0.000056  -0.000002   0.000002   0.000020
    24  N    0.000405   0.001307   0.001070   0.000031  -0.000403  -0.002511
    25  H    0.000000  -0.000208   0.000005   0.000001  -0.000004  -0.000068
    26  H    0.000017   0.000308   0.000036  -0.000001   0.000006   0.000116
    27  Mn  -0.011649   0.125630   0.009365  -0.002936  -0.103888  -0.101375
              13         14         15         16         17         18
     1  C   -0.107399   0.030301   0.034579  -0.000654  -0.000031   0.000003
     2  C    0.099364  -0.026600  -0.001179  -0.000757   0.000117   0.000000
     3  C    0.533425  -0.190040   0.184124  -0.038469  -0.000301  -0.000041
     4  C   -0.158009   0.296566   0.130374   0.054714   0.001286   0.000412
     5  C   -1.235507   0.235241   0.036210   0.131630  -0.027340   0.000463
     6  C   -0.256333  -0.051313  -0.021921   0.224316   0.003764   0.000027
     7  N    0.034389  -0.042028   0.000210  -0.012858  -0.013518   0.000435
     8  C   -0.053386   0.210066  -0.002660  -0.022611   0.097197   0.016689
     9  C   -0.289464  -0.064041  -0.001581   0.002156   0.265081  -0.011226
    10  C   -0.493327   0.051658   0.000092  -0.000651  -0.012946   0.286734
    11  C   -0.784780  -0.040337   0.000836   0.000135  -0.009135   0.023959
    12  C   -1.101298  -0.203197   0.005827  -0.000645  -0.024166   0.022260
    13  C    9.366283   0.325514  -0.027335   0.006016   0.045821  -0.011231
    14  N    0.325514   6.249280  -0.019868   0.001530   0.001677  -0.000243
    15  H   -0.027335  -0.019868   0.491192   0.000016   0.000000  -0.000000
    16  H    0.006016   0.001530   0.000016   0.470941   0.000000  -0.000000
    17  H    0.045821   0.001677   0.000000   0.000000   0.476475  -0.003236
    18  H   -0.011231  -0.000243  -0.000000  -0.000000  -0.003236   0.469111
    19  H    0.009278   0.000989  -0.000000  -0.000000  -0.000142  -0.002505
    20  H    0.068229  -0.020072   0.000001   0.000000   0.000018  -0.000162
    21  N    0.003069  -0.000497  -0.000407  -0.013925  -0.000000  -0.000000
    22  H    0.000315   0.000031   0.000002   0.002854   0.000000  -0.000000
    23  H   -0.000228  -0.000005  -0.000004  -0.000088   0.000000   0.000000
    24  N    0.007551   0.001033  -0.017406  -0.000058   0.000000  -0.000000
    25  H    0.000051  -0.000061  -0.000168  -0.000006   0.000000  -0.000000
    26  H    0.000579  -0.000083   0.003739   0.000002  -0.000000   0.000000
    27  Mn   0.045761   0.174656   0.021945   0.000124   0.000119  -0.000117
              19         20         21         22         23         24
     1  C    0.000005   0.000298   0.281708  -0.070262   0.083101  -0.256449
     2  C   -0.000024   0.001022  -0.272503   0.058599  -0.172310   0.239743
     3  C   -0.000233   0.005282  -0.004337  -0.008344  -0.022624   0.122916
     4  C   -0.000105  -0.035700   0.060650   0.002318  -0.014484   0.093909
     5  C    0.001061  -0.006268   0.047963   0.046632   0.009124   0.036388
     6  C    0.000018  -0.001564   0.031566  -0.055662   0.087249  -0.042140
     7  N   -0.000089   0.000361   0.000001  -0.000203   0.000050   0.000405
     8  C   -0.010505   0.024465   0.007984   0.000528   0.000426   0.001307
     9  C    0.007885   0.002172  -0.001216   0.000038  -0.000056   0.001070
    10  C    0.019532  -0.009419  -0.000191  -0.000000  -0.000002   0.000031
    11  C    0.305063  -0.062542   0.000144  -0.000000   0.000002  -0.000403
    12  C   -0.004551   0.323850   0.001258   0.000030   0.000020  -0.002511
    13  C    0.009278   0.068229   0.003069   0.000315  -0.000228   0.007551
    14  N    0.000989  -0.020072  -0.000497   0.000031  -0.000005   0.001033
    15  H   -0.000000   0.000001  -0.000407   0.000002  -0.000004  -0.017406
    16  H   -0.000000   0.000000  -0.013925   0.002854  -0.000088  -0.000058
    17  H   -0.000142   0.000018  -0.000000   0.000000   0.000000   0.000000
    18  H   -0.002505  -0.000162  -0.000000  -0.000000   0.000000  -0.000000
    19  H    0.467683  -0.004073  -0.000000   0.000000  -0.000000   0.000000
    20  H   -0.004073   0.496446  -0.000000   0.000000   0.000000   0.000000
    21  N   -0.000000  -0.000000   6.837175   0.351017   0.331936   0.011546
    22  H    0.000000   0.000000   0.351017   0.344477  -0.021463  -0.001089
    23  H   -0.000000   0.000000   0.331936  -0.021463   0.359442   0.020674
    24  N    0.000000   0.000000   0.011546  -0.001089   0.020674   6.754035
    25  H    0.000000   0.000000   0.023701  -0.000016  -0.001695   0.337579
    26  H   -0.000000   0.000000  -0.001138  -0.000003   0.000024   0.350821
    27  Mn  -0.000207   0.029546  -0.000380   0.000005  -0.000016  -0.000980
              25         26         27
     1  C   -0.172167   0.068298   0.024219
     2  C    0.053361  -0.061717  -0.114487
     3  C    0.122803  -0.079651  -0.159671
     4  C    0.007074   0.046846   0.045869
     5  C   -0.019211   0.003781   0.114617
     6  C   -0.025785  -0.003166  -0.010118
     7  N    0.000000   0.000017  -0.011649
     8  C   -0.000208   0.000308   0.125630
     9  C    0.000005   0.000036   0.009365
    10  C    0.000001  -0.000001  -0.002936
    11  C   -0.000004   0.000006  -0.103888
    12  C   -0.000068   0.000116  -0.101375
    13  C    0.000051   0.000579   0.045761
    14  N   -0.000061  -0.000083   0.174656
    15  H   -0.000168   0.003739   0.021945
    16  H   -0.000006   0.000002   0.000124
    17  H    0.000000  -0.000000   0.000119
    18  H   -0.000000   0.000000  -0.000117
    19  H    0.000000  -0.000000  -0.000207
    20  H    0.000000   0.000000   0.029546
    21  N    0.023701  -0.001138  -0.000380
    22  H   -0.000016  -0.000003   0.000005
    23  H   -0.001695   0.000024  -0.000016
    24  N    0.337579   0.350821  -0.000980
    25  H    0.346371  -0.020468   0.000075
    26  H   -0.020468   0.336956  -0.000029
    27  Mn   0.000075  -0.000029  23.373691
          Atomic-Atomic Spin Densities.
               1          2          3          4          5          6
     1  C    0.269566  -0.308331   0.015671  -0.128420   0.190349  -0.062175
     2  C   -0.308331   0.883164  -0.145784  -0.131873  -0.261161  -0.020872
     3  C    0.015671  -0.145784   0.383583   0.095130  -0.315384   0.009908
     4  C   -0.128420  -0.131873   0.095130   0.719060  -0.543139   0.133107
     5  C    0.190349  -0.261161  -0.315384  -0.543139   1.093564  -0.235279
     6  C   -0.062175  -0.020872   0.009908   0.133107  -0.235279   0.273183
     7  N   -0.006445   0.003406   0.012233   0.046220  -0.075139   0.010753
     8  C    0.098322  -0.136902  -0.206764  -0.451295   0.702185  -0.038852
     9  C    0.012840  -0.002271   0.004676  -0.096156  -0.007728  -0.039232
    10  C    0.006367  -0.006815  -0.011551  -0.049275   0.052089   0.006840
    11  C   -0.011422   0.016923   0.054880   0.166104  -0.118382   0.007983
    12  C   -0.025684   0.052785   0.110593   0.071013  -0.200424   0.016627
    13  C   -0.075015   0.118346   0.035576   0.219723  -0.368175  -0.054287
    14  N    0.012167  -0.013643  -0.009366  -0.052289   0.045800  -0.004194
    15  H   -0.004512   0.005044   0.009198  -0.004314  -0.005957   0.001083
    16  H   -0.000363  -0.001055   0.000398   0.001748  -0.002391   0.001154
    17  H   -0.000023  -0.000013   0.000031   0.000553  -0.000871  -0.000022
    18  H    0.000002  -0.000002  -0.000010  -0.000095   0.000189   0.000028
    19  H    0.000001  -0.000001  -0.000012  -0.000120   0.000087   0.000001
    20  H   -0.000036   0.000190   0.000715   0.001777  -0.002838  -0.000123
    21  N   -0.005317   0.009766  -0.003561  -0.000694   0.002389  -0.002489
    22  H   -0.001058   0.000820  -0.000116   0.000045   0.000060   0.000228
    23  H    0.000666  -0.000721  -0.000087   0.000061  -0.000033   0.000127
    24  N    0.007437  -0.013912   0.003445   0.001199  -0.000804   0.001550
    25  H   -0.000291   0.000500  -0.000152   0.000069  -0.000078  -0.000064
    26  H   -0.000089  -0.000568   0.000443   0.000081   0.000008   0.000043
    27  Mn   0.008676  -0.048871  -0.045391   0.029746   0.028772   0.000329
               7          8          9         10         11         12
     1  C   -0.006445   0.098322   0.012840   0.006367  -0.011422  -0.025684
     2  C    0.003406  -0.136902  -0.002271  -0.006815   0.016923   0.052785
     3  C    0.012233  -0.206764   0.004676  -0.011551   0.054880   0.110593
     4  C    0.046220  -0.451295  -0.096156  -0.049275   0.166104   0.071013
     5  C   -0.075139   0.702185  -0.007728   0.052089  -0.118382  -0.200424
     6  C    0.010753  -0.038852  -0.039232   0.006840   0.007983   0.016627
     7  N    0.023407  -0.067291   0.014553  -0.004124   0.001190   0.013231
     8  C   -0.067291   1.017254  -0.185953   0.096458  -0.204085  -0.301623
     9  C    0.014553  -0.185953   0.257556  -0.023626  -0.094986   0.041586
    10  C   -0.004124   0.096458  -0.023626   0.064482   0.000328  -0.036631
    11  C    0.001190  -0.204085  -0.094986   0.000328   0.806255  -0.331751
    12  C    0.013231  -0.301623   0.041586  -0.036631  -0.331751   0.542513
    13  C    0.042755  -0.408711   0.117421  -0.102586  -0.216888   0.072841
    14  N   -0.005661   0.046554  -0.002094   0.005968  -0.011483  -0.010545
    15  H    0.000103  -0.001787  -0.000078  -0.000016   0.000021   0.000414
    16  H    0.000229  -0.000284   0.000123   0.000000  -0.000020   0.000014
    17  H    0.000245  -0.003535   0.002123  -0.000870  -0.000599   0.000833
    18  H   -0.000023   0.001684  -0.002304   0.001757  -0.000386  -0.000101
    19  H   -0.000006   0.000695  -0.000531   0.000069  -0.002803   0.002120
    20  H    0.000109  -0.008734   0.001461  -0.001381   0.010657   0.004660
    21  N   -0.000019   0.000025   0.000087  -0.000003  -0.000002   0.000017
    22  H    0.000001  -0.000011  -0.000005  -0.000000   0.000000   0.000001
    23  H    0.000000   0.000002   0.000001   0.000000  -0.000000  -0.000000
    24  N    0.000003   0.000073  -0.000002   0.000006   0.000008   0.000084
    25  H    0.000000   0.000001   0.000001  -0.000000  -0.000000  -0.000000
    26  H    0.000000  -0.000003  -0.000001   0.000000  -0.000000  -0.000001
    27  Mn  -0.000826   0.033353   0.008567  -0.001244  -0.074429  -0.028160
              13         14         15         16         17         18
     1  C   -0.075015   0.012167  -0.004512  -0.000363  -0.000023   0.000002
     2  C    0.118346  -0.013643   0.005044  -0.001055  -0.000013  -0.000002
     3  C    0.035576  -0.009366   0.009198   0.000398   0.000031  -0.000010
     4  C    0.219723  -0.052289  -0.004314   0.001748   0.000553  -0.000095
     5  C   -0.368175   0.045800  -0.005957  -0.002391  -0.000871   0.000189
     6  C   -0.054287  -0.004194   0.001083   0.001154  -0.000022   0.000028
     7  N    0.042755  -0.005661   0.000103   0.000229   0.000245  -0.000023
     8  C   -0.408711   0.046554  -0.001787  -0.000284  -0.003535   0.001684
     9  C    0.117421  -0.002094  -0.000078   0.000123   0.002123  -0.002304
    10  C   -0.102586   0.005968  -0.000016   0.000000  -0.000870   0.001757
    11  C   -0.216888  -0.011483   0.000021  -0.000020  -0.000599  -0.000386
    12  C    0.072841  -0.010545   0.000414   0.000014   0.000833  -0.000101
    13  C    0.630640  -0.034297   0.000703   0.000377   0.002110  -0.000740
    14  N   -0.034297   0.059035   0.000529  -0.000049  -0.000062   0.000015
    15  H    0.000703   0.000529  -0.002153   0.000000   0.000000  -0.000000
    16  H    0.000377  -0.000049   0.000000  -0.000015   0.000000   0.000000
    17  H    0.002110  -0.000062   0.000000   0.000000  -0.000040  -0.000001
    18  H   -0.000740   0.000015  -0.000000   0.000000  -0.000001   0.000149
    19  H    0.000528  -0.000033  -0.000000   0.000000   0.000000  -0.000008
    20  H   -0.006038   0.000642   0.000000   0.000000   0.000000   0.000001
    21  N    0.000397   0.000025   0.000019   0.000004   0.000000  -0.000000
    22  H    0.000017  -0.000001  -0.000000  -0.000004  -0.000000   0.000000
    23  H    0.000000   0.000000   0.000000   0.000000  -0.000000   0.000000
    24  N   -0.000538  -0.000095   0.000527   0.000014   0.000000   0.000000
    25  H    0.000009   0.000002   0.000001  -0.000000  -0.000000  -0.000000
    26  H   -0.000007  -0.000002  -0.000048  -0.000000  -0.000000  -0.000000
    27  Mn   0.058394  -0.022843  -0.000368   0.000039   0.000042  -0.000010
              19         20         21         22         23         24
     1  C    0.000001  -0.000036  -0.005317  -0.001058   0.000666   0.007437
     2  C   -0.000001   0.000190   0.009766   0.000820  -0.000721  -0.013912
     3  C   -0.000012   0.000715  -0.003561  -0.000116  -0.000087   0.003445
     4  C   -0.000120   0.001777  -0.000694   0.000045   0.000061   0.001199
     5  C    0.000087  -0.002838   0.002389   0.000060  -0.000033  -0.000804
     6  C    0.000001  -0.000123  -0.002489   0.000228   0.000127   0.001550
     7  N   -0.000006   0.000109  -0.000019   0.000001   0.000000   0.000003
     8  C    0.000695  -0.008734   0.000025  -0.000011   0.000002   0.000073
     9  C   -0.000531   0.001461   0.000087  -0.000005   0.000001  -0.000002
    10  C    0.000069  -0.001381  -0.000003  -0.000000   0.000000   0.000006
    11  C   -0.002803   0.010657  -0.000002   0.000000  -0.000000   0.000008
    12  C    0.002120   0.004660   0.000017   0.000001  -0.000000   0.000084
    13  C    0.000528  -0.006038   0.000397   0.000017   0.000000  -0.000538
    14  N   -0.000033   0.000642   0.000025  -0.000001   0.000000  -0.000095
    15  H   -0.000000   0.000000   0.000019  -0.000000   0.000000   0.000527
    16  H    0.000000   0.000000   0.000004  -0.000004   0.000000   0.000014
    17  H    0.000000   0.000000   0.000000  -0.000000  -0.000000   0.000000
    18  H   -0.000008   0.000001  -0.000000   0.000000   0.000000   0.000000
    19  H   -0.000212   0.000041  -0.000000   0.000000   0.000000  -0.000000
    20  H    0.000041  -0.002169   0.000000  -0.000000  -0.000000  -0.000000
    21  N   -0.000000   0.000000  -0.000680   0.000043  -0.000026  -0.000593
    22  H    0.000000  -0.000000   0.000043   0.000023  -0.000003  -0.000019
    23  H    0.000000  -0.000000  -0.000026  -0.000003  -0.000085   0.000053
    24  N   -0.000000  -0.000000  -0.000593  -0.000019   0.000053   0.004493
    25  H    0.000000  -0.000000   0.000033  -0.000000  -0.000004  -0.000084
    26  H   -0.000000   0.000000  -0.000003  -0.000000   0.000000   0.000063
    27  Mn   0.000002  -0.000498  -0.000060   0.000000   0.000001  -0.000158
              25         26         27
     1  C   -0.000291  -0.000089   0.008676
     2  C    0.000500  -0.000568  -0.048871
     3  C   -0.000152   0.000443  -0.045391
     4  C    0.000069   0.000081   0.029746
     5  C   -0.000078   0.000008   0.028772
     6  C   -0.000064   0.000043   0.000329
     7  N    0.000000   0.000000  -0.000826
     8  C    0.000001  -0.000003   0.033353
     9  C    0.000001  -0.000001   0.008567
    10  C   -0.000000   0.000000  -0.001244
    11  C   -0.000000  -0.000000  -0.074429
    12  C   -0.000000  -0.000001  -0.028160
    13  C    0.000009  -0.000007   0.058394
    14  N    0.000002  -0.000002  -0.022843
    15  H    0.000001  -0.000048  -0.000368
    16  H   -0.000000  -0.000000   0.000039
    17  H   -0.000000  -0.000000   0.000042
    18  H   -0.000000  -0.000000  -0.000010
    19  H    0.000000  -0.000000   0.000002
    20  H   -0.000000   0.000000  -0.000498
    21  N    0.000033  -0.000003  -0.000060
    22  H   -0.000000  -0.000000   0.000000
    23  H   -0.000004   0.000000   0.000001
    24  N   -0.000084   0.000063  -0.000158
    25  H    0.000051   0.000001   0.000002
    26  H    0.000001  -0.000050   0.000025
    27  Mn   0.000002   0.000025   5.035827
 Mulliken charges and spin densities:
               1          2
     1  C    0.137073  -0.007118
     2  C    0.508862  -0.001850
     3  C   -0.243884  -0.001697
     4  C   -0.038942   0.027966
     5  C    0.027531  -0.022291
     6  C   -0.407828   0.005352
     7  N   -0.165378   0.008904
     8  C   -0.098879  -0.019223
     9  C   -0.232271   0.006024
    10  C   -0.177030  -0.003757
    11  C   -0.064658  -0.002886
    12  C   -0.065537  -0.005589
    13  C   -0.027346   0.032559
    14  N    0.079841   0.004083
    15  H    0.183383  -0.001592
    16  H    0.196285  -0.000080
    17  H    0.199259  -0.000098
    18  H    0.208667   0.000148
    19  H    0.210917  -0.000181
    20  H    0.188111  -0.001566
    21  N   -0.695124  -0.000643
    22  H    0.350196   0.000020
    23  H    0.340929  -0.000047
    24  N   -0.657972   0.002753
    25  H    0.348838  -0.000003
    26  H    0.354727  -0.000107
    27  Mn   1.540231   4.980918
 Sum of Mulliken charges =   2.00000   5.00000
 Mulliken charges and spin densities with hydrogens summed into heavy atoms:
               1          2
     1  C    0.137073  -0.007118
     2  C    0.508862  -0.001850
     3  C   -0.060501  -0.003290
     4  C   -0.038942   0.027966
     5  C    0.027531  -0.022291
     6  C   -0.211543   0.005272
     7  N   -0.165378   0.008904
     8  C   -0.098879  -0.019223
     9  C   -0.033012   0.005926
    10  C    0.031637  -0.003609
    11  C    0.146259  -0.003067
    12  C    0.122574  -0.007155
    13  C   -0.027346   0.032559
    14  N    0.079841   0.004083
    21  N   -0.004000  -0.000669
    24  N    0.045593   0.002643
    27  Mn   1.540231   4.980918
 APT charges:
               1
     1  C    0.880360
     2  C    1.381753
     3  C   -0.765492
     4  C    0.547410
     5  C    0.039030
     6  C   -0.298559
     7  N    0.221489
     8  C   -0.296565
     9  C    0.246386
    10  C   -0.243500
    11  C   -0.103210
    12  C    0.063776
    13  C   -0.066234
    14  N   -0.473840
    15  H    0.025637
    16  H    0.069861
    17  H    0.068050
    18  H    0.049437
    19  H    0.052748
    20  H    0.019158
    21  N   -1.228410
    22  H    0.251924
    23  H    0.318202
    24  N   -1.452700
    25  H    0.356014
    26  H    0.274407
    27  Mn   2.062868
 Sum of APT charges =   2.00000
 APT charges with hydrogens summed into heavy atoms:
               1
     1  C    0.880360
     2  C    1.381753
     3  C   -0.739855
     4  C    0.547410
     5  C    0.039030
     6  C   -0.228698
     7  N    0.221489
     8  C   -0.296565
     9  C    0.314436
    10  C   -0.194063
    11  C   -0.050462
    12  C    0.082934
    13  C   -0.066234
    14  N   -0.473840
    21  N   -0.658283
    24  N   -0.822279
    27  Mn   2.062868
 Electronic spatial extent (au):  <R**2>=           4977.9107
 Charge=              2.0000 electrons
 Dipole moment (field-independent basis, Debye):
    X=              2.4665    Y=             24.3052    Z=              0.3816  Tot=             24.4330
 Quadrupole moment (field-independent basis, Debye-Ang):
   XX=            -32.2100   YY=            -13.9716   ZZ=           -104.2912
   XY=             22.2124   XZ=             -1.4884   YZ=             -2.6277
 Traceless Quadrupole moment (field-independent basis, Debye-Ang):
   XX=             17.9476   YY=             36.1860   ZZ=            -54.1336
   XY=             22.2124   XZ=             -1.4884   YZ=             -2.6277
 Octapole moment (field-independent basis, Debye-Ang**2):
  XXX=            -87.3504  YYY=            318.5429  ZZZ=              1.0470  XYY=             48.6021
  XXY=             34.2451  XXZ=             10.4236  XZZ=              3.6741  YZZ=             40.9482
  YYZ=              1.9529  XYZ=             15.2495
 Hexadecapole moment (field-independent basis, Debye-Ang**3):
 XXXX=          -2960.3108 YYYY=           -784.2063 ZZZZ=           -114.3298 XXXY=            101.0218
 XXXZ=            -57.8938 YYYX=            320.4280 YYYZ=             -5.8005 ZZZX=             -1.8873
 ZZZY=             -1.4409 XXYY=           -644.4023 XXZZ=           -823.7878 YYZZ=           -295.5617
 XXYZ=            -71.0965 YYXZ=             -3.4779 ZZXY=             46.3434
 N-N= 1.336863154695D+03 E-N=-6.951466709236D+03  KE= 1.825544993705D+03
  Exact polarizability:     549.267     -41.075     257.112       0.206       0.723     125.366
 Approx polarizability:     364.099     -23.305     214.503       0.006       0.988     113.854
                          Isotropic Fermi Contact Couplings
        Atom                 a.u.       MegaHertz       Gauss      10(-4) cm-1
     1  C(13)             -0.00005      -0.01177      -0.00420      -0.00393
     2  C(13)              0.00068       0.15367       0.05483       0.05126
     3  C(13)              0.00420       0.94411       0.33688       0.31492
     4  C(13)              0.00289       0.65048       0.23211       0.21698
     5  C(13)             -0.00009      -0.02124      -0.00758      -0.00709
     6  C(13)              0.00033       0.07445       0.02656       0.02483
     7  N(14)              0.00120       0.07774       0.02774       0.02593
     8  C(13)             -0.00014      -0.03248      -0.01159      -0.01083
     9  C(13)              0.00040       0.09105       0.03249       0.03037
    10  C(13)              0.00005       0.01078       0.00385       0.00360
    11  C(13)              0.00097       0.21810       0.07782       0.07275
    12  C(13)              0.00526       1.18178       0.42169       0.39420
    13  C(13)              0.00267       0.59993       0.21407       0.20012
    14  N(14)              0.01206       0.77942       0.27812       0.25999
    15  H(1)               0.00022       0.19670       0.07019       0.06561
    16  H(1)              -0.00003      -0.02827      -0.01009      -0.00943
    17  H(1)              -0.00004      -0.03758      -0.01341      -0.01254
    18  H(1)               0.00006       0.05429       0.01937       0.01811
    19  H(1)              -0.00005      -0.04715      -0.01683      -0.01573
    20  H(1)               0.00029       0.25916       0.09247       0.08645
    21  N(14)             -0.00023      -0.01487      -0.00530      -0.00496
    22  H(1)               0.00001       0.01084       0.00387       0.00362
    23  H(1)              -0.00004      -0.03170      -0.01131      -0.01057
    24  N(14)              0.00052       0.03381       0.01206       0.01128
    25  H(1)               0.00001       0.00767       0.00274       0.00256
    26  H(1)              -0.00002      -0.01977      -0.00705      -0.00659
    27  Mn(55)             0.44885      99.22640      35.40645      33.09837
 --------------------------------------------------------
       Center         ----  Spin Dipole Couplings  ----
                      3XX-RR        3YY-RR        3ZZ-RR
 --------------------------------------------------------
     1   Atom        0.003842      0.003305     -0.007147
     2   Atom        0.006716     -0.003824     -0.002892
     3   Atom        0.021023      0.002013     -0.023035
     4   Atom       -0.008340      0.025240     -0.016900
     5   Atom       -0.002954      0.014833     -0.011879
     6   Atom       -0.001909      0.003245     -0.001336
     7   Atom       -0.014684      0.002395      0.012289
     8   Atom       -0.005695      0.018730     -0.013035
     9   Atom       -0.004736      0.006049     -0.001313
    10   Atom        0.000811      0.006825     -0.007637
    11   Atom        0.001827      0.003266     -0.005093
    12   Atom        0.003976      0.022192     -0.026168
    13   Atom       -0.022583      0.042443     -0.019860
    14   Atom       -0.055133      0.137735     -0.082602
    15   Atom        0.057374     -0.023624     -0.033750
    16   Atom       -0.000973      0.003659     -0.002686
    17   Atom       -0.002404      0.005143     -0.002739
    18   Atom       -0.000031      0.002644     -0.002613
    19   Atom        0.005777     -0.000122     -0.005655
    20   Atom        0.041986     -0.003404     -0.038581
    21   Atom        0.002495      0.001356     -0.003851
    22   Atom        0.000953      0.000665     -0.001617
    23   Atom        0.002093     -0.000193     -0.001900
    24   Atom        0.005654     -0.006159      0.000505
    25   Atom        0.005078     -0.002166     -0.002912
    26   Atom        0.010698     -0.004990     -0.005707
    27   Atom       -0.027307      0.040814     -0.013507
 --------------------------------------------------------
                        XY            XZ            YZ
 --------------------------------------------------------
     1   Atom        0.006002     -0.000257     -0.000117
     2   Atom        0.009898     -0.000339      0.000429
     3   Atom        0.029849      0.000332      0.000040
     4   Atom        0.032119      0.000188     -0.000024
     5   Atom        0.008564      0.000069      0.000183
     6   Atom        0.005966      0.000148      0.000052
     7   Atom        0.002477     -0.000033     -0.000328
     8   Atom       -0.002682      0.000012      0.000263
     9   Atom       -0.003845     -0.000046      0.000038
    10   Atom       -0.005587     -0.000021      0.000113
    11   Atom       -0.012022     -0.000080      0.000024
    12   Atom       -0.033265     -0.000060      0.000137
    13   Atom       -0.018089     -0.000077      0.000205
    14   Atom        0.031278      0.000013      0.000871
    15   Atom        0.027891      0.001120      0.000331
    16   Atom        0.003400     -0.000005     -0.000020
    17   Atom       -0.001754     -0.000014      0.000060
    18   Atom       -0.003394     -0.000018      0.000031
    19   Atom       -0.007862     -0.000009      0.000006
    20   Atom       -0.051073      0.000219     -0.000103
    21   Atom        0.003327     -0.000770      0.000312
    22   Atom        0.002410     -0.000061     -0.000026
    23   Atom        0.002723     -0.000349     -0.000288
    24   Atom        0.004211     -0.001741     -0.000004
    25   Atom        0.002942      0.000699      0.000257
    26   Atom        0.002323      0.000618      0.000040
    27   Atom        0.012573     -0.000272     -0.000032
 --------------------------------------------------------


 ---------------------------------------------------------------------------------
              Anisotropic Spin Dipole Couplings in Principal Axis System
 ---------------------------------------------------------------------------------

       Atom             a.u.   MegaHertz   Gauss  10(-4) cm-1        Axes

              Baa    -0.0072    -0.960    -0.343    -0.320  0.0251 -0.0032  0.9997
     1 C(13)  Bbb    -0.0024    -0.326    -0.116    -0.109 -0.6907  0.7229  0.0197
              Bcc     0.0096     1.286     0.459     0.429  0.7228  0.6909 -0.0159
 
              Baa    -0.0098    -1.316    -0.470    -0.439 -0.5134  0.8546 -0.0781
     2 C(13)  Bbb    -0.0029    -0.382    -0.136    -0.128 -0.0364  0.0693  0.9969
              Bcc     0.0127     1.699     0.606     0.567  0.8574  0.5147 -0.0045
 
              Baa    -0.0230    -3.092    -1.103    -1.032 -0.0333  0.0381  0.9987
     3 C(13)  Bbb    -0.0198    -2.657    -0.948    -0.886 -0.5892  0.8064 -0.0504
              Bcc     0.0428     5.749     2.052     1.918  0.8073  0.5901  0.0044
 
              Baa    -0.0278    -3.730    -1.331    -1.244  0.8553 -0.5180 -0.0159
     4 C(13)  Bbb    -0.0169    -2.267    -0.809    -0.756  0.0129 -0.0093  0.9999
              Bcc     0.0447     5.997     2.140     2.000  0.5180  0.8554  0.0013
 
              Baa    -0.0119    -1.594    -0.569    -0.532 -0.0016 -0.0063  1.0000
     5 C(13)  Bbb    -0.0064    -0.860    -0.307    -0.287  0.9275 -0.3739 -0.0008
              Bcc     0.0183     2.454     0.876     0.819  0.3739  0.9274  0.0065
 
              Baa    -0.0058    -0.783    -0.279    -0.261  0.8356 -0.5490 -0.0212
     6 C(13)  Bbb    -0.0013    -0.179    -0.064    -0.060  0.0097 -0.0239  0.9997
              Bcc     0.0072     0.962     0.343     0.321  0.5493  0.8355  0.0147
 
              Baa    -0.0150    -0.580    -0.207    -0.193  0.9901 -0.1407 -0.0005
     7 N(14)  Bbb     0.0027     0.106     0.038     0.035  0.1406  0.9895  0.0344
              Bcc     0.0123     0.474     0.169     0.158 -0.0043 -0.0341  0.9994
 
              Baa    -0.0130    -1.750    -0.624    -0.584 -0.0048 -0.0087  1.0000
     8 C(13)  Bbb    -0.0060    -0.803    -0.287    -0.268  0.9942  0.1078  0.0057
              Bcc     0.0190     2.553     0.911     0.851 -0.1079  0.9941  0.0081
 
              Baa    -0.0060    -0.801    -0.286    -0.267  0.9524  0.3047  0.0069
     9 C(13)  Bbb    -0.0013    -0.176    -0.063    -0.059 -0.0048 -0.0077  1.0000
              Bcc     0.0073     0.977     0.349     0.326 -0.3048  0.9524  0.0059
 
              Baa    -0.0076    -1.025    -0.366    -0.342 -0.0036 -0.0092  1.0000
    10 C(13)  Bbb    -0.0025    -0.339    -0.121    -0.113  0.8585  0.5128  0.0078
              Bcc     0.0102     1.364     0.487     0.455 -0.5128  0.8585  0.0060
 
              Baa    -0.0095    -1.274    -0.455    -0.425  0.7279  0.6856  0.0095
    11 C(13)  Bbb    -0.0051    -0.683    -0.244    -0.228 -0.0044 -0.0092  0.9999
              Bcc     0.0146     1.958     0.699     0.653 -0.6857  0.7279  0.0037
 
              Baa    -0.0262    -3.512    -1.253    -1.171 -0.0047 -0.0061  1.0000
    12 C(13)  Bbb    -0.0214    -2.872    -1.025    -0.958  0.7950  0.6066  0.0074
              Bcc     0.0476     6.384     2.278     2.129 -0.6066  0.7950  0.0020
 
              Baa    -0.0273    -3.660    -1.306    -1.221  0.9679  0.2511  0.0031
    13 C(13)  Bbb    -0.0199    -2.665    -0.951    -0.889 -0.0022 -0.0039  1.0000
              Bcc     0.0471     6.325     2.257     2.110 -0.2511  0.9679  0.0033
 
              Baa    -0.0826    -3.186    -1.137    -1.063  0.0048 -0.0046  1.0000
    14 N(14)  Bbb    -0.0601    -2.317    -0.827    -0.773  0.9877 -0.1562 -0.0055
              Bcc     0.1427     5.503     1.964     1.836  0.1562  0.9877  0.0038
 
              Baa    -0.0338   -18.015    -6.428    -6.009 -0.0144  0.0070  0.9999
    15 H(1)   Bbb    -0.0323   -17.233    -6.149    -5.748 -0.2969  0.9549 -0.0110
              Bcc     0.0661    35.248    12.577    11.757  0.9548  0.2970  0.0117
 
              Baa    -0.0028    -1.479    -0.528    -0.493  0.8825 -0.4668 -0.0577
    16 H(1)   Bbb    -0.0027    -1.433    -0.511    -0.478  0.0521 -0.0247  0.9983
              Bcc     0.0055     2.912     1.039     0.971  0.4675  0.8840 -0.0025
 
              Baa    -0.0028    -1.489    -0.531    -0.497  0.9764  0.2158  0.0096
    17 H(1)   Bbb    -0.0027    -1.462    -0.522    -0.488 -0.0078 -0.0094  0.9999
              Bcc     0.0055     2.951     1.053     0.984 -0.2158  0.9764  0.0075
 
              Baa    -0.0026    -1.395    -0.498    -0.465 -0.0058 -0.0097  0.9999
    18 H(1)   Bbb    -0.0023    -1.249    -0.446    -0.417  0.8266  0.5627  0.0102
              Bcc     0.0050     2.644     0.943     0.882 -0.5628  0.8266  0.0048
 
              Baa    -0.0057    -3.017    -1.077    -1.006  0.0033  0.0037  1.0000
    19 H(1)   Bbb    -0.0056    -2.972    -1.060    -0.991  0.5695  0.8220 -0.0049
              Bcc     0.0112     5.989     2.137     1.998  0.8220 -0.5695 -0.0007
 
              Baa    -0.0386   -20.586    -7.345    -6.867 -0.0108 -0.0127  0.9999
    20 H(1)   Bbb    -0.0366   -19.527    -6.968    -6.513  0.5448  0.8384  0.0166
              Bcc     0.0752    40.112    14.313    13.380  0.8385 -0.5449  0.0021
 
              Baa    -0.0041    -0.157    -0.056    -0.052  0.2043 -0.1805  0.9621
    21 N(14)  Bbb    -0.0012    -0.048    -0.017    -0.016 -0.6086  0.7464  0.2693
              Bcc     0.0053     0.205     0.073     0.068  0.7667  0.6405 -0.0426
 
              Baa    -0.0016    -0.873    -0.311    -0.291  0.4243 -0.4355  0.7939
    22 H(1)   Bbb    -0.0016    -0.847    -0.302    -0.283 -0.5387  0.5834  0.6079
              Bcc     0.0032     1.720     0.614     0.574  0.7279  0.6856 -0.0129
 
              Baa    -0.0020    -1.082    -0.386    -0.361 -0.4649  0.7612  0.4521
    23 H(1)   Bbb    -0.0019    -1.020    -0.364    -0.340  0.3083 -0.3395  0.8887
              Bcc     0.0039     2.101     0.750     0.701  0.8299  0.5525 -0.0769
 
              Baa    -0.0075    -0.291    -0.104    -0.097 -0.3113  0.9480 -0.0669
    24 N(14)  Bbb     0.0001     0.005     0.002     0.002  0.2031  0.1351  0.9698
              Bcc     0.0074     0.285     0.102     0.095  0.9284  0.2883 -0.2346
 
              Baa    -0.0032    -1.713    -0.611    -0.571 -0.3317  0.9428 -0.0342
    25 H(1)   Bbb    -0.0030    -1.586    -0.566    -0.529 -0.0883  0.0051  0.9961
              Bcc     0.0062     3.299     1.177     1.100  0.9392  0.3334  0.0816
 
              Baa    -0.0057    -3.060    -1.092    -1.021 -0.0532  0.1123  0.9922
    26 H(1)   Bbb    -0.0053    -2.839    -1.013    -0.947 -0.1380  0.9833 -0.1187
              Bcc     0.0111     5.899     2.105     1.968  0.9890  0.1432  0.0368
 
              Baa    -0.0296    -3.900    -1.392    -1.301  0.9843 -0.1759  0.0163
    27 Mn(55) Bbb    -0.0135    -1.782    -0.636    -0.594 -0.0158  0.0043  0.9999
              Bcc     0.0431     5.681     2.027     1.895  0.1759  0.9844 -0.0014
 

 ---------------------------------------------------------------------------------

 No NMR shielding tensors so no spin-rotation constants.
 Leave Link  601 at Tue Apr 19 21:22:55 2022, MaxMem= 13421772800 cpu:              24.3 elap:               0.8
 (Enter /soft/gaussian/16-c.01/g16/l716.exe)
 Dipole        = 9.70382130D-01 9.56238985D+00 1.50124303D-01
 Polarizability= 5.49267208D+02-4.10745619D+01 2.57112021D+02
                 2.06310556D-01 7.23344684D-01 1.25365833D+02
 HyperPolar    = 8.63643525D+03-1.54066792D+03 2.13461990D+02
                 4.04055336D+02 2.28637324D+01 2.85342982D+00
                -5.92553748D-01 1.10131936D+02 7.13575876D+00
                 1.85155857D+00
 -------------------------------------------------------------------
 Center     Atomic                   Forces (Hartrees/Bohr)
 Number     Number              X              Y              Z
 -------------------------------------------------------------------
      1        6           0.000918302    0.000647984    0.000019470
      2        6           0.000993428   -0.000715808   -0.000003832
      3        6          -0.000614439    0.000022728   -0.000061602
      4        6           0.000331217   -0.000747562   -0.000021304
      5        6           0.000080196    0.000735096    0.000034875
      6        6          -0.000251436    0.000070722    0.000067105
      7        7           0.000442307   -0.000002425    0.000003323
      8        6          -0.000379153   -0.000381343   -0.000009981
      9        6           0.000243868   -0.000101866   -0.000000611
     10        6          -0.000214616   -0.000278459   -0.000009290
     11        6          -0.000110649    0.000247837   -0.000003746
     12        6           0.000114233    0.000041062   -0.000015870
     13        6          -0.000098794    0.000383400    0.000013012
     14        7          -0.000006837   -0.000228082   -0.000018720
     15        1           0.000023466    0.000020975   -0.000003958
     16        1           0.000011658   -0.000031367    0.000008861
     17        1           0.000022535    0.000007119    0.000003537
     18        1          -0.000022664    0.000026893   -0.000003024
     19        1          -0.000029352   -0.000032165   -0.000014299
     20        1           0.000035571   -0.000043209   -0.000009324
     21        7          -0.000947778   -0.000276783   -0.000262586
     22        1           0.000073171    0.000030812    0.000085409
     23        1           0.000151565   -0.000031706    0.000141254
     24        7          -0.000955730    0.000556106    0.000253273
     25        1           0.000169578    0.000032559   -0.000108918
     26        1           0.000068378   -0.000057117   -0.000072108
     27       25           0.000618641    0.000104598   -0.000010945
 -------------------------------------------------------------------
 Cartesian Forces:  Max     0.000993428 RMS     0.000319278
 Leave Link  716 at Tue Apr 19 21:22:55 2022, MaxMem= 13421772800 cpu:               2.3 elap:               0.1
 (Enter /soft/gaussian/16-c.01/g16/l106.exe)
 NDeriv=      3 NFrqRd=  0 NDerD0=      0 MskFDP=       0 MskDFD=       0 MskDF0=       0
 Re-enter D2Numr:  atom      0 IXYZ=1 step-down number 1
 Leave Link  106 at Tue Apr 19 21:22:55 2022, MaxMem= 13421772800 cpu:               4.6 elap:               0.2
 (Enter /soft/gaussian/16-c.01/g16/l301.exe)
 Basis read from rwf:  (6D, 7F)
 No pseudopotential information found on rwf file.
 The following finite field(s) will be applied:
 An electric field of              0.0000  0.0003  0.0000
   627 basis functions,   980 primitive gaussians,   687 cartesian basis functions
    69 alpha electrons       64 beta electrons
       nuclear repulsion energy      1336.8815914606 Hartrees.
 IExCor= 4639 DFT=T Ex+Corr=wB97XD ExCW=0 ScaHFX=  1.000000
 ScaDFX=  1.000000  1.000000  1.000000  1.000000 ScalE2=  1.000000  1.000000
 IRadAn=      5 IRanWt=     -1 IRanGd=            0 ICorTp=0 IEmpDi=121
 HFx  wShort=  0.000000 wLong=  0.200000 cFull=  0.222036 cShort=  0.000000 cLong=  0.777964
 DFx  wShort=  0.000000 wLong=  0.200000 cFull=  0.000000 cShort=  0.000000 cLong=  1.000000
 NAtoms=   27 NActive=   27 NUniq=   27 SFac= 1.00D+00 NAtFMM=   60 NAOKFM=F Big=F
 Integral buffers will be    131072 words long.
 Raffenetti 2 integral format.
 Two-electron integral symmetry is turned off.
 R6Disp:  Grimme-D2 Dispersion energy=       -0.0184367652 Hartrees.
 Nuclear repulsion after empirical dispersion term =     1336.8631546954 Hartrees.
 No density basis found on file    724.
 Force inversion solution in PCM.
 ------------------------------------------------------------------------------
 Polarizable Continuum Model (PCM)
 =================================
 Model                : C-PCM.
 Atomic radii         : UFF (Universal Force Field).
 Polarization charges : Total charges.
 Charge compensation  : None.
 Solution method      : Matrix inversion.
 Cavity type          : Scaled VdW (van der Waals Surface) (Alpha=1.100).
 Cavity algorithm     : GePol (No added spheres)
                        Default sphere list used, NSphG=   27.
                        Lebedev-Laikov grids with approx.  5.0 points / Ang**2.
                        Smoothing algorithm: York/Karplus (Gamma=1.0000).
                        Polarization charges: spherical gaussians, with
                                              point-specific exponents (IZeta= 3).
                        Self-potential: point-specific (ISelfS= 7).
                        Self-field    : sphere-specific E.n sum rule (ISelfD= 2).
 1st derivatives      : Analytical E(r).r(x)/FMM algorithm (CHGder, D1EAlg=3).
                        Cavity 1st derivative terms included.
 Solvent              : Water, Eps=  78.355300 Eps(inf)=   1.777849
 ------------------------------------------------------------------------------
 GePol: Number of generator spheres                  =      27
 GePol: Total number of spheres                      =      27
 GePol: Number of exposed spheres                    =      27 (100.00%)
 GePol: Number of points                             =    2142
 GePol: Average weight of points                     =       0.13
 GePol: Minimum weight of points                     =   0.35D-10
 GePol: Maximum weight of points                     =    0.21276
 GePol: Number of points with low weight             =     125
 GePol: Fraction of low-weight points (<1% of avg)   =       5.84%
 GePol: Cavity surface area                          =    279.984 Ang**2
 GePol: Cavity volume                                =    296.941 Ang**3
 Leave Link  301 at Tue Apr 19 21:22:55 2022, MaxMem= 13421772800 cpu:               2.5 elap:               0.1
 (Enter /soft/gaussian/16-c.01/g16/l302.exe)
 NPDir=0 NMtPBC=     1 NCelOv=     1 NCel=       1 NClECP=     1 NCelD=      1
         NCelK=      1 NCelE2=     1 NClLst=     1 CellRange=     0.0.
 One-electron integrals computed using PRISM.
 NBasis=   627 RedAO= T EigKep=  1.19D-06  NBF=   627
 NBsUse=   624 1.00D-06 EigRej=  7.90D-07 NBFU=   624
 Precomputing XC quadrature grid using
 IXCGrd= 4 IRadAn=           5 IRanWt=          -1 IRanGd=           0 AccXCQ= 0.00D+00.
 Generated NRdTot=       0 NPtTot=           0 NUsed=           0 NTot=          32
 NSgBfM=   684   684   684   684   684 MxSgAt=    27 MxSgA2=    27.
 Leave Link  302 at Tue Apr 19 21:22:56 2022, MaxMem= 13421772800 cpu:              21.7 elap:               0.6
 (Enter /soft/gaussian/16-c.01/g16/l303.exe)
 DipDrv:  MaxL=1.
 The nuclear repulsion energy is now      1336.8631546954 hartrees.
 Leave Link  303 at Tue Apr 19 21:22:56 2022, MaxMem= 13421772800 cpu:               2.5 elap:               0.1
 (Enter /soft/gaussian/16-c.01/g16/l401.exe)
 Initial guess from the checkpoint file:  "NH2-PHZ-dummy2-Mn-6-Raman.chk"
 B after Tr=     0.000000    0.000000    0.000000
         Rot=    1.000000    0.000000    0.000000    0.000000 Ang=   0.00 deg.
 Guess basis will be translated and rotated to current coordinates.
 JPrj=2 DoOrth=T DoCkMO=T.
 Initial guess <Sx>= 0.0000 <Sy>= 0.0000 <Sz>= 2.5000 <S**2>= 8.7524 S= 2.5004
 Leave Link  401 at Tue Apr 19 21:22:57 2022, MaxMem= 13421772800 cpu:              21.6 elap:               0.6
 (Enter /soft/gaussian/16-c.01/g16/l502.exe)
 Two-electron integral symmetry not used.
 UHF open shell SCF:
 Using DIIS extrapolation, IDIIS=  1040.
 NGot= 13421772800 LenX= 13420799125 LenY= 13420326469
 Requested convergence on RMS density matrix=1.00D-08 within 128 cycles.
 Requested convergence on MAX density matrix=1.00D-06.
 Requested convergence on             energy=1.00D-06.
 No special actions if energy rises.
 Fock matrices will be formed incrementally for  20 cycles.

 Cycle   1  Pass 1  IDiag  1:
 FoFJK:  IHMeth= 1 ICntrl=       0 DoSepK=T KAlg= 0 I1Cent=           0 FoldK=F
 IRaf=         1 NMat=       1 IRICut=       1 DoRegI=T DoRafI=F ISym2E= 0 IDoP0=0 IntGTp=1.
 FoFCou: FMM=F IPFlag=           0 FMFlag=      100000 FMFlg1=           0
         NFxFlg=           0 DoJE=T BraDBF=F KetDBF=F FulRan=T
         wScrn=  0.000000 ICntrl=       500 IOpCl=  0 I1Cent=           0 NGrid=           0
         NMat0=    1 NMatS0=      1 NMatT0=    0 NMatD0=    1 NMtDS0=    0 NMtDT0=    0
 Symmetry not used in FoFCou.
 Inv3:  Mode=1 IEnd=    13764492.
 Iteration    1 A*A^-1 deviation from unit magnitude is 3.22D-15 for    763.
 Iteration    1 A*A^-1 deviation from orthogonality  is 2.46D-15 for   1778   1409.
 Iteration    1 A^-1*A deviation from unit magnitude is 3.33D-15 for   1918.
 Iteration    1 A^-1*A deviation from orthogonality  is 2.33D-15 for   1100    450.
 E= -1832.86912201949    
 DIIS: error= 1.11D-04 at cycle   1 NSaved=   1.
 NSaved= 1 IEnMin= 1 EnMin= -1832.86912201949     IErMin= 1 ErrMin= 1.11D-04
 ErrMax= 1.11D-04  0.00D+00 EMaxC= 1.00D-01 BMatC= 1.55D-05 BMatP= 1.55D-05
 IDIUse=3 WtCom= 9.99D-01 WtEn= 1.11D-03
 Coeff-Com:  0.100D+01
 Coeff-En:   0.100D+01
 Coeff:      0.100D+01
 Gap=     0.527 Goal=   None    Shift=    0.000
 Gap=     0.523 Goal=   None    Shift=    0.000
 RMSDP=1.27D-04 MaxDP=9.31D-03              OVMax= 1.57D-03

 Cycle   2  Pass 1  IDiag  1:
 RMSU=  1.27D-04    CP:  1.00D+00
 E= -1832.86913358835     Delta-E=       -0.000011568860 Rises=F Damp=F
 DIIS: error= 4.14D-05 at cycle   2 NSaved=   2.
 NSaved= 2 IEnMin= 2 EnMin= -1832.86913358835     IErMin= 2 ErrMin= 4.14D-05
 ErrMax= 4.14D-05  0.00D+00 EMaxC= 1.00D-01 BMatC= 6.78D-06 BMatP= 1.55D-05
 IDIUse=1 WtCom= 1.00D+00 WtEn= 0.00D+00
 Coeff-Com:  0.314D+00 0.686D+00
 Coeff:      0.314D+00 0.686D+00
 Gap=     0.246 Goal=   None    Shift=    0.000
 Gap=     0.244 Goal=   None    Shift=    0.000
 RMSDP=2.94D-05 MaxDP=2.62D-03 DE=-1.16D-05 OVMax= 3.78D-04

 Cycle   3  Pass 1  IDiag  1:
 RMSU=  2.11D-05    CP:  1.00D+00  1.16D+00
 E= -1832.86913547752     Delta-E=       -0.000001889167 Rises=F Damp=F
 DIIS: error= 3.72D-05 at cycle   3 NSaved=   3.
 NSaved= 3 IEnMin= 3 EnMin= -1832.86913547752     IErMin= 3 ErrMin= 3.72D-05
 ErrMax= 3.72D-05  0.00D+00 EMaxC= 1.00D-01 BMatC= 1.67D-06 BMatP= 6.78D-06
 IDIUse=1 WtCom= 1.00D+00 WtEn= 0.00D+00
 Coeff-Com: -0.648D-01 0.289D+00 0.775D+00
 Coeff:     -0.648D-01 0.289D+00 0.775D+00
 Gap=     0.246 Goal=   None    Shift=    0.000
 Gap=     0.244 Goal=   None    Shift=    0.000
 RMSDP=2.10D-05 MaxDP=1.79D-03 DE=-1.89D-06 OVMax= 4.11D-04

 Cycle   4  Pass 1  IDiag  1:
 RMSU=  7.89D-06    CP:  1.00D+00  1.28D+00  1.54D+00
 E= -1832.86913618427     Delta-E=       -0.000000706754 Rises=F Damp=F
 DIIS: error= 7.65D-06 at cycle   4 NSaved=   4.
 NSaved= 4 IEnMin= 4 EnMin= -1832.86913618427     IErMin= 4 ErrMin= 7.65D-06
 ErrMax= 7.65D-06  0.00D+00 EMaxC= 1.00D-01 BMatC= 2.39D-07 BMatP= 1.67D-06
 IDIUse=1 WtCom= 1.00D+00 WtEn= 0.00D+00
 Coeff-Com: -0.507D-01-0.369D-02 0.242D+00 0.812D+00
 Coeff:     -0.507D-01-0.369D-02 0.242D+00 0.812D+00
 Gap=     0.246 Goal=   None    Shift=    0.000
 Gap=     0.244 Goal=   None    Shift=    0.000
 RMSDP=7.75D-06 MaxDP=5.89D-04 DE=-7.07D-07 OVMax= 1.28D-04

 Cycle   5  Pass 1  IDiag  1:
 RMSU=  2.22D-06    CP:  1.00D+00  1.32D+00  1.78D+00  1.34D+00
 E= -1832.86913628396     Delta-E=       -0.000000099688 Rises=F Damp=F
 DIIS: error= 3.17D-06 at cycle   5 NSaved=   5.
 NSaved= 5 IEnMin= 5 EnMin= -1832.86913628396     IErMin= 5 ErrMin= 3.17D-06
 ErrMax= 3.17D-06  0.00D+00 EMaxC= 1.00D-01 BMatC= 5.55D-08 BMatP= 2.39D-07
 IDIUse=1 WtCom= 1.00D+00 WtEn= 0.00D+00
 Coeff-Com: -0.106D-01-0.560D-01-0.279D-01 0.346D+00 0.748D+00
 Coeff:     -0.106D-01-0.560D-01-0.279D-01 0.346D+00 0.748D+00
 Gap=     0.246 Goal=   None    Shift=    0.000
 Gap=     0.244 Goal=   None    Shift=    0.000
 RMSDP=3.56D-06 MaxDP=3.51D-04 DE=-9.97D-08 OVMax= 7.84D-05

 Cycle   6  Pass 1  IDiag  1:
 RMSU=  1.25D-06    CP:  1.00D+00  1.33D+00  1.91D+00  1.55D+00  1.10D+00
 E= -1832.86913630802     Delta-E=       -0.000000024054 Rises=F Damp=F
 DIIS: error= 1.46D-06 at cycle   6 NSaved=   6.
 NSaved= 6 IEnMin= 6 EnMin= -1832.86913630802     IErMin= 6 ErrMin= 1.46D-06
 ErrMax= 1.46D-06  0.00D+00 EMaxC= 1.00D-01 BMatC= 3.96D-09 BMatP= 5.55D-08
 IDIUse=1 WtCom= 1.00D+00 WtEn= 0.00D+00
 Coeff-Com:  0.388D-02-0.934D-02-0.172D-01-0.557D-01 0.124D+00 0.954D+00
 Coeff:      0.388D-02-0.934D-02-0.172D-01-0.557D-01 0.124D+00 0.954D+00
 Gap=     0.246 Goal=   None    Shift=    0.000
 Gap=     0.244 Goal=   None    Shift=    0.000
 RMSDP=1.09D-06 MaxDP=8.50D-05 DE=-2.41D-08 OVMax= 4.36D-05

 Cycle   7  Pass 1  IDiag  1:
 RMSU=  3.84D-07    CP:  1.00D+00  1.32D+00  1.94D+00  1.62D+00  1.24D+00
                    CP:  1.28D+00
 E= -1832.86913631137     Delta-E=       -0.000000003351 Rises=F Damp=F
 DIIS: error= 7.82D-07 at cycle   7 NSaved=   7.
 NSaved= 7 IEnMin= 7 EnMin= -1832.86913631137     IErMin= 7 ErrMin= 7.82D-07
 ErrMax= 7.82D-07  0.00D+00 EMaxC= 1.00D-01 BMatC= 1.23D-09 BMatP= 3.96D-09
 IDIUse=1 WtCom= 1.00D+00 WtEn= 0.00D+00
 Coeff-Com:  0.266D-02-0.101D-02-0.620D-03-0.589D-01-0.189D-01 0.364D+00
 Coeff-Com:  0.713D+00
 Coeff:      0.266D-02-0.101D-02-0.620D-03-0.589D-01-0.189D-01 0.364D+00
 Coeff:      0.713D+00
 Gap=     0.246 Goal=   None    Shift=    0.000
 Gap=     0.244 Goal=   None    Shift=    0.000
 RMSDP=3.46D-07 MaxDP=2.79D-05 DE=-3.35D-09 OVMax= 1.65D-05

 Cycle   8  Pass 1  IDiag  1:
 RMSU=  1.55D-07    CP:  1.00D+00  1.32D+00  1.95D+00  1.64D+00  1.31D+00
                    CP:  1.39D+00  1.23D+00
 E= -1832.86913631217     Delta-E=       -0.000000000800 Rises=F Damp=F
 DIIS: error= 5.38D-07 at cycle   8 NSaved=   8.
 NSaved= 8 IEnMin= 8 EnMin= -1832.86913631217     IErMin= 8 ErrMin= 5.38D-07
 ErrMax= 5.38D-07  0.00D+00 EMaxC= 1.00D-01 BMatC= 2.76D-10 BMatP= 1.23D-09
 IDIUse=1 WtCom= 1.00D+00 WtEn= 0.00D+00
 Coeff-Com: -0.578D-03 0.119D-02 0.965D-02-0.374D-03-0.469D-01-0.250D+00
 Coeff-Com:  0.141D+00 0.115D+01
 Coeff:     -0.578D-03 0.119D-02 0.965D-02-0.374D-03-0.469D-01-0.250D+00
 Coeff:      0.141D+00 0.115D+01
 Gap=     0.246 Goal=   None    Shift=    0.000
 Gap=     0.244 Goal=   None    Shift=    0.000
 RMSDP=3.03D-07 MaxDP=2.25D-05 DE=-8.00D-10 OVMax= 2.37D-05

 Cycle   9  Pass 1  IDiag  1:
 RMSU=  8.13D-08    CP:  1.00D+00  1.32D+00  1.95D+00  1.65D+00  1.35D+00
                    CP:  1.48D+00  1.62D+00  1.73D+00
 E= -1832.86913631255     Delta-E=       -0.000000000387 Rises=F Damp=F
 DIIS: error= 2.12D-07 at cycle   9 NSaved=   9.
 NSaved= 9 IEnMin= 9 EnMin= -1832.86913631255     IErMin= 9 ErrMin= 2.12D-07
 ErrMax= 2.12D-07  0.00D+00 EMaxC= 1.00D-01 BMatC= 4.57D-11 BMatP= 2.76D-10
 IDIUse=1 WtCom= 1.00D+00 WtEn= 0.00D+00
 Coeff-Com: -0.575D-03 0.376D-03 0.365D-02 0.767D-02-0.888D-02-0.133D+00
 Coeff-Com: -0.775D-01 0.384D+00 0.824D+00
 Coeff:     -0.575D-03 0.376D-03 0.365D-02 0.767D-02-0.888D-02-0.133D+00
 Coeff:     -0.775D-01 0.384D+00 0.824D+00
 Gap=     0.246 Goal=   None    Shift=    0.000
 Gap=     0.244 Goal=   None    Shift=    0.000
 RMSDP=9.39D-08 MaxDP=1.04D-05 DE=-3.87D-10 OVMax= 7.66D-06

 Cycle  10  Pass 1  IDiag  1:
 RMSU=  5.00D-08    CP:  1.00D+00  1.32D+00  1.95D+00  1.65D+00  1.36D+00
                    CP:  1.51D+00  1.71D+00  2.00D+00  1.34D+00
 E= -1832.86913631261     Delta-E=       -0.000000000058 Rises=F Damp=F
 DIIS: error= 1.25D-07 at cycle  10 NSaved=  10.
 NSaved=10 IEnMin=10 EnMin= -1832.86913631261     IErMin=10 ErrMin= 1.25D-07
 ErrMax= 1.25D-07  0.00D+00 EMaxC= 1.00D-01 BMatC= 8.21D-12 BMatP= 4.57D-11
 IDIUse=1 WtCom= 1.00D+00 WtEn= 0.00D+00
 Coeff-Com: -0.163D-04-0.384D-04-0.113D-02 0.151D-02 0.957D-02 0.182D-01
 Coeff-Com: -0.657D-01-0.149D+00 0.249D+00 0.938D+00
 Coeff:     -0.163D-04-0.384D-04-0.113D-02 0.151D-02 0.957D-02 0.182D-01
 Coeff:     -0.657D-01-0.149D+00 0.249D+00 0.938D+00
 Gap=     0.246 Goal=   None    Shift=    0.000
 Gap=     0.244 Goal=   None    Shift=    0.000
 RMSDP=5.21D-08 MaxDP=6.56D-06 DE=-5.80D-11 OVMax= 5.07D-06

 Cycle  11  Pass 1  IDiag  1:
 RMSU=  1.76D-08    CP:  1.00D+00  1.32D+00  1.95D+00  1.65D+00  1.36D+00
                    CP:  1.50D+00  1.73D+00  2.16D+00  1.64D+00  1.31D+00
 E= -1832.86913631264     Delta-E=       -0.000000000028 Rises=F Damp=F
 DIIS: error= 5.84D-08 at cycle  11 NSaved=  11.
 NSaved=11 IEnMin=11 EnMin= -1832.86913631264     IErMin=11 ErrMin= 5.84D-08
 ErrMax= 5.84D-08  0.00D+00 EMaxC= 1.00D-01 BMatC= 1.63D-12 BMatP= 8.21D-12
 IDIUse=1 WtCom= 1.00D+00 WtEn= 0.00D+00
 Coeff-Com:  0.522D-04-0.677D-05-0.559D-03-0.736D-03 0.265D-02 0.176D-01
 Coeff-Com: -0.105D-03-0.641D-01-0.760D-01 0.145D+00 0.976D+00
 Coeff:      0.522D-04-0.677D-05-0.559D-03-0.736D-03 0.265D-02 0.176D-01
 Coeff:     -0.105D-03-0.641D-01-0.760D-01 0.145D+00 0.976D+00
 Gap=     0.246 Goal=   None    Shift=    0.000
 Gap=     0.244 Goal=   None    Shift=    0.000
 RMSDP=2.27D-08 MaxDP=2.13D-06 DE=-2.84D-11 OVMax= 2.20D-06

 Cycle  12  Pass 1  IDiag  1:
 RMSU=  7.67D-09    CP:  1.00D+00  1.32D+00  1.95D+00  1.65D+00  1.36D+00
                    CP:  1.50D+00  1.73D+00  2.19D+00  1.74D+00  1.47D+00
                    CP:  1.47D+00
 E= -1832.86913631261     Delta-E=        0.000000000027 Rises=F Damp=F
 DIIS: error= 4.62D-08 at cycle  12 NSaved=  12.
 NSaved=12 IEnMin=11 EnMin= -1832.86913631264     IErMin=12 ErrMin= 4.62D-08
 ErrMax= 4.62D-08  0.00D+00 EMaxC= 1.00D-01 BMatC= 7.71D-13 BMatP= 1.63D-12
 IDIUse=1 WtCom= 1.00D+00 WtEn= 0.00D+00
 Coeff-Com:  0.183D-04 0.512D-05 0.135D-03-0.674D-03-0.199D-02 0.445D-03
 Coeff-Com:  0.210D-01 0.240D-01-0.105D+00-0.241D+00 0.320D+00 0.982D+00
 Coeff:      0.183D-04 0.512D-05 0.135D-03-0.674D-03-0.199D-02 0.445D-03
 Coeff:      0.210D-01 0.240D-01-0.105D+00-0.241D+00 0.320D+00 0.982D+00
 Gap=     0.246 Goal=   None    Shift=    0.000
 Gap=     0.244 Goal=   None    Shift=    0.000
 RMSDP=1.34D-08 MaxDP=1.22D-06 DE= 2.68D-11 OVMax= 1.78D-06

 Cycle  13  Pass 1  IDiag  1:
 RMSU=  5.04D-09    CP:  1.00D+00  1.32D+00  1.95D+00  1.65D+00  1.36D+00
                    CP:  1.50D+00  1.72D+00  2.18D+00  1.76D+00  1.59D+00
                    CP:  1.84D+00  1.59D+00
 E= -1832.86913631262     Delta-E=       -0.000000000004 Rises=F Damp=F
 DIIS: error= 3.12D-08 at cycle  13 NSaved=  13.
 NSaved=13 IEnMin=11 EnMin= -1832.86913631264     IErMin=13 ErrMin= 3.12D-08
 ErrMax= 3.12D-08  0.00D+00 EMaxC= 1.00D-01 BMatC= 3.39D-13 BMatP= 7.71D-13
 IDIUse=1 WtCom= 1.00D+00 WtEn= 0.00D+00
 Coeff-Com: -0.175D-04 0.165D-05 0.228D-03 0.346D-03-0.147D-02-0.795D-02
 Coeff-Com:  0.135D-02 0.282D-01 0.312D-01-0.749D-01-0.439D+00 0.212D-01
 Coeff-Com:  0.144D+01
 Coeff:     -0.175D-04 0.165D-05 0.228D-03 0.346D-03-0.147D-02-0.795D-02
 Coeff:      0.135D-02 0.282D-01 0.312D-01-0.749D-01-0.439D+00 0.212D-01
 Coeff:      0.144D+01
 Gap=     0.246 Goal=   None    Shift=    0.000
 Gap=     0.244 Goal=   None    Shift=    0.000
 RMSDP=1.09D-08 MaxDP=8.79D-07 DE=-4.09D-12 OVMax= 1.97D-06

 Cycle  14  Pass 1  IDiag  1:
 RMSU=  3.26D-09    CP:  1.00D+00  1.32D+00  1.95D+00  1.65D+00  1.36D+00
                    CP:  1.50D+00  1.72D+00  2.18D+00  1.77D+00  1.61D+00
                    CP:  2.12D+00  2.49D+00  2.17D+00
 E= -1832.86913631263     Delta-E=       -0.000000000010 Rises=F Damp=F
 DIIS: error= 1.72D-08 at cycle  14 NSaved=  14.
 NSaved=14 IEnMin=11 EnMin= -1832.86913631264     IErMin=14 ErrMin= 1.72D-08
 ErrMax= 1.72D-08  0.00D+00 EMaxC= 1.00D-01 BMatC= 1.39D-13 BMatP= 3.39D-13
 IDIUse=1 WtCom= 1.00D+00 WtEn= 0.00D+00
 Coeff-Com: -0.147D-04-0.504D-05 0.142D-04 0.499D-03 0.448D-03-0.276D-02
 Coeff-Com: -0.102D-01-0.308D-02 0.682D-01 0.101D+00-0.310D+00-0.510D+00
 Coeff-Com:  0.502D+00 0.116D+01
 Coeff:     -0.147D-04-0.504D-05 0.142D-04 0.499D-03 0.448D-03-0.276D-02
 Coeff:     -0.102D-01-0.308D-02 0.682D-01 0.101D+00-0.310D+00-0.510D+00
 Coeff:      0.502D+00 0.116D+01
 Gap=     0.246 Goal=   None    Shift=    0.000
 Gap=     0.244 Goal=   None    Shift=    0.000
 RMSDP=8.83D-09 MaxDP=9.17D-07 DE=-9.55D-12 OVMax= 1.45D-06

 Error on total polarization charges =  0.01701
 SCF Done:  E(UwB97XD) =  -1832.86913631     A.U. after   14 cycles
            NFock= 14  Conv=0.88D-08     -V/T= 2.0040
 <Sx>= 0.0000 <Sy>= 0.0000 <Sz>= 2.5000 <S**2>= 8.7524 S= 2.5004
 <L.S>=  0.00000000000    
 KE= 1.825543904991D+03 PE=-6.951490510848D+03 EE= 1.956214314849D+03
 Annihilation of the first spin contaminant:
 S**2 before annihilation     8.7524,   after     8.7500
 Leave Link  502 at Tue Apr 19 21:26:58 2022, MaxMem= 13421772800 cpu:            8671.5 elap:             241.9
 (Enter /soft/gaussian/16-c.01/g16/l801.exe)
 DoSCS=F DFT=T ScalE2(SS,OS)=  1.000000  1.000000
 Range of M.O.s used for correlation:     1   624
 NBasis=   627 NAE=    69 NBE=    64 NFC=     0 NFV=     0
 NROrb=    624 NOA=    69 NOB=    64 NVA=   555 NVB=   560

 **** Warning!!: The largest alpha MO coefficient is  0.14869593D+03


 **** Warning!!: The largest beta MO coefficient is  0.17223162D+03

 Leave Link  801 at Tue Apr 19 21:26:59 2022, MaxMem= 13421772800 cpu:               1.3 elap:               0.1
 (Enter /soft/gaussian/16-c.01/g16/l1101.exe)
 Using compressed storage, NAtomX=    27.
 Will process     28 centers per pass.
 R6Disp: Adding Grimme-D2 dispersion energy 1st derivatives to the gradient.
 Leave Link 1101 at Tue Apr 19 21:27:00 2022, MaxMem= 13421772800 cpu:              46.4 elap:               1.3
 (Enter /soft/gaussian/16-c.01/g16/l1102.exe)
 DDipDN:  doing centers     0 through    27.
 Symmetrizing basis deriv contribution to polar:
 IMax=3 JMax=2 DiffMx= 0.00D+00
 Leave Link 1102 at Tue Apr 19 21:27:02 2022, MaxMem= 13421772800 cpu:              51.8 elap:               1.6
 (Enter /soft/gaussian/16-c.01/g16/l1110.exe)
 Forming Gx(P) for the SCF density, NAtomX=    27.
 Integral derivatives from FoFJK, PRISM(SPDF).
 Do as many integral derivatives as possible in FoFJK.
 G2DrvN: MDV=   13421769937.
 G2DrvN: will do    28 centers at a time, making    1 passes.
 Calling FoFCou, ICntrl=  3107 FMM=F I1Cent=   0 AccDes= 0.00D+00.
 FoFJK:  IHMeth= 1 ICntrl=    3107 DoSepK=T KAlg= 0 I1Cent=           0 FoldK=F
 IRaf=         1 NMat=       1 IRICut=       1 DoRegI=T DoRafI=F ISym2E= 0 IDoP0=0 IntGTp=1.
 FoFCou: FMM=F IPFlag=           0 FMFlag=      100000 FMFlg1=           0
         NFxFlg=           0 DoJE=F BraDBF=F KetDBF=F FulRan=T
         wScrn=  0.000000 ICntrl=      3507 IOpCl=  0 I1Cent=           0 NGrid=           0
         NMat0=    1 NMatS0=      1 NMatT0=    0 NMatD0=    1 NMtDS0=    0 NMtDT0=    0
 Symmetry not used in FoFCou.
 NEqPCM:  Using equilibrium solvation (IEInf=0, Eps=  78.3553, EpsInf=   1.7778)
 G2PCM: DoFxE=T DoFxN=T DoGrad=T DoDP/DQ/DG/TGxP=FFFF NFrqRd=   0 IEInf=0 SqF1=F DoCFld=F IF1Alg=4.
 GePol: Maximum number of non-zero 1st derivatives   =     197
 End of G2Drv F.D. properties file   721 does not exist.
 End of G2Drv F.D. properties file   722 does not exist.
 End of G2Drv F.D. properties file   788 does not exist.
 Leave Link 1110 at Tue Apr 19 21:31:54 2022, MaxMem= 13421772800 cpu:           10522.7 elap:             292.4
 (Enter /soft/gaussian/16-c.01/g16/l1002.exe)
 Minotr:  UHF open shell wavefunction.
          IDoAtm=111111111111111111111111111
 NEqPCM:  Using equilibrium solvation (IEInf=0, Eps=  78.3553, EpsInf=   1.7778)
          Direct CPHF calculation.
          Differentiating once with respect to electric field.
                with respect to dipole field.
          Requested convergence is 1.0D-08 RMS, and 1.0D-07 maximum.
          Secondary convergence is 1.0D-12 RMS, and 1.0D-12 maximum.
          NewPWx=T KeepS1=F KeepF1=F KeepIn=T MapXYZ=F SortEE=F KeepMc=T.
         8502 words used for storage of precomputed grid.
 Two-electron integral symmetry not used.
          MDV=   13421772800 using IRadAn=       1.
          Solving linear equations simultaneously, MaxMat=     360.
 FoF2E skips out because all densities are zero.
 CalDSu exits because no D1Ps are significant.
          There are     3 degrees of freedom in the 1st order CPHF.  IDoFFX=4 NUNeed=     3.
      3 vectors produced by pass  0 Test12= 2.47D-12 3.33D-08 XBig12= 5.31D+02 1.26D+01.
 AX will form     3 AO Fock derivatives at one time.
 FoFJK:  IHMeth= 1 ICntrl=       0 DoSepK=T KAlg= 0 I1Cent=           0 FoldK=F
 IRaf=         1 NMat=       3 IRICut=       1 DoRegI=T DoRafI=F ISym2E= 0 IDoP0=0 IntGTp=1.
      3 vectors produced by pass  1 Test12= 2.47D-12 3.33D-08 XBig12= 5.61D+01 9.96D-01.
      3 vectors produced by pass  2 Test12= 2.47D-12 3.33D-08 XBig12= 1.53D+01 1.21D+00.
      3 vectors produced by pass  3 Test12= 2.47D-12 3.33D-08 XBig12= 2.29D+00 2.79D-01.
      3 vectors produced by pass  4 Test12= 2.47D-12 3.33D-08 XBig12= 9.03D-01 2.78D-01.
      3 vectors produced by pass  5 Test12= 2.47D-12 3.33D-08 XBig12= 1.50D-01 1.00D-01.
      3 vectors produced by pass  6 Test12= 2.47D-12 3.33D-08 XBig12= 3.44D-02 2.71D-02.
      3 vectors produced by pass  7 Test12= 2.47D-12 3.33D-08 XBig12= 6.17D-03 2.29D-02.
      3 vectors produced by pass  8 Test12= 2.47D-12 3.33D-08 XBig12= 2.03D-03 1.32D-02.
      3 vectors produced by pass  9 Test12= 2.47D-12 3.33D-08 XBig12= 8.15D-04 7.22D-03.
      3 vectors produced by pass 10 Test12= 2.47D-12 3.33D-08 XBig12= 1.26D-04 1.71D-03.
      3 vectors produced by pass 11 Test12= 2.47D-12 3.33D-08 XBig12= 1.13D-05 6.02D-04.
      3 vectors produced by pass 12 Test12= 2.47D-12 3.33D-08 XBig12= 1.32D-06 2.17D-04.
      3 vectors produced by pass 13 Test12= 2.47D-12 3.33D-08 XBig12= 3.49D-07 1.03D-04.
      3 vectors produced by pass 14 Test12= 2.47D-12 3.33D-08 XBig12= 7.07D-08 7.76D-05.
      3 vectors produced by pass 15 Test12= 2.47D-12 3.33D-08 XBig12= 7.01D-09 1.68D-05.
      3 vectors produced by pass 16 Test12= 2.47D-12 3.33D-08 XBig12= 4.57D-10 3.58D-06.
      3 vectors produced by pass 17 Test12= 2.47D-12 3.33D-08 XBig12= 5.44D-11 1.21D-06.
      2 vectors produced by pass 18 Test12= 2.47D-12 3.33D-08 XBig12= 4.96D-12 3.59D-07.
      2 vectors produced by pass 19 Test12= 2.47D-12 3.33D-08 XBig12= 3.96D-13 1.27D-07.
      1 vectors produced by pass 20 Test12= 2.47D-12 3.33D-08 XBig12= 2.49D-14 3.61D-08.
 InvSVY:  IOpt=1 It=  1 EMax= 7.16D-15
 Solved reduced A of dimension    59 with     3 vectors.
 FullF1:  Do perturbations      1 to       3.
 SCF Polarizability for W=    0.000000:
                1             2             3 
      1  0.551681D+03
      2 -0.415180D+02  0.257329D+03
      3  0.215011D+00  0.724148D+00  0.125408D+03
 Isotropic polarizability for W=    0.000000      311.47 Bohr**3.
 SCF Static Hyperpolarizability:
 K=  1 block:
                1 
      1  0.895472D+04
 K=  2 block:
                1             2 
      1 -0.156660D+04
      2  0.233575D+03  0.448869D+03
 K=  3 block:
                1             2             3 
      1  0.237223D+02
      2  0.297713D+01 -0.564584D+00
      3  0.123366D+03  0.138845D+02  0.193009D+01
 End of Minotr F.D. properties file   721 does not exist.
 End of Minotr F.D. properties file   722 does not exist.
 End of Minotr F.D. properties file   788 does not exist.
 Leave Link 1002 at Tue Apr 19 21:44:14 2022, MaxMem= 13421772800 cpu:           26635.6 elap:             740.2
 (Enter /soft/gaussian/16-c.01/g16/l601.exe)
 Copying SCF densities to generalized density rwf, IOpCl= 1 IROHF=0.

 **********************************************************************

            Population analysis using the SCF Density.

 **********************************************************************

 Alpha  occ. eigenvalues -- -235.77125 -27.57992 -23.63440 -23.63392 -23.63205
 Alpha  occ. eigenvalues --  -14.51497 -14.48910 -14.48467 -14.47918 -10.38630
 Alpha  occ. eigenvalues --  -10.38406 -10.37461 -10.37366 -10.36876 -10.35943
 Alpha  occ. eigenvalues --  -10.32784 -10.32714 -10.32147 -10.32074 -10.31907
 Alpha  occ. eigenvalues --  -10.31492  -3.44962  -2.31096  -2.30904  -2.30770
 Alpha  occ. eigenvalues --   -1.11504  -1.07557  -1.04538  -1.02640  -0.98328
 Alpha  occ. eigenvalues --   -0.94031  -0.88554  -0.86601  -0.85148  -0.79330
 Alpha  occ. eigenvalues --   -0.76241  -0.74413  -0.72377  -0.68041  -0.67240
 Alpha  occ. eigenvalues --   -0.65789  -0.61961  -0.60948  -0.59903  -0.59609
 Alpha  occ. eigenvalues --   -0.56514  -0.56336  -0.54507  -0.54335  -0.53763
 Alpha  occ. eigenvalues --   -0.52868  -0.51033  -0.50568  -0.48081  -0.47768
 Alpha  occ. eigenvalues --   -0.47022  -0.46972  -0.46902  -0.46471  -0.45982
 Alpha  occ. eigenvalues --   -0.45708  -0.45490  -0.43089  -0.42297  -0.38338
 Alpha  occ. eigenvalues --   -0.36552  -0.35315  -0.30252  -0.29929
 Alpha virt. eigenvalues --   -0.05301   0.00014   0.02413   0.03547   0.04405
 Alpha virt. eigenvalues --    0.04665   0.05387   0.06302   0.06816   0.07238
 Alpha virt. eigenvalues --    0.07851   0.08300   0.09614   0.10181   0.10867
 Alpha virt. eigenvalues --    0.11155   0.11522   0.11872   0.12225   0.12541
 Alpha virt. eigenvalues --    0.12983   0.14173   0.14408   0.14692   0.14789
 Alpha virt. eigenvalues --    0.15343   0.15792   0.16224   0.16862   0.16997
 Alpha virt. eigenvalues --    0.18027   0.18250   0.18616   0.18856   0.19481
 Alpha virt. eigenvalues --    0.20046   0.20144   0.20502   0.21131   0.21268
 Alpha virt. eigenvalues --    0.21798   0.22034   0.22271   0.23028   0.23441
 Alpha virt. eigenvalues --    0.23559   0.23972   0.25076   0.25533   0.25740
 Alpha virt. eigenvalues --    0.26026   0.26253   0.26469   0.27125   0.27272
 Alpha virt. eigenvalues --    0.27757   0.28153   0.28444   0.28726   0.29385
 Alpha virt. eigenvalues --    0.29437   0.29629   0.30136   0.30343   0.31060
 Alpha virt. eigenvalues --    0.31391   0.31457   0.32265   0.32396   0.32706
 Alpha virt. eigenvalues --    0.33247   0.33609   0.33796   0.34490   0.34809
 Alpha virt. eigenvalues --    0.35012   0.35348   0.36105   0.36251   0.36995
 Alpha virt. eigenvalues --    0.37417   0.37849   0.38220   0.38507   0.39516
 Alpha virt. eigenvalues --    0.40041   0.40126   0.40823   0.41345   0.41432
 Alpha virt. eigenvalues --    0.41847   0.42507   0.43519   0.43825   0.44230
 Alpha virt. eigenvalues --    0.45278   0.45762   0.46407   0.47520   0.47589
 Alpha virt. eigenvalues --    0.49103   0.51067   0.51597   0.53500   0.54411
 Alpha virt. eigenvalues --    0.58303   0.59033   0.59770   0.61283   0.64927
 Alpha virt. eigenvalues --    0.65194   0.66087   0.66998   0.67345   0.69365
 Alpha virt. eigenvalues --    0.69982   0.70384   0.71428   0.71981   0.72277
 Alpha virt. eigenvalues --    0.72739   0.73253   0.73755   0.74142   0.74720
 Alpha virt. eigenvalues --    0.74885   0.76627   0.77022   0.77639   0.78095
 Alpha virt. eigenvalues --    0.78906   0.79631   0.82396   0.82640   0.84188
 Alpha virt. eigenvalues --    0.84763   0.85514   0.86480   0.87359   0.88181
 Alpha virt. eigenvalues --    0.89792   0.90040   0.90197   0.90865   0.91089
 Alpha virt. eigenvalues --    0.91095   0.91215   0.91972   0.93344   0.93588
 Alpha virt. eigenvalues --    0.93913   0.94386   0.94902   0.95180   0.95529
 Alpha virt. eigenvalues --    0.95842   0.96453   0.97058   0.97251   0.98392
 Alpha virt. eigenvalues --    0.98721   0.99649   1.00524   1.00542   1.01915
 Alpha virt. eigenvalues --    1.02252   1.02843   1.03208   1.03725   1.04689
 Alpha virt. eigenvalues --    1.04930   1.05807   1.06197   1.06881   1.08385
 Alpha virt. eigenvalues --    1.09002   1.09348   1.10033   1.11093   1.12088
 Alpha virt. eigenvalues --    1.13688   1.14356   1.15948   1.17363   1.18407
 Alpha virt. eigenvalues --    1.19231   1.21906   1.22230   1.24331   1.24900
 Alpha virt. eigenvalues --    1.26434   1.26803   1.27397   1.28161   1.28928
 Alpha virt. eigenvalues --    1.30691   1.32928   1.34947   1.36564   1.37155
 Alpha virt. eigenvalues --    1.38130   1.39177   1.39642   1.40390   1.42971
 Alpha virt. eigenvalues --    1.43746   1.45723   1.46583   1.47150   1.48487
 Alpha virt. eigenvalues --    1.48973   1.49420   1.49912   1.50175   1.51829
 Alpha virt. eigenvalues --    1.52032   1.54054   1.54326   1.55967   1.56418
 Alpha virt. eigenvalues --    1.56812   1.57294   1.58798   1.59604   1.60995
 Alpha virt. eigenvalues --    1.61436   1.62821   1.63244   1.64425   1.65092
 Alpha virt. eigenvalues --    1.65369   1.66207   1.67305   1.68039   1.68577
 Alpha virt. eigenvalues --    1.68859   1.70088   1.71904   1.72994   1.73590
 Alpha virt. eigenvalues --    1.74666   1.79917   1.80222   1.80725   1.84007
 Alpha virt. eigenvalues --    1.84360   1.86167   1.87378   1.90554   1.92393
 Alpha virt. eigenvalues --    1.93930   1.97559   1.97847   1.99080   2.00323
 Alpha virt. eigenvalues --    2.00900   2.03510   2.05559   2.06553   2.07425
 Alpha virt. eigenvalues --    2.08996   2.10559   2.12301   2.16864   2.19544
 Alpha virt. eigenvalues --    2.21262   2.22086   2.22753   2.25844   2.26029
 Alpha virt. eigenvalues --    2.31453   2.31953   2.33106   2.34631   2.34947
 Alpha virt. eigenvalues --    2.36174   2.37350   2.39514   2.41136   2.44268
 Alpha virt. eigenvalues --    2.45001   2.46544   2.49779   2.52366   2.53638
 Alpha virt. eigenvalues --    2.54479   2.59608   2.65304   2.66585   2.69665
 Alpha virt. eigenvalues --    2.70419   2.71108   2.72452   2.73889   2.77483
 Alpha virt. eigenvalues --    2.78919   2.79122   2.84281   2.88315   2.89491
 Alpha virt. eigenvalues --    2.91089   2.92122   2.93812   2.94562   2.95274
 Alpha virt. eigenvalues --    2.97101   2.98084   3.00894   3.01119   3.01732
 Alpha virt. eigenvalues --    3.02777   3.03961   3.04417   3.04823   3.07202
 Alpha virt. eigenvalues --    3.08221   3.09940   3.10847   3.11204   3.11948
 Alpha virt. eigenvalues --    3.13375   3.14840   3.16036   3.16214   3.17168
 Alpha virt. eigenvalues --    3.17477   3.18633   3.19423   3.20424   3.21705
 Alpha virt. eigenvalues --    3.22895   3.23814   3.24358   3.26174   3.26495
 Alpha virt. eigenvalues --    3.27194   3.28184   3.28758   3.30123   3.30647
 Alpha virt. eigenvalues --    3.32451   3.32773   3.34203   3.34767   3.35193
 Alpha virt. eigenvalues --    3.36560   3.37865   3.38856   3.39668   3.41314
 Alpha virt. eigenvalues --    3.43003   3.45562   3.47411   3.49283   3.50526
 Alpha virt. eigenvalues --    3.51170   3.52991   3.53660   3.55388   3.58328
 Alpha virt. eigenvalues --    3.58514   3.62212   3.62777   3.63808   3.65521
 Alpha virt. eigenvalues --    3.66126   3.67061   3.69309   3.71283   3.72271
 Alpha virt. eigenvalues --    3.72968   3.74095   3.75560   3.77631   3.78468
 Alpha virt. eigenvalues --    3.79630   3.80611   3.82392   3.84818   3.85374
 Alpha virt. eigenvalues --    3.86353   3.87582   3.89296   3.90137   3.92060
 Alpha virt. eigenvalues --    3.93873   3.95813   3.97343   3.98115   3.99798
 Alpha virt. eigenvalues --    4.01483   4.01594   4.01706   4.01880   4.02588
 Alpha virt. eigenvalues --    4.03168   4.04816   4.05360   4.05618   4.06423
 Alpha virt. eigenvalues --    4.10470   4.11147   4.13366   4.13789   4.15605
 Alpha virt. eigenvalues --    4.16541   4.16853   4.18581   4.19616   4.21020
 Alpha virt. eigenvalues --    4.21660   4.22662   4.25393   4.26530   4.27432
 Alpha virt. eigenvalues --    4.27881   4.30088   4.30512   4.34117   4.34677
 Alpha virt. eigenvalues --    4.35434   4.35866   4.37421   4.38633   4.39404
 Alpha virt. eigenvalues --    4.40066   4.41733   4.43100   4.44196   4.44835
 Alpha virt. eigenvalues --    4.44970   4.46044   4.47282   4.48597   4.49003
 Alpha virt. eigenvalues --    4.50684   4.51850   4.52178   4.52761   4.54229
 Alpha virt. eigenvalues --    4.54711   4.55345   4.57176   4.57398   4.58050
 Alpha virt. eigenvalues --    4.59289   4.60035   4.60599   4.61709   4.62783
 Alpha virt. eigenvalues --    4.63255   4.63393   4.64584   4.66294   4.66514
 Alpha virt. eigenvalues --    4.68426   4.68808   4.69244   4.70374   4.71506
 Alpha virt. eigenvalues --    4.72585   4.73529   4.73909   4.74990   4.75537
 Alpha virt. eigenvalues --    4.76296   4.76677   4.78053   4.78608   4.80832
 Alpha virt. eigenvalues --    4.81454   4.82923   4.83861   4.84159   4.87326
 Alpha virt. eigenvalues --    4.89691   4.90433   4.91958   4.92523   4.96713
 Alpha virt. eigenvalues --    4.97251   4.98452   4.99558   5.01931   5.05951
 Alpha virt. eigenvalues --    5.07485   5.10328   5.11008   5.12879   5.14918
 Alpha virt. eigenvalues --    5.16893   5.18838   5.20486   5.22720   5.24024
 Alpha virt. eigenvalues --    5.25020   5.26027   5.28081   5.30094   5.32745
 Alpha virt. eigenvalues --    5.37409   5.38458   5.41068   5.43053   5.45320
 Alpha virt. eigenvalues --    5.48515   5.50815   5.55797   5.57455   5.61458
 Alpha virt. eigenvalues --    5.64254   5.65360   5.71224   5.74723   5.80705
 Alpha virt. eigenvalues --    5.84160   5.86002   5.87498   5.91650   5.91984
 Alpha virt. eigenvalues --    5.95704   5.98380   6.04922   6.05910   6.13961
 Alpha virt. eigenvalues --    6.22142   6.27584   6.41620   6.52915   6.61148
 Alpha virt. eigenvalues --    6.84482   7.01093   8.97038   9.48170  11.10932
 Alpha virt. eigenvalues --   11.33910  11.43169  11.43760  11.54437  11.55313
 Alpha virt. eigenvalues --   11.74674  12.05129  12.05714  12.24544  12.40774
 Alpha virt. eigenvalues --   12.43561  12.57356  12.68405  13.18324  13.61415
 Alpha virt. eigenvalues --   17.26425  18.23406  26.56443  28.35626  38.51645
  Beta  occ. eigenvalues -- -235.77010 -27.49426 -23.56270 -23.56213 -23.56108
  Beta  occ. eigenvalues --  -14.51497 -14.48906 -14.48452 -14.47919 -10.38624
  Beta  occ. eigenvalues --  -10.38393 -10.37465 -10.37355 -10.36880 -10.35948
  Beta  occ. eigenvalues --  -10.32778 -10.32708 -10.32146 -10.32074 -10.31902
  Beta  occ. eigenvalues --  -10.31488  -3.22782  -2.07097  -2.06863  -2.06600
  Beta  occ. eigenvalues --   -1.11469  -1.07550  -1.04499  -1.02637  -0.98317
  Beta  occ. eigenvalues --   -0.94019  -0.88536  -0.86589  -0.85135  -0.79312
  Beta  occ. eigenvalues --   -0.76217  -0.74368  -0.72348  -0.68029  -0.67198
  Beta  occ. eigenvalues --   -0.65751  -0.61949  -0.60910  -0.59782  -0.59602
  Beta  occ. eigenvalues --   -0.56482  -0.56249  -0.54434  -0.54286  -0.53674
  Beta  occ. eigenvalues --   -0.52812  -0.50546  -0.48901  -0.46893  -0.46771
  Beta  occ. eigenvalues --   -0.46280  -0.45952  -0.45571  -0.43148  -0.38342
  Beta  occ. eigenvalues --   -0.36833  -0.35317  -0.30305  -0.29910
  Beta virt. eigenvalues --   -0.05514   0.01376   0.02029   0.02074   0.02189
  Beta virt. eigenvalues --    0.02386   0.02809   0.03500   0.04817   0.05678
  Beta virt. eigenvalues --    0.05912   0.06203   0.07493   0.07606   0.07872
  Beta virt. eigenvalues --    0.08297   0.08397   0.09872   0.10282   0.10934
  Beta virt. eigenvalues --    0.11676   0.11752   0.12069   0.12428   0.12676
  Beta virt. eigenvalues --    0.13331   0.14551   0.14822   0.14933   0.15245
  Beta virt. eigenvalues --    0.15911   0.16453   0.16548   0.17270   0.17717
  Beta virt. eigenvalues --    0.18167   0.18443   0.19081   0.20000   0.20081
  Beta virt. eigenvalues --    0.20250   0.21189   0.21390   0.21620   0.21906
  Beta virt. eigenvalues --    0.22113   0.22379   0.22928   0.23440   0.23668
  Beta virt. eigenvalues --    0.23765   0.24374   0.25334   0.25687   0.26037
  Beta virt. eigenvalues --    0.26372   0.26574   0.26854   0.27314   0.27410
  Beta virt. eigenvalues --    0.28166   0.28303   0.28784   0.29253   0.29520
  Beta virt. eigenvalues --    0.29644   0.30187   0.30607   0.30749   0.31305
  Beta virt. eigenvalues --    0.31730   0.32124   0.32560   0.32590   0.33056
  Beta virt. eigenvalues --    0.33563   0.33802   0.34137   0.34632   0.34944
  Beta virt. eigenvalues --    0.35568   0.36549   0.36734   0.36923   0.37241
  Beta virt. eigenvalues --    0.37681   0.37952   0.38382   0.39053   0.39755
  Beta virt. eigenvalues --    0.40517   0.41466   0.41863   0.41965   0.43171
  Beta virt. eigenvalues --    0.43428   0.43814   0.44264   0.44415   0.45280
  Beta virt. eigenvalues --    0.46148   0.47098   0.47949   0.48771   0.50629
  Beta virt. eigenvalues --    0.51358   0.51911   0.54014   0.54307   0.55708
  Beta virt. eigenvalues --    0.58678   0.61448   0.62484   0.63961   0.65186
  Beta virt. eigenvalues --    0.65752   0.66229   0.67077   0.68179   0.69844
  Beta virt. eigenvalues --    0.70157   0.70598   0.71557   0.72006   0.72371
  Beta virt. eigenvalues --    0.72876   0.73666   0.74026   0.74241   0.74796
  Beta virt. eigenvalues --    0.75115   0.77153   0.77235   0.77708   0.78431
  Beta virt. eigenvalues --    0.78938   0.80425   0.82423   0.82719   0.84210
  Beta virt. eigenvalues --    0.84989   0.85535   0.86884   0.87581   0.88293
  Beta virt. eigenvalues --    0.89919   0.90265   0.90273   0.90971   0.91193
  Beta virt. eigenvalues --    0.91316   0.91519   0.92119   0.93656   0.93802
  Beta virt. eigenvalues --    0.94272   0.94597   0.94959   0.95426   0.95865
  Beta virt. eigenvalues --    0.95995   0.96492   0.97286   0.97394   0.98449
  Beta virt. eigenvalues --    0.98842   0.99716   1.00578   1.00671   1.02048
  Beta virt. eigenvalues --    1.02365   1.03115   1.03444   1.03891   1.04975
  Beta virt. eigenvalues --    1.05001   1.05984   1.06284   1.07026   1.08579
  Beta virt. eigenvalues --    1.09096   1.09486   1.10137   1.11295   1.12180
  Beta virt. eigenvalues --    1.14259   1.14731   1.16876   1.17856   1.18730
  Beta virt. eigenvalues --    1.19771   1.23798   1.24539   1.25150   1.25320
  Beta virt. eigenvalues --    1.26667   1.27441   1.28353   1.31723   1.32210
  Beta virt. eigenvalues --    1.33916   1.34555   1.35920   1.37350   1.37713
  Beta virt. eigenvalues --    1.39199   1.39845   1.41693   1.43595   1.44777
  Beta virt. eigenvalues --    1.45003   1.46614   1.47815   1.48612   1.48832
  Beta virt. eigenvalues --    1.49784   1.49913   1.51462   1.51996   1.52324
  Beta virt. eigenvalues --    1.53399   1.54668   1.55947   1.57029   1.57579
  Beta virt. eigenvalues --    1.58254   1.59746   1.61175   1.62902   1.63337
  Beta virt. eigenvalues --    1.63572   1.64959   1.65341   1.65536   1.65915
  Beta virt. eigenvalues --    1.68135   1.68860   1.69047   1.71494   1.72547
  Beta virt. eigenvalues --    1.73615   1.73668   1.74386   1.76768   1.77231
  Beta virt. eigenvalues --    1.79366   1.80104   1.81197   1.82213   1.84213
  Beta virt. eigenvalues --    1.84649   1.86942   1.88022   1.91011   1.92812
  Beta virt. eigenvalues --    1.94167   1.98010   1.98340   1.99446   2.01370
  Beta virt. eigenvalues --    2.03355   2.03735   2.05880   2.06637   2.07446
  Beta virt. eigenvalues --    2.09165   2.10998   2.12762   2.16874   2.19640
  Beta virt. eigenvalues --    2.21550   2.22457   2.23306   2.25938   2.26179
  Beta virt. eigenvalues --    2.31547   2.32086   2.33172   2.34693   2.35001
  Beta virt. eigenvalues --    2.36213   2.37481   2.39651   2.43101   2.44738
  Beta virt. eigenvalues --    2.45032   2.47311   2.49828   2.52523   2.53816
  Beta virt. eigenvalues --    2.54566   2.59621   2.65469   2.66683   2.69849
  Beta virt. eigenvalues --    2.70469   2.71881   2.72614   2.78506   2.79106
  Beta virt. eigenvalues --    2.82240   2.84285   2.84518   2.88402   2.89751
  Beta virt. eigenvalues --    2.91304   2.93505   2.94332   2.94620   2.95336
  Beta virt. eigenvalues --    2.97403   2.99887   3.00998   3.01171   3.02185
  Beta virt. eigenvalues --    3.02951   3.04074   3.04531   3.05010   3.07272
  Beta virt. eigenvalues --    3.08309   3.10327   3.11087   3.11407   3.12405
  Beta virt. eigenvalues --    3.13618   3.14893   3.16236   3.16344   3.17200
  Beta virt. eigenvalues --    3.17509   3.18829   3.19449   3.20452   3.21797
  Beta virt. eigenvalues --    3.22959   3.23886   3.24385   3.26222   3.26569
  Beta virt. eigenvalues --    3.27220   3.28214   3.28797   3.30154   3.30793
  Beta virt. eigenvalues --    3.32475   3.32832   3.34234   3.34836   3.35270
  Beta virt. eigenvalues --    3.36604   3.37900   3.38874   3.39827   3.41434
  Beta virt. eigenvalues --    3.43105   3.45817   3.47462   3.49322   3.50619
  Beta virt. eigenvalues --    3.51260   3.53043   3.53725   3.55425   3.58367
  Beta virt. eigenvalues --    3.58565   3.62347   3.62928   3.63909   3.65554
  Beta virt. eigenvalues --    3.66371   3.67192   3.69389   3.71382   3.72617
  Beta virt. eigenvalues --    3.72997   3.74160   3.75694   3.77704   3.78522
  Beta virt. eigenvalues --    3.79717   3.80787   3.82484   3.84958   3.85437
  Beta virt. eigenvalues --    3.86433   3.87642   3.89538   3.90340   3.92236
  Beta virt. eigenvalues --    3.95118   3.96216   3.98476   4.00504   4.01892
  Beta virt. eigenvalues --    4.02895   4.05500   4.06303   4.07245   4.10308
  Beta virt. eigenvalues --    4.10894   4.11571   4.12220   4.12654   4.12847
  Beta virt. eigenvalues --    4.13457   4.13728   4.14057   4.15490   4.16972
  Beta virt. eigenvalues --    4.17483   4.19354   4.20833   4.21342   4.22325
  Beta virt. eigenvalues --    4.22785   4.23438   4.25749   4.26960   4.27925
  Beta virt. eigenvalues --    4.28477   4.30450   4.30832   4.34239   4.34754
  Beta virt. eigenvalues --    4.35688   4.35933   4.37577   4.39234   4.40012
  Beta virt. eigenvalues --    4.41631   4.42041   4.44148   4.45656   4.46705
  Beta virt. eigenvalues --    4.47100   4.48447   4.50519   4.51939   4.53004
  Beta virt. eigenvalues --    4.54461   4.55059   4.56771   4.56944   4.57575
  Beta virt. eigenvalues --    4.58099   4.59585   4.60166   4.61296   4.61679
  Beta virt. eigenvalues --    4.61891   4.62482   4.63425   4.63907   4.64529
  Beta virt. eigenvalues --    4.65007   4.65890   4.67551   4.67692   4.67869
  Beta virt. eigenvalues --    4.69539   4.70501   4.71136   4.72057   4.73127
  Beta virt. eigenvalues --    4.73913   4.74530   4.75371   4.75748   4.76224
  Beta virt. eigenvalues --    4.76811   4.77437   4.79281   4.80823   4.81841
  Beta virt. eigenvalues --    4.83127   4.84304   4.85354   4.85521   4.87674
  Beta virt. eigenvalues --    4.90704   4.92115   4.92821   4.95500   4.97142
  Beta virt. eigenvalues --    4.97509   4.98748   4.99969   5.02058   5.05996
  Beta virt. eigenvalues --    5.07545   5.10369   5.11098   5.13391   5.14953
  Beta virt. eigenvalues --    5.17119   5.18968   5.20519   5.22799   5.24087
  Beta virt. eigenvalues --    5.25043   5.26060   5.28153   5.30257   5.32792
  Beta virt. eigenvalues --    5.37426   5.38476   5.41091   5.43123   5.45354
  Beta virt. eigenvalues --    5.48612   5.50841   5.55879   5.57476   5.61608
  Beta virt. eigenvalues --    5.64278   5.65382   5.71239   5.74750   5.80739
  Beta virt. eigenvalues --    5.84193   5.86011   5.87521   5.91673   5.92014
  Beta virt. eigenvalues --    5.95719   5.98417   6.04945   6.05940   6.14013
  Beta virt. eigenvalues --    6.22158   6.27633   6.41642   6.53033   6.61148
  Beta virt. eigenvalues --    6.84504   7.01194   8.97054   9.48212  11.10936
  Beta virt. eigenvalues --   11.33915  11.43172  11.43766  11.54462  11.55317
  Beta virt. eigenvalues --   11.74684  12.05138  12.05727  12.24551  12.40795
  Beta virt. eigenvalues --   12.43569  12.57370  12.68420  13.18333  13.61449
  Beta virt. eigenvalues --   17.37840  18.24697  26.56460  28.35801  38.51692
          Condensed to atoms (all electrons):
               1          2          3          4          5          6
     1  C   10.041044  -1.794880  -1.606056   0.452367  -1.446622   0.450644
     2  C   -1.794880  10.990065   0.450519  -2.956917   0.185815  -1.034444
     3  C   -1.606056   0.450519  10.743384  -1.754622  -2.126253   1.236488
     4  C    0.452367  -2.956917  -1.754622  11.941031  -0.807119  -1.175961
     5  C   -1.446622   0.185815  -2.126253  -0.807119  11.095207  -1.559266
     6  C    0.450644  -1.034444   1.236488  -1.175961  -1.559266   9.215870
     7  N    0.039913   0.003423   0.021315  -0.009326   0.344787  -0.084988
     8  C   -0.102527  -0.210840  -0.671416  -1.060833   1.173173  -0.038566
     9  C    0.064222  -0.115047  -0.137902  -0.097158   0.212533  -0.384060
    10  C    0.025499  -0.022880  -0.061634  -0.084164   0.151319  -0.002710
    11  C   -0.035327   0.071088   0.033425   0.389393  -0.237273  -0.033645
    12  C   -0.147522   0.122045  -0.339234   0.666084  -0.381133  -0.066744
    13  C   -0.102958   0.096618   0.526121  -0.155363  -1.237287  -0.255706
    14  N    0.029327  -0.026542  -0.188092   0.297262   0.232930  -0.050988
    15  H    0.034669  -0.000448   0.183996   0.130009   0.035210  -0.021803
    16  H    0.001938  -0.000834  -0.038366   0.054444   0.129867   0.223997
    17  H   -0.000052   0.000119  -0.000299   0.001566  -0.027678   0.003613
    18  H    0.000004   0.000000  -0.000042   0.000372   0.000491   0.000035
    19  H    0.000005  -0.000024  -0.000235  -0.000118   0.001082   0.000019
    20  H    0.000296   0.001037   0.005363  -0.035649  -0.006482  -0.001581
    21  N    0.285917  -0.274959  -0.005261   0.060118   0.048267   0.033493
    22  H   -0.071698   0.058847  -0.007908   0.002409   0.045587  -0.054049
    23  H    0.083719  -0.171713  -0.023114  -0.014419   0.009617   0.086142
    24  N   -0.263884   0.246752   0.126787   0.095676   0.035791  -0.043999
    25  H   -0.169273   0.052923   0.120287   0.006456  -0.018947  -0.025234
    26  H    0.069445  -0.063998  -0.079865   0.048184   0.003689  -0.003157
    27  Mn   0.024135  -0.113610  -0.160285   0.045544   0.113472  -0.010532
               7          8          9         10         11         12
     1  C    0.039913  -0.102527   0.064222   0.025499  -0.035327  -0.147522
     2  C    0.003423  -0.210840  -0.115047  -0.022880   0.071088   0.122045
     3  C    0.021315  -0.671416  -0.137902  -0.061634   0.033425  -0.339234
     4  C   -0.009326  -1.060833  -0.097158  -0.084164   0.389393   0.666084
     5  C    0.344787   1.173173   0.212533   0.151319  -0.237273  -0.381133
     6  C   -0.084988  -0.038566  -0.384060  -0.002710  -0.033645  -0.066744
     7  N    6.573465   0.445922  -0.118202  -0.023108   0.013868  -0.002971
     8  C    0.445922   8.801367  -1.219462  -0.065440  -0.545045  -0.811265
     9  C   -0.118202  -1.219462   7.057381   0.591191  -0.142223   0.610784
    10  C   -0.023108  -0.065440   0.591191   5.544206   0.555730  -0.267547
    11  C    0.013868  -0.545045  -0.142223   0.555730   6.562196   0.105688
    12  C   -0.002971  -0.811265   0.610784  -0.267547   0.105688   7.677205
    13  C    0.035725  -0.038955  -0.303721  -0.492639  -0.785451  -1.113744
    14  N   -0.041343   0.206709  -0.063480   0.051208  -0.039704  -0.203086
    15  H    0.000224  -0.002858  -0.001588   0.000090   0.000848   0.005883
    16  H   -0.012758  -0.022582   0.002184  -0.000650   0.000135  -0.000639
    17  H   -0.013583   0.097896   0.265599  -0.015171  -0.008776  -0.023979
    18  H    0.000436   0.017394  -0.009747   0.287165   0.021823   0.022007
    19  H   -0.000090  -0.010604   0.007601   0.020467   0.305089  -0.005256
    20  H    0.000380   0.023996   0.002205  -0.009876  -0.063615   0.323949
    21  N    0.000066   0.007994  -0.001270  -0.000194   0.000147   0.001273
    22  H   -0.000200   0.000495   0.000033  -0.000000  -0.000000   0.000030
    23  H    0.000049   0.000434  -0.000056  -0.000002   0.000002   0.000021
    24  N    0.000403   0.001303   0.001104   0.000028  -0.000397  -0.002516
    25  H    0.000000  -0.000209   0.000004   0.000001  -0.000004  -0.000067
    26  H    0.000017   0.000317   0.000037  -0.000001   0.000006   0.000117
    27  Mn  -0.011545   0.124833   0.009661  -0.002939  -0.104213  -0.101158
              13         14         15         16         17         18
     1  C   -0.102958   0.029327   0.034669   0.001938  -0.000052   0.000004
     2  C    0.096618  -0.026542  -0.000448  -0.000834   0.000119   0.000000
     3  C    0.526121  -0.188092   0.183996  -0.038366  -0.000299  -0.000042
     4  C   -0.155363   0.297262   0.130009   0.054444   0.001566   0.000372
     5  C   -1.237287   0.232930   0.035210   0.129867  -0.027678   0.000491
     6  C   -0.255706  -0.050988  -0.021803   0.223997   0.003613   0.000035
     7  N    0.035725  -0.041343   0.000224  -0.012758  -0.013583   0.000436
     8  C   -0.038955   0.206709  -0.002858  -0.022582   0.097896   0.017394
     9  C   -0.303721  -0.063480  -0.001588   0.002184   0.265599  -0.009747
    10  C   -0.492639   0.051208   0.000090  -0.000650  -0.015171   0.287165
    11  C   -0.785451  -0.039704   0.000848   0.000135  -0.008776   0.021823
    12  C   -1.113744  -0.203086   0.005883  -0.000639  -0.023979   0.022007
    13  C    9.378372   0.327566  -0.027088   0.005973   0.046826  -0.011546
    14  N    0.327566   6.250799  -0.019845   0.001519   0.001655  -0.000239
    15  H   -0.027088  -0.019845   0.493170   0.000016   0.000000  -0.000000
    16  H    0.005973   0.001519   0.000016   0.468221   0.000000  -0.000000
    17  H    0.046826   0.001655   0.000000   0.000000   0.474421  -0.003220
    18  H   -0.011546  -0.000239  -0.000000  -0.000000  -0.003220   0.470046
    19  H    0.008998   0.000993  -0.000000  -0.000000  -0.000142  -0.002523
    20  H    0.069545  -0.020129   0.000001   0.000000   0.000018  -0.000164
    21  N    0.003020  -0.000473  -0.000395  -0.013904  -0.000000  -0.000000
    22  H    0.000321   0.000029   0.000002   0.002823   0.000000  -0.000000
    23  H   -0.000226  -0.000005  -0.000004  -0.000086   0.000000   0.000000
    24  N    0.007560   0.001034  -0.017471  -0.000053   0.000000  -0.000000
    25  H    0.000047  -0.000059  -0.000167  -0.000006   0.000000  -0.000000
    26  H    0.000599  -0.000088   0.003753   0.000002  -0.000000   0.000000
    27  Mn   0.046153   0.176224   0.022151   0.000125   0.000121  -0.000118
              19         20         21         22         23         24
     1  C    0.000005   0.000296   0.285917  -0.071698   0.083719  -0.263884
     2  C   -0.000024   0.001037  -0.274959   0.058847  -0.171713   0.246752
     3  C   -0.000235   0.005363  -0.005261  -0.007908  -0.023114   0.126787
     4  C   -0.000118  -0.035649   0.060118   0.002409  -0.014419   0.095676
     5  C    0.001082  -0.006482   0.048267   0.045587   0.009617   0.035791
     6  C    0.000019  -0.001581   0.033493  -0.054049   0.086142  -0.043999
     7  N   -0.000090   0.000380   0.000066  -0.000200   0.000049   0.000403
     8  C   -0.010604   0.023996   0.007994   0.000495   0.000434   0.001303
     9  C    0.007601   0.002205  -0.001270   0.000033  -0.000056   0.001104
    10  C    0.020467  -0.009876  -0.000194  -0.000000  -0.000002   0.000028
    11  C    0.305089  -0.063615   0.000147  -0.000000   0.000002  -0.000397
    12  C   -0.005256   0.323949   0.001273   0.000030   0.000021  -0.002516
    13  C    0.008998   0.069545   0.003020   0.000321  -0.000226   0.007560
    14  N    0.000993  -0.020129  -0.000473   0.000029  -0.000005   0.001034
    15  H   -0.000000   0.000001  -0.000395   0.000002  -0.000004  -0.017471
    16  H   -0.000000   0.000000  -0.013904   0.002823  -0.000086  -0.000053
    17  H   -0.000142   0.000018  -0.000000   0.000000   0.000000   0.000000
    18  H   -0.002523  -0.000164  -0.000000  -0.000000   0.000000  -0.000000
    19  H    0.471175  -0.004124  -0.000000   0.000000  -0.000000   0.000000
    20  H   -0.004124   0.499914  -0.000000   0.000000   0.000000   0.000000
    21  N   -0.000000  -0.000000   6.830305   0.351271   0.331774   0.012902
    22  H    0.000000   0.000000   0.351271   0.342553  -0.021286  -0.001162
    23  H   -0.000000   0.000000   0.331774  -0.021286   0.358387   0.020637
    24  N    0.000000   0.000000   0.012902  -0.001162   0.020637   6.747373
    25  H    0.000000   0.000000   0.023431  -0.000015  -0.001664   0.337960
    26  H   -0.000000   0.000000  -0.001155  -0.000003   0.000025   0.350644
    27  Mn  -0.000207   0.029688  -0.000379   0.000005  -0.000016  -0.000967
              25         26         27
     1  C   -0.169273   0.069445   0.024135
     2  C    0.052923  -0.063998  -0.113610
     3  C    0.120287  -0.079865  -0.160285
     4  C    0.006456   0.048184   0.045544
     5  C   -0.018947   0.003689   0.113472
     6  C   -0.025234  -0.003157  -0.010532
     7  N    0.000000   0.000017  -0.011545
     8  C   -0.000209   0.000317   0.124833
     9  C    0.000004   0.000037   0.009661
    10  C    0.000001  -0.000001  -0.002939
    11  C   -0.000004   0.000006  -0.104213
    12  C   -0.000067   0.000117  -0.101158
    13  C    0.000047   0.000599   0.046153
    14  N   -0.000059  -0.000088   0.176224
    15  H   -0.000167   0.003753   0.022151
    16  H   -0.000006   0.000002   0.000125
    17  H    0.000000  -0.000000   0.000121
    18  H   -0.000000   0.000000  -0.000118
    19  H    0.000000  -0.000000  -0.000207
    20  H    0.000000   0.000000   0.029688
    21  N    0.023431  -0.001155  -0.000379
    22  H   -0.000015  -0.000003   0.000005
    23  H   -0.001664   0.000025  -0.000016
    24  N    0.337960   0.350644  -0.000967
    25  H    0.344423  -0.020427   0.000075
    26  H   -0.020427   0.337860  -0.000024
    27  Mn   0.000075  -0.000024  23.376719
          Atomic-Atomic Spin Densities.
               1          2          3          4          5          6
     1  C    0.266332  -0.304594   0.014492  -0.129056   0.191918  -0.062648
     2  C   -0.304594   0.877659  -0.143175  -0.130029  -0.264354  -0.018870
     3  C    0.014492  -0.143175   0.384091   0.094269  -0.315171   0.008761
     4  C   -0.129056  -0.130029   0.094269   0.718866  -0.543649   0.132740
     5  C    0.191918  -0.264354  -0.315171  -0.543649   1.094810  -0.234791
     6  C   -0.062648  -0.018870   0.008761   0.132740  -0.234791   0.270938
     7  N   -0.006573   0.003447   0.012275   0.046506  -0.075313   0.010726
     8  C    0.098100  -0.137238  -0.207461  -0.450463   0.701922  -0.039342
     9  C    0.012942  -0.002766   0.004251  -0.096710  -0.005820  -0.038518
    10  C    0.006360  -0.006815  -0.011659  -0.049675   0.052383   0.006775
    11  C   -0.011392   0.017177   0.055646   0.165593  -0.119213   0.007839
    12  C   -0.025412   0.052663   0.110595   0.069599  -0.199294   0.016773
    13  C   -0.074681   0.117540   0.036273   0.221760  -0.369399  -0.052773
    14  N    0.012169  -0.013961  -0.009526  -0.052010   0.045498  -0.004185
    15  H   -0.004543   0.005161   0.009289  -0.004378  -0.006109   0.001123
    16  H   -0.000399  -0.001057   0.000397   0.001771  -0.002398   0.001173
    17  H   -0.000023  -0.000013   0.000032   0.000560  -0.000881  -0.000025
    18  H    0.000002  -0.000002  -0.000010  -0.000095   0.000190   0.000028
    19  H    0.000001  -0.000001  -0.000013  -0.000119   0.000089   0.000001
    20  H   -0.000036   0.000194   0.000741   0.001756  -0.002882  -0.000126
    21  N   -0.005302   0.009697  -0.003461  -0.000658   0.002292  -0.002469
    22  H   -0.001055   0.000814  -0.000115   0.000046   0.000055   0.000234
    23  H    0.000671  -0.000730  -0.000088   0.000060  -0.000031   0.000131
    24  N    0.007381  -0.013746   0.003343   0.001137  -0.000751   0.001537
    25  H   -0.000283   0.000486  -0.000146   0.000071  -0.000080  -0.000065
    26  H   -0.000089  -0.000557   0.000433   0.000078   0.000007   0.000045
    27  Mn   0.008619  -0.048645  -0.045500   0.029575   0.028367   0.000305
               7          8          9         10         11         12
     1  C   -0.006573   0.098100   0.012942   0.006360  -0.011392  -0.025412
     2  C    0.003447  -0.137238  -0.002766  -0.006815   0.017177   0.052663
     3  C    0.012275  -0.207461   0.004251  -0.011659   0.055646   0.110595
     4  C    0.046506  -0.450463  -0.096710  -0.049675   0.165593   0.069599
     5  C   -0.075313   0.701922  -0.005820   0.052383  -0.119213  -0.199294
     6  C    0.010726  -0.039342  -0.038518   0.006775   0.007839   0.016773
     7  N    0.023220  -0.067392   0.014438  -0.004212   0.001278   0.013208
     8  C   -0.067392   1.012627  -0.182099   0.096226  -0.205332  -0.298541
     9  C    0.014438  -0.182099   0.255256  -0.023146  -0.094484   0.040275
    10  C   -0.004212   0.096226  -0.023146   0.065019  -0.000819  -0.035569
    11  C    0.001278  -0.205332  -0.094484  -0.000819   0.807193  -0.332724
    12  C    0.013208  -0.298541   0.040275  -0.035569  -0.332724   0.540989
    13  C    0.042972  -0.407679   0.114603  -0.102847  -0.214426   0.072236
    14  N   -0.005651   0.046162  -0.001853   0.005985  -0.011431  -0.010216
    15  H    0.000104  -0.001826  -0.000080  -0.000017   0.000025   0.000442
    16  H    0.000228  -0.000288   0.000124  -0.000000  -0.000020   0.000015
    17  H    0.000245  -0.003584   0.002172  -0.000894  -0.000607   0.000842
    18  H   -0.000023   0.001693  -0.002331   0.001777  -0.000382  -0.000101
    19  H   -0.000006   0.000718  -0.000549   0.000082  -0.002767   0.002081
    20  H    0.000110  -0.008880   0.001517  -0.001411   0.010575   0.004786
    21  N   -0.000018   0.000019   0.000085  -0.000002  -0.000002   0.000017
    22  H    0.000001  -0.000012  -0.000005  -0.000000   0.000000   0.000001
    23  H    0.000000   0.000002   0.000001   0.000000  -0.000000  -0.000000
    24  N    0.000003   0.000073  -0.000001   0.000006   0.000008   0.000084
    25  H    0.000000   0.000001   0.000001  -0.000000  -0.000000  -0.000000
    26  H    0.000000  -0.000003  -0.000001   0.000000  -0.000000  -0.000001
    27  Mn  -0.000790   0.033142   0.008702  -0.001228  -0.074844  -0.027960
              13         14         15         16         17         18
     1  C   -0.074681   0.012169  -0.004543  -0.000399  -0.000023   0.000002
     2  C    0.117540  -0.013961   0.005161  -0.001057  -0.000013  -0.000002
     3  C    0.036273  -0.009526   0.009289   0.000397   0.000032  -0.000010
     4  C    0.221760  -0.052010  -0.004378   0.001771   0.000560  -0.000095
     5  C   -0.369399   0.045498  -0.006109  -0.002398  -0.000881   0.000190
     6  C   -0.052773  -0.004185   0.001123   0.001173  -0.000025   0.000028
     7  N    0.042972  -0.005651   0.000104   0.000228   0.000245  -0.000023
     8  C   -0.407679   0.046162  -0.001826  -0.000288  -0.003584   0.001693
     9  C    0.114603  -0.001853  -0.000080   0.000124   0.002172  -0.002331
    10  C   -0.102847   0.005985  -0.000017  -0.000000  -0.000894   0.001777
    11  C   -0.214426  -0.011431   0.000025  -0.000020  -0.000607  -0.000382
    12  C    0.072236  -0.010216   0.000442   0.000015   0.000842  -0.000101
    13  C    0.627955  -0.034549   0.000699   0.000385   0.002139  -0.000747
    14  N   -0.034549   0.059483   0.000542  -0.000049  -0.000062   0.000015
    15  H    0.000699   0.000542  -0.002143   0.000000   0.000000  -0.000000
    16  H    0.000385  -0.000049   0.000000  -0.000015   0.000000   0.000000
    17  H    0.002139  -0.000062   0.000000   0.000000  -0.000038  -0.000001
    18  H   -0.000747   0.000015  -0.000000   0.000000  -0.000001   0.000147
    19  H    0.000515  -0.000033  -0.000000   0.000000   0.000000  -0.000008
    20  H   -0.005959   0.000655   0.000000   0.000000   0.000000   0.000001
    21  N    0.000390   0.000024   0.000019   0.000005   0.000000  -0.000000
    22  H    0.000017  -0.000001  -0.000000  -0.000004  -0.000000   0.000000
    23  H    0.000000   0.000000   0.000000   0.000000  -0.000000   0.000000
    24  N   -0.000523  -0.000090   0.000530   0.000014   0.000000   0.000000
    25  H    0.000009   0.000002   0.000001  -0.000000  -0.000000  -0.000000
    26  H   -0.000007  -0.000002  -0.000048  -0.000000  -0.000000  -0.000000
    27  Mn   0.058460  -0.022367  -0.000377   0.000040   0.000043  -0.000010
              19         20         21         22         23         24
     1  C    0.000001  -0.000036  -0.005302  -0.001055   0.000671   0.007381
     2  C   -0.000001   0.000194   0.009697   0.000814  -0.000730  -0.013746
     3  C   -0.000013   0.000741  -0.003461  -0.000115  -0.000088   0.003343
     4  C   -0.000119   0.001756  -0.000658   0.000046   0.000060   0.001137
     5  C    0.000089  -0.002882   0.002292   0.000055  -0.000031  -0.000751
     6  C    0.000001  -0.000126  -0.002469   0.000234   0.000131   0.001537
     7  N   -0.000006   0.000110  -0.000018   0.000001   0.000000   0.000003
     8  C    0.000718  -0.008880   0.000019  -0.000012   0.000002   0.000073
     9  C   -0.000549   0.001517   0.000085  -0.000005   0.000001  -0.000001
    10  C    0.000082  -0.001411  -0.000002  -0.000000   0.000000   0.000006
    11  C   -0.002767   0.010575  -0.000002   0.000000  -0.000000   0.000008
    12  C    0.002081   0.004786   0.000017   0.000001  -0.000000   0.000084
    13  C    0.000515  -0.005959   0.000390   0.000017   0.000000  -0.000523
    14  N   -0.000033   0.000655   0.000024  -0.000001   0.000000  -0.000090
    15  H   -0.000000   0.000000   0.000019  -0.000000   0.000000   0.000530
    16  H    0.000000   0.000000   0.000005  -0.000004   0.000000   0.000014
    17  H    0.000000   0.000000   0.000000  -0.000000  -0.000000   0.000000
    18  H   -0.000008   0.000001  -0.000000   0.000000   0.000000   0.000000
    19  H   -0.000211   0.000041  -0.000000   0.000000   0.000000  -0.000000
    20  H    0.000041  -0.002170   0.000000  -0.000000  -0.000000  -0.000000
    21  N   -0.000000   0.000000  -0.000676   0.000042  -0.000028  -0.000592
    22  H    0.000000  -0.000000   0.000042   0.000023  -0.000003  -0.000018
    23  H    0.000000  -0.000000  -0.000028  -0.000003  -0.000082   0.000054
    24  N   -0.000000  -0.000000  -0.000592  -0.000018   0.000054   0.004530
    25  H    0.000000  -0.000000   0.000033  -0.000000  -0.000004  -0.000082
    26  H   -0.000000   0.000000  -0.000003  -0.000000   0.000000   0.000063
    27  Mn   0.000001  -0.000465  -0.000059   0.000000   0.000001  -0.000162
              25         26         27
     1  C   -0.000283  -0.000089   0.008619
     2  C    0.000486  -0.000557  -0.048645
     3  C   -0.000146   0.000433  -0.045500
     4  C    0.000071   0.000078   0.029575
     5  C   -0.000080   0.000007   0.028367
     6  C   -0.000065   0.000045   0.000305
     7  N    0.000000   0.000000  -0.000790
     8  C    0.000001  -0.000003   0.033142
     9  C    0.000001  -0.000001   0.008702
    10  C   -0.000000   0.000000  -0.001228
    11  C   -0.000000  -0.000000  -0.074844
    12  C   -0.000000  -0.000001  -0.027960
    13  C    0.000009  -0.000007   0.058460
    14  N    0.000002  -0.000002  -0.022367
    15  H    0.000001  -0.000048  -0.000377
    16  H   -0.000000  -0.000000   0.000040
    17  H   -0.000000  -0.000000   0.000043
    18  H   -0.000000  -0.000000  -0.000010
    19  H    0.000000  -0.000000   0.000001
    20  H   -0.000000   0.000000  -0.000465
    21  N    0.000033  -0.000003  -0.000059
    22  H   -0.000000  -0.000000   0.000000
    23  H   -0.000004   0.000000   0.000001
    24  N   -0.000082   0.000063  -0.000162
    25  H    0.000049   0.000001   0.000002
    26  H    0.000001  -0.000050   0.000025
    27  Mn   0.000002   0.000025   5.036209
 Mulliken charges and spin densities:
               1          2
     1  C    0.137657  -0.007101
     2  C    0.507886  -0.001714
     3  C   -0.247103  -0.001436
     4  C   -0.039266   0.027543
     5  C    0.029223  -0.022604
     6  C   -0.402865   0.005317
     7  N   -0.161879   0.008785
     8  C   -0.101229  -0.019453
     9  C   -0.230625   0.006003
    10  C   -0.177950  -0.003682
    11  C   -0.063764  -0.003109
    12  C   -0.068224  -0.005213
    13  C   -0.028760   0.032363
    14  N    0.076819   0.004550
    15  H    0.181644  -0.001585
    16  H    0.198635  -0.000079
    17  H    0.201067  -0.000095
    18  H    0.207825   0.000145
    19  H    0.207896  -0.000178
    20  H    0.185228  -0.001553
    21  N   -0.691984  -0.000648
    22  H    0.351915   0.000020
    23  H    0.341784  -0.000046
    24  N   -0.655505   0.002798
    25  H    0.350467  -0.000004
    26  H    0.354022  -0.000108
    27  Mn   1.537087   4.981084
 Sum of Mulliken charges =   2.00000   5.00000
 Mulliken charges and spin densities with hydrogens summed into heavy atoms:
               1          2
     1  C    0.137657  -0.007101
     2  C    0.507886  -0.001714
     3  C   -0.065459  -0.003021
     4  C   -0.039266   0.027543
     5  C    0.029223  -0.022604
     6  C   -0.204230   0.005238
     7  N   -0.161879   0.008785
     8  C   -0.101229  -0.019453
     9  C   -0.029558   0.005908
    10  C    0.029875  -0.003537
    11  C    0.144133  -0.003287
    12  C    0.117004  -0.006766
    13  C   -0.028760   0.032363
    14  N    0.076819   0.004550
    21  N    0.001715  -0.000674
    24  N    0.048984   0.002686
    27  Mn   1.537087   4.981084
 APT charges:
               1
     1  C    0.890938
     2  C    1.399286
     3  C   -0.782010
     4  C    0.561445
     5  C    0.057798
     6  C   -0.314879
     7  N    0.212294
     8  C   -0.293764
     9  C    0.253449
    10  C   -0.249359
    11  C   -0.109329
    12  C    0.071526
    13  C   -0.074417
    14  N   -0.480748
    15  H    0.023907
    16  H    0.072272
    17  H    0.070028
    18  H    0.048170
    19  H    0.048948
    20  H    0.016245
    21  N   -1.234653
    22  H    0.254600
    23  H    0.321461
    24  N   -1.458014
    25  H    0.359217
    26  H    0.274421
    27  Mn   2.061167
 Sum of APT charges =   2.00000
 APT charges with hydrogens summed into heavy atoms:
               1
     1  C    0.890938
     2  C    1.399286
     3  C   -0.758103
     4  C    0.561445
     5  C    0.057798
     6  C   -0.242607
     7  N    0.212294
     8  C   -0.293764
     9  C    0.323478
    10  C   -0.201189
    11  C   -0.060381
    12  C    0.087771
    13  C   -0.074417
    14  N   -0.480748
    21  N   -0.658592
    24  N   -0.824376
    27  Mn   2.061167
 Electronic spatial extent (au):  <R**2>=           4977.6799
 Charge=              2.0000 electrons
 Dipole moment (field-independent basis, Debye):
    X=              2.0351    Y=             24.1222    Z=              0.3808  Tot=             24.2109
 Quadrupole moment (field-independent basis, Debye-Ang):
   XX=            -32.0835   YY=            -13.7836   ZZ=           -104.2953
   XY=             22.4098   XZ=             -1.4874   YZ=             -2.6267
 Traceless Quadrupole moment (field-independent basis, Debye-Ang):
   XX=             17.9706   YY=             36.2706   ZZ=            -54.2412
   XY=             22.4098   XZ=             -1.4874   YZ=             -2.6267
 Octapole moment (field-independent basis, Debye-Ang**2):
  XXX=            -96.5373  YYY=            316.8983  ZZZ=              1.0449  XYY=             47.6179
  XXY=             33.2200  XXZ=             10.4060  XZZ=              3.2666  YZZ=             40.8125
  YYZ=              1.9537  XYZ=             15.2421
 Hexadecapole moment (field-independent basis, Debye-Ang**3):
 XXXX=          -2956.4137 YYYY=           -781.5834 ZZZZ=           -114.3611 XXXY=            106.6152
 XXXZ=            -57.7917 YYYX=            321.4067 YYYZ=             -5.7996 ZZZX=             -1.8848
 ZZZY=             -1.4398 XXYY=           -642.3186 XXZZ=           -823.7213 YYZZ=           -295.4147
 XXYZ=            -71.0620 YYXZ=             -3.5071 ZZXY=             46.5272
 N-N= 1.336863154695D+03 E-N=-6.951490510016D+03  KE= 1.825543904991D+03
  Exact polarizability:     551.681     -41.518     257.329       0.215       0.724     125.408
 Approx polarizability:     365.195     -23.615     214.607       0.015       0.991     113.879
                          Isotropic Fermi Contact Couplings
        Atom                 a.u.       MegaHertz       Gauss      10(-4) cm-1
     1  C(13)             -0.00005      -0.01082      -0.00386      -0.00361
     2  C(13)              0.00068       0.15221       0.05431       0.05077
     3  C(13)              0.00420       0.94505       0.33722       0.31523
     4  C(13)              0.00287       0.64521       0.23023       0.21522
     5  C(13)             -0.00009      -0.02051      -0.00732      -0.00684
     6  C(13)              0.00032       0.07254       0.02588       0.02420
     7  N(14)              0.00118       0.07624       0.02720       0.02543
     8  C(13)             -0.00014      -0.03085      -0.01101      -0.01029
     9  C(13)              0.00040       0.08977       0.03203       0.02994
    10  C(13)              0.00006       0.01248       0.00445       0.00416
    11  C(13)              0.00097       0.21728       0.07753       0.07248
    12  C(13)              0.00529       1.18841       0.42406       0.39641
    13  C(13)              0.00266       0.59830       0.21349       0.19957
    14  N(14)              0.01200       0.77557       0.27674       0.25870
    15  H(1)               0.00022       0.19732       0.07041       0.06582
    16  H(1)              -0.00003      -0.02794      -0.00997      -0.00932
    17  H(1)              -0.00004      -0.03685      -0.01315      -0.01229
    18  H(1)               0.00006       0.05328       0.01901       0.01777
    19  H(1)              -0.00005      -0.04590      -0.01638      -0.01531
    20  H(1)               0.00029       0.25938       0.09255       0.08652
    21  N(14)             -0.00023      -0.01500      -0.00535      -0.00500
    22  H(1)               0.00001       0.01098       0.00392       0.00366
    23  H(1)              -0.00003      -0.03121      -0.01114      -0.01041
    24  N(14)              0.00053       0.03451       0.01231       0.01151
    25  H(1)               0.00001       0.00715       0.00255       0.00238
    26  H(1)              -0.00002      -0.02023      -0.00722      -0.00675
    27  Mn(55)             0.45131      99.77182      35.60107      33.28030
 --------------------------------------------------------
       Center         ----  Spin Dipole Couplings  ----
                      3XX-RR        3YY-RR        3ZZ-RR
 --------------------------------------------------------
     1   Atom        0.003814      0.003280     -0.007094
     2   Atom        0.006734     -0.003811     -0.002924
     3   Atom        0.020957      0.001950     -0.022907
     4   Atom       -0.008285      0.025271     -0.016986
     5   Atom       -0.002999      0.014762     -0.011763
     6   Atom       -0.001882      0.003275     -0.001393
     7   Atom       -0.014539      0.002524      0.012015
     8   Atom       -0.005722      0.018682     -0.012960
     9   Atom       -0.004690      0.006091     -0.001402
    10   Atom        0.000765      0.006782     -0.007547
    11   Atom        0.001883      0.003327     -0.005210
    12   Atom        0.003916      0.022177     -0.026094
    13   Atom       -0.022528      0.042475     -0.019947
    14   Atom       -0.055245      0.137313     -0.082068
    15   Atom        0.057349     -0.023606     -0.033744
    16   Atom       -0.000971      0.003656     -0.002685
    17   Atom       -0.002398      0.005137     -0.002739
    18   Atom       -0.000029      0.002641     -0.002613
    19   Atom        0.005772     -0.000116     -0.005656
    20   Atom        0.041970     -0.003385     -0.038585
    21   Atom        0.002498      0.001360     -0.003858
    22   Atom        0.000952      0.000665     -0.001617
    23   Atom        0.002093     -0.000192     -0.001901
    24   Atom        0.005610     -0.006210      0.000600
    25   Atom        0.005081     -0.002168     -0.002913
    26   Atom        0.010693     -0.004984     -0.005709
    27   Atom       -0.027311      0.040940     -0.013629
 --------------------------------------------------------
                        XY            XZ            YZ
 --------------------------------------------------------
     1   Atom        0.006004     -0.000255     -0.000116
     2   Atom        0.009903     -0.000343      0.000430
     3   Atom        0.029865      0.000333      0.000042
     4   Atom        0.032114      0.000189     -0.000023
     5   Atom        0.008571      0.000069      0.000181
     6   Atom        0.005965      0.000147      0.000051
     7   Atom        0.002476     -0.000032     -0.000322
     8   Atom       -0.002689      0.000012      0.000262
     9   Atom       -0.003841     -0.000046      0.000039
    10   Atom       -0.005589     -0.000021      0.000112
    11   Atom       -0.012029     -0.000079      0.000025
    12   Atom       -0.033284     -0.000060      0.000135
    13   Atom       -0.018083     -0.000076      0.000205
    14   Atom        0.031247      0.000013      0.000860
    15   Atom        0.027888      0.001119      0.000331
    16   Atom        0.003400     -0.000005     -0.000020
    17   Atom       -0.001754     -0.000014      0.000060
    18   Atom       -0.003399     -0.000018      0.000031
    19   Atom       -0.007868     -0.000009      0.000006
    20   Atom       -0.051072      0.000219     -0.000103
    21   Atom        0.003328     -0.000771      0.000313
    22   Atom        0.002410     -0.000061     -0.000026
    23   Atom        0.002724     -0.000349     -0.000289
    24   Atom        0.004211     -0.001774     -0.000005
    25   Atom        0.002946      0.000701      0.000258
    26   Atom        0.002323      0.000617      0.000039
    27   Atom        0.012193     -0.000270     -0.000029
 --------------------------------------------------------


 ---------------------------------------------------------------------------------
              Anisotropic Spin Dipole Couplings in Principal Axis System
 ---------------------------------------------------------------------------------

       Atom             a.u.   MegaHertz   Gauss  10(-4) cm-1        Axes

              Baa    -0.0071    -0.953    -0.340    -0.318  0.0253 -0.0035  0.9997
     1 C(13)  Bbb    -0.0025    -0.330    -0.118    -0.110 -0.6907  0.7228  0.0200
              Bcc     0.0096     1.283     0.458     0.428  0.7227  0.6910 -0.0159
 
              Baa    -0.0098    -1.315    -0.469    -0.439 -0.5134  0.8545 -0.0789
     2 C(13)  Bbb    -0.0029    -0.387    -0.138    -0.129 -0.0367  0.0701  0.9969
              Bcc     0.0127     1.702     0.607     0.568  0.8574  0.5147 -0.0047
 
              Baa    -0.0229    -3.075    -1.097    -1.026 -0.0353  0.0407  0.9985
     3 C(13)  Bbb    -0.0199    -2.668    -0.952    -0.890 -0.5892  0.8062 -0.0537
              Bcc     0.0428     5.743     2.049     1.916  0.8072  0.5902  0.0045
 
              Baa    -0.0277    -3.723    -1.328    -1.242  0.8552 -0.5181 -0.0161
     4 C(13)  Bbb    -0.0170    -2.279    -0.813    -0.760  0.0132 -0.0095  0.9999
              Bcc     0.0447     6.002     2.142     2.002  0.5181  0.8553  0.0013
 
              Baa    -0.0118    -1.579    -0.563    -0.527 -0.0018 -0.0062  1.0000
     5 C(13)  Bbb    -0.0065    -0.867    -0.309    -0.289  0.9272 -0.3745 -0.0007
              Bcc     0.0182     2.446     0.873     0.816  0.3745  0.9272  0.0064
 
              Baa    -0.0058    -0.779    -0.278    -0.260  0.8356 -0.5489 -0.0216
     6 C(13)  Bbb    -0.0014    -0.187    -0.067    -0.062  0.0102 -0.0239  0.9997
              Bcc     0.0072     0.966     0.345     0.322  0.5492  0.8355  0.0143
 
              Baa    -0.0149    -0.574    -0.205    -0.192  0.9900 -0.1408 -0.0005
     7 N(14)  Bbb     0.0029     0.110     0.039     0.037  0.1407  0.9894  0.0353
              Bcc     0.0120     0.464     0.166     0.155 -0.0045 -0.0351  0.9994
 
              Baa    -0.0130    -1.739    -0.621    -0.580 -0.0049 -0.0087  1.0000
     8 C(13)  Bbb    -0.0060    -0.807    -0.288    -0.269  0.9941  0.1082  0.0058
              Bcc     0.0190     2.547     0.909     0.849 -0.1082  0.9941  0.0081
 
              Baa    -0.0059    -0.794    -0.283    -0.265  0.9524  0.3046  0.0070
     9 C(13)  Bbb    -0.0014    -0.188    -0.067    -0.063 -0.0048 -0.0077  1.0000
              Bcc     0.0073     0.982     0.351     0.328 -0.3047  0.9524  0.0059
 
              Baa    -0.0075    -1.013    -0.361    -0.338 -0.0037 -0.0092  1.0000
    10 C(13)  Bbb    -0.0026    -0.345    -0.123    -0.115  0.8585  0.5128  0.0079
              Bcc     0.0101     1.358     0.485     0.453 -0.5128  0.8585  0.0060
 
              Baa    -0.0094    -1.268    -0.452    -0.423  0.7280  0.6855  0.0095
    11 C(13)  Bbb    -0.0052    -0.699    -0.249    -0.233 -0.0044 -0.0092  0.9999
              Bcc     0.0147     1.967     0.702     0.656 -0.6856  0.7280  0.0037
 
              Baa    -0.0261    -3.502    -1.249    -1.168 -0.0046 -0.0060  1.0000
    12 C(13)  Bbb    -0.0215    -2.881    -1.028    -0.961  0.7951  0.6064  0.0073
              Bcc     0.0476     6.382     2.277     2.129 -0.6064  0.7952  0.0020
 
              Baa    -0.0272    -3.653    -1.303    -1.218  0.9679  0.2511  0.0031
    13 C(13)  Bbb    -0.0199    -2.677    -0.955    -0.893 -0.0022 -0.0039  1.0000
              Bcc     0.0472     6.329     2.259     2.111 -0.2511  0.9679  0.0032
 
              Baa    -0.0821    -3.165    -1.129    -1.056  0.0049 -0.0046  1.0000
    14 N(14)  Bbb    -0.0602    -2.321    -0.828    -0.774  0.9877 -0.1562 -0.0055
              Bcc     0.1423     5.487     1.958     1.830  0.1563  0.9877  0.0038
 
              Baa    -0.0338   -18.011    -6.427    -6.008 -0.0144  0.0070  0.9999
    15 H(1)   Bbb    -0.0323   -17.224    -6.146    -5.745 -0.2969  0.9548 -0.0109
              Bcc     0.0660    35.236    12.573    11.753  0.9548  0.2971  0.0117
 
              Baa    -0.0028    -1.478    -0.527    -0.493  0.8823 -0.4670 -0.0585
    16 H(1)   Bbb    -0.0027    -1.433    -0.511    -0.478  0.0529 -0.0252  0.9983
              Bcc     0.0055     2.910     1.038     0.971  0.4677  0.8839 -0.0025
 
              Baa    -0.0028    -1.486    -0.530    -0.496  0.9763  0.2160  0.0102
    17 H(1)   Bbb    -0.0027    -1.462    -0.522    -0.488 -0.0084 -0.0095  0.9999
              Bcc     0.0055     2.948     1.052     0.983 -0.2161  0.9763  0.0075
 
              Baa    -0.0026    -1.394    -0.497    -0.465 -0.0058 -0.0097  0.9999
    18 H(1)   Bbb    -0.0023    -1.252    -0.447    -0.417  0.8263  0.5631  0.0103
              Bcc     0.0050     2.646     0.944     0.882 -0.5632  0.8263  0.0048
 
              Baa    -0.0057    -3.018    -1.077    -1.007  0.0036  0.0040  1.0000
    19 H(1)   Bbb    -0.0056    -2.973    -1.061    -0.992  0.5699  0.8217 -0.0053
              Bcc     0.0112     5.991     2.138     1.998  0.8217 -0.5699 -0.0007
 
              Baa    -0.0386   -20.588    -7.346    -6.867 -0.0108 -0.0128  0.9999
    20 H(1)   Bbb    -0.0366   -19.521    -6.966    -6.512  0.5450  0.8383  0.0166
              Bcc     0.0752    40.109    14.312    13.379  0.8384 -0.5451  0.0021
 
              Baa    -0.0041    -0.157    -0.056    -0.052  0.2038 -0.1800  0.9623
    21 N(14)  Bbb    -0.0012    -0.048    -0.017    -0.016 -0.6089  0.7464  0.2686
              Bcc     0.0053     0.205     0.073     0.068  0.7667  0.6407 -0.0425
 
              Baa    -0.0016    -0.873    -0.311    -0.291  0.4267 -0.4379  0.7913
    22 H(1)   Bbb    -0.0016    -0.847    -0.302    -0.283 -0.5369  0.5814  0.6113
              Bcc     0.0032     1.720     0.614     0.574  0.7278  0.6857 -0.0129
 
              Baa    -0.0020    -1.082    -0.386    -0.361 -0.4647  0.7609  0.4528
    23 H(1)   Bbb    -0.0019    -1.020    -0.364    -0.340  0.3088 -0.3401  0.8883
              Bcc     0.0039     2.102     0.750     0.701  0.8299  0.5526 -0.0769
 
              Baa    -0.0076    -0.293    -0.104    -0.098 -0.3113  0.9479 -0.0668
    24 N(14)  Bbb     0.0002     0.008     0.003     0.003  0.2108  0.1375  0.9678
              Bcc     0.0074     0.285     0.102     0.095  0.9266  0.2872 -0.2427
 
              Baa    -0.0032    -1.715    -0.612    -0.572 -0.3317  0.9427 -0.0353
    25 H(1)   Bbb    -0.0030    -1.587    -0.566    -0.529 -0.0888  0.0061  0.9960
              Bcc     0.0062     3.302     1.178     1.101  0.9392  0.3336  0.0817
 
              Baa    -0.0057    -3.061    -1.092    -1.021 -0.0531  0.1124  0.9922
    26 H(1)   Bbb    -0.0053    -2.836    -1.012    -0.946 -0.1381  0.9833 -0.1187
              Bcc     0.0111     5.897     2.104     1.967  0.9890  0.1434  0.0367
 
              Baa    -0.0294    -3.883    -1.385    -1.295  0.9852 -0.1707  0.0165
    27 Mn(55) Bbb    -0.0136    -1.798    -0.641    -0.600 -0.0160  0.0041  0.9999
              Bcc     0.0431     5.680     2.027     1.895  0.1707  0.9853 -0.0013
 

 ---------------------------------------------------------------------------------

 No NMR shielding tensors so no spin-rotation constants.
 Leave Link  601 at Tue Apr 19 21:44:15 2022, MaxMem= 13421772800 cpu:              24.4 elap:               0.8
 (Enter /soft/gaussian/16-c.01/g16/l716.exe)
 Dipole        = 8.00654744D-01 9.49039681D+00 1.49814752D-01
 Polarizability= 5.51680840D+02-4.15179914D+01 2.57328772D+02
                 2.15011380D-01 7.24148269D-01 1.25408360D+02
 HyperPolar    = 8.95472334D+03-1.56659765D+03 2.33574505D+02
                 4.48868958D+02 2.37222600D+01 2.97713478D+00
                -5.64584305D-01 1.23365950D+02 1.38844829D+01
                 1.93008633D+00
 -------------------------------------------------------------------
 Center     Atomic                   Forces (Hartrees/Bohr)
 Number     Number              X              Y              Z
 -------------------------------------------------------------------
      1        6          -0.000045050    0.000031242    0.000025949
      2        6           0.000185536   -0.000282267    0.000038373
      3        6          -0.000023167    0.000020001   -0.000011733
      4        6          -0.000024509   -0.000108121   -0.000015370
      5        6          -0.000023434    0.000059216    0.000007273
      6        6           0.000009468   -0.000001917    0.000015971
      7        7           0.000091707    0.000136425    0.000005196
      8        6          -0.000086010   -0.000046217    0.000005280
      9        6           0.000024073   -0.000066242   -0.000002519
     10        6           0.000034749   -0.000043858   -0.000007227
     11        6          -0.000037095   -0.000053429   -0.000008083
     12        6          -0.000082561   -0.000030804   -0.000017985
     13        6           0.000117481    0.000040550    0.000005241
     14        7           0.000020705    0.000310798   -0.000019950
     15        1           0.000037914    0.000058452   -0.000007445
     16        1           0.000006142    0.000016908    0.000009097
     17        1           0.000005566    0.000014463    0.000004542
     18        1          -0.000038222   -0.000016881   -0.000002603
     19        1           0.000022776   -0.000032926   -0.000013292
     20        1          -0.000015760    0.000068452   -0.000007100
     21        7           0.000006414    0.000131940   -0.000040213
     22        1          -0.000035069   -0.000066049   -0.000003903
     23        1           0.000013141   -0.000057221    0.000053344
     24        7          -0.000171448    0.000261065    0.000046889
     25        1           0.000007099   -0.000073570   -0.000010240
     26        1           0.000027118   -0.000088363   -0.000037942
     27       25          -0.000027564   -0.000848315   -0.000011550
 -------------------------------------------------------------------
 Cartesian Forces:  Max     0.000848315 RMS     0.000121119
 Leave Link  716 at Tue Apr 19 21:44:15 2022, MaxMem= 13421772800 cpu:               2.3 elap:               0.1
 (Enter /soft/gaussian/16-c.01/g16/l106.exe)
 NDeriv=      3 NFrqRd=  0 NDerD0=      0 MskFDP=       0 MskDFD=       0 MskDF0=       0
 Re-enter D2Numr:  atom      0 IXYZ=2 step-up   number 1
 Leave Link  106 at Tue Apr 19 21:44:15 2022, MaxMem= 13421772800 cpu:               4.7 elap:               0.2
 (Enter /soft/gaussian/16-c.01/g16/l301.exe)
 Basis read from rwf:  (6D, 7F)
 No pseudopotential information found on rwf file.
 The following finite field(s) will be applied:
 An electric field of              0.0000 -0.0003  0.0000
   627 basis functions,   980 primitive gaussians,   687 cartesian basis functions
    69 alpha electrons       64 beta electrons
       nuclear repulsion energy      1336.8815914606 Hartrees.
 IExCor= 4639 DFT=T Ex+Corr=wB97XD ExCW=0 ScaHFX=  1.000000
 ScaDFX=  1.000000  1.000000  1.000000  1.000000 ScalE2=  1.000000  1.000000
 IRadAn=      5 IRanWt=     -1 IRanGd=            0 ICorTp=0 IEmpDi=121
 HFx  wShort=  0.000000 wLong=  0.200000 cFull=  0.222036 cShort=  0.000000 cLong=  0.777964
 DFx  wShort=  0.000000 wLong=  0.200000 cFull=  0.000000 cShort=  0.000000 cLong=  1.000000
 NAtoms=   27 NActive=   27 NUniq=   27 SFac= 1.00D+00 NAtFMM=   60 NAOKFM=F Big=F
 Integral buffers will be    131072 words long.
 Raffenetti 2 integral format.
 Two-electron integral symmetry is turned off.
 R6Disp:  Grimme-D2 Dispersion energy=       -0.0184367652 Hartrees.
 Nuclear repulsion after empirical dispersion term =     1336.8631546954 Hartrees.
 No density basis found on file    724.
 Force inversion solution in PCM.
 ------------------------------------------------------------------------------
 Polarizable Continuum Model (PCM)
 =================================
 Model                : C-PCM.
 Atomic radii         : UFF (Universal Force Field).
 Polarization charges : Total charges.
 Charge compensation  : None.
 Solution method      : Matrix inversion.
 Cavity type          : Scaled VdW (van der Waals Surface) (Alpha=1.100).
 Cavity algorithm     : GePol (No added spheres)
                        Default sphere list used, NSphG=   27.
                        Lebedev-Laikov grids with approx.  5.0 points / Ang**2.
                        Smoothing algorithm: York/Karplus (Gamma=1.0000).
                        Polarization charges: spherical gaussians, with
                                              point-specific exponents (IZeta= 3).
                        Self-potential: point-specific (ISelfS= 7).
                        Self-field    : sphere-specific E.n sum rule (ISelfD= 2).
 1st derivatives      : Analytical E(r).r(x)/FMM algorithm (CHGder, D1EAlg=3).
                        Cavity 1st derivative terms included.
 Solvent              : Water, Eps=  78.355300 Eps(inf)=   1.777849
 ------------------------------------------------------------------------------
 GePol: Number of generator spheres                  =      27
 GePol: Total number of spheres                      =      27
 GePol: Number of exposed spheres                    =      27 (100.00%)
 GePol: Number of points                             =    2142
 GePol: Average weight of points                     =       0.13
 GePol: Minimum weight of points                     =   0.35D-10
 GePol: Maximum weight of points                     =    0.21276
 GePol: Number of points with low weight             =     125
 GePol: Fraction of low-weight points (<1% of avg)   =       5.84%
 GePol: Cavity surface area                          =    279.984 Ang**2
 GePol: Cavity volume                                =    296.941 Ang**3
 Leave Link  301 at Tue Apr 19 21:44:15 2022, MaxMem= 13421772800 cpu:               2.6 elap:               0.1
 (Enter /soft/gaussian/16-c.01/g16/l302.exe)
 NPDir=0 NMtPBC=     1 NCelOv=     1 NCel=       1 NClECP=     1 NCelD=      1
         NCelK=      1 NCelE2=     1 NClLst=     1 CellRange=     0.0.
 One-electron integrals computed using PRISM.
 NBasis=   627 RedAO= T EigKep=  1.19D-06  NBF=   627
 NBsUse=   624 1.00D-06 EigRej=  7.90D-07 NBFU=   624
 Precomputing XC quadrature grid using
 IXCGrd= 4 IRadAn=           5 IRanWt=          -1 IRanGd=           0 AccXCQ= 0.00D+00.
 Generated NRdTot=       0 NPtTot=           0 NUsed=           0 NTot=          32
 NSgBfM=   684   684   684   684   684 MxSgAt=    27 MxSgA2=    27.
 Leave Link  302 at Tue Apr 19 21:44:16 2022, MaxMem= 13421772800 cpu:              21.7 elap:               0.6
 (Enter /soft/gaussian/16-c.01/g16/l303.exe)
 DipDrv:  MaxL=1.
 The nuclear repulsion energy is now      1336.8631546954 hartrees.
 Leave Link  303 at Tue Apr 19 21:44:16 2022, MaxMem= 13421772800 cpu:               2.4 elap:               0.1
 (Enter /soft/gaussian/16-c.01/g16/l401.exe)
 Initial guess from the checkpoint file:  "NH2-PHZ-dummy2-Mn-6-Raman.chk"
 B after Tr=     0.000000    0.000000    0.000000
         Rot=    1.000000    0.000000    0.000000    0.000000 Ang=   0.00 deg.
 Guess basis will be translated and rotated to current coordinates.
 JPrj=2 DoOrth=T DoCkMO=T.
 Initial guess <Sx>= 0.0000 <Sy>= 0.0000 <Sz>= 2.5000 <S**2>= 8.7524 S= 2.5004
 Leave Link  401 at Tue Apr 19 21:44:17 2022, MaxMem= 13421772800 cpu:              21.7 elap:               0.6
 (Enter /soft/gaussian/16-c.01/g16/l502.exe)
 Two-electron integral symmetry not used.
 UHF open shell SCF:
 Using DIIS extrapolation, IDIIS=  1040.
 NGot= 13421772800 LenX= 13420799125 LenY= 13420326469
 Requested convergence on RMS density matrix=1.00D-08 within 128 cycles.
 Requested convergence on MAX density matrix=1.00D-06.
 Requested convergence on             energy=1.00D-06.
 No special actions if energy rises.
 Fock matrices will be formed incrementally for  20 cycles.

 Cycle   1  Pass 1  IDiag  1:
 FoFJK:  IHMeth= 1 ICntrl=       0 DoSepK=T KAlg= 0 I1Cent=           0 FoldK=F
 IRaf=         1 NMat=       1 IRICut=       1 DoRegI=T DoRafI=F ISym2E= 0 IDoP0=0 IntGTp=1.
 FoFCou: FMM=F IPFlag=           0 FMFlag=      100000 FMFlg1=           0
         NFxFlg=           0 DoJE=T BraDBF=F KetDBF=F FulRan=T
         wScrn=  0.000000 ICntrl=       500 IOpCl=  0 I1Cent=           0 NGrid=           0
         NMat0=    1 NMatS0=      1 NMatT0=    0 NMatD0=    1 NMtDS0=    0 NMtDT0=    0
 Symmetry not used in FoFCou.
 Inv3:  Mode=1 IEnd=    13764492.
 Iteration    1 A*A^-1 deviation from unit magnitude is 3.22D-15 for    763.
 Iteration    1 A*A^-1 deviation from orthogonality  is 2.46D-15 for   1778   1409.
 Iteration    1 A^-1*A deviation from unit magnitude is 3.33D-15 for   1918.
 Iteration    1 A^-1*A deviation from orthogonality  is 2.33D-15 for   1100    450.
 E= -1832.87550612868    
 DIIS: error= 1.11D-04 at cycle   1 NSaved=   1.
 NSaved= 1 IEnMin= 1 EnMin= -1832.87550612868     IErMin= 1 ErrMin= 1.11D-04
 ErrMax= 1.11D-04  0.00D+00 EMaxC= 1.00D-01 BMatC= 1.55D-05 BMatP= 1.55D-05
 IDIUse=3 WtCom= 9.99D-01 WtEn= 1.11D-03
 Coeff-Com:  0.100D+01
 Coeff-En:   0.100D+01
 Coeff:      0.100D+01
 Gap=     0.527 Goal=   None    Shift=    0.000
 Gap=     0.523 Goal=   None    Shift=    0.000
 RMSDP=1.26D-04 MaxDP=9.59D-03              OVMax= 1.52D-03

 Cycle   2  Pass 1  IDiag  1:
 RMSU=  1.26D-04    CP:  1.00D+00
 E= -1832.87551769480     Delta-E=       -0.000011566123 Rises=F Damp=F
 DIIS: error= 4.13D-05 at cycle   2 NSaved=   2.
 NSaved= 2 IEnMin= 2 EnMin= -1832.87551769480     IErMin= 2 ErrMin= 4.13D-05
 ErrMax= 4.13D-05  0.00D+00 EMaxC= 1.00D-01 BMatC= 6.77D-06 BMatP= 1.55D-05
 IDIUse=1 WtCom= 1.00D+00 WtEn= 0.00D+00
 Coeff-Com:  0.314D+00 0.686D+00
 Coeff:      0.314D+00 0.686D+00
 Gap=     0.246 Goal=   None    Shift=    0.000
 Gap=     0.244 Goal=   None    Shift=    0.000
 RMSDP=2.96D-05 MaxDP=2.73D-03 DE=-1.16D-05 OVMax= 3.78D-04

 Cycle   3  Pass 1  IDiag  1:
 RMSU=  2.12D-05    CP:  1.00D+00  1.16D+00
 E= -1832.87551958280     Delta-E=       -0.000001887997 Rises=F Damp=F
 DIIS: error= 3.72D-05 at cycle   3 NSaved=   3.
 NSaved= 3 IEnMin= 3 EnMin= -1832.87551958280     IErMin= 3 ErrMin= 3.72D-05
 ErrMax= 3.72D-05  0.00D+00 EMaxC= 1.00D-01 BMatC= 1.67D-06 BMatP= 6.77D-06
 IDIUse=1 WtCom= 1.00D+00 WtEn= 0.00D+00
 Coeff-Com: -0.649D-01 0.290D+00 0.775D+00
 Coeff:     -0.649D-01 0.290D+00 0.775D+00
 Gap=     0.246 Goal=   None    Shift=    0.000
 Gap=     0.244 Goal=   None    Shift=    0.000
 RMSDP=2.10D-05 MaxDP=1.90D-03 DE=-1.89D-06 OVMax= 4.28D-04

 Cycle   4  Pass 1  IDiag  1:
 RMSU=  7.87D-06    CP:  1.00D+00  1.28D+00  1.55D+00
 E= -1832.87552028913     Delta-E=       -0.000000706332 Rises=F Damp=F
 DIIS: error= 7.62D-06 at cycle   4 NSaved=   4.
 NSaved= 4 IEnMin= 4 EnMin= -1832.87552028913     IErMin= 4 ErrMin= 7.62D-06
 ErrMax= 7.62D-06  0.00D+00 EMaxC= 1.00D-01 BMatC= 2.38D-07 BMatP= 1.67D-06
 IDIUse=1 WtCom= 1.00D+00 WtEn= 0.00D+00
 Coeff-Com: -0.507D-01-0.352D-02 0.242D+00 0.812D+00
 Coeff:     -0.507D-01-0.352D-02 0.242D+00 0.812D+00
 Gap=     0.246 Goal=   None    Shift=    0.000
 Gap=     0.244 Goal=   None    Shift=    0.000
 RMSDP=7.78D-06 MaxDP=6.25D-04 DE=-7.06D-07 OVMax= 1.22D-04

 Cycle   5  Pass 1  IDiag  1:
 RMSU=  2.23D-06    CP:  1.00D+00  1.32D+00  1.78D+00  1.34D+00
 E= -1832.87552038855     Delta-E=       -0.000000099419 Rises=F Damp=F
 DIIS: error= 3.14D-06 at cycle   5 NSaved=   5.
 NSaved= 5 IEnMin= 5 EnMin= -1832.87552038855     IErMin= 5 ErrMin= 3.14D-06
 ErrMax= 3.14D-06  0.00D+00 EMaxC= 1.00D-01 BMatC= 5.55D-08 BMatP= 2.38D-07
 IDIUse=1 WtCom= 1.00D+00 WtEn= 0.00D+00
 Coeff-Com: -0.106D-01-0.559D-01-0.281D-01 0.347D+00 0.748D+00
 Coeff:     -0.106D-01-0.559D-01-0.281D-01 0.347D+00 0.748D+00
 Gap=     0.246 Goal=   None    Shift=    0.000
 Gap=     0.244 Goal=   None    Shift=    0.000
 RMSDP=3.55D-06 MaxDP=3.50D-04 DE=-9.94D-08 OVMax= 8.30D-05

 Cycle   6  Pass 1  IDiag  1:
 RMSU=  1.24D-06    CP:  1.00D+00  1.33D+00  1.91D+00  1.55D+00  1.11D+00
 E= -1832.87552041246     Delta-E=       -0.000000023912 Rises=F Damp=F
 DIIS: error= 1.45D-06 at cycle   6 NSaved=   6.
 NSaved= 6 IEnMin= 6 EnMin= -1832.87552041246     IErMin= 6 ErrMin= 1.45D-06
 ErrMax= 1.45D-06  0.00D+00 EMaxC= 1.00D-01 BMatC= 3.91D-09 BMatP= 5.55D-08
 IDIUse=1 WtCom= 1.00D+00 WtEn= 0.00D+00
 Coeff-Com:  0.386D-02-0.926D-02-0.173D-01-0.555D-01 0.124D+00 0.955D+00
 Coeff:      0.386D-02-0.926D-02-0.173D-01-0.555D-01 0.124D+00 0.955D+00
 Gap=     0.246 Goal=   None    Shift=    0.000
 Gap=     0.244 Goal=   None    Shift=    0.000
 RMSDP=1.09D-06 MaxDP=8.23D-05 DE=-2.39D-08 OVMax= 4.19D-05

 Cycle   7  Pass 1  IDiag  1:
 RMSU=  3.89D-07    CP:  1.00D+00  1.33D+00  1.94D+00  1.61D+00  1.25D+00
                    CP:  1.29D+00
 E= -1832.87552041578     Delta-E=       -0.000000003314 Rises=F Damp=F
 DIIS: error= 7.78D-07 at cycle   7 NSaved=   7.
 NSaved= 7 IEnMin= 7 EnMin= -1832.87552041578     IErMin= 7 ErrMin= 7.78D-07
 ErrMax= 7.78D-07  0.00D+00 EMaxC= 1.00D-01 BMatC= 1.21D-09 BMatP= 3.91D-09
 IDIUse=1 WtCom= 1.00D+00 WtEn= 0.00D+00
 Coeff-Com:  0.265D-02-0.100D-02-0.697D-03-0.585D-01-0.186D-01 0.364D+00
 Coeff-Com:  0.712D+00
 Coeff:      0.265D-02-0.100D-02-0.697D-03-0.585D-01-0.186D-01 0.364D+00
 Coeff:      0.712D+00
 Gap=     0.246 Goal=   None    Shift=    0.000
 Gap=     0.244 Goal=   None    Shift=    0.000
 RMSDP=3.41D-07 MaxDP=2.77D-05 DE=-3.31D-09 OVMax= 1.72D-05

 Cycle   8  Pass 1  IDiag  1:
 RMSU=  1.55D-07    CP:  1.00D+00  1.32D+00  1.95D+00  1.63D+00  1.33D+00
                    CP:  1.39D+00  1.22D+00
 E= -1832.87552041654     Delta-E=       -0.000000000759 Rises=F Damp=F
 DIIS: error= 5.38D-07 at cycle   8 NSaved=   8.
 NSaved= 8 IEnMin= 8 EnMin= -1832.87552041654     IErMin= 8 ErrMin= 5.38D-07
 ErrMax= 5.38D-07  0.00D+00 EMaxC= 1.00D-01 BMatC= 2.70D-10 BMatP= 1.21D-09
 IDIUse=1 WtCom= 1.00D+00 WtEn= 0.00D+00
 Coeff-Com: -0.571D-03 0.118D-02 0.957D-02-0.380D-03-0.466D-01-0.248D+00
 Coeff-Com:  0.141D+00 0.114D+01
 Coeff:     -0.571D-03 0.118D-02 0.957D-02-0.380D-03-0.466D-01-0.248D+00
 Coeff:      0.141D+00 0.114D+01
 Gap=     0.246 Goal=   None    Shift=    0.000
 Gap=     0.244 Goal=   None    Shift=    0.000
 RMSDP=2.99D-07 MaxDP=2.21D-05 DE=-7.59D-10 OVMax= 2.14D-05

 Cycle   9  Pass 1  IDiag  1:
 RMSU=  7.92D-08    CP:  1.00D+00  1.32D+00  1.95D+00  1.64D+00  1.37D+00
                    CP:  1.48D+00  1.61D+00  1.73D+00
 E= -1832.87552041691     Delta-E=       -0.000000000369 Rises=F Damp=F
 DIIS: error= 2.13D-07 at cycle   9 NSaved=   9.
 NSaved= 9 IEnMin= 9 EnMin= -1832.87552041691     IErMin= 9 ErrMin= 2.13D-07
 ErrMax= 2.13D-07  0.00D+00 EMaxC= 1.00D-01 BMatC= 4.52D-11 BMatP= 2.70D-10
 IDIUse=1 WtCom= 1.00D+00 WtEn= 0.00D+00
 Coeff-Com: -0.570D-03 0.371D-03 0.362D-02 0.761D-02-0.881D-02-0.132D+00
 Coeff-Com: -0.774D-01 0.384D+00 0.824D+00
 Coeff:     -0.570D-03 0.371D-03 0.362D-02 0.761D-02-0.881D-02-0.132D+00
 Coeff:     -0.774D-01 0.384D+00 0.824D+00
 Gap=     0.246 Goal=   None    Shift=    0.000
 Gap=     0.244 Goal=   None    Shift=    0.000
 RMSDP=9.26D-08 MaxDP=1.05D-05 DE=-3.69D-10 OVMax= 7.02D-06

 Cycle  10  Pass 1  IDiag  1:
 RMSU=  5.00D-08    CP:  1.00D+00  1.32D+00  1.95D+00  1.64D+00  1.37D+00
                    CP:  1.51D+00  1.69D+00  2.00D+00  1.34D+00
 E= -1832.87552041695     Delta-E=       -0.000000000049 Rises=F Damp=F
 DIIS: error= 1.27D-07 at cycle  10 NSaved=  10.
 NSaved=10 IEnMin=10 EnMin= -1832.87552041695     IErMin=10 ErrMin= 1.27D-07
 ErrMax= 1.27D-07  0.00D+00 EMaxC= 1.00D-01 BMatC= 8.26D-12 BMatP= 4.52D-11
 IDIUse=1 WtCom= 1.00D+00 WtEn= 0.00D+00
 Coeff-Com: -0.155D-04-0.395D-04-0.114D-02 0.150D-02 0.961D-02 0.185D-01
 Coeff-Com: -0.662D-01-0.151D+00 0.248D+00 0.941D+00
 Coeff:     -0.155D-04-0.395D-04-0.114D-02 0.150D-02 0.961D-02 0.185D-01
 Coeff:     -0.662D-01-0.151D+00 0.248D+00 0.941D+00
 Gap=     0.246 Goal=   None    Shift=    0.000
 Gap=     0.244 Goal=   None    Shift=    0.000
 RMSDP=5.18D-08 MaxDP=6.81D-06 DE=-4.87D-11 OVMax= 4.87D-06

 Cycle  11  Pass 1  IDiag  1:
 RMSU=  1.76D-08    CP:  1.00D+00  1.32D+00  1.95D+00  1.64D+00  1.37D+00
                    CP:  1.51D+00  1.71D+00  2.15D+00  1.65D+00  1.32D+00
 E= -1832.87552041702     Delta-E=       -0.000000000065 Rises=F Damp=F
 DIIS: error= 5.89D-08 at cycle  11 NSaved=  11.
 NSaved=11 IEnMin=11 EnMin= -1832.87552041702     IErMin=11 ErrMin= 5.89D-08
 ErrMax= 5.89D-08  0.00D+00 EMaxC= 1.00D-01 BMatC= 1.68D-12 BMatP= 8.26D-12
 IDIUse=1 WtCom= 1.00D+00 WtEn= 0.00D+00
 Coeff-Com:  0.532D-04-0.613D-05-0.558D-03-0.759D-03 0.259D-02 0.177D-01
 Coeff-Com:  0.470D-03-0.641D-01-0.802D-01 0.139D+00 0.986D+00
 Coeff:      0.532D-04-0.613D-05-0.558D-03-0.759D-03 0.259D-02 0.177D-01
 Coeff:      0.470D-03-0.641D-01-0.802D-01 0.139D+00 0.986D+00
 Gap=     0.246 Goal=   None    Shift=    0.000
 Gap=     0.244 Goal=   None    Shift=    0.000
 RMSDP=2.29D-08 MaxDP=2.30D-06 DE=-6.46D-11 OVMax= 2.23D-06

 Cycle  12  Pass 1  IDiag  1:
 RMSU=  7.76D-09    CP:  1.00D+00  1.32D+00  1.95D+00  1.64D+00  1.37D+00
                    CP:  1.50D+00  1.71D+00  2.18D+00  1.75D+00  1.48D+00
                    CP:  1.49D+00
 E= -1832.87552041698     Delta-E=        0.000000000039 Rises=F Damp=F
 DIIS: error= 4.66D-08 at cycle  12 NSaved=  12.
 NSaved=12 IEnMin=11 EnMin= -1832.87552041702     IErMin=12 ErrMin= 4.66D-08
 ErrMax= 4.66D-08  0.00D+00 EMaxC= 1.00D-01 BMatC= 8.10D-13 BMatP= 1.68D-12
 IDIUse=1 WtCom= 1.00D+00 WtEn= 0.00D+00
 Coeff-Com:  0.185D-04 0.548D-05 0.145D-03-0.686D-03-0.209D-02 0.269D-03
 Coeff-Com:  0.219D-01 0.256D-01-0.108D+00-0.250D+00 0.325D+00 0.988D+00
 Coeff:      0.185D-04 0.548D-05 0.145D-03-0.686D-03-0.209D-02 0.269D-03
 Coeff:      0.219D-01 0.256D-01-0.108D+00-0.250D+00 0.325D+00 0.988D+00
 Gap=     0.246 Goal=   None    Shift=    0.000
 Gap=     0.244 Goal=   None    Shift=    0.000
 RMSDP=1.37D-08 MaxDP=1.29D-06 DE= 3.91D-11 OVMax= 1.84D-06

 Cycle  13  Pass 1  IDiag  1:
 RMSU=  5.21D-09    CP:  1.00D+00  1.32D+00  1.95D+00  1.64D+00  1.37D+00
                    CP:  1.50D+00  1.70D+00  2.18D+00  1.78D+00  1.60D+00
                    CP:  1.87D+00  1.59D+00
 E= -1832.87552041699     Delta-E=       -0.000000000010 Rises=F Damp=F
 DIIS: error= 3.16D-08 at cycle  13 NSaved=  13.
 NSaved=13 IEnMin=11 EnMin= -1832.87552041702     IErMin=13 ErrMin= 3.16D-08
 ErrMax= 3.16D-08  0.00D+00 EMaxC= 1.00D-01 BMatC= 3.55D-13 BMatP= 8.10D-13
 IDIUse=1 WtCom= 1.00D+00 WtEn= 0.00D+00
 Coeff-Com: -0.184D-04 0.112D-05 0.233D-03 0.372D-03-0.147D-02-0.820D-02
 Coeff-Com:  0.106D-02 0.286D-01 0.348D-01-0.731D-01-0.456D+00 0.135D-01
 Coeff-Com:  0.146D+01
 Coeff:     -0.184D-04 0.112D-05 0.233D-03 0.372D-03-0.147D-02-0.820D-02
 Coeff:      0.106D-02 0.286D-01 0.348D-01-0.731D-01-0.456D+00 0.135D-01
 Coeff:      0.146D+01
 Gap=     0.246 Goal=   None    Shift=    0.000
 Gap=     0.244 Goal=   None    Shift=    0.000
 RMSDP=1.13D-08 MaxDP=8.99D-07 DE=-9.78D-12 OVMax= 2.07D-06

 Cycle  14  Pass 1  IDiag  1:
 RMSU=  3.35D-09    CP:  1.00D+00  1.32D+00  1.95D+00  1.64D+00  1.37D+00
                    CP:  1.50D+00  1.70D+00  2.18D+00  1.79D+00  1.62D+00
                    CP:  2.15D+00  2.51D+00  2.19D+00
 E= -1832.87552041698     Delta-E=        0.000000000005 Rises=F Damp=F
 DIIS: error= 1.69D-08 at cycle  14 NSaved=  14.
 NSaved=14 IEnMin=11 EnMin= -1832.87552041702     IErMin=14 ErrMin= 1.69D-08
 ErrMax= 1.69D-08  0.00D+00 EMaxC= 1.00D-01 BMatC= 1.44D-13 BMatP= 3.55D-13
 IDIUse=1 WtCom= 1.00D+00 WtEn= 0.00D+00
 Coeff-Com: -0.149D-04-0.507D-05 0.133D-04 0.509D-03 0.467D-03-0.280D-02
 Coeff-Com: -0.105D-01-0.343D-02 0.704D-01 0.104D+00-0.317D+00-0.506D+00
 Coeff-Com:  0.517D+00 0.115D+01
 Coeff:     -0.149D-04-0.507D-05 0.133D-04 0.509D-03 0.467D-03-0.280D-02
 Coeff:     -0.105D-01-0.343D-02 0.704D-01 0.104D+00-0.317D+00-0.506D+00
 Coeff:      0.517D+00 0.115D+01
 Gap=     0.246 Goal=   None    Shift=    0.000
 Gap=     0.244 Goal=   None    Shift=    0.000
 RMSDP=8.84D-09 MaxDP=9.34D-07 DE= 5.46D-12 OVMax= 1.46D-06

 Error on total polarization charges =  0.01704
 SCF Done:  E(UwB97XD) =  -1832.87552042     A.U. after   14 cycles
            NFock= 14  Conv=0.88D-08     -V/T= 2.0040
 <Sx>= 0.0000 <Sy>= 0.0000 <Sz>= 2.5000 <S**2>= 8.7524 S= 2.5004
 <L.S>=  0.00000000000    
 KE= 1.825542804975D+03 PE=-6.951447828552D+03 EE= 1.956166348464D+03
 Annihilation of the first spin contaminant:
 S**2 before annihilation     8.7524,   after     8.7500
 Leave Link  502 at Tue Apr 19 21:48:19 2022, MaxMem= 13421772800 cpu:            8676.1 elap:             242.0
 (Enter /soft/gaussian/16-c.01/g16/l801.exe)
 DoSCS=F DFT=T ScalE2(SS,OS)=  1.000000  1.000000
 Range of M.O.s used for correlation:     1   624
 NBasis=   627 NAE=    69 NBE=    64 NFC=     0 NFV=     0
 NROrb=    624 NOA=    69 NOB=    64 NVA=   555 NVB=   560

 **** Warning!!: The largest alpha MO coefficient is  0.15294716D+03


 **** Warning!!: The largest beta MO coefficient is  0.17497469D+03

 Leave Link  801 at Tue Apr 19 21:48:19 2022, MaxMem= 13421772800 cpu:               1.3 elap:               0.1
 (Enter /soft/gaussian/16-c.01/g16/l1101.exe)
 Using compressed storage, NAtomX=    27.
 Will process     28 centers per pass.
 R6Disp: Adding Grimme-D2 dispersion energy 1st derivatives to the gradient.
 Leave Link 1101 at Tue Apr 19 21:48:20 2022, MaxMem= 13421772800 cpu:              46.5 elap:               1.3
 (Enter /soft/gaussian/16-c.01/g16/l1102.exe)
 DDipDN:  doing centers     0 through    27.
 Symmetrizing basis deriv contribution to polar:
 IMax=3 JMax=2 DiffMx= 0.00D+00
 Leave Link 1102 at Tue Apr 19 21:48:22 2022, MaxMem= 13421772800 cpu:              51.9 elap:               1.6
 (Enter /soft/gaussian/16-c.01/g16/l1110.exe)
 Forming Gx(P) for the SCF density, NAtomX=    27.
 Integral derivatives from FoFJK, PRISM(SPDF).
 Do as many integral derivatives as possible in FoFJK.
 G2DrvN: MDV=   13421769937.
 G2DrvN: will do    28 centers at a time, making    1 passes.
 Calling FoFCou, ICntrl=  3107 FMM=F I1Cent=   0 AccDes= 0.00D+00.
 FoFJK:  IHMeth= 1 ICntrl=    3107 DoSepK=T KAlg= 0 I1Cent=           0 FoldK=F
 IRaf=         1 NMat=       1 IRICut=       1 DoRegI=T DoRafI=F ISym2E= 0 IDoP0=0 IntGTp=1.
 FoFCou: FMM=F IPFlag=           0 FMFlag=      100000 FMFlg1=           0
         NFxFlg=           0 DoJE=F BraDBF=F KetDBF=F FulRan=T
         wScrn=  0.000000 ICntrl=      3507 IOpCl=  0 I1Cent=           0 NGrid=           0
         NMat0=    1 NMatS0=      1 NMatT0=    0 NMatD0=    1 NMtDS0=    0 NMtDT0=    0
 Symmetry not used in FoFCou.
 NEqPCM:  Using equilibrium solvation (IEInf=0, Eps=  78.3553, EpsInf=   1.7778)
 G2PCM: DoFxE=T DoFxN=T DoGrad=T DoDP/DQ/DG/TGxP=FFFF NFrqRd=   0 IEInf=0 SqF1=F DoCFld=F IF1Alg=4.
 GePol: Maximum number of non-zero 1st derivatives   =     197
 End of G2Drv F.D. properties file   721 does not exist.
 End of G2Drv F.D. properties file   722 does not exist.
 End of G2Drv F.D. properties file   788 does not exist.
 Leave Link 1110 at Tue Apr 19 21:53:15 2022, MaxMem= 13421772800 cpu:           10545.8 elap:             293.1
 (Enter /soft/gaussian/16-c.01/g16/l1002.exe)
 Minotr:  UHF open shell wavefunction.
          IDoAtm=111111111111111111111111111
 NEqPCM:  Using equilibrium solvation (IEInf=0, Eps=  78.3553, EpsInf=   1.7778)
          Direct CPHF calculation.
          Differentiating once with respect to electric field.
                with respect to dipole field.
          Requested convergence is 1.0D-08 RMS, and 1.0D-07 maximum.
          Secondary convergence is 1.0D-12 RMS, and 1.0D-12 maximum.
          NewPWx=T KeepS1=F KeepF1=F KeepIn=T MapXYZ=F SortEE=F KeepMc=T.
         8502 words used for storage of precomputed grid.
 Two-electron integral symmetry not used.
          MDV=   13421772800 using IRadAn=       1.
          Solving linear equations simultaneously, MaxMat=     360.
 FoF2E skips out because all densities are zero.
 CalDSu exits because no D1Ps are significant.
          There are     3 degrees of freedom in the 1st order CPHF.  IDoFFX=4 NUNeed=     3.
      3 vectors produced by pass  0 Test12= 2.47D-12 3.33D-08 XBig12= 5.33D+02 1.27D+01.
 AX will form     3 AO Fock derivatives at one time.
 FoFJK:  IHMeth= 1 ICntrl=       0 DoSepK=T KAlg= 0 I1Cent=           0 FoldK=F
 IRaf=         1 NMat=       3 IRICut=       1 DoRegI=T DoRafI=F ISym2E= 0 IDoP0=0 IntGTp=1.
      3 vectors produced by pass  1 Test12= 2.47D-12 3.33D-08 XBig12= 5.63D+01 9.81D-01.
      3 vectors produced by pass  2 Test12= 2.47D-12 3.33D-08 XBig12= 1.54D+01 1.24D+00.
      3 vectors produced by pass  3 Test12= 2.47D-12 3.33D-08 XBig12= 2.31D+00 2.79D-01.
      3 vectors produced by pass  4 Test12= 2.47D-12 3.33D-08 XBig12= 9.14D-01 2.80D-01.
      3 vectors produced by pass  5 Test12= 2.47D-12 3.33D-08 XBig12= 1.51D-01 1.02D-01.
      3 vectors produced by pass  6 Test12= 2.47D-12 3.33D-08 XBig12= 3.48D-02 2.71D-02.
      3 vectors produced by pass  7 Test12= 2.47D-12 3.33D-08 XBig12= 6.28D-03 2.07D-02.
      3 vectors produced by pass  8 Test12= 2.47D-12 3.33D-08 XBig12= 2.09D-03 1.18D-02.
      3 vectors produced by pass  9 Test12= 2.47D-12 3.33D-08 XBig12= 8.39D-04 7.90D-03.
      3 vectors produced by pass 10 Test12= 2.47D-12 3.33D-08 XBig12= 1.26D-04 1.78D-03.
      3 vectors produced by pass 11 Test12= 2.47D-12 3.33D-08 XBig12= 1.13D-05 6.09D-04.
      3 vectors produced by pass 12 Test12= 2.47D-12 3.33D-08 XBig12= 1.31D-06 2.27D-04.
      3 vectors produced by pass 13 Test12= 2.47D-12 3.33D-08 XBig12= 3.39D-07 9.92D-05.
      3 vectors produced by pass 14 Test12= 2.47D-12 3.33D-08 XBig12= 6.49D-08 7.70D-05.
      3 vectors produced by pass 15 Test12= 2.47D-12 3.33D-08 XBig12= 6.68D-09 1.78D-05.
      3 vectors produced by pass 16 Test12= 2.47D-12 3.33D-08 XBig12= 4.38D-10 3.55D-06.
      3 vectors produced by pass 17 Test12= 2.47D-12 3.33D-08 XBig12= 6.17D-11 1.50D-06.
      2 vectors produced by pass 18 Test12= 2.47D-12 3.33D-08 XBig12= 9.21D-12 7.16D-07.
      2 vectors produced by pass 19 Test12= 2.47D-12 3.33D-08 XBig12= 9.97D-13 1.88D-07.
      1 vectors produced by pass 20 Test12= 2.47D-12 3.33D-08 XBig12= 5.97D-14 4.59D-08.
 InvSVY:  IOpt=1 It=  1 EMax= 1.24D-14
 Solved reduced A of dimension    59 with     3 vectors.
 FullF1:  Do perturbations      1 to       3.
 SCF Polarizability for W=    0.000000:
                1             2             3 
      1  0.552740D+03
      2 -0.416740D+02  0.257059D+03
      3  0.212955D+00  0.724608D+00  0.125404D+03
 Isotropic polarizability for W=    0.000000      311.73 Bohr**3.
 SCF Static Hyperpolarizability:
 K=  1 block:
                1 
      1  0.904758D+04
 K=  2 block:
                1             2 
      1 -0.160836D+04
      2  0.234316D+03  0.359232D+03
 K=  3 block:
                1             2             3 
      1  0.233407D+02
      2  0.311379D+01 -0.757928D+00
      3  0.125614D+03 -0.181740D+01  0.178903D+01
 End of Minotr F.D. properties file   721 does not exist.
 End of Minotr F.D. properties file   722 does not exist.
 End of Minotr F.D. properties file   788 does not exist.
 Leave Link 1002 at Tue Apr 19 22:05:36 2022, MaxMem= 13421772800 cpu:           26647.3 elap:             740.5
 (Enter /soft/gaussian/16-c.01/g16/l601.exe)
 Copying SCF densities to generalized density rwf, IOpCl= 1 IROHF=0.

 **********************************************************************

            Population analysis using the SCF Density.

 **********************************************************************

 Alpha  occ. eigenvalues -- -235.76828 -27.57695 -23.63142 -23.63094 -23.62909
 Alpha  occ. eigenvalues --  -14.51487 -14.48837 -14.48595 -14.48099 -10.38632
 Alpha  occ. eigenvalues --  -10.38437 -10.37593 -10.37420 -10.36990 -10.36056
 Alpha  occ. eigenvalues --  -10.32834 -10.32761 -10.32323 -10.32249 -10.31874
 Alpha  occ. eigenvalues --  -10.31632  -3.44667  -2.30799  -2.30607  -2.30479
 Alpha  occ. eigenvalues --   -1.11565  -1.07589  -1.04612  -1.02716  -0.98416
 Alpha  occ. eigenvalues --   -0.94104  -0.88644  -0.86678  -0.85231  -0.79400
 Alpha  occ. eigenvalues --   -0.76318  -0.74473  -0.72468  -0.68099  -0.67313
 Alpha  occ. eigenvalues --   -0.65850  -0.62039  -0.61003  -0.59977  -0.59686
 Alpha  occ. eigenvalues --   -0.56602  -0.56403  -0.54597  -0.54398  -0.53810
 Alpha  occ. eigenvalues --   -0.52961  -0.50952  -0.50622  -0.48001  -0.47802
 Alpha  occ. eigenvalues --   -0.46791  -0.46725  -0.46676  -0.46460  -0.46042
 Alpha  occ. eigenvalues --   -0.45794  -0.45379  -0.43156  -0.42172  -0.38413
 Alpha  occ. eigenvalues --   -0.36655  -0.35418  -0.30345  -0.29968
 Alpha virt. eigenvalues --   -0.05377   0.00465   0.02322   0.03879   0.04427
 Alpha virt. eigenvalues --    0.04727   0.05668   0.06367   0.06955   0.07219
 Alpha virt. eigenvalues --    0.07719   0.08141   0.09513   0.10106   0.10772
 Alpha virt. eigenvalues --    0.11182   0.11327   0.11785   0.12140   0.12479
 Alpha virt. eigenvalues --    0.12940   0.14344   0.14493   0.14602   0.14903
 Alpha virt. eigenvalues --    0.15425   0.15789   0.16153   0.16887   0.16921
 Alpha virt. eigenvalues --    0.17962   0.18194   0.18648   0.18843   0.19469
 Alpha virt. eigenvalues --    0.19948   0.20225   0.20638   0.21040   0.21166
 Alpha virt. eigenvalues --    0.21724   0.21959   0.22116   0.23009   0.23358
 Alpha virt. eigenvalues --    0.23458   0.23906   0.24960   0.25416   0.25622
 Alpha virt. eigenvalues --    0.26017   0.26160   0.26403   0.27058   0.27133
 Alpha virt. eigenvalues --    0.27655   0.28068   0.28474   0.28700   0.29336
 Alpha virt. eigenvalues --    0.29380   0.29624   0.30070   0.30219   0.30978
 Alpha virt. eigenvalues --    0.31297   0.31425   0.32174   0.32321   0.32679
 Alpha virt. eigenvalues --    0.33191   0.33516   0.33781   0.34381   0.34717
 Alpha virt. eigenvalues --    0.34940   0.35476   0.36107   0.36240   0.36920
 Alpha virt. eigenvalues --    0.37405   0.37788   0.38195   0.38486   0.39493
 Alpha virt. eigenvalues --    0.40090   0.40251   0.40841   0.41371   0.41483
 Alpha virt. eigenvalues --    0.41856   0.42504   0.43423   0.43802   0.44154
 Alpha virt. eigenvalues --    0.45431   0.45749   0.46471   0.47577   0.47643
 Alpha virt. eigenvalues --    0.49110   0.51252   0.51575   0.53506   0.54339
 Alpha virt. eigenvalues --    0.58291   0.59293   0.59837   0.61432   0.64889
 Alpha virt. eigenvalues --    0.65118   0.66000   0.66922   0.67241   0.69319
 Alpha virt. eigenvalues --    0.69896   0.70335   0.71354   0.71869   0.72174
 Alpha virt. eigenvalues --    0.72672   0.73206   0.73674   0.74037   0.74656
 Alpha virt. eigenvalues --    0.74844   0.76564   0.76963   0.77560   0.78083
 Alpha virt. eigenvalues --    0.78807   0.79606   0.82320   0.82529   0.84121
 Alpha virt. eigenvalues --    0.84723   0.85426   0.86376   0.87275   0.88114
 Alpha virt. eigenvalues --    0.89738   0.89953   0.90114   0.90789   0.90976
 Alpha virt. eigenvalues --    0.91018   0.91145   0.91882   0.93264   0.93491
 Alpha virt. eigenvalues --    0.93863   0.94361   0.94801   0.95134   0.95498
 Alpha virt. eigenvalues --    0.95758   0.96369   0.97015   0.97166   0.98336
 Alpha virt. eigenvalues --    0.98676   0.99622   1.00416   1.00478   1.01872
 Alpha virt. eigenvalues --    1.02197   1.02837   1.03139   1.03642   1.04611
 Alpha virt. eigenvalues --    1.04796   1.05747   1.06132   1.06778   1.08314
 Alpha virt. eigenvalues --    1.08913   1.09262   1.09955   1.11021   1.12024
 Alpha virt. eigenvalues --    1.13623   1.14287   1.15960   1.17331   1.18358
 Alpha virt. eigenvalues --    1.19155   1.21945   1.22369   1.24302   1.24846
 Alpha virt. eigenvalues --    1.26383   1.27088   1.27362   1.28094   1.28962
 Alpha virt. eigenvalues --    1.30777   1.32911   1.34902   1.36570   1.37060
 Alpha virt. eigenvalues --    1.38122   1.39190   1.39562   1.40466   1.43031
 Alpha virt. eigenvalues --    1.43796   1.45708   1.46550   1.47150   1.48434
 Alpha virt. eigenvalues --    1.49012   1.49357   1.49893   1.50241   1.51760
 Alpha virt. eigenvalues --    1.51949   1.54078   1.54359   1.56014   1.56494
 Alpha virt. eigenvalues --    1.56771   1.57245   1.58987   1.59688   1.60903
 Alpha virt. eigenvalues --    1.61444   1.62765   1.63286   1.64420   1.65045
 Alpha virt. eigenvalues --    1.65280   1.66289   1.67327   1.68068   1.68652
 Alpha virt. eigenvalues --    1.68955   1.70080   1.71825   1.72943   1.73550
 Alpha virt. eigenvalues --    1.74574   1.79799   1.80160   1.80668   1.83921
 Alpha virt. eigenvalues --    1.84288   1.86111   1.87308   1.90484   1.92382
 Alpha virt. eigenvalues --    1.93803   1.97562   1.97718   1.99014   2.00324
 Alpha virt. eigenvalues --    2.00856   2.03402   2.05503   2.06481   2.07356
 Alpha virt. eigenvalues --    2.08949   2.10547   2.12305   2.16745   2.19443
 Alpha virt. eigenvalues --    2.21184   2.22000   2.22718   2.25732   2.25930
 Alpha virt. eigenvalues --    2.31371   2.31907   2.33013   2.34567   2.34840
 Alpha virt. eigenvalues --    2.36091   2.37250   2.39450   2.41165   2.44207
 Alpha virt. eigenvalues --    2.44889   2.46492   2.49747   2.52297   2.53598
 Alpha virt. eigenvalues --    2.54492   2.59475   2.65224   2.66466   2.69574
 Alpha virt. eigenvalues --    2.70313   2.71053   2.72408   2.74165   2.77505
 Alpha virt. eigenvalues --    2.78932   2.79252   2.84197   2.88210   2.89416
 Alpha virt. eigenvalues --    2.91010   2.92168   2.93734   2.94484   2.95190
 Alpha virt. eigenvalues --    2.97035   2.98086   3.00820   3.01045   3.01687
 Alpha virt. eigenvalues --    3.02742   3.03887   3.04348   3.04696   3.07114
 Alpha virt. eigenvalues --    3.08132   3.09925   3.10743   3.11105   3.11899
 Alpha virt. eigenvalues --    3.13393   3.14754   3.15977   3.16113   3.17064
 Alpha virt. eigenvalues --    3.17379   3.18571   3.19323   3.20298   3.21646
 Alpha virt. eigenvalues --    3.22816   3.23733   3.24271   3.26079   3.26412
 Alpha virt. eigenvalues --    3.27123   3.28082   3.28708   3.30010   3.30592
 Alpha virt. eigenvalues --    3.32372   3.32714   3.34107   3.34705   3.35089
 Alpha virt. eigenvalues --    3.36485   3.37791   3.38771   3.39601   3.41231
 Alpha virt. eigenvalues --    3.42945   3.45487   3.47330   3.49200   3.50491
 Alpha virt. eigenvalues --    3.51094   3.52890   3.53582   3.55283   3.58242
 Alpha virt. eigenvalues --    3.58444   3.62132   3.62712   3.63729   3.65415
 Alpha virt. eigenvalues --    3.66081   3.66981   3.69222   3.71197   3.72224
 Alpha virt. eigenvalues --    3.72897   3.74016   3.75475   3.77565   3.78398
 Alpha virt. eigenvalues --    3.79555   3.80553   3.82338   3.84732   3.85320
 Alpha virt. eigenvalues --    3.86275   3.87495   3.89213   3.90050   3.91993
 Alpha virt. eigenvalues --    3.93858   3.95761   3.97341   3.98157   3.99865
 Alpha virt. eigenvalues --    4.01688   4.01808   4.01907   4.02160   4.02844
 Alpha virt. eigenvalues --    4.03426   4.04951   4.05331   4.05555   4.06388
 Alpha virt. eigenvalues --    4.10453   4.11090   4.13300   4.13754   4.15564
 Alpha virt. eigenvalues --    4.16540   4.16865   4.18597   4.19611   4.20959
 Alpha virt. eigenvalues --    4.21617   4.22559   4.25338   4.26487   4.27400
 Alpha virt. eigenvalues --    4.27815   4.30007   4.30463   4.34065   4.34602
 Alpha virt. eigenvalues --    4.35365   4.35808   4.37334   4.38570   4.39348
 Alpha virt. eigenvalues --    4.40054   4.41697   4.43167   4.44179   4.44914
 Alpha virt. eigenvalues --    4.45182   4.46021   4.47231   4.48758   4.49124
 Alpha virt. eigenvalues --    4.50631   4.51834   4.52330   4.52760   4.54186
 Alpha virt. eigenvalues --    4.54711   4.55268   4.57088   4.57309   4.57987
 Alpha virt. eigenvalues --    4.59198   4.60029   4.60586   4.61634   4.62777
 Alpha virt. eigenvalues --    4.63168   4.63334   4.64528   4.66256   4.66500
 Alpha virt. eigenvalues --    4.68375   4.68750   4.69262   4.70302   4.71449
 Alpha virt. eigenvalues --    4.72523   4.73455   4.73838   4.74911   4.75475
 Alpha virt. eigenvalues --    4.76237   4.76609   4.78009   4.78561   4.80774
 Alpha virt. eigenvalues --    4.81414   4.82869   4.83807   4.84126   4.87263
 Alpha virt. eigenvalues --    4.89724   4.90365   4.91892   4.92440   4.96620
 Alpha virt. eigenvalues --    4.97181   4.98393   4.99494   5.01878   5.05895
 Alpha virt. eigenvalues --    5.07418   5.10233   5.10928   5.12826   5.14845
 Alpha virt. eigenvalues --    5.16812   5.18798   5.20379   5.22624   5.23937
 Alpha virt. eigenvalues --    5.24942   5.25948   5.28002   5.30021   5.32683
 Alpha virt. eigenvalues --    5.37331   5.38398   5.40977   5.42968   5.45246
 Alpha virt. eigenvalues --    5.48430   5.50748   5.55720   5.57363   5.61385
 Alpha virt. eigenvalues --    5.64152   5.65271   5.71130   5.74640   5.80638
 Alpha virt. eigenvalues --    5.84078   5.85895   5.87457   5.91572   5.91914
 Alpha virt. eigenvalues --    5.95620   5.98301   6.04838   6.05843   6.13870
 Alpha virt. eigenvalues --    6.22073   6.27522   6.41555   6.52860   6.61073
 Alpha virt. eigenvalues --    6.84388   7.01029   8.96946   9.48097  11.10816
 Alpha virt. eigenvalues --   11.33857  11.43123  11.43719  11.54348  11.55236
 Alpha virt. eigenvalues --   11.74579  12.05024  12.05630  12.24462  12.40693
 Alpha virt. eigenvalues --   12.43484  12.57265  12.68357  13.18245  13.61337
 Alpha virt. eigenvalues --   17.26686  18.23399  26.56409  28.35536  38.51617
  Beta  occ. eigenvalues -- -235.76714 -27.49127 -23.55972 -23.55914 -23.55810
  Beta  occ. eigenvalues --  -14.51487 -14.48833 -14.48581 -14.48100 -10.38626
  Beta  occ. eigenvalues --  -10.38423 -10.37596 -10.37409 -10.36993 -10.36061
  Beta  occ. eigenvalues --  -10.32829 -10.32756 -10.32322 -10.32249 -10.31870
  Beta  occ. eigenvalues --  -10.31628  -3.22483  -2.06797  -2.06561  -2.06304
  Beta  occ. eigenvalues --   -1.11531  -1.07582  -1.04574  -1.02712  -0.98405
  Beta  occ. eigenvalues --   -0.94092  -0.88626  -0.86666  -0.85217  -0.79382
  Beta  occ. eigenvalues --   -0.76294  -0.74428  -0.72439  -0.68087  -0.67271
  Beta  occ. eigenvalues --   -0.65813  -0.62027  -0.60967  -0.59861  -0.59680
  Beta  occ. eigenvalues --   -0.56573  -0.56317  -0.54530  -0.54348  -0.53729
  Beta  occ. eigenvalues --   -0.52909  -0.50608  -0.48935  -0.46974  -0.46848
  Beta  occ. eigenvalues --   -0.46373  -0.46033  -0.45680  -0.43225  -0.38416
  Beta  occ. eigenvalues --   -0.36966  -0.35421  -0.30387  -0.29962
  Beta virt. eigenvalues --   -0.05580   0.01740   0.02145   0.02318   0.02368
  Beta virt. eigenvalues --    0.02724   0.02966   0.03874   0.04763   0.05773
  Beta virt. eigenvalues --    0.06065   0.06298   0.07525   0.07799   0.07858
  Beta virt. eigenvalues --    0.08224   0.08460   0.09772   0.10202   0.10834
  Beta virt. eigenvalues --    0.11500   0.11793   0.12007   0.12333   0.12620
  Beta virt. eigenvalues --    0.13317   0.14496   0.14726   0.15268   0.15334
  Beta virt. eigenvalues --    0.15879   0.16396   0.16531   0.17216   0.17642
  Beta virt. eigenvalues --    0.18109   0.18379   0.19055   0.19863   0.20003
  Beta virt. eigenvalues --    0.20367   0.21120   0.21353   0.21650   0.21844
  Beta virt. eigenvalues --    0.22039   0.22234   0.22934   0.23424   0.23573
  Beta virt. eigenvalues --    0.23912   0.24365   0.25233   0.25492   0.25948
  Beta virt. eigenvalues --    0.26322   0.26554   0.26849   0.27188   0.27272
  Beta virt. eigenvalues --    0.28052   0.28213   0.28738   0.29289   0.29463
  Beta virt. eigenvalues --    0.29582   0.30100   0.30516   0.30777   0.31265
  Beta virt. eigenvalues --    0.31638   0.32099   0.32454   0.32536   0.33029
  Beta virt. eigenvalues --    0.33533   0.33698   0.34089   0.34562   0.34827
  Beta virt. eigenvalues --    0.35502   0.36483   0.36818   0.37003   0.37181
  Beta virt. eigenvalues --    0.37684   0.37918   0.38368   0.39027   0.39714
  Beta virt. eigenvalues --    0.40445   0.41462   0.41828   0.41882   0.43135
  Beta virt. eigenvalues --    0.43433   0.44006   0.44243   0.44591   0.45307
  Beta virt. eigenvalues --    0.46151   0.47151   0.47974   0.48823   0.50791
  Beta virt. eigenvalues --    0.51502   0.52056   0.54010   0.54328   0.55888
  Beta virt. eigenvalues --    0.58605   0.61717   0.62680   0.64056   0.65125
  Beta virt. eigenvalues --    0.65736   0.66142   0.66995   0.68147   0.69798
  Beta virt. eigenvalues --    0.70091   0.70563   0.71498   0.71893   0.72267
  Beta virt. eigenvalues --    0.72813   0.73597   0.73973   0.74161   0.74733
  Beta virt. eigenvalues --    0.75096   0.77114   0.77197   0.77633   0.78410
  Beta virt. eigenvalues --    0.78840   0.80440   0.82348   0.82612   0.84143
  Beta virt. eigenvalues --    0.84936   0.85446   0.86778   0.87497   0.88215
  Beta virt. eigenvalues --    0.89865   0.90172   0.90192   0.90886   0.91093
  Beta virt. eigenvalues --    0.91238   0.91437   0.92031   0.93556   0.93761
  Beta virt. eigenvalues --    0.94235   0.94545   0.94860   0.95369   0.95849
  Beta virt. eigenvalues --    0.95926   0.96414   0.97260   0.97296   0.98393
  Beta virt. eigenvalues --    0.98804   0.99693   1.00508   1.00569   1.02017
  Beta virt. eigenvalues --    1.02294   1.03061   1.03395   1.03830   1.04856
  Beta virt. eigenvalues --    1.04922   1.05919   1.06234   1.06927   1.08499
  Beta virt. eigenvalues --    1.09011   1.09399   1.10069   1.11227   1.12116
  Beta virt. eigenvalues --    1.14165   1.14649   1.16902   1.17828   1.18681
  Beta virt. eigenvalues --    1.19710   1.23844   1.24528   1.25102   1.25281
  Beta virt. eigenvalues --    1.26603   1.27370   1.28276   1.31693   1.32351
  Beta virt. eigenvalues --    1.34243   1.34554   1.35906   1.37254   1.37627
  Beta virt. eigenvalues --    1.39189   1.39753   1.41804   1.43728   1.44759
  Beta virt. eigenvalues --    1.45022   1.46566   1.47832   1.48620   1.48786
  Beta virt. eigenvalues --    1.49716   1.49885   1.51474   1.51935   1.52268
  Beta virt. eigenvalues --    1.53439   1.54585   1.55949   1.56972   1.57509
  Beta virt. eigenvalues --    1.58232   1.59795   1.61073   1.62896   1.63394
  Beta virt. eigenvalues --    1.63645   1.64937   1.65361   1.65485   1.65845
  Beta virt. eigenvalues --    1.68159   1.68877   1.68986   1.71467   1.72520
  Beta virt. eigenvalues --    1.73656   1.73842   1.74318   1.76935   1.77421
  Beta virt. eigenvalues --    1.79354   1.80022   1.81184   1.82398   1.84129
  Beta virt. eigenvalues --    1.84588   1.86912   1.87954   1.90975   1.92799
  Beta virt. eigenvalues --    1.94054   1.97877   1.98317   1.99360   2.01349
  Beta virt. eigenvalues --    2.03382   2.03660   2.05852   2.06569   2.07373
  Beta virt. eigenvalues --    2.09125   2.10979   2.12765   2.16754   2.19538
  Beta virt. eigenvalues --    2.21466   2.22409   2.23245   2.25801   2.26107
  Beta virt. eigenvalues --    2.31464   2.32040   2.33078   2.34623   2.34900
  Beta virt. eigenvalues --    2.36130   2.37382   2.39580   2.43095   2.44702
  Beta virt. eigenvalues --    2.44923   2.47289   2.49797   2.52457   2.53763
  Beta virt. eigenvalues --    2.54594   2.59488   2.65383   2.66561   2.69754
  Beta virt. eigenvalues --    2.70361   2.71821   2.72541   2.78489   2.79045
  Beta virt. eigenvalues --    2.82565   2.84222   2.84681   2.88297   2.89677
  Beta virt. eigenvalues --    2.91240   2.93496   2.94265   2.94550   2.95261
  Beta virt. eigenvalues --    2.97348   2.99882   3.00938   3.01092   3.02159
  Beta virt. eigenvalues --    3.02931   3.04005   3.04466   3.04887   3.07187
  Beta virt. eigenvalues --    3.08218   3.10288   3.10969   3.11318   3.12408
  Beta virt. eigenvalues --    3.13649   3.14808   3.16167   3.16263   3.17095
  Beta virt. eigenvalues --    3.17411   3.18775   3.19350   3.20326   3.21739
  Beta virt. eigenvalues --    3.22880   3.23805   3.24298   3.26128   3.26487
  Beta virt. eigenvalues --    3.27148   3.28113   3.28746   3.30040   3.30741
  Beta virt. eigenvalues --    3.32396   3.32776   3.34138   3.34773   3.35168
  Beta virt. eigenvalues --    3.36528   3.37827   3.38789   3.39762   3.41351
  Beta virt. eigenvalues --    3.43048   3.45744   3.47381   3.49238   3.50588
  Beta virt. eigenvalues --    3.51181   3.52941   3.53648   3.55320   3.58279
  Beta virt. eigenvalues --    3.58496   3.62262   3.62857   3.63833   3.65448
  Beta virt. eigenvalues --    3.66330   3.67110   3.69301   3.71295   3.72567
  Beta virt. eigenvalues --    3.72927   3.74081   3.75609   3.77637   3.78451
  Beta virt. eigenvalues --    3.79641   3.80728   3.82428   3.84868   3.85382
  Beta virt. eigenvalues --    3.86355   3.87554   3.89447   3.90245   3.92161
  Beta virt. eigenvalues --    3.95067   3.96143   3.98434   4.00495   4.01857
  Beta virt. eigenvalues --    4.02867   4.05423   4.06254   4.07215   4.10327
  Beta virt. eigenvalues --    4.10861   4.11805   4.12529   4.12963   4.13085
  Beta virt. eigenvalues --    4.13586   4.13944   4.14015   4.15551   4.16947
  Beta virt. eigenvalues --    4.17491   4.19364   4.20774   4.21315   4.22245
  Beta virt. eigenvalues --    4.22859   4.23494   4.25715   4.26908   4.27918
  Beta virt. eigenvalues --    4.28421   4.30376   4.30786   4.34182   4.34683
  Beta virt. eigenvalues --    4.35627   4.35868   4.37482   4.39167   4.39960
  Beta virt. eigenvalues --    4.41601   4.41976   4.44113   4.45612   4.46641
  Beta virt. eigenvalues --    4.47034   4.48434   4.50454   4.51869   4.52930
  Beta virt. eigenvalues --    4.54396   4.54979   4.56693   4.56860   4.57509
  Beta virt. eigenvalues --    4.58026   4.59515   4.60134   4.61423   4.61629
  Beta virt. eigenvalues --    4.61995   4.62514   4.63355   4.63874   4.64560
  Beta virt. eigenvalues --    4.65200   4.65914   4.67607   4.67660   4.67838
  Beta virt. eigenvalues --    4.69537   4.70460   4.71115   4.72025   4.73055
  Beta virt. eigenvalues --    4.73831   4.74499   4.75333   4.75699   4.76186
  Beta virt. eigenvalues --    4.76749   4.77380   4.79242   4.80805   4.81858
  Beta virt. eigenvalues --    4.83062   4.84311   4.85421   4.85467   4.87624
  Beta virt. eigenvalues --    4.90643   4.92049   4.92757   4.95546   4.97088
  Beta virt. eigenvalues --    4.97495   4.98715   4.99930   5.02010   5.05942
  Beta virt. eigenvalues --    5.07478   5.10276   5.11020   5.13353   5.14880
  Beta virt. eigenvalues --    5.17039   5.18929   5.20414   5.22705   5.24001
  Beta virt. eigenvalues --    5.24966   5.25981   5.28075   5.30186   5.32731
  Beta virt. eigenvalues --    5.37347   5.38416   5.41001   5.43038   5.45280
  Beta virt. eigenvalues --    5.48528   5.50775   5.55802   5.57384   5.61536
  Beta virt. eigenvalues --    5.64176   5.65293   5.71144   5.74667   5.80673
  Beta virt. eigenvalues --    5.84112   5.85904   5.87480   5.91596   5.91944
  Beta virt. eigenvalues --    5.95636   5.98339   6.04862   6.05873   6.13922
  Beta virt. eigenvalues --    6.22089   6.27572   6.41576   6.52979   6.61074
  Beta virt. eigenvalues --    6.84410   7.01130   8.96963   9.48140  11.10820
  Beta virt. eigenvalues --   11.33862  11.43127  11.43724  11.54373  11.55240
  Beta virt. eigenvalues --   11.74589  12.05033  12.05644  12.24468  12.40715
  Beta virt. eigenvalues --   12.43492  12.57279  12.68372  13.18254  13.61371
  Beta virt. eigenvalues --   17.38095  18.24699  26.56425  28.35714  38.51666
          Condensed to atoms (all electrons):
               1          2          3          4          5          6
     1  C   10.033731  -1.822068  -1.578132   0.420621  -1.464309   0.504151
     2  C   -1.822068  11.024886   0.422102  -2.950131   0.236662  -1.073224
     3  C   -1.578132   0.422102  10.708099  -1.717891  -2.144075   1.243533
     4  C    0.420621  -2.950131  -1.717891  11.920671  -0.813607  -1.140841
     5  C   -1.464309   0.236662  -2.144075  -0.813607  11.136625  -1.625143
     6  C    0.504151  -1.073224   1.243533  -1.140841  -1.625143   9.239940
     7  N    0.043083   0.002706   0.021914  -0.013949   0.343296  -0.079928
     8  C   -0.102015  -0.204959  -0.678278  -1.066785   1.185250  -0.054745
     9  C    0.062903  -0.114519  -0.136398  -0.095911   0.205860  -0.384188
    10  C    0.025341  -0.022765  -0.061902  -0.084837   0.151828  -0.003398
    11  C   -0.035134   0.070504   0.032425   0.392255  -0.234295  -0.032708
    12  C   -0.149309   0.122475  -0.342015   0.673781  -0.385620  -0.068014
    13  C   -0.105347   0.096342   0.538458  -0.169905  -1.235859  -0.248509
    14  N    0.030660  -0.027407  -0.189147   0.293092   0.237615  -0.051782
    15  H    0.034383   0.000726   0.184867   0.128100   0.036456  -0.021898
    16  H    0.001999  -0.000766  -0.038398   0.053467   0.129903   0.224174
    17  H   -0.000030   0.000117  -0.000304   0.001348  -0.027458   0.003705
    18  H    0.000003   0.000000  -0.000042   0.000410   0.000467   0.000026
    19  H    0.000005  -0.000024  -0.000232  -0.000083   0.001032   0.000018
    20  H    0.000300   0.001005   0.005238  -0.035958  -0.006076  -0.001554
    21  N    0.293378  -0.283445  -0.007507   0.059523   0.049933   0.036650
    22  H   -0.071698   0.060384  -0.008135   0.002376   0.047147  -0.056899
    23  H    0.082011  -0.168659  -0.022086  -0.014403   0.008743   0.084582
    24  N   -0.259682   0.244352   0.126033   0.095170   0.035027  -0.043116
    25  H   -0.170334   0.053555   0.120583   0.007222  -0.018967  -0.025851
    26  H    0.068623  -0.064709  -0.077238   0.046794   0.003701  -0.002885
    27  Mn   0.024490  -0.113766  -0.160062   0.044430   0.115538  -0.010563
               7          8          9         10         11         12
     1  C    0.043083  -0.102015   0.062903   0.025341  -0.035134  -0.149309
     2  C    0.002706  -0.204959  -0.114519  -0.022765   0.070504   0.122475
     3  C    0.021914  -0.678278  -0.136398  -0.061902   0.032425  -0.342015
     4  C   -0.013949  -1.066785  -0.095911  -0.084837   0.392255   0.673781
     5  C    0.343296   1.185250   0.205860   0.151828  -0.234295  -0.385620
     6  C   -0.079928  -0.054745  -0.384188  -0.003398  -0.032708  -0.068014
     7  N    6.581786   0.443229  -0.113669  -0.020961   0.013728  -0.002703
     8  C    0.443229   8.825612  -1.231307  -0.064877  -0.542185  -0.824246
     9  C   -0.113669  -1.231307   7.069261   0.589824  -0.147767   0.618034
    10  C   -0.020961  -0.064877   0.589824   5.547138   0.558667  -0.271883
    11  C    0.013728  -0.542185  -0.147767   0.558667   6.565518   0.103472
    12  C   -0.002703  -0.824246   0.618034  -0.271883   0.103472   7.689300
    13  C    0.030730  -0.037947  -0.296802  -0.492833  -0.790047  -1.113937
    14  N   -0.042332   0.210503  -0.063716   0.051747  -0.039658  -0.204845
    15  H    0.000193  -0.002593  -0.001576   0.000094   0.000829   0.005783
    16  H   -0.012750  -0.022223   0.002229  -0.000637   0.000133  -0.000647
    17  H   -0.013632   0.098405   0.265638  -0.015109  -0.009437  -0.024170
    18  H    0.000439   0.016459  -0.012005   0.287299   0.024053   0.022360
    19  H   -0.000087  -0.010863   0.007931   0.017514   0.305980  -0.003478
    20  H    0.000346   0.025157   0.002134  -0.009137  -0.063965   0.323536
    21  N    0.000037   0.008082  -0.001268  -0.000188   0.000141   0.001295
    22  H   -0.000199   0.000548   0.000036  -0.000000  -0.000000   0.000031
    23  H    0.000049   0.000422  -0.000056  -0.000002   0.000002   0.000020
    24  N    0.000413   0.001219   0.001100   0.000030  -0.000404  -0.002555
    25  H    0.000000  -0.000205   0.000005   0.000001  -0.000004  -0.000067
    26  H    0.000016   0.000314   0.000036  -0.000001   0.000006   0.000112
    27  Mn  -0.011759   0.126894   0.009758  -0.002856  -0.105094  -0.101951
              13         14         15         16         17         18
     1  C   -0.105347   0.030660   0.034383   0.001999  -0.000030   0.000003
     2  C    0.096342  -0.027407   0.000726  -0.000766   0.000117   0.000000
     3  C    0.538458  -0.189147   0.184867  -0.038398  -0.000304  -0.000042
     4  C   -0.169905   0.293092   0.128100   0.053467   0.001348   0.000410
     5  C   -1.235859   0.237615   0.036456   0.129903  -0.027458   0.000467
     6  C   -0.248509  -0.051782  -0.021898   0.224174   0.003705   0.000026
     7  N    0.030730  -0.042332   0.000193  -0.012750  -0.013632   0.000439
     8  C   -0.037947   0.210503  -0.002593  -0.022223   0.098405   0.016459
     9  C   -0.296802  -0.063716  -0.001576   0.002229   0.265638  -0.012005
    10  C   -0.492833   0.051747   0.000094  -0.000637  -0.015109   0.287299
    11  C   -0.790047  -0.039658   0.000829   0.000133  -0.009437   0.024053
    12  C   -1.113937  -0.204845   0.005783  -0.000647  -0.024170   0.022360
    13  C    9.377768   0.325106  -0.027399   0.005763   0.046376  -0.011446
    14  N    0.325106   6.251031  -0.019804   0.001546   0.001682  -0.000245
    15  H   -0.027399  -0.019804   0.488513   0.000016   0.000000  -0.000000
    16  H    0.005763   0.001546   0.000016   0.472518   0.000000  -0.000000
    17  H    0.046376   0.001682   0.000000   0.000000   0.479201  -0.003273
    18  H   -0.011446  -0.000245  -0.000000  -0.000000  -0.003273   0.473059
    19  H    0.009404   0.000995  -0.000000  -0.000000  -0.000143  -0.002529
    20  H    0.069536  -0.020111   0.000001   0.000000   0.000018  -0.000164
    21  N    0.003068  -0.000493  -0.000396  -0.013991  -0.000000  -0.000000
    22  H    0.000326   0.000030   0.000002   0.002862   0.000000  -0.000000
    23  H   -0.000231  -0.000004  -0.000004  -0.000086   0.000000   0.000000
    24  N    0.007609   0.001083  -0.017360  -0.000046   0.000000  -0.000000
    25  H    0.000060  -0.000060  -0.000166  -0.000006   0.000000  -0.000000
    26  H    0.000551  -0.000089   0.003704   0.000002  -0.000000   0.000000
    27  Mn   0.046987   0.173972   0.021908   0.000123   0.000119  -0.000117
              19         20         21         22         23         24
     1  C    0.000005   0.000300   0.293378  -0.071698   0.082011  -0.259682
     2  C   -0.000024   0.001005  -0.283445   0.060384  -0.168659   0.244352
     3  C   -0.000232   0.005238  -0.007507  -0.008135  -0.022086   0.126033
     4  C   -0.000083  -0.035958   0.059523   0.002376  -0.014403   0.095170
     5  C    0.001032  -0.006076   0.049933   0.047147   0.008743   0.035027
     6  C    0.000018  -0.001554   0.036650  -0.056899   0.084582  -0.043116
     7  N   -0.000087   0.000346   0.000037  -0.000199   0.000049   0.000413
     8  C   -0.010863   0.025157   0.008082   0.000548   0.000422   0.001219
     9  C    0.007931   0.002134  -0.001268   0.000036  -0.000056   0.001100
    10  C    0.017514  -0.009137  -0.000188  -0.000000  -0.000002   0.000030
    11  C    0.305980  -0.063965   0.000141  -0.000000   0.000002  -0.000404
    12  C   -0.003478   0.323536   0.001295   0.000031   0.000020  -0.002555
    13  C    0.009404   0.069536   0.003068   0.000326  -0.000231   0.007609
    14  N    0.000995  -0.020111  -0.000493   0.000030  -0.000004   0.001083
    15  H   -0.000000   0.000001  -0.000396   0.000002  -0.000004  -0.017360
    16  H   -0.000000   0.000000  -0.013991   0.002862  -0.000086  -0.000046
    17  H   -0.000143   0.000018  -0.000000   0.000000   0.000000   0.000000
    18  H   -0.002529  -0.000164  -0.000000  -0.000000   0.000000  -0.000000
    19  H    0.469780  -0.004076  -0.000000   0.000000  -0.000000   0.000000
    20  H   -0.004076   0.495466  -0.000000   0.000000   0.000000   0.000000
    21  N   -0.000000  -0.000000   6.828024   0.350888   0.332651   0.013558
    22  H    0.000000   0.000000   0.350888   0.345214  -0.021434  -0.001131
    23  H   -0.000000   0.000000   0.332651  -0.021434   0.357159   0.020264
    24  N    0.000000   0.000000   0.013558  -0.001131   0.020264   6.744691
    25  H    0.000000   0.000000   0.023502  -0.000014  -0.001646   0.337535
    26  H   -0.000000   0.000000  -0.001216  -0.000003   0.000025   0.350948
    27  Mn  -0.000206   0.029339  -0.000381   0.000005  -0.000016  -0.000965
              25         26         27
     1  C   -0.170334   0.068623   0.024490
     2  C    0.053555  -0.064709  -0.113766
     3  C    0.120583  -0.077238  -0.160062
     4  C    0.007222   0.046794   0.044430
     5  C   -0.018967   0.003701   0.115538
     6  C   -0.025851  -0.002885  -0.010563
     7  N    0.000000   0.000016  -0.011759
     8  C   -0.000205   0.000314   0.126894
     9  C    0.000005   0.000036   0.009758
    10  C    0.000001  -0.000001  -0.002856
    11  C   -0.000004   0.000006  -0.105094
    12  C   -0.000067   0.000112  -0.101951
    13  C    0.000060   0.000551   0.046987
    14  N   -0.000060  -0.000089   0.173972
    15  H   -0.000166   0.003704   0.021908
    16  H   -0.000006   0.000002   0.000123
    17  H    0.000000  -0.000000   0.000119
    18  H   -0.000000   0.000000  -0.000117
    19  H    0.000000  -0.000000  -0.000206
    20  H    0.000000   0.000000   0.029339
    21  N    0.023502  -0.001216  -0.000381
    22  H   -0.000014  -0.000003   0.000005
    23  H   -0.001646   0.000025  -0.000016
    24  N    0.337535   0.350948  -0.000965
    25  H    0.344881  -0.020251   0.000075
    26  H   -0.020251   0.335086  -0.000022
    27  Mn   0.000075  -0.000022  23.372095
          Atomic-Atomic Spin Densities.
               1          2          3          4          5          6
     1  C    0.268184  -0.305502   0.013521  -0.129214   0.193253  -0.064610
     2  C   -0.305502   0.878573  -0.144129  -0.131458  -0.262391  -0.019867
     3  C    0.013521  -0.144129   0.386259   0.096171  -0.319889   0.012180
     4  C   -0.129214  -0.131458   0.096171   0.721993  -0.545564   0.136362
     5  C    0.193253  -0.262391  -0.319889  -0.545564   1.100556  -0.240489
     6  C   -0.064610  -0.019867   0.012180   0.136362  -0.240489   0.275756
     7  N   -0.006384   0.003379   0.012336   0.046107  -0.075169   0.010938
     8  C    0.098449  -0.136353  -0.208603  -0.451328   0.703146  -0.041304
     9  C    0.013195  -0.002340   0.004209  -0.099159  -0.005896  -0.040024
    10  C    0.006379  -0.006832  -0.011677  -0.049508   0.052069   0.006722
    11  C   -0.011471   0.016738   0.055195   0.167415  -0.118485   0.008443
    12  C   -0.025543   0.052001   0.110681   0.069928  -0.199417   0.017177
    13  C   -0.074497   0.118731   0.036798   0.218486  -0.368681  -0.053390
    14  N    0.012201  -0.013740  -0.009703  -0.052018   0.046123  -0.004401
    15  H   -0.004490   0.005108   0.009162  -0.004399  -0.005894   0.001052
    16  H   -0.000352  -0.001045   0.000397   0.001729  -0.002367   0.001129
    17  H   -0.000022  -0.000013   0.000030   0.000549  -0.000865  -0.000023
    18  H    0.000002  -0.000002  -0.000010  -0.000094   0.000189   0.000028
    19  H    0.000001  -0.000001  -0.000012  -0.000121   0.000086   0.000001
    20  H   -0.000035   0.000186   0.000689   0.001768  -0.002799  -0.000122
    21  N   -0.005287   0.009708  -0.003559  -0.000681   0.002359  -0.002468
    22  H   -0.001053   0.000819  -0.000116   0.000045   0.000060   0.000224
    23  H    0.000666  -0.000728  -0.000089   0.000058  -0.000029   0.000134
    24  N    0.007366  -0.013970   0.003523   0.001207  -0.000796   0.001537
    25  H   -0.000287   0.000495  -0.000150   0.000072  -0.000081  -0.000065
    26  H   -0.000085  -0.000569   0.000439   0.000082   0.000013   0.000040
    27  Mn   0.008565  -0.048509  -0.045411   0.029537   0.029029   0.000237
               7          8          9         10         11         12
     1  C   -0.006384   0.098449   0.013195   0.006379  -0.011471  -0.025543
     2  C    0.003379  -0.136353  -0.002340  -0.006832   0.016738   0.052001
     3  C    0.012336  -0.208603   0.004209  -0.011677   0.055195   0.110681
     4  C    0.046107  -0.451328  -0.099159  -0.049508   0.167415   0.069928
     5  C   -0.075169   0.703146  -0.005896   0.052069  -0.118485  -0.199417
     6  C    0.010938  -0.041304  -0.040024   0.006722   0.008443   0.017177
     7  N    0.023204  -0.067223   0.014530  -0.004057   0.001188   0.013175
     8  C   -0.067223   1.016130  -0.184503   0.095499  -0.202558  -0.301247
     9  C    0.014530  -0.184503   0.260313  -0.022781  -0.097875   0.042324
    10  C   -0.004057   0.095499  -0.022781   0.065153   0.000183  -0.036427
    11  C    0.001188  -0.202558  -0.097875   0.000183   0.812619  -0.336800
    12  C    0.013175  -0.301247   0.042324  -0.036427  -0.336800   0.545210
    13  C    0.042560  -0.407646   0.116493  -0.102770  -0.218345   0.073746
    14  N   -0.005670   0.046628  -0.002073   0.005997  -0.011118  -0.010401
    15  H    0.000103  -0.001768  -0.000076  -0.000016   0.000019   0.000400
    16  H    0.000230  -0.000283   0.000125   0.000001  -0.000020   0.000014
    17  H    0.000246  -0.003533   0.002109  -0.000847  -0.000597   0.000833
    18  H   -0.000023   0.001685  -0.002301   0.001762  -0.000388  -0.000110
    19  H   -0.000006   0.000678  -0.000519   0.000066  -0.002843   0.002159
    20  H    0.000108  -0.008595   0.001433  -0.001382   0.010491   0.004593
    21  N   -0.000020   0.000027   0.000087  -0.000002  -0.000002   0.000016
    22  H    0.000001  -0.000011  -0.000005  -0.000000   0.000000   0.000001
    23  H    0.000000   0.000002   0.000001   0.000000  -0.000000  -0.000000
    24  N    0.000003   0.000071  -0.000002   0.000006   0.000009   0.000086
    25  H    0.000000   0.000001   0.000001  -0.000000  -0.000000  -0.000000
    26  H    0.000000  -0.000002  -0.000001   0.000000  -0.000000  -0.000002
    27  Mn  -0.000854   0.033664   0.008674  -0.001228  -0.074944  -0.028067
              13         14         15         16         17         18
     1  C   -0.074497   0.012201  -0.004490  -0.000352  -0.000022   0.000002
     2  C    0.118731  -0.013740   0.005108  -0.001045  -0.000013  -0.000002
     3  C    0.036798  -0.009703   0.009162   0.000397   0.000030  -0.000010
     4  C    0.218486  -0.052018  -0.004399   0.001729   0.000549  -0.000094
     5  C   -0.368681   0.046123  -0.005894  -0.002367  -0.000865   0.000189
     6  C   -0.053390  -0.004401   0.001052   0.001129  -0.000023   0.000028
     7  N    0.042560  -0.005670   0.000103   0.000230   0.000246  -0.000023
     8  C   -0.407646   0.046628  -0.001768  -0.000283  -0.003533   0.001685
     9  C    0.116493  -0.002073  -0.000076   0.000125   0.002109  -0.002301
    10  C   -0.102770   0.005997  -0.000016   0.000001  -0.000847   0.001762
    11  C   -0.218345  -0.011118   0.000019  -0.000020  -0.000597  -0.000388
    12  C    0.073746  -0.010401   0.000400   0.000014   0.000833  -0.000110
    13  C    0.630317  -0.034616   0.000721   0.000372   0.002095  -0.000738
    14  N   -0.034616   0.058878   0.000523  -0.000049  -0.000062   0.000016
    15  H    0.000721   0.000523  -0.002152   0.000000   0.000000  -0.000000
    16  H    0.000372  -0.000049   0.000000  -0.000012   0.000000   0.000000
    17  H    0.002095  -0.000062   0.000000   0.000000  -0.000036  -0.000001
    18  H   -0.000738   0.000016  -0.000000   0.000000  -0.000001   0.000148
    19  H    0.000538  -0.000033  -0.000000   0.000000   0.000000  -0.000008
    20  H   -0.005926   0.000635   0.000000   0.000000   0.000000   0.000001
    21  N    0.000394   0.000025   0.000019   0.000004   0.000000  -0.000000
    22  H    0.000017  -0.000001  -0.000000  -0.000004  -0.000000   0.000000
    23  H    0.000000   0.000000   0.000000   0.000000  -0.000000   0.000000
    24  N   -0.000536  -0.000097   0.000525   0.000014   0.000000   0.000000
    25  H    0.000009   0.000002   0.000001  -0.000000  -0.000000  -0.000000
    26  H   -0.000007  -0.000002  -0.000047  -0.000000  -0.000000  -0.000000
    27  Mn   0.058602  -0.023174  -0.000395   0.000039   0.000042  -0.000010
              19         20         21         22         23         24
     1  C    0.000001  -0.000035  -0.005287  -0.001053   0.000666   0.007366
     2  C   -0.000001   0.000186   0.009708   0.000819  -0.000728  -0.013970
     3  C   -0.000012   0.000689  -0.003559  -0.000116  -0.000089   0.003523
     4  C   -0.000121   0.001768  -0.000681   0.000045   0.000058   0.001207
     5  C    0.000086  -0.002799   0.002359   0.000060  -0.000029  -0.000796
     6  C    0.000001  -0.000122  -0.002468   0.000224   0.000134   0.001537
     7  N   -0.000006   0.000108  -0.000020   0.000001   0.000000   0.000003
     8  C    0.000678  -0.008595   0.000027  -0.000011   0.000002   0.000071
     9  C   -0.000519   0.001433   0.000087  -0.000005   0.000001  -0.000002
    10  C    0.000066  -0.001382  -0.000002  -0.000000   0.000000   0.000006
    11  C   -0.002843   0.010491  -0.000002   0.000000  -0.000000   0.000009
    12  C    0.002159   0.004593   0.000016   0.000001  -0.000000   0.000086
    13  C    0.000538  -0.005926   0.000394   0.000017   0.000000  -0.000536
    14  N   -0.000033   0.000635   0.000025  -0.000001   0.000000  -0.000097
    15  H   -0.000000   0.000000   0.000019  -0.000000   0.000000   0.000525
    16  H    0.000000   0.000000   0.000004  -0.000004   0.000000   0.000014
    17  H    0.000000   0.000000   0.000000  -0.000000  -0.000000   0.000000
    18  H   -0.000008   0.000001  -0.000000   0.000000   0.000000   0.000000
    19  H   -0.000209   0.000041  -0.000000   0.000000   0.000000  -0.000000
    20  H    0.000041  -0.002187   0.000000  -0.000000  -0.000000  -0.000000
    21  N   -0.000000   0.000000  -0.000640   0.000043  -0.000030  -0.000588
    22  H    0.000000  -0.000000   0.000043   0.000022  -0.000003  -0.000019
    23  H    0.000000  -0.000000  -0.000030  -0.000003  -0.000079   0.000055
    24  N   -0.000000  -0.000000  -0.000588  -0.000019   0.000055   0.004654
    25  H    0.000000  -0.000000   0.000034  -0.000000  -0.000004  -0.000085
    26  H   -0.000000   0.000000  -0.000003  -0.000000   0.000000   0.000061
    27  Mn   0.000003  -0.000473  -0.000059   0.000000   0.000001  -0.000156
              25         26         27
     1  C   -0.000287  -0.000085   0.008565
     2  C    0.000495  -0.000569  -0.048509
     3  C   -0.000150   0.000439  -0.045411
     4  C    0.000072   0.000082   0.029537
     5  C   -0.000081   0.000013   0.029029
     6  C   -0.000065   0.000040   0.000237
     7  N    0.000000   0.000000  -0.000854
     8  C    0.000001  -0.000002   0.033664
     9  C    0.000001  -0.000001   0.008674
    10  C   -0.000000   0.000000  -0.001228
    11  C   -0.000000  -0.000000  -0.074944
    12  C   -0.000000  -0.000002  -0.028067
    13  C    0.000009  -0.000007   0.058602
    14  N    0.000002  -0.000002  -0.023174
    15  H    0.000001  -0.000047  -0.000395
    16  H   -0.000000  -0.000000   0.000039
    17  H   -0.000000  -0.000000   0.000042
    18  H   -0.000000  -0.000000  -0.000010
    19  H    0.000000  -0.000000   0.000003
    20  H   -0.000000   0.000000  -0.000473
    21  N    0.000034  -0.000003  -0.000059
    22  H   -0.000000  -0.000000   0.000000
    23  H   -0.000004   0.000000   0.000001
    24  N   -0.000085   0.000061  -0.000156
    25  H    0.000050   0.000001   0.000002
    26  H    0.000001  -0.000052   0.000025
    27  Mn   0.000002   0.000025   5.035657
 Mulliken charges and spin densities:
               1          2
     1  C    0.132376  -0.007050
     2  C    0.510627  -0.001712
     3  C   -0.241412  -0.001758
     4  C   -0.034959   0.027964
     5  C    0.030325  -0.021928
     6  C   -0.411533   0.005199
     7  N   -0.169996   0.008702
     8  C   -0.098866  -0.018979
     9  C   -0.235568   0.005938
    10  C   -0.178099  -0.003690
    11  C   -0.067013  -0.003147
    12  C   -0.064759  -0.005669
    13  C   -0.027823   0.032727
    14  N    0.080629   0.003869
    15  H    0.185621  -0.001605
    16  H    0.194816  -0.000076
    17  H    0.196947  -0.000093
    18  H    0.205244   0.000147
    19  H    0.209061  -0.000178
    20  H    0.188965  -0.001573
    21  N   -0.691845  -0.000623
    22  H    0.349664   0.000020
    23  H    0.342700  -0.000045
    24  N   -0.653774   0.002871
    25  H    0.350151  -0.000004
    26  H    0.356495  -0.000110
    27  Mn   1.542024   4.980799
 Sum of Mulliken charges =   2.00000   5.00000
 Mulliken charges and spin densities with hydrogens summed into heavy atoms:
               1          2
     1  C    0.132376  -0.007050
     2  C    0.510627  -0.001712
     3  C   -0.055792  -0.003362
     4  C   -0.034959   0.027964
     5  C    0.030325  -0.021928
     6  C   -0.216717   0.005123
     7  N   -0.169996   0.008702
     8  C   -0.098866  -0.018979
     9  C   -0.038620   0.005845
    10  C    0.027146  -0.003544
    11  C    0.142048  -0.003324
    12  C    0.124206  -0.007242
    13  C   -0.027823   0.032727
    14  N    0.080629   0.003869
    21  N    0.000519  -0.000648
    24  N    0.052872   0.002757
    27  Mn   1.542024   4.980799
 APT charges:
               1
     1  C    0.899228
     2  C    1.399410
     3  C   -0.789047
     4  C    0.572460
     5  C    0.057640
     6  C   -0.318632
     7  N    0.209953
     8  C   -0.300794
     9  C    0.254320
    10  C   -0.249787
    11  C   -0.115145
    12  C    0.077826
    13  C   -0.070510
    14  N   -0.483711
    15  H    0.028019
    16  H    0.068545
    17  H    0.065745
    18  H    0.045019
    19  H    0.050171
    20  H    0.020500
    21  N   -1.235374
    22  H    0.252111
    23  H    0.322172
    24  N   -1.460767
    25  H    0.360161
    26  H    0.277615
    27  Mn   2.062872
 Sum of APT charges =   2.00000
 APT charges with hydrogens summed into heavy atoms:
               1
     1  C    0.899228
     2  C    1.399410
     3  C   -0.761028
     4  C    0.572460
     5  C    0.057640
     6  C   -0.250087
     7  N    0.209953
     8  C   -0.300794
     9  C    0.320065
    10  C   -0.204768
    11  C   -0.064974
    12  C    0.098326
    13  C   -0.070510
    14  N   -0.483711
    21  N   -0.661091
    24  N   -0.822991
    27  Mn   2.062872
 Electronic spatial extent (au):  <R**2>=           4978.0130
 Charge=              2.0000 electrons
 Dipole moment (field-independent basis, Debye):
    X=              1.9646    Y=             24.5581    Z=              0.3820  Tot=             24.6395
 Quadrupole moment (field-independent basis, Debye-Ang):
   XX=            -32.0633   YY=            -14.2492   ZZ=           -104.2979
   XY=             22.5177   XZ=             -1.4855   YZ=             -2.6291
 Traceless Quadrupole moment (field-independent basis, Debye-Ang):
   XX=             18.1402   YY=             35.9542   ZZ=            -54.0944
   XY=             22.5177   XZ=             -1.4855   YZ=             -2.6291
 Octapole moment (field-independent basis, Debye-Ang**2):
  XXX=            -97.9649  YYY=            320.6855  ZZZ=              1.0485  XYY=             46.8792
  XXY=             36.6781  XXZ=             10.4268  XZZ=              3.1876  YZZ=             41.1651
  YYZ=              1.9549  XYZ=             15.2373
 Hexadecapole moment (field-independent basis, Debye-Ang**3):
 XXXX=          -2956.0310 YYYY=           -788.0912 ZZZZ=           -114.3852 XXXY=            107.6196
 XXXZ=            -57.8533 YYYX=            323.1807 YYYZ=             -5.8247 ZZZX=             -1.8787
 ZZZY=             -1.4454 XXYY=           -646.7678 XXZZ=           -823.7123 YYZZ=           -295.8368
 XXYZ=            -71.0726 YYXZ=             -3.4326 ZZXY=             46.6799
 N-N= 1.336863154695D+03 E-N=-6.951447829343D+03  KE= 1.825542804975D+03
  Exact polarizability:     552.740     -41.674     257.059       0.213       0.725     125.404
 Approx polarizability:     365.721     -23.665     214.380       0.007       0.993     113.881
                          Isotropic Fermi Contact Couplings
        Atom                 a.u.       MegaHertz       Gauss      10(-4) cm-1
     1  C(13)             -0.00005      -0.01102      -0.00393      -0.00367
     2  C(13)              0.00068       0.15180       0.05417       0.05064
     3  C(13)              0.00418       0.94028       0.33552       0.31364
     4  C(13)              0.00289       0.64910       0.23161       0.21652
     5  C(13)             -0.00008      -0.01840      -0.00657      -0.00614
     6  C(13)              0.00032       0.07270       0.02594       0.02425
     7  N(14)              0.00118       0.07606       0.02714       0.02537
     8  C(13)             -0.00013      -0.02943      -0.01050      -0.00982
     9  C(13)              0.00040       0.09105       0.03249       0.03037
    10  C(13)              0.00005       0.01215       0.00433       0.00405
    11  C(13)              0.00097       0.21755       0.07763       0.07257
    12  C(13)              0.00528       1.18637       0.42332       0.39573
    13  C(13)              0.00268       0.60277       0.21508       0.20106
    14  N(14)              0.01207       0.78003       0.27833       0.26019
    15  H(1)               0.00022       0.19608       0.06997       0.06541
    16  H(1)              -0.00003      -0.02683      -0.00957      -0.00895
    17  H(1)              -0.00004      -0.03600      -0.01285      -0.01201
    18  H(1)               0.00006       0.05354       0.01910       0.01786
    19  H(1)              -0.00005      -0.04587      -0.01637      -0.01530
    20  H(1)               0.00029       0.25569       0.09124       0.08529
    21  N(14)             -0.00022      -0.01450      -0.00517      -0.00484
    22  H(1)               0.00001       0.01064       0.00380       0.00355
    23  H(1)              -0.00003      -0.03062      -0.01093      -0.01021
    24  N(14)              0.00055       0.03574       0.01275       0.01192
    25  H(1)               0.00001       0.00718       0.00256       0.00240
    26  H(1)              -0.00002      -0.02103      -0.00750      -0.00701
    27  Mn(55)             0.44760      98.95087      35.30813      33.00646
 --------------------------------------------------------
       Center         ----  Spin Dipole Couplings  ----
                      3XX-RR        3YY-RR        3ZZ-RR
 --------------------------------------------------------
     1   Atom        0.003785      0.003252     -0.007036
     2   Atom        0.006688     -0.003850     -0.002838
     3   Atom        0.021009      0.001986     -0.022995
     4   Atom       -0.008321      0.025258     -0.016937
     5   Atom       -0.003051      0.014753     -0.011702
     6   Atom       -0.001848      0.003304     -0.001456
     7   Atom       -0.014464      0.002624      0.011840
     8   Atom       -0.005727      0.018718     -0.012991
     9   Atom       -0.004684      0.006097     -0.001413
    10   Atom        0.000782      0.006796     -0.007578
    11   Atom        0.001871      0.003309     -0.005180
    12   Atom        0.003963      0.022176     -0.026139
    13   Atom       -0.022561      0.042478     -0.019917
    14   Atom       -0.055107      0.137844     -0.082738
    15   Atom        0.057373     -0.023628     -0.033744
    16   Atom       -0.000968      0.003654     -0.002686
    17   Atom       -0.002398      0.005137     -0.002738
    18   Atom       -0.000030      0.002643     -0.002613
    19   Atom        0.005772     -0.000117     -0.005655
    20   Atom        0.041995     -0.003406     -0.038589
    21   Atom        0.002479      0.001334     -0.003813
    22   Atom        0.000949      0.000669     -0.001618
    23   Atom        0.002094     -0.000192     -0.001901
    24   Atom        0.005538     -0.006294      0.000756
    25   Atom        0.005087     -0.002173     -0.002914
    26   Atom        0.010685     -0.004974     -0.005710
    27   Atom       -0.027522      0.040962     -0.013440
 --------------------------------------------------------
                        XY            XZ            YZ
 --------------------------------------------------------
     1   Atom        0.006007     -0.000247     -0.000110
     2   Atom        0.009894     -0.000355      0.000444
     3   Atom        0.029835      0.000335      0.000040
     4   Atom        0.032126      0.000191     -0.000026
     5   Atom        0.008575      0.000068      0.000178
     6   Atom        0.005966      0.000149      0.000049
     7   Atom        0.002479     -0.000033     -0.000317
     8   Atom       -0.002681      0.000012      0.000262
     9   Atom       -0.003844     -0.000045      0.000040
    10   Atom       -0.005587     -0.000021      0.000112
    11   Atom       -0.012021     -0.000079      0.000025
    12   Atom       -0.033254     -0.000060      0.000137
    13   Atom       -0.018085     -0.000077      0.000206
    14   Atom        0.031302      0.000015      0.000874
    15   Atom        0.027886      0.001119      0.000332
    16   Atom        0.003400     -0.000005     -0.000021
    17   Atom       -0.001754     -0.000014      0.000060
    18   Atom       -0.003397     -0.000018      0.000031
    19   Atom       -0.007867     -0.000009      0.000006
    20   Atom       -0.051088      0.000219     -0.000103
    21   Atom        0.003325     -0.000743      0.000302
    22   Atom        0.002411     -0.000061     -0.000027
    23   Atom        0.002723     -0.000351     -0.000288
    24   Atom        0.004211     -0.001835     -0.000008
    25   Atom        0.002951      0.000704      0.000259
    26   Atom        0.002325      0.000615      0.000038
    27   Atom        0.012113     -0.000274     -0.000034
 --------------------------------------------------------


 ---------------------------------------------------------------------------------
              Anisotropic Spin Dipole Couplings in Principal Axis System
 ---------------------------------------------------------------------------------

       Atom             a.u.   MegaHertz   Gauss  10(-4) cm-1        Axes

              Baa    -0.0070    -0.945    -0.337    -0.315  0.0250 -0.0040  0.9997
     1 C(13)  Bbb    -0.0025    -0.334    -0.119    -0.112 -0.6908  0.7227  0.0202
              Bcc     0.0095     1.279     0.457     0.427  0.7226  0.6911 -0.0154
 
              Baa    -0.0098    -1.320    -0.471    -0.440 -0.5133  0.8544 -0.0802
     2 C(13)  Bbb    -0.0028    -0.375    -0.134    -0.125 -0.0371  0.0713  0.9968
              Bcc     0.0126     1.695     0.605     0.565  0.8574  0.5146 -0.0049
 
              Baa    -0.0230    -3.087    -1.102    -1.030 -0.0341  0.0391  0.9987
     3 C(13)  Bbb    -0.0198    -2.658    -0.948    -0.887 -0.5890  0.8064 -0.0517
              Bcc     0.0428     5.745     2.050     1.916  0.8074  0.5900  0.0045
 
              Baa    -0.0278    -3.728    -1.330    -1.244  0.8552 -0.5180 -0.0163
     4 C(13)  Bbb    -0.0169    -2.272    -0.811    -0.758  0.0133 -0.0095  0.9999
              Bcc     0.0447     6.001     2.141     2.002  0.5181  0.8553  0.0012
 
              Baa    -0.0117    -1.571    -0.560    -0.524 -0.0017 -0.0062  1.0000
     5 C(13)  Bbb    -0.0065    -0.873    -0.312    -0.291  0.9274 -0.3740 -0.0008
              Bcc     0.0182     2.444     0.872     0.815  0.3740  0.9274  0.0064
 
              Baa    -0.0058    -0.775    -0.276    -0.258  0.8355 -0.5490 -0.0225
     6 C(13)  Bbb    -0.0015    -0.195    -0.070    -0.065  0.0110 -0.0242  0.9996
              Bcc     0.0072     0.970     0.346     0.324  0.5494  0.8354  0.0141
 
              Baa    -0.0148    -0.571    -0.204    -0.191  0.9900 -0.1407 -0.0004
     7 N(14)  Bbb     0.0030     0.114     0.041     0.038  0.1407  0.9894  0.0359
              Bcc     0.0119     0.457     0.163     0.152 -0.0046 -0.0356  0.9994
 
              Baa    -0.0130    -1.744    -0.622    -0.582 -0.0048 -0.0087  1.0000
     8 C(13)  Bbb    -0.0060    -0.807    -0.288    -0.269  0.9942  0.1077  0.0058
              Bcc     0.0190     2.551     0.910     0.851 -0.1077  0.9941  0.0081
 
              Baa    -0.0059    -0.794    -0.283    -0.265  0.9524  0.3048  0.0070
     9 C(13)  Bbb    -0.0014    -0.190    -0.068    -0.063 -0.0048 -0.0077  1.0000
              Bcc     0.0073     0.983     0.351     0.328 -0.3048  0.9524  0.0059
 
              Baa    -0.0076    -1.017    -0.363    -0.339 -0.0037 -0.0092  1.0000
    10 C(13)  Bbb    -0.0026    -0.343    -0.122    -0.114  0.8585  0.5128  0.0079
              Bcc     0.0101     1.360     0.485     0.454 -0.5128  0.8585  0.0060
 
              Baa    -0.0095    -1.269    -0.453    -0.423  0.7279  0.6856  0.0095
    11 C(13)  Bbb    -0.0052    -0.695    -0.248    -0.232 -0.0044 -0.0092  0.9999
              Bcc     0.0146     1.964     0.701     0.655 -0.6857  0.7279  0.0037
 
              Baa    -0.0261    -3.508    -1.252    -1.170 -0.0047 -0.0061  1.0000
    12 C(13)  Bbb    -0.0214    -2.873    -1.025    -0.958  0.7950  0.6065  0.0074
              Bcc     0.0475     6.380     2.277     2.128 -0.6066  0.7950  0.0020
 
              Baa    -0.0273    -3.657    -1.305    -1.220  0.9680  0.2510  0.0031
    13 C(13)  Bbb    -0.0199    -2.673    -0.954    -0.892 -0.0022 -0.0039  1.0000
              Bcc     0.0472     6.330     2.259     2.111 -0.2510  0.9680  0.0033
 
              Baa    -0.0827    -3.191    -1.139    -1.064  0.0047 -0.0046  1.0000
    14 N(14)  Bbb    -0.0601    -2.316    -0.827    -0.773  0.9877 -0.1562 -0.0054
              Bcc     0.1428     5.507     1.965     1.837  0.1562  0.9877  0.0038
 
              Baa    -0.0338   -18.012    -6.427    -6.008 -0.0144  0.0068  0.9999
    15 H(1)   Bbb    -0.0323   -17.234    -6.149    -5.749 -0.2968  0.9549 -0.0107
              Bcc     0.0661    35.246    12.577    11.757  0.9548  0.2969  0.0117
 
              Baa    -0.0028    -1.477    -0.527    -0.493  0.8821 -0.4672 -0.0610
    16 H(1)   Bbb    -0.0027    -1.433    -0.511    -0.478  0.0551 -0.0263  0.9981
              Bcc     0.0055     2.910     1.038     0.971  0.4679  0.8838 -0.0025
 
              Baa    -0.0028    -1.487    -0.531    -0.496  0.9763  0.2161  0.0101
    17 H(1)   Bbb    -0.0027    -1.461    -0.521    -0.487 -0.0082 -0.0095  0.9999
              Bcc     0.0055     2.948     1.052     0.983 -0.2162  0.9763  0.0075
 
              Baa    -0.0026    -1.394    -0.497    -0.465 -0.0058 -0.0097  0.9999
    18 H(1)   Bbb    -0.0023    -1.251    -0.446    -0.417  0.8265  0.5629  0.0102
              Bcc     0.0050     2.645     0.944     0.882 -0.5629  0.8265  0.0048
 
              Baa    -0.0057    -3.017    -1.077    -1.006  0.0035  0.0038  1.0000
    19 H(1)   Bbb    -0.0056    -2.973    -1.061    -0.992  0.5698  0.8217 -0.0051
              Bcc     0.0112     5.990     2.138     1.998  0.8218 -0.5698 -0.0007
 
              Baa    -0.0386   -20.590    -7.347    -6.868 -0.0108 -0.0127  0.9999
    20 H(1)   Bbb    -0.0366   -19.533    -6.970    -6.515  0.5448  0.8384  0.0165
              Bcc     0.0752    40.123    14.317    13.384  0.8385 -0.5449  0.0021
 
              Baa    -0.0040    -0.155    -0.055    -0.052  0.2018 -0.1794  0.9629
    21 N(14)  Bbb    -0.0013    -0.049    -0.017    -0.016 -0.6093  0.7467  0.2668
              Bcc     0.0053     0.204     0.073     0.068  0.7669  0.6405 -0.0414
 
              Baa    -0.0016    -0.873    -0.311    -0.291  0.4198 -0.4299  0.7994
    22 H(1)   Bbb    -0.0016    -0.848    -0.303    -0.283 -0.5430  0.5868  0.6007
              Bcc     0.0032     1.721     0.614     0.574  0.7273  0.6862 -0.0129
 
              Baa    -0.0020    -1.081    -0.386    -0.361 -0.4640  0.7606  0.4541
    23 H(1)   Bbb    -0.0019    -1.021    -0.364    -0.340  0.3095 -0.3411  0.8876
              Bcc     0.0039     2.102     0.750     0.701  0.8300  0.5524 -0.0771
 
              Baa    -0.0077    -0.296    -0.106    -0.099 -0.3113  0.9479 -0.0669
    24 N(14)  Bbb     0.0003     0.013     0.004     0.004  0.2249  0.1419  0.9640
              Bcc     0.0074     0.283     0.101     0.095  0.9233  0.2851 -0.2573
 
              Baa    -0.0032    -1.719    -0.613    -0.573 -0.3318  0.9427 -0.0361
    25 H(1)   Bbb    -0.0030    -1.588    -0.567    -0.530 -0.0894  0.0066  0.9960
              Bcc     0.0062     3.307     1.180     1.103  0.9391  0.3337  0.0820
 
              Baa    -0.0057    -3.062    -1.093    -1.021 -0.0530  0.1122  0.9923
    26 H(1)   Bbb    -0.0053    -2.831    -1.010    -0.944 -0.1384  0.9833 -0.1185
              Bcc     0.0110     5.893     2.103     1.966  0.9890  0.1436  0.0366
 
              Baa    -0.0296    -3.906    -1.394    -1.303  0.9855 -0.1691  0.0164
    27 Mn(55) Bbb    -0.0134    -1.773    -0.633    -0.591 -0.0159  0.0042  0.9999
              Bcc     0.0430     5.679     2.026     1.894  0.1692  0.9856 -0.0014
 

 ---------------------------------------------------------------------------------

 No NMR shielding tensors so no spin-rotation constants.
 Leave Link  601 at Tue Apr 19 22:05:36 2022, MaxMem= 13421772800 cpu:              24.2 elap:               0.8
 (Enter /soft/gaussian/16-c.01/g16/l716.exe)
 Dipole        = 7.72931045D-01 9.66188634D+00 1.50298481D-01
 Polarizability= 5.52739538D+02-4.16739591D+01 2.57059346D+02
                 2.12954852D-01 7.24607720D-01 1.25404257D+02
 HyperPolar    = 9.04757892D+03-1.60836359D+03 2.34316403D+02
                 3.59231545D+02 2.33406524D+01 3.11379186D+00
                -7.57927757D-01 1.25614118D+02-1.81740014D+00
                 1.78902794D+00
 -------------------------------------------------------------------
 Center     Atomic                   Forces (Hartrees/Bohr)
 Number     Number              X              Y              Z
 -------------------------------------------------------------------
      1        6           0.000115983   -0.000010752   -0.000020598
      2        6          -0.000275041    0.000314276    0.000025294
      3        6           0.000095888    0.000010228   -0.000001561
      4        6          -0.000041741    0.000120071    0.000001130
      5        6           0.000083444   -0.000082049    0.000014661
      6        6          -0.000072297    0.000012893    0.000000034
      7        7          -0.000137842   -0.000125945    0.000003894
      8        6           0.000104572    0.000043304    0.000002809
      9        6          -0.000030552    0.000055814    0.000001435
     10        6          -0.000025031    0.000009528   -0.000005688
     11        6           0.000030132    0.000030082   -0.000005064
     12        6           0.000074927    0.000020638   -0.000012977
     13        6          -0.000140075   -0.000033835   -0.000001949
     14        7           0.000010321   -0.000314733   -0.000026706
     15        1          -0.000023467   -0.000052248    0.000002840
     16        1          -0.000019537   -0.000009369    0.000017492
     17        1          -0.000022858   -0.000030007    0.000002601
     18        1           0.000029080   -0.000005593   -0.000003874
     19        1          -0.000018637    0.000015362   -0.000014318
     20        1           0.000023782   -0.000071936   -0.000010547
     21        7          -0.000048666   -0.000135216   -0.000001784
     22        1           0.000022840    0.000060683    0.000044492
     23        1          -0.000012393    0.000096028    0.000009159
     24        7           0.000266641   -0.000263629   -0.000057522
     25        1          -0.000012661    0.000075986    0.000016409
     26        1          -0.000020479    0.000098869    0.000031443
     27       25           0.000043667    0.000838215   -0.000011107
 -------------------------------------------------------------------
 Cartesian Forces:  Max     0.000838215 RMS     0.000128152
 Leave Link  716 at Tue Apr 19 22:05:36 2022, MaxMem= 13421772800 cpu:               2.3 elap:               0.1
 (Enter /soft/gaussian/16-c.01/g16/l106.exe)
 NDeriv=      3 NFrqRd=  0 NDerD0=      0 MskFDP=       0 MskDFD=       0 MskDF0=       0
 Re-enter D2Numr:  atom      0 IXYZ=2 step-down number 1
 Leave Link  106 at Tue Apr 19 22:05:37 2022, MaxMem= 13421772800 cpu:               4.7 elap:               0.2
 (Enter /soft/gaussian/16-c.01/g16/l301.exe)
 Basis read from rwf:  (6D, 7F)
 No pseudopotential information found on rwf file.
 The following finite field(s) will be applied:
 An electric field of              0.0000  0.0000  0.0003
   627 basis functions,   980 primitive gaussians,   687 cartesian basis functions
    69 alpha electrons       64 beta electrons
       nuclear repulsion energy      1336.8815914606 Hartrees.
 IExCor= 4639 DFT=T Ex+Corr=wB97XD ExCW=0 ScaHFX=  1.000000
 ScaDFX=  1.000000  1.000000  1.000000  1.000000 ScalE2=  1.000000  1.000000
 IRadAn=      5 IRanWt=     -1 IRanGd=            0 ICorTp=0 IEmpDi=121
 HFx  wShort=  0.000000 wLong=  0.200000 cFull=  0.222036 cShort=  0.000000 cLong=  0.777964
 DFx  wShort=  0.000000 wLong=  0.200000 cFull=  0.000000 cShort=  0.000000 cLong=  1.000000
 NAtoms=   27 NActive=   27 NUniq=   27 SFac= 1.00D+00 NAtFMM=   60 NAOKFM=F Big=F
 Integral buffers will be    131072 words long.
 Raffenetti 2 integral format.
 Two-electron integral symmetry is turned off.
 R6Disp:  Grimme-D2 Dispersion energy=       -0.0184367652 Hartrees.
 Nuclear repulsion after empirical dispersion term =     1336.8631546954 Hartrees.
 No density basis found on file    724.
 Force inversion solution in PCM.
 ------------------------------------------------------------------------------
 Polarizable Continuum Model (PCM)
 =================================
 Model                : C-PCM.
 Atomic radii         : UFF (Universal Force Field).
 Polarization charges : Total charges.
 Charge compensation  : None.
 Solution method      : Matrix inversion.
 Cavity type          : Scaled VdW (van der Waals Surface) (Alpha=1.100).
 Cavity algorithm     : GePol (No added spheres)
                        Default sphere list used, NSphG=   27.
                        Lebedev-Laikov grids with approx.  5.0 points / Ang**2.
                        Smoothing algorithm: York/Karplus (Gamma=1.0000).
                        Polarization charges: spherical gaussians, with
                                              point-specific exponents (IZeta= 3).
                        Self-potential: point-specific (ISelfS= 7).
                        Self-field    : sphere-specific E.n sum rule (ISelfD= 2).
 1st derivatives      : Analytical E(r).r(x)/FMM algorithm (CHGder, D1EAlg=3).
                        Cavity 1st derivative terms included.
 Solvent              : Water, Eps=  78.355300 Eps(inf)=   1.777849
 ------------------------------------------------------------------------------
 GePol: Number of generator spheres                  =      27
 GePol: Total number of spheres                      =      27
 GePol: Number of exposed spheres                    =      27 (100.00%)
 GePol: Number of points                             =    2142
 GePol: Average weight of points                     =       0.13
 GePol: Minimum weight of points                     =   0.35D-10
 GePol: Maximum weight of points                     =    0.21276
 GePol: Number of points with low weight             =     125
 GePol: Fraction of low-weight points (<1% of avg)   =       5.84%
 GePol: Cavity surface area                          =    279.984 Ang**2
 GePol: Cavity volume                                =    296.941 Ang**3
 Leave Link  301 at Tue Apr 19 22:05:37 2022, MaxMem= 13421772800 cpu:               2.6 elap:               0.1
 (Enter /soft/gaussian/16-c.01/g16/l302.exe)
 NPDir=0 NMtPBC=     1 NCelOv=     1 NCel=       1 NClECP=     1 NCelD=      1
         NCelK=      1 NCelE2=     1 NClLst=     1 CellRange=     0.0.
 One-electron integrals computed using PRISM.
 NBasis=   627 RedAO= T EigKep=  1.19D-06  NBF=   627
 NBsUse=   624 1.00D-06 EigRej=  7.90D-07 NBFU=   624
 Precomputing XC quadrature grid using
 IXCGrd= 4 IRadAn=           5 IRanWt=          -1 IRanGd=           0 AccXCQ= 0.00D+00.
 Generated NRdTot=       0 NPtTot=           0 NUsed=           0 NTot=          32
 NSgBfM=   684   684   684   684   684 MxSgAt=    27 MxSgA2=    27.
 Leave Link  302 at Tue Apr 19 22:05:37 2022, MaxMem= 13421772800 cpu:              21.6 elap:               0.6
 (Enter /soft/gaussian/16-c.01/g16/l303.exe)
 DipDrv:  MaxL=1.
 The nuclear repulsion energy is now      1336.8631546954 hartrees.
 Leave Link  303 at Tue Apr 19 22:05:38 2022, MaxMem= 13421772800 cpu:               2.4 elap:               0.1
 (Enter /soft/gaussian/16-c.01/g16/l401.exe)
 Initial guess from the checkpoint file:  "NH2-PHZ-dummy2-Mn-6-Raman.chk"
 B after Tr=     0.000000    0.000000    0.000000
         Rot=    1.000000    0.000000    0.000000    0.000000 Ang=   0.00 deg.
 Guess basis will be translated and rotated to current coordinates.
 JPrj=2 DoOrth=T DoCkMO=T.
 Initial guess <Sx>= 0.0000 <Sy>= 0.0000 <Sz>= 2.5000 <S**2>= 8.7524 S= 2.5004
 Leave Link  401 at Tue Apr 19 22:05:38 2022, MaxMem= 13421772800 cpu:              21.6 elap:               0.6
 (Enter /soft/gaussian/16-c.01/g16/l502.exe)
 Two-electron integral symmetry not used.
 UHF open shell SCF:
 Using DIIS extrapolation, IDIIS=  1040.
 NGot= 13421772800 LenX= 13420799125 LenY= 13420326469
 Requested convergence on RMS density matrix=1.00D-08 within 128 cycles.
 Requested convergence on MAX density matrix=1.00D-06.
 Requested convergence on             energy=1.00D-06.
 No special actions if energy rises.
 Fock matrices will be formed incrementally for  20 cycles.

 Cycle   1  Pass 1  IDiag  1:
 FoFJK:  IHMeth= 1 ICntrl=       0 DoSepK=T KAlg= 0 I1Cent=           0 FoldK=F
 IRaf=         1 NMat=       1 IRICut=       1 DoRegI=T DoRafI=F ISym2E= 0 IDoP0=0 IntGTp=1.
 FoFCou: FMM=F IPFlag=           0 FMFlag=      100000 FMFlg1=           0
         NFxFlg=           0 DoJE=T BraDBF=F KetDBF=F FulRan=T
         wScrn=  0.000000 ICntrl=       500 IOpCl=  0 I1Cent=           0 NGrid=           0
         NMat0=    1 NMatS0=      1 NMatT0=    0 NMatD0=    1 NMtDS0=    0 NMtDT0=    0
 Symmetry not used in FoFCou.
 Inv3:  Mode=1 IEnd=    13764492.
 Iteration    1 A*A^-1 deviation from unit magnitude is 3.22D-15 for    763.
 Iteration    1 A*A^-1 deviation from orthogonality  is 2.46D-15 for   1778   1409.
 Iteration    1 A^-1*A deviation from unit magnitude is 3.33D-15 for   1918.
 Iteration    1 A^-1*A deviation from orthogonality  is 2.33D-15 for   1100    450.
 E= -1832.87226405525    
 DIIS: error= 6.64D-05 at cycle   1 NSaved=   1.
 NSaved= 1 IEnMin= 1 EnMin= -1832.87226405525     IErMin= 1 ErrMin= 6.64D-05
 ErrMax= 6.64D-05  0.00D+00 EMaxC= 1.00D-01 BMatC= 1.14D-05 BMatP= 1.14D-05
 IDIUse=1 WtCom= 1.00D+00 WtEn= 0.00D+00
 Coeff-Com:  0.100D+01
 Coeff:      0.100D+01
 Gap=     0.527 Goal=   None    Shift=    0.000
 Gap=     0.523 Goal=   None    Shift=    0.000
 RMSDP=1.26D-04 MaxDP=1.23D-02              OVMax= 5.88D-04

 Cycle   2  Pass 1  IDiag  1:
 RMSU=  1.25D-04    CP:  1.00D+00
 E= -1832.87227010516     Delta-E=       -0.000006049909 Rises=F Damp=F
 DIIS: error= 3.25D-05 at cycle   2 NSaved=   2.
 NSaved= 2 IEnMin= 2 EnMin= -1832.87227010516     IErMin= 2 ErrMin= 3.25D-05
 ErrMax= 3.25D-05  0.00D+00 EMaxC= 1.00D-01 BMatC= 2.41D-06 BMatP= 1.14D-05
 IDIUse=1 WtCom= 1.00D+00 WtEn= 0.00D+00
 Coeff-Com:  0.242D+00 0.758D+00
 Coeff:      0.242D+00 0.758D+00
 Gap=     0.246 Goal=   None    Shift=    0.000
 Gap=     0.244 Goal=   None    Shift=    0.000
 RMSDP=3.09D-05 MaxDP=3.26D-03 DE=-6.05D-06 OVMax= 1.36D-04

 Cycle   3  Pass 1  IDiag  1:
 RMSU=  6.89D-06    CP:  1.00D+00  1.24D+00
 E= -1832.87227086251     Delta-E=       -0.000000757349 Rises=F Damp=F
 DIIS: error= 7.81D-06 at cycle   3 NSaved=   3.
 NSaved= 3 IEnMin= 3 EnMin= -1832.87227086251     IErMin= 3 ErrMin= 7.81D-06
 ErrMax= 7.81D-06  0.00D+00 EMaxC= 1.00D-01 BMatC= 1.53D-07 BMatP= 2.41D-06
 IDIUse=1 WtCom= 1.00D+00 WtEn= 0.00D+00
 Coeff-Com: -0.864D-01-0.908D-01 0.118D+01
 Coeff:     -0.864D-01-0.908D-01 0.118D+01
 Gap=     0.246 Goal=   None    Shift=    0.000
 Gap=     0.244 Goal=   None    Shift=    0.000
 RMSDP=2.54D-05 MaxDP=2.72D-03 DE=-7.57D-07 OVMax= 1.23D-04

 Cycle   4  Pass 1  IDiag  1:
 RMSU=  2.74D-06    CP:  1.00D+00  1.43D+00  1.73D+00
 E= -1832.87227100988     Delta-E=       -0.000000147370 Rises=F Damp=F
 DIIS: error= 3.30D-06 at cycle   4 NSaved=   4.
 NSaved= 4 IEnMin= 4 EnMin= -1832.87227100988     IErMin= 4 ErrMin= 3.30D-06
 ErrMax= 3.30D-06  0.00D+00 EMaxC= 1.00D-01 BMatC= 3.22D-08 BMatP= 1.53D-07
 IDIUse=1 WtCom= 1.00D+00 WtEn= 0.00D+00
 Coeff-Com: -0.389D-01-0.597D-01 0.335D+00 0.763D+00
 Coeff:     -0.389D-01-0.597D-01 0.335D+00 0.763D+00
 Gap=     0.246 Goal=   None    Shift=    0.000
 Gap=     0.244 Goal=   None    Shift=    0.000
 RMSDP=3.43D-06 MaxDP=4.15D-04 DE=-1.47D-07 OVMax= 2.98D-05

 Cycle   5  Pass 1  IDiag  1:
 RMSU=  1.02D-06    CP:  1.00D+00  1.46D+00  1.91D+00  1.14D+00
 E= -1832.87227102086     Delta-E=       -0.000000010980 Rises=F Damp=F
 DIIS: error= 1.55D-06 at cycle   5 NSaved=   5.
 NSaved= 5 IEnMin= 5 EnMin= -1832.87227102086     IErMin= 5 ErrMin= 1.55D-06
 ErrMax= 1.55D-06  0.00D+00 EMaxC= 1.00D-01 BMatC= 7.47D-09 BMatP= 3.22D-08
 IDIUse=1 WtCom= 1.00D+00 WtEn= 0.00D+00
 Coeff-Com:  0.381D-02 0.433D-02-0.141D+00 0.298D+00 0.835D+00
 Coeff:      0.381D-02 0.433D-02-0.141D+00 0.298D+00 0.835D+00
 Gap=     0.246 Goal=   None    Shift=    0.000
 Gap=     0.244 Goal=   None    Shift=    0.000
 RMSDP=1.43D-06 MaxDP=1.49D-04 DE=-1.10D-08 OVMax= 1.52D-05

 Cycle   6  Pass 1  IDiag  1:
 RMSU=  4.88D-07    CP:  1.00D+00  1.47D+00  1.99D+00  1.32D+00  9.81D-01
 E= -1832.87227102334     Delta-E=       -0.000000002480 Rises=F Damp=F
 DIIS: error= 1.69D-07 at cycle   6 NSaved=   6.
 NSaved= 6 IEnMin= 6 EnMin= -1832.87227102334     IErMin= 6 ErrMin= 1.69D-07
 ErrMax= 1.69D-07  0.00D+00 EMaxC= 1.00D-01 BMatC= 1.58D-10 BMatP= 7.47D-09
 IDIUse=1 WtCom= 1.00D+00 WtEn= 0.00D+00
 Coeff-Com:  0.186D-02 0.274D-02-0.409D-01 0.411D-01 0.184D+00 0.811D+00
 Coeff:      0.186D-02 0.274D-02-0.409D-01 0.411D-01 0.184D+00 0.811D+00
 Gap=     0.246 Goal=   None    Shift=    0.000
 Gap=     0.244 Goal=   None    Shift=    0.000
 RMSDP=2.28D-07 MaxDP=2.35D-05 DE=-2.48D-09 OVMax= 4.74D-06

 Cycle   7  Pass 1  IDiag  1:
 RMSU=  7.88D-08    CP:  1.00D+00  1.47D+00  1.99D+00  1.34D+00  1.01D+00
                    CP:  1.32D+00
 E= -1832.87227102340     Delta-E=       -0.000000000067 Rises=F Damp=F
 DIIS: error= 7.78D-08 at cycle   7 NSaved=   7.
 NSaved= 7 IEnMin= 7 EnMin= -1832.87227102340     IErMin= 7 ErrMin= 7.78D-08
 ErrMax= 7.78D-08  0.00D+00 EMaxC= 1.00D-01 BMatC= 4.61D-11 BMatP= 1.58D-10
 IDIUse=1 WtCom= 1.00D+00 WtEn= 0.00D+00
 Coeff-Com:  0.159D-03 0.301D-03 0.394D-02-0.258D-01-0.450D-01 0.313D+00
 Coeff-Com:  0.754D+00
 Coeff:      0.159D-03 0.301D-03 0.394D-02-0.258D-01-0.450D-01 0.313D+00
 Coeff:      0.754D+00
 Gap=     0.246 Goal=   None    Shift=    0.000
 Gap=     0.244 Goal=   None    Shift=    0.000
 RMSDP=1.24D-07 MaxDP=1.37D-05 DE=-6.68D-11 OVMax= 2.93D-06

 Cycle   8  Pass 1  IDiag  1:
 RMSU=  3.58D-08    CP:  1.00D+00  1.47D+00  2.00D+00  1.34D+00  1.02D+00
                    CP:  1.48D+00  1.22D+00
 E= -1832.87227102345     Delta-E=       -0.000000000048 Rises=F Damp=F
 DIIS: error= 3.45D-08 at cycle   8 NSaved=   8.
 NSaved= 8 IEnMin= 8 EnMin= -1832.87227102345     IErMin= 8 ErrMin= 3.45D-08
 ErrMax= 3.45D-08  0.00D+00 EMaxC= 1.00D-01 BMatC= 6.14D-12 BMatP= 4.61D-11
 IDIUse=1 WtCom= 1.00D+00 WtEn= 0.00D+00
 Coeff-Com: -0.317D-03-0.525D-03 0.945D-02-0.165D-01-0.503D-01-0.711D-01
 Coeff-Com:  0.202D+00 0.927D+00
 Coeff:     -0.317D-03-0.525D-03 0.945D-02-0.165D-01-0.503D-01-0.711D-01
 Coeff:      0.202D+00 0.927D+00
 Gap=     0.246 Goal=   None    Shift=    0.000
 Gap=     0.244 Goal=   None    Shift=    0.000
 RMSDP=6.71D-08 MaxDP=7.25D-06 DE=-4.84D-11 OVMax= 2.12D-06

 Cycle   9  Pass 1  IDiag  1:
 RMSU=  8.86D-09    CP:  1.00D+00  1.46D+00  2.00D+00  1.35D+00  1.02D+00
                    CP:  1.57D+00  1.51D+00  1.38D+00
 E= -1832.87227102344     Delta-E=        0.000000000005 Rises=F Damp=F
 DIIS: error= 2.05D-08 at cycle   9 NSaved=   9.
 NSaved= 9 IEnMin= 8 EnMin= -1832.87227102345     IErMin= 9 ErrMin= 2.05D-08
 ErrMax= 2.05D-08  0.00D+00 EMaxC= 1.00D-01 BMatC= 1.44D-12 BMatP= 6.14D-12
 IDIUse=1 WtCom= 1.00D+00 WtEn= 0.00D+00
 Coeff-Com: -0.149D-03-0.263D-03 0.354D-02-0.391D-02-0.154D-01-0.673D-01
 Coeff-Com: -0.919D-02 0.381D+00 0.712D+00
 Coeff:     -0.149D-03-0.263D-03 0.354D-02-0.391D-02-0.154D-01-0.673D-01
 Coeff:     -0.919D-02 0.381D+00 0.712D+00
 Gap=     0.246 Goal=   None    Shift=    0.000
 Gap=     0.244 Goal=   None    Shift=    0.000
 RMSDP=1.21D-08 MaxDP=1.10D-06 DE= 5.46D-12 OVMax= 7.65D-07

 Cycle  10  Pass 1  IDiag  1:
 RMSU=  4.78D-09    CP:  1.00D+00  1.46D+00  1.99D+00  1.35D+00  1.02D+00
                    CP:  1.59D+00  1.58D+00  1.50D+00  1.13D+00
 E= -1832.87227102345     Delta-E=       -0.000000000009 Rises=F Damp=F
 DIIS: error= 7.23D-09 at cycle  10 NSaved=  10.
 NSaved=10 IEnMin=10 EnMin= -1832.87227102345     IErMin=10 ErrMin= 7.23D-09
 ErrMax= 7.23D-09  0.00D+00 EMaxC= 1.00D-01 BMatC= 2.52D-13 BMatP= 1.44D-12
 IDIUse=1 WtCom= 1.00D+00 WtEn= 0.00D+00
 Coeff-Com:  0.476D-04 0.619D-04-0.164D-02 0.368D-02 0.104D-01-0.481D-03
 Coeff-Com: -0.639D-01-0.156D+00 0.249D+00 0.958D+00
 Coeff:      0.476D-04 0.619D-04-0.164D-02 0.368D-02 0.104D-01-0.481D-03
 Coeff:     -0.639D-01-0.156D+00 0.249D+00 0.958D+00
 Gap=     0.246 Goal=   None    Shift=    0.000
 Gap=     0.244 Goal=   None    Shift=    0.000
 RMSDP=8.00D-09 MaxDP=8.44D-07 DE=-9.32D-12 OVMax= 5.79D-07

 Error on total polarization charges =  0.01703
 SCF Done:  E(UwB97XD) =  -1832.87227102     A.U. after   10 cycles
            NFock= 10  Conv=0.80D-08     -V/T= 2.0040
 <Sx>= 0.0000 <Sy>= 0.0000 <Sz>= 2.5000 <S**2>= 8.7524 S= 2.5004
 <L.S>=  0.00000000000    
 KE= 1.825543400612D+03 PE=-6.951469295864D+03 EE= 1.956190469533D+03
 Annihilation of the first spin contaminant:
 S**2 before annihilation     8.7524,   after     8.7500
 Leave Link  502 at Tue Apr 19 22:08:33 2022, MaxMem= 13421772800 cpu:            6248.6 elap:             174.4
 (Enter /soft/gaussian/16-c.01/g16/l801.exe)
 DoSCS=F DFT=T ScalE2(SS,OS)=  1.000000  1.000000
 Range of M.O.s used for correlation:     1   624
 NBasis=   627 NAE=    69 NBE=    64 NFC=     0 NFV=     0
 NROrb=    624 NOA=    69 NOB=    64 NVA=   555 NVB=   560

 **** Warning!!: The largest alpha MO coefficient is  0.15101799D+03


 **** Warning!!: The largest beta MO coefficient is  0.17444806D+03

 Leave Link  801 at Tue Apr 19 22:08:33 2022, MaxMem= 13421772800 cpu:               1.3 elap:               0.1
 (Enter /soft/gaussian/16-c.01/g16/l1101.exe)
 Using compressed storage, NAtomX=    27.
 Will process     28 centers per pass.
 R6Disp: Adding Grimme-D2 dispersion energy 1st derivatives to the gradient.
 Leave Link 1101 at Tue Apr 19 22:08:34 2022, MaxMem= 13421772800 cpu:              45.5 elap:               1.3
 (Enter /soft/gaussian/16-c.01/g16/l1102.exe)
 DDipDN:  doing centers     0 through    27.
 Symmetrizing basis deriv contribution to polar:
 IMax=3 JMax=2 DiffMx= 0.00D+00
 Leave Link 1102 at Tue Apr 19 22:08:36 2022, MaxMem= 13421772800 cpu:              51.7 elap:               1.6
 (Enter /soft/gaussian/16-c.01/g16/l1110.exe)
 Forming Gx(P) for the SCF density, NAtomX=    27.
 Integral derivatives from FoFJK, PRISM(SPDF).
 Do as many integral derivatives as possible in FoFJK.
 G2DrvN: MDV=   13421769937.
 G2DrvN: will do    28 centers at a time, making    1 passes.
 Calling FoFCou, ICntrl=  3107 FMM=F I1Cent=   0 AccDes= 0.00D+00.
 FoFJK:  IHMeth= 1 ICntrl=    3107 DoSepK=T KAlg= 0 I1Cent=           0 FoldK=F
 IRaf=         1 NMat=       1 IRICut=       1 DoRegI=T DoRafI=F ISym2E= 0 IDoP0=0 IntGTp=1.
 FoFCou: FMM=F IPFlag=           0 FMFlag=      100000 FMFlg1=           0
         NFxFlg=           0 DoJE=F BraDBF=F KetDBF=F FulRan=T
         wScrn=  0.000000 ICntrl=      3507 IOpCl=  0 I1Cent=           0 NGrid=           0
         NMat0=    1 NMatS0=      1 NMatT0=    0 NMatD0=    1 NMtDS0=    0 NMtDT0=    0
 Symmetry not used in FoFCou.
 NEqPCM:  Using equilibrium solvation (IEInf=0, Eps=  78.3553, EpsInf=   1.7778)
 G2PCM: DoFxE=T DoFxN=T DoGrad=T DoDP/DQ/DG/TGxP=FFFF NFrqRd=   0 IEInf=0 SqF1=F DoCFld=F IF1Alg=4.
 GePol: Maximum number of non-zero 1st derivatives   =     197
 End of G2Drv F.D. properties file   721 does not exist.
 End of G2Drv F.D. properties file   722 does not exist.
 End of G2Drv F.D. properties file   788 does not exist.
 Leave Link 1110 at Tue Apr 19 22:13:28 2022, MaxMem= 13421772800 cpu:           10535.2 elap:             292.8
 (Enter /soft/gaussian/16-c.01/g16/l1002.exe)
 Minotr:  UHF open shell wavefunction.
          IDoAtm=111111111111111111111111111
 NEqPCM:  Using equilibrium solvation (IEInf=0, Eps=  78.3553, EpsInf=   1.7778)
          Direct CPHF calculation.
          Differentiating once with respect to electric field.
                with respect to dipole field.
          Requested convergence is 1.0D-08 RMS, and 1.0D-07 maximum.
          Secondary convergence is 1.0D-12 RMS, and 1.0D-12 maximum.
          NewPWx=T KeepS1=F KeepF1=F KeepIn=T MapXYZ=F SortEE=F KeepMc=T.
         8502 words used for storage of precomputed grid.
 Two-electron integral symmetry not used.
          MDV=   13421772800 using IRadAn=       1.
          Solving linear equations simultaneously, MaxMat=     360.
 FoF2E skips out because all densities are zero.
 CalDSu exits because no D1Ps are significant.
          There are     3 degrees of freedom in the 1st order CPHF.  IDoFFX=4 NUNeed=     3.
      3 vectors produced by pass  0 Test12= 2.47D-12 3.33D-08 XBig12= 5.32D+02 1.27D+01.
 AX will form     3 AO Fock derivatives at one time.
 FoFJK:  IHMeth= 1 ICntrl=       0 DoSepK=T KAlg= 0 I1Cent=           0 FoldK=F
 IRaf=         1 NMat=       3 IRICut=       1 DoRegI=T DoRafI=F ISym2E= 0 IDoP0=0 IntGTp=1.
      3 vectors produced by pass  1 Test12= 2.47D-12 3.33D-08 XBig12= 5.62D+01 9.91D-01.
      3 vectors produced by pass  2 Test12= 2.47D-12 3.33D-08 XBig12= 1.53D+01 1.23D+00.
      3 vectors produced by pass  3 Test12= 2.47D-12 3.33D-08 XBig12= 2.30D+00 2.80D-01.
      3 vectors produced by pass  4 Test12= 2.47D-12 3.33D-08 XBig12= 9.08D-01 2.80D-01.
      3 vectors produced by pass  5 Test12= 2.47D-12 3.33D-08 XBig12= 1.50D-01 1.01D-01.
      3 vectors produced by pass  6 Test12= 2.47D-12 3.33D-08 XBig12= 3.45D-02 2.71D-02.
      3 vectors produced by pass  7 Test12= 2.47D-12 3.33D-08 XBig12= 6.20D-03 2.18D-02.
      3 vectors produced by pass  8 Test12= 2.47D-12 3.33D-08 XBig12= 2.03D-03 1.24D-02.
      3 vectors produced by pass  9 Test12= 2.47D-12 3.33D-08 XBig12= 8.15D-04 7.54D-03.
      3 vectors produced by pass 10 Test12= 2.47D-12 3.33D-08 XBig12= 1.25D-04 1.75D-03.
      3 vectors produced by pass 11 Test12= 2.47D-12 3.33D-08 XBig12= 1.12D-05 5.99D-04.
      3 vectors produced by pass 12 Test12= 2.47D-12 3.33D-08 XBig12= 1.33D-06 2.18D-04.
      3 vectors produced by pass 13 Test12= 2.47D-12 3.33D-08 XBig12= 3.52D-07 1.06D-04.
      3 vectors produced by pass 14 Test12= 2.47D-12 3.33D-08 XBig12= 6.81D-08 7.95D-05.
      3 vectors produced by pass 15 Test12= 2.47D-12 3.33D-08 XBig12= 6.73D-09 1.77D-05.
      3 vectors produced by pass 16 Test12= 2.47D-12 3.33D-08 XBig12= 4.42D-10 3.73D-06.
      3 vectors produced by pass 17 Test12= 2.47D-12 3.33D-08 XBig12= 4.08D-11 1.16D-06.
      2 vectors produced by pass 18 Test12= 2.47D-12 3.33D-08 XBig12= 3.47D-12 3.11D-07.
      2 vectors produced by pass 19 Test12= 2.47D-12 3.33D-08 XBig12= 2.73D-13 1.02D-07.
 InvSVY:  IOpt=1 It=  1 EMax= 5.33D-15
 Solved reduced A of dimension    58 with     3 vectors.
 FullF1:  Do perturbations      1 to       3.
 SCF Polarizability for W=    0.000000:
                1             2             3 
      1  0.552217D+03
      2 -0.415951D+02  0.257188D+03
      3  0.255532D+00  0.726422D+00  0.125408D+03
 Isotropic polarizability for W=    0.000000      311.60 Bohr**3.
 SCF Static Hyperpolarizability:
 K=  1 block:
                1 
      1  0.900148D+04
 K=  2 block:
                1             2 
      1 -0.158709D+04
      2  0.233842D+03  0.403993D+03
 K=  3 block:
                1             2             3 
      1  0.379968D+02
      2  0.192183D+01  0.718980D+01
      3  0.124515D+03  0.609744D+01  0.169628D+02
 End of Minotr F.D. properties file   721 does not exist.
 End of Minotr F.D. properties file   722 does not exist.
 End of Minotr F.D. properties file   788 does not exist.
 Leave Link 1002 at Tue Apr 19 22:25:34 2022, MaxMem= 13421772800 cpu:           26089.7 elap:             725.0
 (Enter /soft/gaussian/16-c.01/g16/l601.exe)
 Copying SCF densities to generalized density rwf, IOpCl= 1 IROHF=0.

 **********************************************************************

            Population analysis using the SCF Density.

 **********************************************************************

 Alpha  occ. eigenvalues -- -235.76977 -27.57844 -23.63292 -23.63244 -23.63058
 Alpha  occ. eigenvalues --  -14.51492 -14.48869 -14.48530 -14.48012 -10.38631
 Alpha  occ. eigenvalues --  -10.38422 -10.37527 -10.37393 -10.36932 -10.35999
 Alpha  occ. eigenvalues --  -10.32809 -10.32738 -10.32234 -10.32160 -10.31890
 Alpha  occ. eigenvalues --  -10.31562  -3.44816  -2.30948  -2.30756  -2.30625
 Alpha  occ. eigenvalues --   -1.11534  -1.07571  -1.04575  -1.02679  -0.98372
 Alpha  occ. eigenvalues --   -0.94067  -0.88599  -0.86639  -0.85190  -0.79364
 Alpha  occ. eigenvalues --   -0.76280  -0.74442  -0.72422  -0.68069  -0.67276
 Alpha  occ. eigenvalues --   -0.65820  -0.61999  -0.60975  -0.59939  -0.59649
 Alpha  occ. eigenvalues --   -0.56556  -0.56370  -0.54551  -0.54367  -0.53786
 Alpha  occ. eigenvalues --   -0.52915  -0.50992  -0.50595  -0.48038  -0.47783
 Alpha  occ. eigenvalues --   -0.46883  -0.46853  -0.46787  -0.46486  -0.46013
 Alpha  occ. eigenvalues --   -0.45753  -0.45439  -0.43122  -0.42235  -0.38375
 Alpha  occ. eigenvalues --   -0.36604  -0.35366  -0.30296  -0.29951
 Alpha virt. eigenvalues --   -0.05339   0.00237   0.02368   0.03711   0.04437
 Alpha virt. eigenvalues --    0.04687   0.05538   0.06343   0.06881   0.07236
 Alpha virt. eigenvalues --    0.07766   0.08223   0.09567   0.10136   0.10832
 Alpha virt. eigenvalues --    0.11147   0.11433   0.11840   0.12146   0.12537
 Alpha virt. eigenvalues --    0.12964   0.14310   0.14401   0.14655   0.14839
 Alpha virt. eigenvalues --    0.15390   0.15781   0.16178   0.16881   0.16970
 Alpha virt. eigenvalues --    0.17990   0.18221   0.18621   0.18860   0.19480
 Alpha virt. eigenvalues --    0.20000   0.20194   0.20550   0.21072   0.21218
 Alpha virt. eigenvalues --    0.21743   0.22009   0.22198   0.23020   0.23398
 Alpha virt. eigenvalues --    0.23511   0.23948   0.25022   0.25491   0.25671
 Alpha virt. eigenvalues --    0.26018   0.26193   0.26450   0.27094   0.27191
 Alpha virt. eigenvalues --    0.27707   0.28114   0.28459   0.28703   0.29378
 Alpha virt. eigenvalues --    0.29392   0.29626   0.30116   0.30285   0.31024
 Alpha virt. eigenvalues --    0.31318   0.31457   0.32223   0.32353   0.32695
 Alpha virt. eigenvalues --    0.33228   0.33561   0.33783   0.34433   0.34767
 Alpha virt. eigenvalues --    0.34966   0.35407   0.36117   0.36236   0.36954
 Alpha virt. eigenvalues --    0.37409   0.37825   0.38206   0.38502   0.39510
 Alpha virt. eigenvalues --    0.40085   0.40161   0.40837   0.41374   0.41442
 Alpha virt. eigenvalues --    0.41837   0.42502   0.43478   0.43817   0.44187
 Alpha virt. eigenvalues --    0.45362   0.45751   0.46434   0.47566   0.47598
 Alpha virt. eigenvalues --    0.49105   0.51159   0.51584   0.53504   0.54374
 Alpha virt. eigenvalues --    0.58298   0.59162   0.59798   0.61356   0.64908
 Alpha virt. eigenvalues --    0.65155   0.66043   0.66961   0.67293   0.69341
 Alpha virt. eigenvalues --    0.69941   0.70360   0.71394   0.71926   0.72225
 Alpha virt. eigenvalues --    0.72701   0.73232   0.73713   0.74087   0.74689
 Alpha virt. eigenvalues --    0.74865   0.76595   0.76997   0.77600   0.78086
 Alpha virt. eigenvalues --    0.78855   0.79621   0.82358   0.82585   0.84154
 Alpha virt. eigenvalues --    0.84746   0.85470   0.86426   0.87319   0.88148
 Alpha virt. eigenvalues --    0.89767   0.89997   0.90157   0.90818   0.91042
 Alpha virt. eigenvalues --    0.91054   0.91179   0.91928   0.93302   0.93536
 Alpha virt. eigenvalues --    0.93886   0.94371   0.94856   0.95155   0.95515
 Alpha virt. eigenvalues --    0.95801   0.96415   0.97040   0.97202   0.98364
 Alpha virt. eigenvalues --    0.98696   0.99638   1.00474   1.00505   1.01896
 Alpha virt. eigenvalues --    1.02227   1.02848   1.03173   1.03677   1.04647
 Alpha virt. eigenvalues --    1.04861   1.05779   1.06163   1.06835   1.08351
 Alpha virt. eigenvalues --    1.08957   1.09298   1.09996   1.11060   1.12059
 Alpha virt. eigenvalues --    1.13655   1.14321   1.15954   1.17347   1.18383
 Alpha virt. eigenvalues --    1.19192   1.21926   1.22300   1.24317   1.24875
 Alpha virt. eigenvalues --    1.26411   1.26948   1.27375   1.28128   1.28943
 Alpha virt. eigenvalues --    1.30735   1.32917   1.34927   1.36567   1.37114
 Alpha virt. eigenvalues --    1.38122   1.39181   1.39600   1.40426   1.43002
 Alpha virt. eigenvalues --    1.43772   1.45717   1.46566   1.47150   1.48461
 Alpha virt. eigenvalues --    1.48995   1.49389   1.49901   1.50207   1.51791
 Alpha virt. eigenvalues --    1.51991   1.54071   1.54340   1.55992   1.56454
 Alpha virt. eigenvalues --    1.56792   1.57268   1.58898   1.59636   1.60953
 Alpha virt. eigenvalues --    1.61440   1.62794   1.63265   1.64424   1.65069
 Alpha virt. eigenvalues --    1.65324   1.66247   1.67317   1.68056   1.68616
 Alpha virt. eigenvalues --    1.68899   1.70083   1.71864   1.72968   1.73569
 Alpha virt. eigenvalues --    1.74620   1.79858   1.80191   1.80697   1.83963
 Alpha virt. eigenvalues --    1.84324   1.86140   1.87344   1.90519   1.92389
 Alpha virt. eigenvalues --    1.93865   1.97562   1.97782   1.99049   2.00323
 Alpha virt. eigenvalues --    2.00879   2.03456   2.05533   2.06517   2.07392
 Alpha virt. eigenvalues --    2.08972   2.10554   2.12305   2.16805   2.19491
 Alpha virt. eigenvalues --    2.21222   2.22044   2.22733   2.25791   2.25976
 Alpha virt. eigenvalues --    2.31412   2.31929   2.33060   2.34599   2.34894
 Alpha virt. eigenvalues --    2.36133   2.37300   2.39483   2.41150   2.44239
 Alpha virt. eigenvalues --    2.44945   2.46517   2.49763   2.52331   2.53620
 Alpha virt. eigenvalues --    2.54490   2.59534   2.65264   2.66526   2.69619
 Alpha virt. eigenvalues --    2.70366   2.71080   2.72432   2.74024   2.77495
 Alpha virt. eigenvalues --    2.78943   2.79168   2.84240   2.88263   2.89455
 Alpha virt. eigenvalues --    2.91048   2.92146   2.93774   2.94523   2.95232
 Alpha virt. eigenvalues --    2.97069   2.98084   3.00855   3.01081   3.01711
 Alpha virt. eigenvalues --    3.02760   3.03924   3.04382   3.04760   3.07157
 Alpha virt. eigenvalues --    3.08176   3.09934   3.10795   3.11155   3.11923
 Alpha virt. eigenvalues --    3.13389   3.14797   3.16006   3.16163   3.17111
 Alpha virt. eigenvalues --    3.17428   3.18603   3.19373   3.20361   3.21675
 Alpha virt. eigenvalues --    3.22855   3.23774   3.24314   3.26126   3.26454
 Alpha virt. eigenvalues --    3.27160   3.28133   3.28734   3.30067   3.30620
 Alpha virt. eigenvalues --    3.32411   3.32745   3.34156   3.34736   3.35142
 Alpha virt. eigenvalues --    3.36523   3.37828   3.38814   3.39634   3.41272
 Alpha virt. eigenvalues --    3.42974   3.45524   3.47371   3.49242   3.50509
 Alpha virt. eigenvalues --    3.51132   3.52941   3.53621   3.55335   3.58285
 Alpha virt. eigenvalues --    3.58480   3.62173   3.62743   3.63768   3.65469
 Alpha virt. eigenvalues --    3.66103   3.67021   3.69266   3.71240   3.72246
 Alpha virt. eigenvalues --    3.72933   3.74055   3.75518   3.77599   3.78434
 Alpha virt. eigenvalues --    3.79593   3.80582   3.82366   3.84776   3.85346
 Alpha virt. eigenvalues --    3.86314   3.87540   3.89255   3.90093   3.92026
 Alpha virt. eigenvalues --    3.93866   3.95788   3.97342   3.98136   3.99832
 Alpha virt. eigenvalues --    4.01627   4.01708   4.01763   4.02013   4.02715
 Alpha virt. eigenvalues --    4.03297   4.04884   4.05344   4.05586   4.06405
 Alpha virt. eigenvalues --    4.10462   4.11119   4.13333   4.13772   4.15585
 Alpha virt. eigenvalues --    4.16540   4.16860   4.18590   4.19613   4.20989
 Alpha virt. eigenvalues --    4.21639   4.22608   4.25367   4.26510   4.27417
 Alpha virt. eigenvalues --    4.27847   4.30048   4.30488   4.34091   4.34639
 Alpha virt. eigenvalues --    4.35400   4.35838   4.37378   4.38602   4.39377
 Alpha virt. eigenvalues --    4.40060   4.41716   4.43134   4.44188   4.44895
 Alpha virt. eigenvalues --    4.45055   4.46033   4.47257   4.48687   4.49052
 Alpha virt. eigenvalues --    4.50657   4.51846   4.52257   4.52755   4.54206
 Alpha virt. eigenvalues --    4.54711   4.55307   4.57132   4.57353   4.58019
 Alpha virt. eigenvalues --    4.59244   4.60032   4.60593   4.61672   4.62779
 Alpha virt. eigenvalues --    4.63212   4.63363   4.64556   4.66276   4.66508
 Alpha virt. eigenvalues --    4.68401   4.68779   4.69252   4.70338   4.71478
 Alpha virt. eigenvalues --    4.72555   4.73492   4.73874   4.74951   4.75507
 Alpha virt. eigenvalues --    4.76266   4.76643   4.78031   4.78584   4.80803
 Alpha virt. eigenvalues --    4.81434   4.82897   4.83833   4.84143   4.87294
 Alpha virt. eigenvalues --    4.89707   4.90399   4.91925   4.92482   4.96666
 Alpha virt. eigenvalues --    4.97216   4.98423   4.99526   5.01905   5.05923
 Alpha virt. eigenvalues --    5.07453   5.10281   5.10968   5.12853   5.14881
 Alpha virt. eigenvalues --    5.16852   5.18819   5.20432   5.22673   5.23981
 Alpha virt. eigenvalues --    5.24981   5.25988   5.28041   5.30058   5.32714
 Alpha virt. eigenvalues --    5.37371   5.38428   5.41023   5.43011   5.45283
 Alpha virt. eigenvalues --    5.48472   5.50782   5.55759   5.57410   5.61422
 Alpha virt. eigenvalues --    5.64203   5.65316   5.71177   5.74681   5.80672
 Alpha virt. eigenvalues --    5.84119   5.85949   5.87478   5.91611   5.91949
 Alpha virt. eigenvalues --    5.95662   5.98341   6.04880   6.05877   6.13915
 Alpha virt. eigenvalues --    6.22108   6.27553   6.41588   6.52888   6.61111
 Alpha virt. eigenvalues --    6.84435   7.01061   8.96992   9.48134  11.10875
 Alpha virt. eigenvalues --   11.33884  11.43146  11.43740  11.54393  11.55274
 Alpha virt. eigenvalues --   11.74627  12.05077  12.05672  12.24503  12.40734
 Alpha virt. eigenvalues --   12.43523  12.57311  12.68381  13.18285  13.61376
 Alpha virt. eigenvalues --   17.26554  18.23403  26.56425  28.35582  38.51632
  Beta  occ. eigenvalues -- -235.76863 -27.49277 -23.56122 -23.56064 -23.55960
  Beta  occ. eigenvalues --  -14.51492 -14.48865 -14.48516 -14.48014 -10.38625
  Beta  occ. eigenvalues --  -10.38408 -10.37531 -10.37382 -10.36936 -10.36004
  Beta  occ. eigenvalues --  -10.32803 -10.32732 -10.32233 -10.32161 -10.31886
  Beta  occ. eigenvalues --  -10.31558  -3.22634  -2.06948  -2.06712  -2.06453
  Beta  occ. eigenvalues --   -1.11500  -1.07565  -1.04536  -1.02676  -0.98361
  Beta  occ. eigenvalues --   -0.94055  -0.88581  -0.86627  -0.85176  -0.79346
  Beta  occ. eigenvalues --   -0.76255  -0.74398  -0.72393  -0.68056  -0.67235
  Beta  occ. eigenvalues --   -0.65782  -0.61987  -0.60938  -0.59820  -0.59643
  Beta  occ. eigenvalues --   -0.56527  -0.56283  -0.54481  -0.54318  -0.53701
  Beta  occ. eigenvalues --   -0.52861  -0.50577  -0.48918  -0.46935  -0.46808
  Beta  occ. eigenvalues --   -0.46327  -0.45992  -0.45626  -0.43186  -0.38379
  Beta  occ. eigenvalues --   -0.36899  -0.35369  -0.30343  -0.29938
  Beta virt. eigenvalues --   -0.05547   0.01557   0.02124   0.02173   0.02276
  Beta virt. eigenvalues --    0.02554   0.02877   0.03686   0.04789   0.05740
  Beta virt. eigenvalues --    0.05994   0.06265   0.07513   0.07696   0.07861
  Beta virt. eigenvalues --    0.08298   0.08378   0.09825   0.10238   0.10885
  Beta virt. eigenvalues --    0.11602   0.11756   0.12040   0.12363   0.12666
  Beta virt. eigenvalues --    0.13327   0.14516   0.14782   0.15107   0.15282
  Beta virt. eigenvalues --    0.15898   0.16413   0.16543   0.17250   0.17679
  Beta virt. eigenvalues --    0.18136   0.18409   0.19069   0.19934   0.20048
  Beta virt. eigenvalues --    0.20299   0.21145   0.21382   0.21631   0.21859
  Beta virt. eigenvalues --    0.22085   0.22308   0.22936   0.23439   0.23632
  Beta virt. eigenvalues --    0.23819   0.24378   0.25283   0.25591   0.25998
  Beta virt. eigenvalues --    0.26342   0.26566   0.26854   0.27248   0.27332
  Beta virt. eigenvalues --    0.28106   0.28262   0.28761   0.29269   0.29488
  Beta virt. eigenvalues --    0.29612   0.30163   0.30569   0.30759   0.31283
  Beta virt. eigenvalues --    0.31662   0.32125   0.32520   0.32546   0.33051
  Beta virt. eigenvalues --    0.33550   0.33744   0.34119   0.34591   0.34883
  Beta virt. eigenvalues --    0.35531   0.36517   0.36769   0.36974   0.37206
  Beta virt. eigenvalues --    0.37677   0.37935   0.38376   0.39037   0.39744
  Beta virt. eigenvalues --    0.40477   0.41465   0.41843   0.41922   0.43154
  Beta virt. eigenvalues --    0.43441   0.43902   0.44263   0.44491   0.45294
  Beta virt. eigenvalues --    0.46144   0.47128   0.47957   0.48798   0.50711
  Beta virt. eigenvalues --    0.51446   0.51966   0.54016   0.54317   0.55793
  Beta virt. eigenvalues --    0.58642   0.61582   0.62580   0.64008   0.65154
  Beta virt. eigenvalues --    0.65745   0.66184   0.67038   0.68161   0.69822
  Beta virt. eigenvalues --    0.70123   0.70582   0.71530   0.71949   0.72319
  Beta virt. eigenvalues --    0.72841   0.73633   0.73999   0.74196   0.74768
  Beta virt. eigenvalues --    0.75107   0.77138   0.77214   0.77671   0.78420
  Beta virt. eigenvalues --    0.78888   0.80434   0.82385   0.82666   0.84176
  Beta virt. eigenvalues --    0.84965   0.85491   0.86829   0.87541   0.88255
  Beta virt. eigenvalues --    0.89896   0.90221   0.90231   0.90923   0.91148
  Beta virt. eigenvalues --    0.91276   0.91479   0.92076   0.93605   0.93777
  Beta virt. eigenvalues --    0.94252   0.94569   0.94913   0.95393   0.95861
  Beta virt. eigenvalues --    0.95959   0.96458   0.97276   0.97339   0.98421
  Beta virt. eigenvalues --    0.98821   0.99708   1.00546   1.00617   1.02037
  Beta virt. eigenvalues --    1.02331   1.03097   1.03414   1.03855   1.04925
  Beta virt. eigenvalues --    1.04947   1.05954   1.06257   1.06983   1.08541
  Beta virt. eigenvalues --    1.09053   1.09435   1.10105   1.11264   1.12151
  Beta virt. eigenvalues --    1.14211   1.14689   1.16890   1.17842   1.18706
  Beta virt. eigenvalues --    1.19740   1.23822   1.24531   1.25128   1.25303
  Beta virt. eigenvalues --    1.26634   1.27407   1.28314   1.31706   1.32283
  Beta virt. eigenvalues --    1.34082   1.34548   1.35915   1.37308   1.37669
  Beta virt. eigenvalues --    1.39198   1.39790   1.41750   1.43661   1.44770
  Beta virt. eigenvalues --    1.45011   1.46590   1.47824   1.48617   1.48809
  Beta virt. eigenvalues --    1.49750   1.49901   1.51467   1.51965   1.52296
  Beta virt. eigenvalues --    1.53419   1.54627   1.55948   1.57001   1.57543
  Beta virt. eigenvalues --    1.58247   1.59766   1.61127   1.62902   1.63366
  Beta virt. eigenvalues --    1.63605   1.64950   1.65351   1.65510   1.65878
  Beta virt. eigenvalues --    1.68147   1.68868   1.69016   1.71483   1.72535
  Beta virt. eigenvalues --    1.73661   1.73728   1.74350   1.76851   1.77325
  Beta virt. eigenvalues --    1.79362   1.80062   1.81190   1.82303   1.84171
  Beta virt. eigenvalues --    1.84619   1.86928   1.87988   1.90993   1.92807
  Beta virt. eigenvalues --    1.94109   1.97943   1.98330   1.99404   2.01361
  Beta virt. eigenvalues --    2.03371   2.03694   2.05866   2.06604   2.07410
  Beta virt. eigenvalues --    2.09145   2.10990   2.12765   2.16815   2.19586
  Beta virt. eigenvalues --    2.21507   2.22433   2.23273   2.25871   2.26142
  Beta virt. eigenvalues --    2.31506   2.32063   2.33125   2.34658   2.34950
  Beta virt. eigenvalues --    2.36172   2.37431   2.39616   2.43098   2.44722
  Beta virt. eigenvalues --    2.44978   2.47299   2.49813   2.52490   2.53790
  Beta virt. eigenvalues --    2.54585   2.59547   2.65426   2.66623   2.69801
  Beta virt. eigenvalues --    2.70415   2.71851   2.72578   2.78499   2.79076
  Beta virt. eigenvalues --    2.82402   2.84257   2.84596   2.88350   2.89715
  Beta virt. eigenvalues --    2.91271   2.93502   2.94299   2.94585   2.95298
  Beta virt. eigenvalues --    2.97376   2.99884   3.00967   3.01129   3.02173
  Beta virt. eigenvalues --    3.02942   3.04040   3.04499   3.04948   3.07229
  Beta virt. eigenvalues --    3.08262   3.10310   3.11028   3.11363   3.12407
  Beta virt. eigenvalues --    3.13637   3.14850   3.16202   3.16303   3.17142
  Beta virt. eigenvalues --    3.17460   3.18803   3.19400   3.20389   3.21768
  Beta virt. eigenvalues --    3.22920   3.23846   3.24341   3.26174   3.26529
  Beta virt. eigenvalues --    3.27185   3.28163   3.28772   3.30097   3.30767
  Beta virt. eigenvalues --    3.32435   3.32805   3.34187   3.34804   3.35219
  Beta virt. eigenvalues --    3.36566   3.37864   3.38832   3.39794   3.41393
  Beta virt. eigenvalues --    3.43077   3.45780   3.47422   3.49280   3.50604
  Beta virt. eigenvalues --    3.51220   3.52992   3.53687   3.55372   3.58323
  Beta virt. eigenvalues --    3.58531   3.62306   3.62891   3.63871   3.65501
  Beta virt. eigenvalues --    3.66351   3.67151   3.69345   3.71338   3.72591
  Beta virt. eigenvalues --    3.72962   3.74120   3.75651   3.77672   3.78488
  Beta virt. eigenvalues --    3.79680   3.80757   3.82457   3.84914   3.85409
  Beta virt. eigenvalues --    3.86394   3.87600   3.89493   3.90292   3.92198
  Beta virt. eigenvalues --    3.95093   3.96179   3.98456   4.00500   4.01875
  Beta virt. eigenvalues --    4.02881   4.05462   4.06279   4.07230   4.10319
  Beta virt. eigenvalues --    4.10879   4.11688   4.12374   4.12808   4.12971
  Beta virt. eigenvalues --    4.13518   4.13847   4.14023   4.15517   4.16959
  Beta virt. eigenvalues --    4.17489   4.19358   4.20804   4.21329   4.22284
  Beta virt. eigenvalues --    4.22821   4.23465   4.25732   4.26934   4.27922
  Beta virt. eigenvalues --    4.28449   4.30413   4.30809   4.34211   4.34718
  Beta virt. eigenvalues --    4.35658   4.35901   4.37530   4.39201   4.39987
  Beta virt. eigenvalues --    4.41616   4.42010   4.44131   4.45635   4.46673
  Beta virt. eigenvalues --    4.47067   4.48441   4.50487   4.51905   4.52967
  Beta virt. eigenvalues --    4.54429   4.55019   4.56732   4.56903   4.57542
  Beta virt. eigenvalues --    4.58062   4.59551   4.60151   4.61372   4.61655
  Beta virt. eigenvalues --    4.61931   4.62498   4.63390   4.63891   4.64549
  Beta virt. eigenvalues --    4.65100   4.65900   4.67580   4.67675   4.67853
  Beta virt. eigenvalues --    4.69538   4.70481   4.71124   4.72041   4.73091
  Beta virt. eigenvalues --    4.73872   4.74515   4.75353   4.75724   4.76205
  Beta virt. eigenvalues --    4.76780   4.77408   4.79261   4.80816   4.81848
  Beta virt. eigenvalues --    4.83094   4.84308   4.85387   4.85494   4.87649
  Beta virt. eigenvalues --    4.90674   4.92082   4.92790   4.95525   4.97115
  Beta virt. eigenvalues --    4.97501   4.98731   4.99949   5.02035   5.05969
  Beta virt. eigenvalues --    5.07512   5.10323   5.11059   5.13372   5.14916
  Beta virt. eigenvalues --    5.17079   5.18950   5.20466   5.22752   5.24044
  Beta virt. eigenvalues --    5.25005   5.26020   5.28114   5.30222   5.32762
  Beta virt. eigenvalues --    5.37387   5.38447   5.41046   5.43081   5.45317
  Beta virt. eigenvalues --    5.48571   5.50808   5.55841   5.57430   5.61572
  Beta virt. eigenvalues --    5.64227   5.65338   5.71192   5.74709   5.80706
  Beta virt. eigenvalues --    5.84153   5.85957   5.87501   5.91635   5.91979
  Beta virt. eigenvalues --    5.95678   5.98378   6.04904   6.05907   6.13968
  Beta virt. eigenvalues --    6.22124   6.27603   6.41610   6.53006   6.61111
  Beta virt. eigenvalues --    6.84457   7.01162   8.97009   9.48176  11.10878
  Beta virt. eigenvalues --   11.33889  11.43150  11.43745  11.54418  11.55279
  Beta virt. eigenvalues --   11.74637  12.05085  12.05686  12.24510  12.40755
  Beta virt. eigenvalues --   12.43531  12.57325  12.68396  13.18294  13.61410
  Beta virt. eigenvalues --   17.37966  18.24698  26.56442  28.35758  38.51679
          Condensed to atoms (all electrons):
               1          2          3          4          5          6
     1  C   10.027578  -1.816942  -1.578895   0.434672  -1.449331   0.476724
     2  C   -1.816942  11.047330   0.436122  -2.983853   0.229188  -1.067588
     3  C   -1.578895   0.436122  10.695017  -1.721293  -2.128753   1.238389
     4  C    0.434672  -2.983853  -1.721293  11.959097  -0.821174  -1.160189
     5  C   -1.449331   0.229188  -2.128753  -0.821174  11.100647  -1.598851
     6  C    0.476724  -1.067588   1.238389  -1.160189  -1.598851   9.250575
     7  N    0.040854   0.003099   0.021443  -0.011368   0.344123  -0.082163
     8  C   -0.101178  -0.210115  -0.675470  -1.063140   1.175532  -0.047194
     9  C    0.066369  -0.117233  -0.137573  -0.099674   0.213383  -0.383567
    10  C    0.025757  -0.022929  -0.061813  -0.085313   0.152728  -0.003543
    11  C   -0.035550   0.071216   0.034626   0.391187  -0.236484  -0.032482
    12  C   -0.147157   0.120861  -0.338282   0.662759  -0.380316  -0.067110
    13  C   -0.104996   0.095138   0.528518  -0.148929  -1.241096  -0.251739
    14  N    0.029825  -0.026323  -0.188665   0.294517   0.235586  -0.051365
    15  H    0.034351   0.001264   0.184519   0.128025   0.035855  -0.021778
    16  H    0.000791  -0.000659  -0.038525   0.054037   0.130889   0.224096
    17  H   -0.000039   0.000121  -0.000303   0.001469  -0.027641   0.003669
    18  H    0.000003   0.000000  -0.000043   0.000388   0.000478   0.000032
    19  H    0.000005  -0.000024  -0.000235  -0.000100   0.001061   0.000019
    20  H    0.000297   0.001024   0.005308  -0.035751  -0.006300  -0.001567
    21  N    0.290034  -0.279938  -0.007280   0.058962   0.051123   0.035021
    22  H   -0.070760   0.061726  -0.007820   0.002382   0.045963  -0.058305
    23  H    0.084681  -0.172684  -0.023035  -0.014541   0.009076   0.086849
    24  N   -0.260283   0.243529   0.126206   0.095134   0.035581  -0.042854
    25  H   -0.167005   0.050647   0.119293   0.007122  -0.018899  -0.025103
    26  H    0.067023  -0.065359  -0.075807   0.047879   0.003644  -0.003167
    27  Mn   0.024421  -0.113634  -0.160344   0.045066   0.114270  -0.010542
               7          8          9         10         11         12
     1  C    0.040854  -0.101178   0.066369   0.025757  -0.035550  -0.147157
     2  C    0.003099  -0.210115  -0.117233  -0.022929   0.071216   0.120861
     3  C    0.021443  -0.675470  -0.137573  -0.061813   0.034626  -0.338282
     4  C   -0.011368  -1.063140  -0.099674  -0.085313   0.391187   0.662759
     5  C    0.344123   1.175532   0.213383   0.152728  -0.236484  -0.380316
     6  C   -0.082163  -0.047194  -0.383567  -0.003543  -0.032482  -0.067110
     7  N    6.577568   0.444783  -0.115986  -0.022019   0.013872  -0.002719
     8  C    0.444783   8.818946  -1.224853  -0.066446  -0.545577  -0.815617
     9  C   -0.115986  -1.224853   7.064336   0.591506  -0.146686   0.615530
    10  C   -0.022019  -0.066446   0.591506   5.545995   0.557965  -0.270808
    11  C    0.013872  -0.545577  -0.146686   0.557965   6.564806   0.099497
    12  C   -0.002719  -0.815617   0.615530  -0.270808   0.099497   7.689313
    13  C    0.033033  -0.038744  -0.303677  -0.492474  -0.782971  -1.115898
    14  N   -0.041843   0.208822  -0.063535   0.051467  -0.039639  -0.203888
    15  H    0.000210  -0.002799  -0.001592   0.000092   0.000845   0.005847
    16  H   -0.012778  -0.022374   0.002184  -0.000650   0.000135  -0.000635
    17  H   -0.013610   0.098267   0.265546  -0.015186  -0.009137  -0.024055
    18  H    0.000437   0.016954  -0.010908   0.287327   0.022826   0.022224
    19  H   -0.000088  -0.010703   0.007725   0.019050   0.305484  -0.004335
    20  H    0.000364   0.024488   0.002158  -0.009479  -0.063662   0.323707
    21  N    0.000035   0.008269  -0.001329  -0.000195   0.000148   0.001296
    22  H   -0.000199   0.000518   0.000033  -0.000000  -0.000000   0.000031
    23  H    0.000048   0.000421  -0.000056  -0.000002   0.000002   0.000020
    24  N    0.000408   0.001352   0.001104   0.000030  -0.000400  -0.002474
    25  H   -0.000000  -0.000203   0.000005   0.000001  -0.000004  -0.000067
    26  H    0.000017   0.000318   0.000036  -0.000001   0.000006   0.000113
    27  Mn  -0.011651   0.125723   0.009807  -0.002916  -0.104535  -0.101478
              13         14         15         16         17         18
     1  C   -0.104996   0.029825   0.034351   0.000791  -0.000039   0.000003
     2  C    0.095138  -0.026323   0.001264  -0.000659   0.000121   0.000000
     3  C    0.528518  -0.188665   0.184519  -0.038525  -0.000303  -0.000043
     4  C   -0.148929   0.294517   0.128025   0.054037   0.001469   0.000388
     5  C   -1.241096   0.235586   0.035855   0.130889  -0.027641   0.000478
     6  C   -0.251739  -0.051365  -0.021778   0.224096   0.003669   0.000032
     7  N    0.033033  -0.041843   0.000210  -0.012778  -0.013610   0.000437
     8  C   -0.038744   0.208822  -0.002799  -0.022374   0.098267   0.016954
     9  C   -0.303677  -0.063535  -0.001592   0.002184   0.265546  -0.010908
    10  C   -0.492474   0.051467   0.000092  -0.000650  -0.015186   0.287327
    11  C   -0.782971  -0.039639   0.000845   0.000135  -0.009137   0.022826
    12  C   -1.115898  -0.203888   0.005847  -0.000635  -0.024055   0.022224
    13  C    9.376058   0.325850  -0.027277   0.005960   0.046673  -0.011509
    14  N    0.325850   6.250960  -0.019807   0.001532   0.001667  -0.000242
    15  H   -0.027277  -0.019807   0.490750   0.000016   0.000000  -0.000000
    16  H    0.005960   0.001532   0.000016   0.470450   0.000000  -0.000000
    17  H    0.046673   0.001667   0.000000   0.000000   0.476779  -0.003246
    18  H   -0.011509  -0.000242  -0.000000  -0.000000  -0.003246   0.471536
    19  H    0.009165   0.000995  -0.000000   0.000000  -0.000143  -0.002526
    20  H    0.069483  -0.020122   0.000001   0.000000   0.000018  -0.000164
    21  N    0.002976  -0.000472  -0.000391  -0.013940  -0.000000  -0.000000
    22  H    0.000323   0.000030   0.000002   0.002846   0.000000  -0.000000
    23  H   -0.000231  -0.000004  -0.000004  -0.000086   0.000000   0.000000
    24  N    0.007418   0.001044  -0.017412  -0.000052   0.000000  -0.000000
    25  H    0.000057  -0.000059  -0.000166  -0.000006   0.000000  -0.000000
    26  H    0.000580  -0.000089   0.003723   0.000002  -0.000000   0.000000
    27  Mn   0.046629   0.175073   0.022012   0.000124   0.000120  -0.000117
              19         20         21         22         23         24
     1  C    0.000005   0.000297   0.290034  -0.070760   0.084681  -0.260283
     2  C   -0.000024   0.001024  -0.279938   0.061726  -0.172684   0.243529
     3  C   -0.000235   0.005308  -0.007280  -0.007820  -0.023035   0.126206
     4  C   -0.000100  -0.035751   0.058962   0.002382  -0.014541   0.095134
     5  C    0.001061  -0.006300   0.051123   0.045963   0.009076   0.035581
     6  C    0.000019  -0.001567   0.035021  -0.058305   0.086849  -0.042854
     7  N   -0.000088   0.000364   0.000035  -0.000199   0.000048   0.000408
     8  C   -0.010703   0.024488   0.008269   0.000518   0.000421   0.001352
     9  C    0.007725   0.002158  -0.001329   0.000033  -0.000056   0.001104
    10  C    0.019050  -0.009479  -0.000195  -0.000000  -0.000002   0.000030
    11  C    0.305484  -0.063662   0.000148  -0.000000   0.000002  -0.000400
    12  C   -0.004335   0.323707   0.001296   0.000031   0.000020  -0.002474
    13  C    0.009165   0.069483   0.002976   0.000323  -0.000231   0.007418
    14  N    0.000995  -0.020122  -0.000472   0.000030  -0.000004   0.001044
    15  H   -0.000000   0.000001  -0.000391   0.000002  -0.000004  -0.017412
    16  H    0.000000   0.000000  -0.013940   0.002846  -0.000086  -0.000052
    17  H   -0.000143   0.000018  -0.000000   0.000000   0.000000   0.000000
    18  H   -0.002526  -0.000164  -0.000000  -0.000000   0.000000  -0.000000
    19  H    0.470494  -0.004100  -0.000000   0.000000  -0.000000   0.000000
    20  H   -0.004100   0.497712  -0.000000   0.000000   0.000000   0.000000
    21  N   -0.000000  -0.000000   6.827179   0.351319   0.332092   0.013321
    22  H    0.000000   0.000000   0.351319   0.344104  -0.021561  -0.001204
    23  H   -0.000000   0.000000   0.332092  -0.021561   0.358569   0.020554
    24  N    0.000000   0.000000   0.013321  -0.001204   0.020554   6.747950
    25  H    0.000000   0.000000   0.023315  -0.000013  -0.001654   0.337938
    26  H   -0.000000   0.000000  -0.001138  -0.000003   0.000024   0.350697
    27  Mn  -0.000207   0.029510  -0.000385   0.000005  -0.000015  -0.000962
              25         26         27
     1  C   -0.167005   0.067023   0.024421
     2  C    0.050647  -0.065359  -0.113634
     3  C    0.119293  -0.075807  -0.160344
     4  C    0.007122   0.047879   0.045066
     5  C   -0.018899   0.003644   0.114270
     6  C   -0.025103  -0.003167  -0.010542
     7  N   -0.000000   0.000017  -0.011651
     8  C   -0.000203   0.000318   0.125723
     9  C    0.000005   0.000036   0.009807
    10  C    0.000001  -0.000001  -0.002916
    11  C   -0.000004   0.000006  -0.104535
    12  C   -0.000067   0.000113  -0.101478
    13  C    0.000057   0.000580   0.046629
    14  N   -0.000059  -0.000089   0.175073
    15  H   -0.000166   0.003723   0.022012
    16  H   -0.000006   0.000002   0.000124
    17  H    0.000000  -0.000000   0.000120
    18  H   -0.000000   0.000000  -0.000117
    19  H    0.000000  -0.000000  -0.000207
    20  H    0.000000   0.000000   0.029510
    21  N    0.023315  -0.001138  -0.000385
    22  H   -0.000013  -0.000003   0.000005
    23  H   -0.001654   0.000024  -0.000015
    24  N    0.337938   0.350697  -0.000962
    25  H    0.343994  -0.020159   0.000074
    26  H   -0.020159   0.336118  -0.000020
    27  Mn   0.000074  -0.000020  23.374404
          Atomic-Atomic Spin Densities.
               1          2          3          4          5          6
     1  C    0.267709  -0.305790   0.013442  -0.129240   0.193141  -0.063346
     2  C   -0.305790   0.878175  -0.143199  -0.130459  -0.263473  -0.019484
     3  C    0.013442  -0.143199   0.385012   0.095207  -0.317482   0.010806
     4  C   -0.129240  -0.130459   0.095207   0.719801  -0.544053   0.134553
     5  C    0.193141  -0.263473  -0.317482  -0.544053   1.096906  -0.237887
     6  C   -0.063346  -0.019484   0.010806   0.134553  -0.237887   0.273096
     7  N   -0.006485   0.003415   0.012310   0.046288  -0.075236   0.010839
     8  C    0.098268  -0.136681  -0.207924  -0.450421   0.701883  -0.040425
     9  C    0.013072  -0.002559   0.004191  -0.097992  -0.005692  -0.039295
    10  C    0.006359  -0.006817  -0.011655  -0.049511   0.052163   0.006723
    11  C   -0.011417   0.016925   0.055385   0.166325  -0.118677   0.008179
    12  C   -0.025497   0.052255   0.110603   0.069844  -0.199285   0.017016
    13  C   -0.074474   0.118182   0.036467   0.219698  -0.368762  -0.053015
    14  N    0.012190  -0.013811  -0.009647  -0.052015   0.045828  -0.004279
    15  H   -0.004508   0.005141   0.009214  -0.004394  -0.006001   0.001089
    16  H   -0.000378  -0.001048   0.000398   0.001749  -0.002382   0.001150
    17  H   -0.000023  -0.000013   0.000031   0.000554  -0.000874  -0.000023
    18  H    0.000002  -0.000002  -0.000010  -0.000095   0.000190   0.000028
    19  H    0.000001  -0.000001  -0.000012  -0.000120   0.000087   0.000001
    20  H   -0.000036   0.000190   0.000714   0.001762  -0.002838  -0.000124
    21  N   -0.005322   0.009749  -0.003505  -0.000662   0.002307  -0.002479
    22  H   -0.001053   0.000819  -0.000115   0.000046   0.000057   0.000227
    23  H    0.000672  -0.000733  -0.000087   0.000060  -0.000032   0.000133
    24  N    0.007421  -0.013892   0.003428   0.001154  -0.000752   0.001529
    25  H   -0.000297   0.000492  -0.000140   0.000072  -0.000081  -0.000064
    26  H   -0.000084  -0.000566   0.000436   0.000080   0.000010   0.000043
    27  Mn   0.008594  -0.048535  -0.045452   0.029528   0.028678   0.000269
               7          8          9         10         11         12
     1  C   -0.006485   0.098268   0.013072   0.006359  -0.011417  -0.025497
     2  C    0.003415  -0.136681  -0.002559  -0.006817   0.016925   0.052255
     3  C    0.012310  -0.207924   0.004191  -0.011655   0.055385   0.110603
     4  C    0.046288  -0.450421  -0.097992  -0.049511   0.166325   0.069844
     5  C   -0.075236   0.701883  -0.005692   0.052163  -0.118677  -0.199285
     6  C    0.010839  -0.040425  -0.039295   0.006723   0.008179   0.017016
     7  N    0.023211  -0.067268   0.014471  -0.004131   0.001223   0.013195
     8  C   -0.067268   1.013376  -0.183001   0.095624  -0.203522  -0.299903
     9  C    0.014471  -0.183001   0.257665  -0.022874  -0.096306   0.041276
    10  C   -0.004131   0.095624  -0.022874   0.065032  -0.000213  -0.036001
    11  C    0.001223  -0.203522  -0.096306  -0.000213   0.809362  -0.334585
    12  C    0.013195  -0.299903   0.041276  -0.036001  -0.334585   0.543081
    13  C    0.042750  -0.407073   0.115398  -0.102713  -0.216424   0.072815
    14  N   -0.005662   0.046382  -0.001968   0.005995  -0.011264  -0.010300
    15  H    0.000103  -0.001796  -0.000078  -0.000016   0.000022   0.000421
    16  H    0.000229  -0.000285   0.000124   0.000000  -0.000020   0.000015
    17  H    0.000246  -0.003557   0.002139  -0.000870  -0.000602   0.000838
    18  H   -0.000023   0.001689  -0.002316   0.001769  -0.000385  -0.000106
    19  H   -0.000006   0.000697  -0.000533   0.000074  -0.002801   0.002115
    20  H    0.000109  -0.008732   0.001474  -0.001396   0.010523   0.004692
    21  N   -0.000019   0.000021   0.000086  -0.000002  -0.000002   0.000017
    22  H    0.000001  -0.000011  -0.000005  -0.000000   0.000000   0.000001
    23  H    0.000000   0.000002   0.000001   0.000000  -0.000000  -0.000000
    24  N    0.000003   0.000073  -0.000001   0.000006   0.000008   0.000085
    25  H    0.000000   0.000001   0.000001  -0.000000  -0.000000  -0.000000
    26  H    0.000000  -0.000003  -0.000001   0.000000  -0.000000  -0.000002
    27  Mn  -0.000821   0.033375   0.008692  -0.001233  -0.074862  -0.028027
              13         14         15         16         17         18
     1  C   -0.074474   0.012190  -0.004508  -0.000378  -0.000023   0.000002
     2  C    0.118182  -0.013811   0.005141  -0.001048  -0.000013  -0.000002
     3  C    0.036467  -0.009647   0.009214   0.000398   0.000031  -0.000010
     4  C    0.219698  -0.052015  -0.004394   0.001749   0.000554  -0.000095
     5  C   -0.368762   0.045828  -0.006001  -0.002382  -0.000874   0.000190
     6  C   -0.053015  -0.004279   0.001089   0.001150  -0.000023   0.000028
     7  N    0.042750  -0.005662   0.000103   0.000229   0.000246  -0.000023
     8  C   -0.407073   0.046382  -0.001796  -0.000285  -0.003557   0.001689
     9  C    0.115398  -0.001968  -0.000078   0.000124   0.002139  -0.002316
    10  C   -0.102713   0.005995  -0.000016   0.000000  -0.000870   0.001769
    11  C   -0.216424  -0.011264   0.000022  -0.000020  -0.000602  -0.000385
    12  C    0.072815  -0.010300   0.000421   0.000015   0.000838  -0.000106
    13  C    0.628829  -0.034630   0.000710   0.000379   0.002117  -0.000742
    14  N   -0.034630   0.059183   0.000533  -0.000049  -0.000062   0.000015
    15  H    0.000710   0.000533  -0.002147   0.000000   0.000000  -0.000000
    16  H    0.000379  -0.000049   0.000000  -0.000013   0.000000   0.000000
    17  H    0.002117  -0.000062   0.000000   0.000000  -0.000037  -0.000001
    18  H   -0.000742   0.000015  -0.000000   0.000000  -0.000001   0.000148
    19  H    0.000527  -0.000033  -0.000000   0.000000   0.000000  -0.000008
    20  H   -0.005942   0.000645   0.000000   0.000000   0.000000   0.000001
    21  N    0.000392   0.000024   0.000019   0.000005   0.000000  -0.000000
    22  H    0.000017  -0.000001  -0.000000  -0.000004  -0.000000   0.000000
    23  H    0.000000   0.000000   0.000000   0.000000  -0.000000   0.000000
    24  N   -0.000533  -0.000094   0.000527   0.000014   0.000000   0.000000
    25  H    0.000009   0.000002   0.000001  -0.000000  -0.000000  -0.000000
    26  H   -0.000007  -0.000002  -0.000048  -0.000000  -0.000000  -0.000000
    27  Mn   0.058551  -0.022772  -0.000387   0.000039   0.000043  -0.000010
              19         20         21         22         23         24
     1  C    0.000001  -0.000036  -0.005322  -0.001053   0.000672   0.007421
     2  C   -0.000001   0.000190   0.009749   0.000819  -0.000733  -0.013892
     3  C   -0.000012   0.000714  -0.003505  -0.000115  -0.000087   0.003428
     4  C   -0.000120   0.001762  -0.000662   0.000046   0.000060   0.001154
     5  C    0.000087  -0.002838   0.002307   0.000057  -0.000032  -0.000752
     6  C    0.000001  -0.000124  -0.002479   0.000227   0.000133   0.001529
     7  N   -0.000006   0.000109  -0.000019   0.000001   0.000000   0.000003
     8  C    0.000697  -0.008732   0.000021  -0.000011   0.000002   0.000073
     9  C   -0.000533   0.001474   0.000086  -0.000005   0.000001  -0.000001
    10  C    0.000074  -0.001396  -0.000002  -0.000000   0.000000   0.000006
    11  C   -0.002801   0.010523  -0.000002   0.000000  -0.000000   0.000008
    12  C    0.002115   0.004692   0.000017   0.000001  -0.000000   0.000085
    13  C    0.000527  -0.005942   0.000392   0.000017   0.000000  -0.000533
    14  N   -0.000033   0.000645   0.000024  -0.000001   0.000000  -0.000094
    15  H   -0.000000   0.000000   0.000019  -0.000000   0.000000   0.000527
    16  H    0.000000   0.000000   0.000005  -0.000004   0.000000   0.000014
    17  H    0.000000   0.000000   0.000000  -0.000000  -0.000000   0.000000
    18  H   -0.000008   0.000001  -0.000000   0.000000   0.000000   0.000000
    19  H   -0.000210   0.000041  -0.000000   0.000000   0.000000  -0.000000
    20  H    0.000041  -0.002179   0.000000  -0.000000  -0.000000  -0.000000
    21  N   -0.000000   0.000000  -0.000654   0.000043  -0.000029  -0.000594
    22  H    0.000000  -0.000000   0.000043   0.000023  -0.000003  -0.000019
    23  H    0.000000  -0.000000  -0.000029  -0.000003  -0.000081   0.000055
    24  N   -0.000000  -0.000000  -0.000594  -0.000019   0.000055   0.004596
    25  H    0.000000  -0.000000   0.000034  -0.000000  -0.000004  -0.000085
    26  H   -0.000000   0.000000  -0.000003  -0.000000   0.000000   0.000061
    27  Mn   0.000002  -0.000469  -0.000059   0.000000   0.000001  -0.000159
              25         26         27
     1  C   -0.000297  -0.000084   0.008594
     2  C    0.000492  -0.000566  -0.048535
     3  C   -0.000140   0.000436  -0.045452
     4  C    0.000072   0.000080   0.029528
     5  C   -0.000081   0.000010   0.028678
     6  C   -0.000064   0.000043   0.000269
     7  N    0.000000   0.000000  -0.000821
     8  C    0.000001  -0.000003   0.033375
     9  C    0.000001  -0.000001   0.008692
    10  C   -0.000000   0.000000  -0.001233
    11  C   -0.000000  -0.000000  -0.074862
    12  C   -0.000000  -0.000002  -0.028027
    13  C    0.000009  -0.000007   0.058551
    14  N    0.000002  -0.000002  -0.022772
    15  H    0.000001  -0.000048  -0.000387
    16  H   -0.000000  -0.000000   0.000039
    17  H   -0.000000  -0.000000   0.000043
    18  H   -0.000000  -0.000000  -0.000010
    19  H    0.000000  -0.000000   0.000002
    20  H   -0.000000   0.000000  -0.000469
    21  N    0.000034  -0.000003  -0.000059
    22  H   -0.000000  -0.000000   0.000000
    23  H   -0.000004   0.000000   0.000001
    24  N   -0.000085   0.000061  -0.000159
    25  H    0.000050   0.000001   0.000002
    26  H    0.000001  -0.000051   0.000025
    27  Mn   0.000002   0.000025   5.035928
 Mulliken charges and spin densities:
               1          2
     1  C    0.128752  -0.007080
     2  C    0.516014  -0.001719
     3  C   -0.245305  -0.001586
     4  C   -0.037368   0.027759
     5  C    0.029721  -0.022257
     6  C   -0.406269   0.005260
     7  N   -0.165871   0.008743
     8  C   -0.099980  -0.019212
     9  C   -0.233054   0.005969
    10  C   -0.178142  -0.003686
    11  C   -0.065487  -0.003129
    12  C   -0.066359  -0.005437
    13  C   -0.028320   0.032525
    14  N    0.078687   0.004209
    15  H    0.183716  -0.001595
    16  H    0.196644  -0.000077
    17  H    0.199031  -0.000094
    18  H    0.206548   0.000146
    19  H    0.208463  -0.000178
    20  H    0.187075  -0.001563
    21  N   -0.690020  -0.000636
    22  H    0.350584   0.000020
    23  H    0.341537  -0.000045
    24  N   -0.656624   0.002833
    25  H    0.350894  -0.000004
    26  H    0.355562  -0.000109
    27  Mn   1.539571   4.980941
 Sum of Mulliken charges =   2.00000   5.00000
 Mulliken charges and spin densities with hydrogens summed into heavy atoms:
               1          2
     1  C    0.128752  -0.007080
     2  C    0.516014  -0.001719
     3  C   -0.061588  -0.003181
     4  C   -0.037368   0.027759
     5  C    0.029721  -0.022257
     6  C   -0.209625   0.005183
     7  N   -0.165871   0.008743
     8  C   -0.099980  -0.019212
     9  C   -0.034023   0.005875
    10  C    0.028406  -0.003540
    11  C    0.142976  -0.003306
    12  C    0.120716  -0.007000
    13  C   -0.028320   0.032525
    14  N    0.078687   0.004209
    21  N    0.002101  -0.000661
    24  N    0.049832   0.002721
    27  Mn   1.539571   4.980941
 APT charges:
               1
     1  C    0.894739
     2  C    1.399740
     3  C   -0.785677
     4  C    0.566905
     5  C    0.057761
     6  C   -0.316631
     7  N    0.211134
     8  C   -0.297234
     9  C    0.253873
    10  C   -0.249574
    11  C   -0.112256
    12  C    0.074709
    13  C   -0.072544
    14  N   -0.482175
    15  H    0.025994
    16  H    0.070359
    17  H    0.067913
    18  H    0.046606
    19  H    0.049544
    20  H    0.018352
    21  N   -1.234008
    22  H    0.253233
    23  H    0.320991
    24  N   -1.460332
    25  H    0.360330
    26  H    0.276225
    27  Mn   2.062022
 Sum of APT charges =   2.00000
 APT charges with hydrogens summed into heavy atoms:
               1
     1  C    0.894739
     2  C    1.399740
     3  C   -0.759683
     4  C    0.566905
     5  C    0.057761
     6  C   -0.246272
     7  N    0.211134
     8  C   -0.297234
     9  C    0.321786
    10  C   -0.202969
    11  C   -0.062712
    12  C    0.093061
    13  C   -0.072544
    14  N   -0.482175
    21  N   -0.659783
    24  N   -0.823776
    27  Mn   2.062022
 Electronic spatial extent (au):  <R**2>=           4977.8445
 Charge=              2.0000 electrons
 Dipole moment (field-independent basis, Debye):
    X=              1.9997    Y=             24.3396    Z=              0.2751  Tot=             24.4231
 Quadrupole moment (field-independent basis, Debye-Ang):
   XX=            -32.0731   YY=            -14.0144   ZZ=           -104.2964
   XY=             22.4626   XZ=             -1.4796   YZ=             -2.5744
 Traceless Quadrupole moment (field-independent basis, Debye-Ang):
   XX=             18.0549   YY=             36.1135   ZZ=            -54.1684
   XY=             22.4626   XZ=             -1.4796   YZ=             -2.5744
 Octapole moment (field-independent basis, Debye-Ang**2):
  XXX=            -97.2612  YYY=            318.7887  ZZZ=              0.8104  XYY=             47.2505
  XXY=             34.9425  XXZ=              9.4463  XZZ=              3.2277  YZZ=             40.9866
  YYZ=              1.6280  XYZ=             15.3033
 Hexadecapole moment (field-independent basis, Debye-Ang**3):
 XXXX=          -2956.1859 YYYY=           -784.8111 ZZZZ=           -114.3724 XXXY=            107.1286
 XXXZ=            -57.4329 YYYX=            322.2711 YYYZ=             -5.4442 ZZZX=             -1.8866
 ZZZY=             -1.3064 XXYY=           -644.5269 XXZZ=           -823.7154 YYZZ=           -295.6211
 XXYZ=            -70.4391 YYXZ=             -3.5645 ZZXY=             46.5945
 N-N= 1.336863154695D+03 E-N=-6.951469295054D+03  KE= 1.825543400612D+03
  Exact polarizability:     552.217     -41.595     257.188       0.256       0.726     125.408
 Approx polarizability:     365.461     -23.638     214.489       0.029       0.996     113.882
                          Isotropic Fermi Contact Couplings
        Atom                 a.u.       MegaHertz       Gauss      10(-4) cm-1
     1  C(13)             -0.00005      -0.01092      -0.00390      -0.00364
     2  C(13)              0.00068       0.15200       0.05424       0.05070
     3  C(13)              0.00419       0.94267       0.33637       0.31444
     4  C(13)              0.00288       0.64714       0.23092       0.21586
     5  C(13)             -0.00009      -0.01946      -0.00694      -0.00649
     6  C(13)              0.00032       0.07263       0.02592       0.02423
     7  N(14)              0.00118       0.07614       0.02717       0.02540
     8  C(13)             -0.00013      -0.03015      -0.01076      -0.01006
     9  C(13)              0.00040       0.09039       0.03225       0.03015
    10  C(13)              0.00005       0.01232       0.00440       0.00411
    11  C(13)              0.00097       0.21740       0.07757       0.07252
    12  C(13)              0.00528       1.18740       0.42369       0.39607
    13  C(13)              0.00267       0.60050       0.21427       0.20030
    14  N(14)              0.01204       0.77773       0.27751       0.25942
    15  H(1)               0.00022       0.19673       0.07020       0.06562
    16  H(1)              -0.00003      -0.02738      -0.00977      -0.00913
    17  H(1)              -0.00004      -0.03642      -0.01299      -0.01215
    18  H(1)               0.00006       0.05340       0.01906       0.01781
    19  H(1)              -0.00005      -0.04588      -0.01637      -0.01530
    20  H(1)               0.00029       0.25754       0.09190       0.08591
    21  N(14)             -0.00023      -0.01478      -0.00527      -0.00493
    22  H(1)               0.00001       0.01083       0.00386       0.00361
    23  H(1)              -0.00003      -0.03090      -0.01103      -0.01031
    24  N(14)              0.00054       0.03503       0.01250       0.01169
    25  H(1)               0.00001       0.00725       0.00259       0.00242
    26  H(1)              -0.00002      -0.02057      -0.00734      -0.00686
    27  Mn(55)             0.44945      99.36103      35.45449      33.14327
 --------------------------------------------------------
       Center         ----  Spin Dipole Couplings  ----
                      3XX-RR        3YY-RR        3ZZ-RR
 --------------------------------------------------------
     1   Atom        0.003799      0.003266     -0.007065
     2   Atom        0.006711     -0.003830     -0.002881
     3   Atom        0.020982      0.001968     -0.022950
     4   Atom       -0.008303      0.025264     -0.016961
     5   Atom       -0.003025      0.014758     -0.011733
     6   Atom       -0.001865      0.003290     -0.001425
     7   Atom       -0.014501      0.002574      0.011927
     8   Atom       -0.005725      0.018700     -0.012975
     9   Atom       -0.004686      0.006094     -0.001408
    10   Atom        0.000773      0.006789     -0.007562
    11   Atom        0.001877      0.003318     -0.005195
    12   Atom        0.003939      0.022176     -0.026116
    13   Atom       -0.022544      0.042477     -0.019932
    14   Atom       -0.055177      0.137576     -0.082400
    15   Atom        0.057361     -0.023617     -0.033744
    16   Atom       -0.000969      0.003655     -0.002686
    17   Atom       -0.002398      0.005137     -0.002739
    18   Atom       -0.000030      0.002642     -0.002613
    19   Atom        0.005772     -0.000117     -0.005655
    20   Atom        0.041982     -0.003395     -0.038587
    21   Atom        0.002488      0.001348     -0.003836
    22   Atom        0.000951      0.000667     -0.001618
    23   Atom        0.002093     -0.000192     -0.001901
    24   Atom        0.005574     -0.006250      0.000676
    25   Atom        0.005084     -0.002170     -0.002914
    26   Atom        0.010689     -0.004979     -0.005709
    27   Atom       -0.027418      0.040956     -0.013539
 --------------------------------------------------------
                        XY            XZ            YZ
 --------------------------------------------------------
     1   Atom        0.006005     -0.000251     -0.000113
     2   Atom        0.009898     -0.000349      0.000437
     3   Atom        0.029850      0.000341      0.000044
     4   Atom        0.032120      0.000200     -0.000013
     5   Atom        0.008573      0.000068      0.000179
     6   Atom        0.005966      0.000146      0.000051
     7   Atom        0.002477     -0.000032     -0.000306
     8   Atom       -0.002685      0.000012      0.000262
     9   Atom       -0.003843     -0.000045      0.000040
    10   Atom       -0.005588     -0.000020      0.000111
    11   Atom       -0.012025     -0.000081      0.000025
    12   Atom       -0.033268     -0.000066      0.000142
    13   Atom       -0.018084     -0.000083      0.000218
    14   Atom        0.031274      0.000015      0.000864
    15   Atom        0.027887      0.001124      0.000333
    16   Atom        0.003400     -0.000005     -0.000021
    17   Atom       -0.001754     -0.000014      0.000060
    18   Atom       -0.003398     -0.000018      0.000032
    19   Atom       -0.007867     -0.000010      0.000006
    20   Atom       -0.051080      0.000213     -0.000100
    21   Atom        0.003327     -0.000759      0.000307
    22   Atom        0.002411     -0.000061     -0.000026
    23   Atom        0.002724     -0.000350     -0.000288
    24   Atom        0.004211     -0.001800     -0.000008
    25   Atom        0.002948      0.000702      0.000259
    26   Atom        0.002324      0.000617      0.000039
    27   Atom        0.012153     -0.000341     -0.000433
 --------------------------------------------------------


 ---------------------------------------------------------------------------------
              Anisotropic Spin Dipole Couplings in Principal Axis System
 ---------------------------------------------------------------------------------

       Atom             a.u.   MegaHertz   Gauss  10(-4) cm-1        Axes

              Baa    -0.0071    -0.949    -0.339    -0.317  0.0251 -0.0036  0.9997
     1 C(13)  Bbb    -0.0025    -0.332    -0.119    -0.111 -0.6908  0.7228  0.0199
              Bcc     0.0095     1.281     0.457     0.427  0.7226  0.6911 -0.0156
 
              Baa    -0.0098    -1.317    -0.470    -0.439 -0.5134  0.8545 -0.0796
     2 C(13)  Bbb    -0.0028    -0.381    -0.136    -0.127 -0.0369  0.0707  0.9968
              Bcc     0.0127     1.698     0.606     0.566  0.8574  0.5147 -0.0048
 
              Baa    -0.0230    -3.081    -1.099    -1.028 -0.0351  0.0403  0.9986
     3 C(13)  Bbb    -0.0198    -2.663    -0.950    -0.888 -0.5891  0.8063 -0.0533
              Bcc     0.0428     5.744     2.050     1.916  0.8073  0.5901  0.0046
 
              Baa    -0.0278    -3.725    -1.329    -1.243  0.8552 -0.5180 -0.0164
     4 C(13)  Bbb    -0.0170    -2.276    -0.812    -0.759  0.0133 -0.0098  0.9999
              Bcc     0.0447     6.001     2.141     2.002  0.5181  0.8553  0.0015
 
              Baa    -0.0117    -1.575    -0.562    -0.525 -0.0018 -0.0062  1.0000
     5 C(13)  Bbb    -0.0065    -0.870    -0.311    -0.290  0.9273 -0.3742 -0.0007
              Bcc     0.0182     2.445     0.872     0.816  0.3742  0.9273  0.0064
 
              Baa    -0.0058    -0.777    -0.277    -0.259  0.8356 -0.5490 -0.0217
     6 C(13)  Bbb    -0.0014    -0.191    -0.068    -0.064  0.0103 -0.0238  0.9997
              Bcc     0.0072     0.968     0.345     0.323  0.5493  0.8355  0.0142
 
              Baa    -0.0149    -0.573    -0.204    -0.191  0.9900 -0.1408 -0.0004
     7 N(14)  Bbb     0.0029     0.112     0.040     0.038  0.1407  0.9895  0.0341
              Bcc     0.0119     0.460     0.164     0.154 -0.0044 -0.0338  0.9994
 
              Baa    -0.0130    -1.741    -0.621    -0.581 -0.0049 -0.0087  1.0000
     8 C(13)  Bbb    -0.0060    -0.807    -0.288    -0.269  0.9941  0.1079  0.0058
              Bcc     0.0190     2.549     0.909     0.850 -0.1080  0.9941  0.0081
 
              Baa    -0.0059    -0.794    -0.283    -0.265  0.9524  0.3047  0.0068
     9 C(13)  Bbb    -0.0014    -0.189    -0.067    -0.063 -0.0047 -0.0078  1.0000
              Bcc     0.0073     0.983     0.351     0.328 -0.3047  0.9524  0.0060
 
              Baa    -0.0076    -1.015    -0.362    -0.339 -0.0038 -0.0092  1.0000
    10 C(13)  Bbb    -0.0026    -0.344    -0.123    -0.115  0.8585  0.5128  0.0080
              Bcc     0.0101     1.359     0.485     0.453 -0.5128  0.8585  0.0060
 
              Baa    -0.0094    -1.268    -0.452    -0.423  0.7279  0.6856  0.0098
    11 C(13)  Bbb    -0.0052    -0.697    -0.249    -0.233 -0.0046 -0.0094  0.9999
              Bcc     0.0146     1.965     0.701     0.656 -0.6856  0.7279  0.0037
 
              Baa    -0.0261    -3.505    -1.251    -1.169 -0.0045 -0.0060  1.0000
    12 C(13)  Bbb    -0.0214    -2.877    -1.026    -0.960  0.7951  0.6065  0.0072
              Bcc     0.0476     6.381     2.277     2.129 -0.6065  0.7951  0.0021
 
              Baa    -0.0272    -3.655    -1.304    -1.219  0.9680  0.2511  0.0035
    13 C(13)  Bbb    -0.0199    -2.675    -0.954    -0.892 -0.0025 -0.0042  1.0000
              Bcc     0.0472     6.330     2.259     2.111 -0.2511  0.9680  0.0034
 
              Baa    -0.0824    -3.178    -1.134    -1.060  0.0048 -0.0046  1.0000
    14 N(14)  Bbb    -0.0601    -2.319    -0.827    -0.773  0.9877 -0.1562 -0.0054
              Bcc     0.1425     5.497     1.961     1.834  0.1562  0.9877  0.0038
 
              Baa    -0.0338   -18.012    -6.427    -6.008 -0.0145  0.0071  0.9999
    15 H(1)   Bbb    -0.0323   -17.229    -6.148    -5.747 -0.2969  0.9549 -0.0110
              Bcc     0.0660    35.241    12.575    11.755  0.9548  0.2970  0.0117
 
              Baa    -0.0028    -1.477    -0.527    -0.493  0.8822 -0.4671 -0.0601
    16 H(1)   Bbb    -0.0027    -1.433    -0.511    -0.478  0.0543 -0.0259  0.9982
              Bcc     0.0055     2.910     1.038     0.971  0.4678  0.8838 -0.0025
 
              Baa    -0.0028    -1.487    -0.530    -0.496  0.9763  0.2161  0.0112
    17 H(1)   Bbb    -0.0027    -1.462    -0.522    -0.488 -0.0093 -0.0097  0.9999
              Bcc     0.0055     2.948     1.052     0.983 -0.2161  0.9763  0.0074
 
              Baa    -0.0026    -1.394    -0.497    -0.465 -0.0054 -0.0095  0.9999
    18 H(1)   Bbb    -0.0023    -1.251    -0.446    -0.417  0.8264  0.5630  0.0099
              Bcc     0.0050     2.645     0.944     0.882 -0.5631  0.8264  0.0048
 
              Baa    -0.0057    -3.017    -1.077    -1.007  0.0020  0.0017  1.0000
    19 H(1)   Bbb    -0.0056    -2.973    -1.061    -0.992  0.5699  0.8217 -0.0026
              Bcc     0.0112     5.991     2.138     1.998  0.8217 -0.5699 -0.0007
 
              Baa    -0.0386   -20.589    -7.347    -6.868 -0.0106 -0.0126  0.9999
    20 H(1)   Bbb    -0.0366   -19.527    -6.968    -6.513  0.5449  0.8383  0.0163
              Bcc     0.0752    40.116    14.314    13.381  0.8384 -0.5450  0.0021
 
              Baa    -0.0041    -0.156    -0.056    -0.052  0.2031 -0.1798  0.9625
    21 N(14)  Bbb    -0.0013    -0.048    -0.017    -0.016 -0.6090  0.7465  0.2680
              Bcc     0.0053     0.205     0.073     0.068  0.7667  0.6406 -0.0421
 
              Baa    -0.0016    -0.873    -0.311    -0.291  0.4238 -0.4346  0.7947
    22 H(1)   Bbb    -0.0016    -0.848    -0.302    -0.283 -0.5395  0.5836  0.6069
              Bcc     0.0032     1.721     0.614     0.574  0.7275  0.6860 -0.0129
 
              Baa    -0.0020    -1.081    -0.386    -0.361 -0.4642  0.7605  0.4540
    23 H(1)   Bbb    -0.0019    -1.020    -0.364    -0.340  0.3094 -0.3411  0.8877
              Bcc     0.0039     2.102     0.750     0.701  0.8299  0.5525 -0.0770
 
              Baa    -0.0076    -0.294    -0.105    -0.098 -0.3113  0.9480 -0.0666
    24 N(14)  Bbb     0.0003     0.010     0.004     0.003  0.2173  0.1392  0.9661
              Bcc     0.0074     0.284     0.101     0.095  0.9251  0.2863 -0.2493
 
              Baa    -0.0032    -1.717    -0.613    -0.573 -0.3318  0.9427 -0.0356
    25 H(1)   Bbb    -0.0030    -1.587    -0.566    -0.529 -0.0891  0.0062  0.9960
              Bcc     0.0062     3.304     1.179     1.102  0.9391  0.3336  0.0819
 
              Baa    -0.0057    -3.062    -1.092    -1.021 -0.0531  0.1118  0.9923
    26 H(1)   Bbb    -0.0053    -2.834    -1.011    -0.945 -0.1383  0.9833 -0.1182
              Bcc     0.0110     5.895     2.104     1.966  0.9890  0.1435  0.0367
 
              Baa    -0.0295    -3.895    -1.390    -1.299  0.9853 -0.1698  0.0164
    27 Mn(55) Bbb    -0.0135    -1.786    -0.637    -0.596 -0.0147  0.0112  0.9998
              Bcc     0.0431     5.681     2.027     1.895  0.1700  0.9854 -0.0086
 

 ---------------------------------------------------------------------------------

 No NMR shielding tensors so no spin-rotation constants.
 Leave Link  601 at Tue Apr 19 22:25:34 2022, MaxMem= 13421772800 cpu:              24.2 elap:               0.8
 (Enter /soft/gaussian/16-c.01/g16/l716.exe)
 Dipole        = 7.86729789D-01 9.57592169D+00 1.08247097D-01
 Polarizability= 5.52216882D+02-4.15950695D+01 2.57187658D+02
                 2.55532254D-01 7.26422236D-01 1.25408139D+02
 HyperPolar    = 9.00148219D+03-1.58709228D+03 2.33842148D+02
                 4.03992692D+02 3.79968188D+01 1.92182924D+00
                 7.18980160D+00 1.24515000D+02 6.09743636D+00
                 1.69627985D+01
 -------------------------------------------------------------------
 Center     Atomic                   Forces (Hartrees/Bohr)
 Number     Number              X              Y              Z
 -------------------------------------------------------------------
      1        6           0.000025561    0.000016695   -0.000024991
      2        6          -0.000040853    0.000021802   -0.000023407
      3        6           0.000031785    0.000018253    0.000114806
      4        6          -0.000031014    0.000003047   -0.000088275
      5        6           0.000031051   -0.000012852   -0.000058964
      6        6          -0.000025565    0.000006413    0.000104333
      7        7          -0.000023217    0.000005648    0.000123604
      8        6           0.000007979    0.000000155   -0.000041724
      9        6          -0.000003052   -0.000006699    0.000056836
     10        6           0.000004619   -0.000018524    0.000048591
     11        6          -0.000004164   -0.000011690    0.000037418
     12        6          -0.000004108   -0.000006072    0.000057927
     13        6          -0.000009507    0.000002898   -0.000054927
     14        7           0.000014386   -0.000001070    0.000120603
     15        1           0.000007605    0.000000856   -0.000067258
     16        1          -0.000007076    0.000003053   -0.000051661
     17        1          -0.000008276   -0.000005959   -0.000055508
     18        1          -0.000004971   -0.000010477   -0.000063086
     19        1           0.000002457   -0.000008388   -0.000071506
     20        1           0.000003693   -0.000001269   -0.000065488
     21        7           0.000014826   -0.000022196    0.000150555
     22        1          -0.000018781   -0.000007750   -0.000089967
     23        1          -0.000008966    0.000039859   -0.000061285
     24        7           0.000019479   -0.000007695    0.000183683
     25        1           0.000006917    0.000011040   -0.000107403
     26        1           0.000011266   -0.000002045   -0.000120115
     27       25           0.000007929   -0.000007030   -0.000619456
 -------------------------------------------------------------------
 Cartesian Forces:  Max     0.000619456 RMS     0.000085773
 Leave Link  716 at Tue Apr 19 22:25:34 2022, MaxMem= 13421772800 cpu:               2.3 elap:               0.1
 (Enter /soft/gaussian/16-c.01/g16/l106.exe)
 NDeriv=      3 NFrqRd=  0 NDerD0=      0 MskFDP=       0 MskDFD=       0 MskDF0=       0
 Re-enter D2Numr:  atom      0 IXYZ=3 step-up   number 1
 Leave Link  106 at Tue Apr 19 22:25:35 2022, MaxMem= 13421772800 cpu:               4.7 elap:               0.2
 (Enter /soft/gaussian/16-c.01/g16/l301.exe)
 Basis read from rwf:  (6D, 7F)
 No pseudopotential information found on rwf file.
 The following finite field(s) will be applied:
 An electric field of              0.0000  0.0000 -0.0003
   627 basis functions,   980 primitive gaussians,   687 cartesian basis functions
    69 alpha electrons       64 beta electrons
       nuclear repulsion energy      1336.8815914606 Hartrees.
 IExCor= 4639 DFT=T Ex+Corr=wB97XD ExCW=0 ScaHFX=  1.000000
 ScaDFX=  1.000000  1.000000  1.000000  1.000000 ScalE2=  1.000000  1.000000
 IRadAn=      5 IRanWt=     -1 IRanGd=            0 ICorTp=0 IEmpDi=121
 HFx  wShort=  0.000000 wLong=  0.200000 cFull=  0.222036 cShort=  0.000000 cLong=  0.777964
 DFx  wShort=  0.000000 wLong=  0.200000 cFull=  0.000000 cShort=  0.000000 cLong=  1.000000
 NAtoms=   27 NActive=   27 NUniq=   27 SFac= 1.00D+00 NAtFMM=   60 NAOKFM=F Big=F
 Integral buffers will be    131072 words long.
 Raffenetti 2 integral format.
 Two-electron integral symmetry is turned off.
 R6Disp:  Grimme-D2 Dispersion energy=       -0.0184367652 Hartrees.
 Nuclear repulsion after empirical dispersion term =     1336.8631546954 Hartrees.
 No density basis found on file    724.
 Force inversion solution in PCM.
 ------------------------------------------------------------------------------
 Polarizable Continuum Model (PCM)
 =================================
 Model                : C-PCM.
 Atomic radii         : UFF (Universal Force Field).
 Polarization charges : Total charges.
 Charge compensation  : None.
 Solution method      : Matrix inversion.
 Cavity type          : Scaled VdW (van der Waals Surface) (Alpha=1.100).
 Cavity algorithm     : GePol (No added spheres)
                        Default sphere list used, NSphG=   27.
                        Lebedev-Laikov grids with approx.  5.0 points / Ang**2.
                        Smoothing algorithm: York/Karplus (Gamma=1.0000).
                        Polarization charges: spherical gaussians, with
                                              point-specific exponents (IZeta= 3).
                        Self-potential: point-specific (ISelfS= 7).
                        Self-field    : sphere-specific E.n sum rule (ISelfD= 2).
 1st derivatives      : Analytical E(r).r(x)/FMM algorithm (CHGder, D1EAlg=3).
                        Cavity 1st derivative terms included.
 Solvent              : Water, Eps=  78.355300 Eps(inf)=   1.777849
 ------------------------------------------------------------------------------
 GePol: Number of generator spheres                  =      27
 GePol: Total number of spheres                      =      27
 GePol: Number of exposed spheres                    =      27 (100.00%)
 GePol: Number of points                             =    2142
 GePol: Average weight of points                     =       0.13
 GePol: Minimum weight of points                     =   0.35D-10
 GePol: Maximum weight of points                     =    0.21276
 GePol: Number of points with low weight             =     125
 GePol: Fraction of low-weight points (<1% of avg)   =       5.84%
 GePol: Cavity surface area                          =    279.984 Ang**2
 GePol: Cavity volume                                =    296.941 Ang**3
 Leave Link  301 at Tue Apr 19 22:25:35 2022, MaxMem= 13421772800 cpu:               2.6 elap:               0.1
 (Enter /soft/gaussian/16-c.01/g16/l302.exe)
 NPDir=0 NMtPBC=     1 NCelOv=     1 NCel=       1 NClECP=     1 NCelD=      1
         NCelK=      1 NCelE2=     1 NClLst=     1 CellRange=     0.0.
 One-electron integrals computed using PRISM.
 NBasis=   627 RedAO= T EigKep=  1.19D-06  NBF=   627
 NBsUse=   624 1.00D-06 EigRej=  7.90D-07 NBFU=   624
 Precomputing XC quadrature grid using
 IXCGrd= 4 IRadAn=           5 IRanWt=          -1 IRanGd=           0 AccXCQ= 0.00D+00.
 Generated NRdTot=       0 NPtTot=           0 NUsed=           0 NTot=          32
 NSgBfM=   684   684   684   684   684 MxSgAt=    27 MxSgA2=    27.
 Leave Link  302 at Tue Apr 19 22:25:35 2022, MaxMem= 13421772800 cpu:              21.6 elap:               0.6
 (Enter /soft/gaussian/16-c.01/g16/l303.exe)
 DipDrv:  MaxL=1.
 The nuclear repulsion energy is now      1336.8631546954 hartrees.
 Leave Link  303 at Tue Apr 19 22:25:35 2022, MaxMem= 13421772800 cpu:               2.4 elap:               0.1
 (Enter /soft/gaussian/16-c.01/g16/l401.exe)
 Initial guess from the checkpoint file:  "NH2-PHZ-dummy2-Mn-6-Raman.chk"
 B after Tr=     0.000000    0.000000    0.000000
         Rot=    1.000000    0.000000    0.000000    0.000000 Ang=   0.00 deg.
 Guess basis will be translated and rotated to current coordinates.
 JPrj=2 DoOrth=T DoCkMO=T.
 Initial guess <Sx>= 0.0000 <Sy>= 0.0000 <Sz>= 2.5000 <S**2>= 8.7524 S= 2.5004
 Leave Link  401 at Tue Apr 19 22:25:36 2022, MaxMem= 13421772800 cpu:              21.6 elap:               0.6
 (Enter /soft/gaussian/16-c.01/g16/l502.exe)
 Two-electron integral symmetry not used.
 UHF open shell SCF:
 Using DIIS extrapolation, IDIIS=  1040.
 NGot= 13421772800 LenX= 13420799125 LenY= 13420326469
 Requested convergence on RMS density matrix=1.00D-08 within 128 cycles.
 Requested convergence on MAX density matrix=1.00D-06.
 Requested convergence on             energy=1.00D-06.
 No special actions if energy rises.
 Fock matrices will be formed incrementally for  20 cycles.

 Cycle   1  Pass 1  IDiag  1:
 FoFJK:  IHMeth= 1 ICntrl=       0 DoSepK=T KAlg= 0 I1Cent=           0 FoldK=F
 IRaf=         1 NMat=       1 IRICut=       1 DoRegI=T DoRafI=F ISym2E= 0 IDoP0=0 IntGTp=1.
 FoFCou: FMM=F IPFlag=           0 FMFlag=      100000 FMFlg1=           0
         NFxFlg=           0 DoJE=T BraDBF=F KetDBF=F FulRan=T
         wScrn=  0.000000 ICntrl=       500 IOpCl=  0 I1Cent=           0 NGrid=           0
         NMat0=    1 NMatS0=      1 NMatT0=    0 NMatD0=    1 NMtDS0=    0 NMtDT0=    0
 Symmetry not used in FoFCou.
 Inv3:  Mode=1 IEnd=    13764492.
 Iteration    1 A*A^-1 deviation from unit magnitude is 3.22D-15 for    763.
 Iteration    1 A*A^-1 deviation from orthogonality  is 2.46D-15 for   1778   1409.
 Iteration    1 A^-1*A deviation from unit magnitude is 3.33D-15 for   1918.
 Iteration    1 A^-1*A deviation from orthogonality  is 2.33D-15 for   1100    450.
 E= -1832.87236409297    
 DIIS: error= 6.64D-05 at cycle   1 NSaved=   1.
 NSaved= 1 IEnMin= 1 EnMin= -1832.87236409297     IErMin= 1 ErrMin= 6.64D-05
 ErrMax= 6.64D-05  0.00D+00 EMaxC= 1.00D-01 BMatC= 1.14D-05 BMatP= 1.14D-05
 IDIUse=1 WtCom= 1.00D+00 WtEn= 0.00D+00
 Coeff-Com:  0.100D+01
 Coeff:      0.100D+01
 Gap=     0.527 Goal=   None    Shift=    0.000
 Gap=     0.523 Goal=   None    Shift=    0.000
 RMSDP=1.26D-04 MaxDP=1.20D-02              OVMax= 5.88D-04

 Cycle   2  Pass 1  IDiag  1:
 RMSU=  1.25D-04    CP:  1.00D+00
 E= -1832.87237014290     Delta-E=       -0.000006049935 Rises=F Damp=F
 DIIS: error= 3.25D-05 at cycle   2 NSaved=   2.
 NSaved= 2 IEnMin= 2 EnMin= -1832.87237014290     IErMin= 2 ErrMin= 3.25D-05
 ErrMax= 3.25D-05  0.00D+00 EMaxC= 1.00D-01 BMatC= 2.41D-06 BMatP= 1.14D-05
 IDIUse=1 WtCom= 1.00D+00 WtEn= 0.00D+00
 Coeff-Com:  0.242D+00 0.758D+00
 Coeff:      0.242D+00 0.758D+00
 Gap=     0.246 Goal=   None    Shift=    0.000
 Gap=     0.244 Goal=   None    Shift=    0.000
 RMSDP=3.06D-05 MaxDP=3.07D-03 DE=-6.05D-06 OVMax= 1.36D-04

 Cycle   3  Pass 1  IDiag  1:
 RMSU=  6.85D-06    CP:  9.99D-01  1.24D+00
 E= -1832.87237090023     Delta-E=       -0.000000757330 Rises=F Damp=F
 DIIS: error= 7.82D-06 at cycle   3 NSaved=   3.
 NSaved= 3 IEnMin= 3 EnMin= -1832.87237090023     IErMin= 3 ErrMin= 7.82D-06
 ErrMax= 7.82D-06  0.00D+00 EMaxC= 1.00D-01 BMatC= 1.53D-07 BMatP= 2.41D-06
 IDIUse=1 WtCom= 1.00D+00 WtEn= 0.00D+00
 Coeff-Com: -0.864D-01-0.908D-01 0.118D+01
 Coeff:     -0.864D-01-0.908D-01 0.118D+01
 Gap=     0.246 Goal=   None    Shift=    0.000
 Gap=     0.244 Goal=   None    Shift=    0.000
 RMSDP=2.51D-05 MaxDP=2.51D-03 DE=-7.57D-07 OVMax= 1.23D-04

 Cycle   4  Pass 1  IDiag  1:
 RMSU=  2.76D-06    CP:  9.99D-01  1.43D+00  1.73D+00
 E= -1832.87237104756     Delta-E=       -0.000000147326 Rises=F Damp=F
 DIIS: error= 3.29D-06 at cycle   4 NSaved=   4.
 NSaved= 4 IEnMin= 4 EnMin= -1832.87237104756     IErMin= 4 ErrMin= 3.29D-06
 ErrMax= 3.29D-06  0.00D+00 EMaxC= 1.00D-01 BMatC= 3.21D-08 BMatP= 1.53D-07
 IDIUse=1 WtCom= 1.00D+00 WtEn= 0.00D+00
 Coeff-Com: -0.389D-01-0.597D-01 0.335D+00 0.764D+00
 Coeff:     -0.389D-01-0.597D-01 0.335D+00 0.764D+00
 Gap=     0.246 Goal=   None    Shift=    0.000
 Gap=     0.244 Goal=   None    Shift=    0.000
 RMSDP=3.37D-06 MaxDP=3.84D-04 DE=-1.47D-07 OVMax= 2.97D-05

 Cycle   5  Pass 1  IDiag  1:
 RMSU=  1.02D-06    CP:  9.99D-01  1.46D+00  1.91D+00  1.13D+00
 E= -1832.87237105854     Delta-E=       -0.000000010987 Rises=F Damp=F
 DIIS: error= 1.55D-06 at cycle   5 NSaved=   5.
 NSaved= 5 IEnMin= 5 EnMin= -1832.87237105854     IErMin= 5 ErrMin= 1.55D-06
 ErrMax= 1.55D-06  0.00D+00 EMaxC= 1.00D-01 BMatC= 7.47D-09 BMatP= 3.21D-08
 IDIUse=1 WtCom= 1.00D+00 WtEn= 0.00D+00
 Coeff-Com:  0.381D-02 0.432D-02-0.141D+00 0.298D+00 0.834D+00
 Coeff:      0.381D-02 0.432D-02-0.141D+00 0.298D+00 0.834D+00
 Gap=     0.246 Goal=   None    Shift=    0.000
 Gap=     0.244 Goal=   None    Shift=    0.000
 RMSDP=1.40D-06 MaxDP=1.32D-04 DE=-1.10D-08 OVMax= 1.52D-05

 Cycle   6  Pass 1  IDiag  1:
 RMSU=  4.74D-07    CP:  9.99D-01  1.46D+00  1.99D+00  1.32D+00  9.79D-01
 E= -1832.87237106103     Delta-E=       -0.000000002485 Rises=F Damp=F
 DIIS: error= 1.70D-07 at cycle   6 NSaved=   6.
 NSaved= 6 IEnMin= 6 EnMin= -1832.87237106103     IErMin= 6 ErrMin= 1.70D-07
 ErrMax= 1.70D-07  0.00D+00 EMaxC= 1.00D-01 BMatC= 1.59D-10 BMatP= 7.47D-09
 IDIUse=1 WtCom= 1.00D+00 WtEn= 0.00D+00
 Coeff-Com:  0.187D-02 0.275D-02-0.411D-01 0.417D-01 0.186D+00 0.809D+00
 Coeff:      0.187D-02 0.275D-02-0.411D-01 0.417D-01 0.186D+00 0.809D+00
 Gap=     0.246 Goal=   None    Shift=    0.000
 Gap=     0.244 Goal=   None    Shift=    0.000
 RMSDP=2.25D-07 MaxDP=2.28D-05 DE=-2.48D-09 OVMax= 4.73D-06

 Cycle   7  Pass 1  IDiag  1:
 RMSU=  7.91D-08    CP:  9.99D-01  1.46D+00  1.99D+00  1.34D+00  1.01D+00
                    CP:  1.31D+00
 E= -1832.87237106108     Delta-E=       -0.000000000050 Rises=F Damp=F
 DIIS: error= 7.73D-08 at cycle   7 NSaved=   7.
 NSaved= 7 IEnMin= 7 EnMin= -1832.87237106108     IErMin= 7 ErrMin= 7.73D-08
 ErrMax= 7.73D-08  0.00D+00 EMaxC= 1.00D-01 BMatC= 4.70D-11 BMatP= 1.59D-10
 IDIUse=1 WtCom= 1.00D+00 WtEn= 0.00D+00
 Coeff-Com:  0.166D-03 0.313D-03 0.378D-02-0.256D-01-0.443D-01 0.315D+00
 Coeff-Com:  0.750D+00
 Coeff:      0.166D-03 0.313D-03 0.378D-02-0.256D-01-0.443D-01 0.315D+00
 Coeff:      0.750D+00
 Gap=     0.246 Goal=   None    Shift=    0.000
 Gap=     0.244 Goal=   None    Shift=    0.000
 RMSDP=1.23D-07 MaxDP=1.36D-05 DE=-5.00D-11 OVMax= 2.92D-06

 Cycle   8  Pass 1  IDiag  1:
 RMSU=  3.48D-08    CP:  9.99D-01  1.46D+00  2.00D+00  1.34D+00  1.02D+00
                    CP:  1.48D+00  1.23D+00
 E= -1832.87237106112     Delta-E=       -0.000000000038 Rises=F Damp=F
 DIIS: error= 3.48D-08 at cycle   8 NSaved=   8.
 NSaved= 8 IEnMin= 8 EnMin= -1832.87237106112     IErMin= 8 ErrMin= 3.48D-08
 ErrMax= 3.48D-08  0.00D+00 EMaxC= 1.00D-01 BMatC= 6.27D-12 BMatP= 4.70D-11
 IDIUse=1 WtCom= 1.00D+00 WtEn= 0.00D+00
 Coeff-Com: -0.316D-03-0.522D-03 0.948D-02-0.167D-01-0.506D-01-0.686D-01
 Coeff-Com:  0.205D+00 0.922D+00
 Coeff:     -0.316D-03-0.522D-03 0.948D-02-0.167D-01-0.506D-01-0.686D-01
 Coeff:      0.205D+00 0.922D+00
 Gap=     0.246 Goal=   None    Shift=    0.000
 Gap=     0.244 Goal=   None    Shift=    0.000
 RMSDP=6.65D-08 MaxDP=7.24D-06 DE=-3.80D-11 OVMax= 2.11D-06

 Cycle   9  Pass 1  IDiag  1:
 RMSU=  9.17D-09    CP:  9.99D-01  1.46D+00  2.00D+00  1.34D+00  1.02D+00
                    CP:  1.58D+00  1.51D+00  1.38D+00
 E= -1832.87237106111     Delta-E=        0.000000000003 Rises=F Damp=F
 DIIS: error= 2.11D-08 at cycle   9 NSaved=   9.
 NSaved= 9 IEnMin= 8 EnMin= -1832.87237106112     IErMin= 9 ErrMin= 2.11D-08
 ErrMax= 2.11D-08  0.00D+00 EMaxC= 1.00D-01 BMatC= 1.52D-12 BMatP= 6.27D-12
 IDIUse=1 WtCom= 1.00D+00 WtEn= 0.00D+00
 Coeff-Com: -0.153D-03-0.270D-03 0.366D-02-0.411D-02-0.160D-01-0.682D-01
 Coeff-Com: -0.827D-02 0.389D+00 0.705D+00
 Coeff:     -0.153D-03-0.270D-03 0.366D-02-0.411D-02-0.160D-01-0.682D-01
 Coeff:     -0.827D-02 0.389D+00 0.705D+00
 Gap=     0.246 Goal=   None    Shift=    0.000
 Gap=     0.244 Goal=   None    Shift=    0.000
 RMSDP=1.24D-08 MaxDP=1.15D-06 DE= 3.18D-12 OVMax= 7.72D-07

 Cycle  10  Pass 1  IDiag  1:
 RMSU=  4.80D-09    CP:  9.99D-01  1.46D+00  1.99D+00  1.34D+00  1.01D+00
                    CP:  1.59D+00  1.59D+00  1.50D+00  1.12D+00
 E= -1832.87237106117     Delta-E=       -0.000000000054 Rises=F Damp=F
 DIIS: error= 7.29D-09 at cycle  10 NSaved=  10.
 NSaved=10 IEnMin=10 EnMin= -1832.87237106117     IErMin=10 ErrMin= 7.29D-09
 ErrMax= 7.29D-09  0.00D+00 EMaxC= 1.00D-01 BMatC= 2.44D-13 BMatP= 1.52D-12
 IDIUse=1 WtCom= 1.00D+00 WtEn= 0.00D+00
 Coeff-Com:  0.479D-04 0.622D-04-0.165D-02 0.370D-02 0.104D-01-0.417D-03
 Coeff-Com: -0.636D-01-0.156D+00 0.230D+00 0.977D+00
 Coeff:      0.479D-04 0.622D-04-0.165D-02 0.370D-02 0.104D-01-0.417D-03
 Coeff:     -0.636D-01-0.156D+00 0.230D+00 0.977D+00
 Gap=     0.246 Goal=   None    Shift=    0.000
 Gap=     0.244 Goal=   None    Shift=    0.000
 RMSDP=8.20D-09 MaxDP=9.11D-07 DE=-5.39D-11 OVMax= 5.90D-07

 Error on total polarization charges =  0.01703
 SCF Done:  E(UwB97XD) =  -1832.87237106     A.U. after   10 cycles
            NFock= 10  Conv=0.82D-08     -V/T= 2.0040
 <Sx>= 0.0000 <Sy>= 0.0000 <Sz>= 2.5000 <S**2>= 8.7524 S= 2.5004
 <L.S>=  0.00000000000    
 KE= 1.825543303382D+03 PE=-6.951469052515D+03 EE= 1.956190223377D+03
 Annihilation of the first spin contaminant:
 S**2 before annihilation     8.7524,   after     8.7500
 Leave Link  502 at Tue Apr 19 22:28:31 2022, MaxMem= 13421772800 cpu:            6253.9 elap:             174.6
 (Enter /soft/gaussian/16-c.01/g16/l801.exe)
 DoSCS=F DFT=T ScalE2(SS,OS)=  1.000000  1.000000
 Range of M.O.s used for correlation:     1   624
 NBasis=   627 NAE=    69 NBE=    64 NFC=     0 NFV=     0
 NROrb=    624 NOA=    69 NOB=    64 NVA=   555 NVB=   560

 **** Warning!!: The largest alpha MO coefficient is  0.15079211D+03


 **** Warning!!: The largest beta MO coefficient is  0.17283998D+03

 Leave Link  801 at Tue Apr 19 22:28:31 2022, MaxMem= 13421772800 cpu:               1.2 elap:               0.1
 (Enter /soft/gaussian/16-c.01/g16/l1101.exe)
 Using compressed storage, NAtomX=    27.
 Will process     28 centers per pass.
 R6Disp: Adding Grimme-D2 dispersion energy 1st derivatives to the gradient.
 Leave Link 1101 at Tue Apr 19 22:28:32 2022, MaxMem= 13421772800 cpu:              45.5 elap:               1.3
 (Enter /soft/gaussian/16-c.01/g16/l1102.exe)
 DDipDN:  doing centers     0 through    27.
 Symmetrizing basis deriv contribution to polar:
 IMax=3 JMax=2 DiffMx= 0.00D+00
 Leave Link 1102 at Tue Apr 19 22:28:34 2022, MaxMem= 13421772800 cpu:              51.8 elap:               1.6
 (Enter /soft/gaussian/16-c.01/g16/l1110.exe)
 Forming Gx(P) for the SCF density, NAtomX=    27.
 Integral derivatives from FoFJK, PRISM(SPDF).
 Do as many integral derivatives as possible in FoFJK.
 G2DrvN: MDV=   13421769937.
 G2DrvN: will do    28 centers at a time, making    1 passes.
 Calling FoFCou, ICntrl=  3107 FMM=F I1Cent=   0 AccDes= 0.00D+00.
 FoFJK:  IHMeth= 1 ICntrl=    3107 DoSepK=T KAlg= 0 I1Cent=           0 FoldK=F
 IRaf=         1 NMat=       1 IRICut=       1 DoRegI=T DoRafI=F ISym2E= 0 IDoP0=0 IntGTp=1.
 FoFCou: FMM=F IPFlag=           0 FMFlag=      100000 FMFlg1=           0
         NFxFlg=           0 DoJE=F BraDBF=F KetDBF=F FulRan=T
         wScrn=  0.000000 ICntrl=      3507 IOpCl=  0 I1Cent=           0 NGrid=           0
         NMat0=    1 NMatS0=      1 NMatT0=    0 NMatD0=    1 NMtDS0=    0 NMtDT0=    0
 Symmetry not used in FoFCou.
 NEqPCM:  Using equilibrium solvation (IEInf=0, Eps=  78.3553, EpsInf=   1.7778)
 G2PCM: DoFxE=T DoFxN=T DoGrad=T DoDP/DQ/DG/TGxP=FFFF NFrqRd=   0 IEInf=0 SqF1=F DoCFld=F IF1Alg=4.
 GePol: Maximum number of non-zero 1st derivatives   =     197
 End of G2Drv F.D. properties file   721 does not exist.
 End of G2Drv F.D. properties file   722 does not exist.
 End of G2Drv F.D. properties file   788 does not exist.
 Leave Link 1110 at Tue Apr 19 22:33:27 2022, MaxMem= 13421772800 cpu:           10539.7 elap:             292.9
 (Enter /soft/gaussian/16-c.01/g16/l1002.exe)
 Minotr:  UHF open shell wavefunction.
          IDoAtm=111111111111111111111111111
 NEqPCM:  Using equilibrium solvation (IEInf=0, Eps=  78.3553, EpsInf=   1.7778)
          Direct CPHF calculation.
          Differentiating once with respect to electric field.
                with respect to dipole field.
          Requested convergence is 1.0D-08 RMS, and 1.0D-07 maximum.
          Secondary convergence is 1.0D-12 RMS, and 1.0D-12 maximum.
          NewPWx=T KeepS1=F KeepF1=F KeepIn=T MapXYZ=F SortEE=F KeepMc=T.
         8502 words used for storage of precomputed grid.
 Two-electron integral symmetry not used.
          MDV=   13421772800 using IRadAn=       1.
          Solving linear equations simultaneously, MaxMat=     360.
 FoF2E skips out because all densities are zero.
 CalDSu exits because no D1Ps are significant.
          There are     3 degrees of freedom in the 1st order CPHF.  IDoFFX=4 NUNeed=     3.
      3 vectors produced by pass  0 Test12= 2.47D-12 3.33D-08 XBig12= 5.32D+02 1.27D+01.
 AX will form     3 AO Fock derivatives at one time.
 FoFJK:  IHMeth= 1 ICntrl=       0 DoSepK=T KAlg= 0 I1Cent=           0 FoldK=F
 IRaf=         1 NMat=       3 IRICut=       1 DoRegI=T DoRafI=F ISym2E= 0 IDoP0=0 IntGTp=1.
      3 vectors produced by pass  1 Test12= 2.47D-12 3.33D-08 XBig12= 5.62D+01 9.91D-01.
      3 vectors produced by pass  2 Test12= 2.47D-12 3.33D-08 XBig12= 1.53D+01 1.23D+00.
      3 vectors produced by pass  3 Test12= 2.47D-12 3.33D-08 XBig12= 2.30D+00 2.80D-01.
      3 vectors produced by pass  4 Test12= 2.47D-12 3.33D-08 XBig12= 9.08D-01 2.80D-01.
      3 vectors produced by pass  5 Test12= 2.47D-12 3.33D-08 XBig12= 1.50D-01 1.01D-01.
      3 vectors produced by pass  6 Test12= 2.47D-12 3.33D-08 XBig12= 3.47D-02 2.72D-02.
      3 vectors produced by pass  7 Test12= 2.47D-12 3.33D-08 XBig12= 6.25D-03 2.18D-02.
      3 vectors produced by pass  8 Test12= 2.47D-12 3.33D-08 XBig12= 2.08D-03 1.25D-02.
      3 vectors produced by pass  9 Test12= 2.47D-12 3.33D-08 XBig12= 8.41D-04 7.69D-03.
      3 vectors produced by pass 10 Test12= 2.47D-12 3.33D-08 XBig12= 1.27D-04 1.74D-03.
      3 vectors produced by pass 11 Test12= 2.47D-12 3.33D-08 XBig12= 1.14D-05 6.12D-04.
      3 vectors produced by pass 12 Test12= 2.47D-12 3.33D-08 XBig12= 1.31D-06 2.28D-04.
      3 vectors produced by pass 13 Test12= 2.47D-12 3.33D-08 XBig12= 3.38D-07 9.50D-05.
      3 vectors produced by pass 14 Test12= 2.47D-12 3.33D-08 XBig12= 6.60D-08 7.30D-05.
      3 vectors produced by pass 15 Test12= 2.47D-12 3.33D-08 XBig12= 6.79D-09 1.60D-05.
      3 vectors produced by pass 16 Test12= 2.47D-12 3.33D-08 XBig12= 4.49D-10 3.33D-06.
      3 vectors produced by pass 17 Test12= 2.47D-12 3.33D-08 XBig12= 8.26D-11 1.65D-06.
      2 vectors produced by pass 18 Test12= 2.47D-12 3.33D-08 XBig12= 9.86D-12 4.80D-07.
      2 vectors produced by pass 19 Test12= 2.47D-12 3.33D-08 XBig12= 8.95D-13 1.67D-07.
      1 vectors produced by pass 20 Test12= 2.47D-12 3.33D-08 XBig12= 5.43D-14 3.70D-08.
 InvSVY:  IOpt=1 It=  1 EMax= 4.95D-15
 Solved reduced A of dimension    59 with     3 vectors.
 FullF1:  Do perturbations      1 to       3.
 SCF Polarizability for W=    0.000000:
                1             2             3 
      1  0.552201D+03
      2 -0.415971D+02  0.257188D+03
      3  0.172461D+00  0.722325D+00  0.125407D+03
 Isotropic polarizability for W=    0.000000      311.60 Bohr**3.
 SCF Static Hyperpolarizability:
 K=  1 block:
                1 
      1  0.900015D+04
 K=  2 block:
                1             2 
      1 -0.158747D+04
      2  0.233977D+03  0.403801D+03
 K=  3 block:
                1             2             3 
      1  0.906598D+01
      2  0.417085D+01 -0.851341D+01
      3  0.124496D+03  0.595629D+01 -0.132404D+02
 End of Minotr F.D. properties file   721 does not exist.
 End of Minotr F.D. properties file   722 does not exist.
 End of Minotr F.D. properties file   788 does not exist.
 Leave Link 1002 at Tue Apr 19 22:45:47 2022, MaxMem= 13421772800 cpu:           26643.8 elap:             740.4
 (Enter /soft/gaussian/16-c.01/g16/l601.exe)
 Copying SCF densities to generalized density rwf, IOpCl= 1 IROHF=0.

 **********************************************************************

            Population analysis using the SCF Density.

 **********************************************************************

 Alpha  occ. eigenvalues -- -235.76975 -27.57843 -23.63290 -23.63242 -23.63056
 Alpha  occ. eigenvalues --  -14.51492 -14.48878 -14.48532 -14.48004 -10.38632
 Alpha  occ. eigenvalues --  -10.38422 -10.37527 -10.37393 -10.36933 -10.36000
 Alpha  occ. eigenvalues --  -10.32809 -10.32738 -10.32235 -10.32162 -10.31891
 Alpha  occ. eigenvalues --  -10.31561  -3.44814  -2.30947  -2.30755  -2.30624
 Alpha  occ. eigenvalues --   -1.11534  -1.07573  -1.04575  -1.02678  -0.98372
 Alpha  occ. eigenvalues --   -0.94067  -0.88599  -0.86640  -0.85190  -0.79365
 Alpha  occ. eigenvalues --   -0.76280  -0.74443  -0.72423  -0.68071  -0.67276
 Alpha  occ. eigenvalues --   -0.65819  -0.62000  -0.60975  -0.59938  -0.59648
 Alpha  occ. eigenvalues --   -0.56558  -0.56369  -0.54551  -0.54367  -0.53788
 Alpha  occ. eigenvalues --   -0.52914  -0.50991  -0.50595  -0.48038  -0.47783
 Alpha  occ. eigenvalues --   -0.46882  -0.46851  -0.46786  -0.46486  -0.46013
 Alpha  occ. eigenvalues --   -0.45754  -0.45438  -0.43124  -0.42234  -0.38376
 Alpha  occ. eigenvalues --   -0.36605  -0.35367  -0.30297  -0.29951
 Alpha virt. eigenvalues --   -0.05339   0.00239   0.02367   0.03715   0.04436
 Alpha virt. eigenvalues --    0.04687   0.05539   0.06351   0.06882   0.07243
 Alpha virt. eigenvalues --    0.07763   0.08219   0.09559   0.10141   0.10806
 Alpha virt. eigenvalues --    0.11171   0.11436   0.11804   0.12198   0.12522
 Alpha virt. eigenvalues --    0.12954   0.14305   0.14413   0.14634   0.14849
 Alpha virt. eigenvalues --    0.15389   0.15798   0.16190   0.16872   0.16948
 Alpha virt. eigenvalues --    0.18000   0.18225   0.18637   0.18837   0.19490
 Alpha virt. eigenvalues --    0.19994   0.20193   0.20551   0.21102   0.21206
 Alpha virt. eigenvalues --    0.21778   0.21985   0.22189   0.23023   0.23405
 Alpha virt. eigenvalues --    0.23508   0.23925   0.25019   0.25489   0.25673
 Alpha virt. eigenvalues --    0.26020   0.26212   0.26424   0.27091   0.27216
 Alpha virt. eigenvalues --    0.27712   0.28106   0.28452   0.28715   0.29344
 Alpha virt. eigenvalues --    0.29427   0.29627   0.30086   0.30278   0.31014
 Alpha virt. eigenvalues --    0.31361   0.31435   0.32223   0.32355   0.32689
 Alpha virt. eigenvalues --    0.33209   0.33566   0.33795   0.34437   0.34768
 Alpha virt. eigenvalues --    0.34975   0.35415   0.36115   0.36236   0.36959
 Alpha virt. eigenvalues --    0.37412   0.37815   0.38208   0.38491   0.39502
 Alpha virt. eigenvalues --    0.40096   0.40167   0.40827   0.41382   0.41451
 Alpha virt. eigenvalues --    0.41842   0.42508   0.43463   0.43808   0.44194
 Alpha virt. eigenvalues --    0.45356   0.45753   0.46440   0.47563   0.47600
 Alpha virt. eigenvalues --    0.49103   0.51160   0.51585   0.53503   0.54376
 Alpha virt. eigenvalues --    0.58300   0.59169   0.59800   0.61361   0.64908
 Alpha virt. eigenvalues --    0.65156   0.66043   0.66960   0.67293   0.69343
 Alpha virt. eigenvalues --    0.69939   0.70358   0.71389   0.71927   0.72225
 Alpha virt. eigenvalues --    0.72710   0.73228   0.73714   0.74092   0.74686
 Alpha virt. eigenvalues --    0.74862   0.76595   0.76987   0.77599   0.78093
 Alpha virt. eigenvalues --    0.78857   0.79615   0.82359   0.82583   0.84154
 Alpha virt. eigenvalues --    0.84744   0.85470   0.86432   0.87316   0.88147
 Alpha virt. eigenvalues --    0.89763   0.89997   0.90155   0.90835   0.91026
 Alpha virt. eigenvalues --    0.91056   0.91181   0.91925   0.93309   0.93541
 Alpha virt. eigenvalues --    0.93890   0.94375   0.94846   0.95159   0.95510
 Alpha virt. eigenvalues --    0.95799   0.96408   0.97041   0.97208   0.98365
 Alpha virt. eigenvalues --    0.98700   0.99631   1.00475   1.00507   1.01894
 Alpha virt. eigenvalues --    1.02224   1.02833   1.03176   1.03684   1.04654
 Alpha virt. eigenvalues --    1.04863   1.05776   1.06165   1.06824   1.08350
 Alpha virt. eigenvalues --    1.08956   1.09312   1.09991   1.11053   1.12053
 Alpha virt. eigenvalues --    1.13658   1.14322   1.15953   1.17347   1.18382
 Alpha virt. eigenvalues --    1.19192   1.21925   1.22301   1.24317   1.24872
 Alpha virt. eigenvalues --    1.26412   1.26950   1.27371   1.28127   1.28945
 Alpha virt. eigenvalues --    1.30736   1.32919   1.34921   1.36570   1.37101
 Alpha virt. eigenvalues --    1.38130   1.39187   1.39601   1.40428   1.43000
 Alpha virt. eigenvalues --    1.43773   1.45714   1.46567   1.47151   1.48460
 Alpha virt. eigenvalues --    1.48991   1.49389   1.49905   1.50205   1.51797
 Alpha virt. eigenvalues --    1.51990   1.54073   1.54338   1.55989   1.56464
 Alpha virt. eigenvalues --    1.56787   1.57269   1.58901   1.59640   1.60946
 Alpha virt. eigenvalues --    1.61437   1.62793   1.63266   1.64422   1.65068
 Alpha virt. eigenvalues --    1.65325   1.66247   1.67318   1.68057   1.68614
 Alpha virt. eigenvalues --    1.68901   1.70082   1.71864   1.72969   1.73569
 Alpha virt. eigenvalues --    1.74619   1.79858   1.80192   1.80695   1.83965
 Alpha virt. eigenvalues --    1.84324   1.86138   1.87343   1.90519   1.92386
 Alpha virt. eigenvalues --    1.93868   1.97561   1.97783   1.99046   2.00323
 Alpha virt. eigenvalues --    2.00877   2.03456   2.05530   2.06517   2.07391
 Alpha virt. eigenvalues --    2.08972   2.10552   2.12301   2.16804   2.19495
 Alpha virt. eigenvalues --    2.21225   2.22043   2.22737   2.25789   2.25978
 Alpha virt. eigenvalues --    2.31412   2.31930   2.33059   2.34600   2.34893
 Alpha virt. eigenvalues --    2.36132   2.37300   2.39482   2.41150   2.44236
 Alpha virt. eigenvalues --    2.44945   2.46518   2.49762   2.52331   2.53617
 Alpha virt. eigenvalues --    2.54479   2.59549   2.65264   2.66525   2.69620
 Alpha virt. eigenvalues --    2.70366   2.71080   2.72431   2.74026   2.77495
 Alpha virt. eigenvalues --    2.78943   2.79170   2.84239   2.88263   2.89453
 Alpha virt. eigenvalues --    2.91051   2.92145   2.93773   2.94523   2.95231
 Alpha virt. eigenvalues --    2.97068   2.98085   3.00858   3.01084   3.01708
 Alpha virt. eigenvalues --    3.02758   3.03924   3.04382   3.04760   3.07159
 Alpha virt. eigenvalues --    3.08177   3.09931   3.10796   3.11153   3.11923
 Alpha virt. eigenvalues --    3.13379   3.14798   3.16007   3.16164   3.17120
 Alpha virt. eigenvalues --    3.17428   3.18600   3.19373   3.20361   3.21675
 Alpha virt. eigenvalues --    3.22855   3.23773   3.24315   3.26128   3.26453
 Alpha virt. eigenvalues --    3.27158   3.28133   3.28733   3.30066   3.30619
 Alpha virt. eigenvalues --    3.32412   3.32742   3.34155   3.34736   3.35141
 Alpha virt. eigenvalues --    3.36523   3.37827   3.38813   3.39635   3.41272
 Alpha virt. eigenvalues --    3.42974   3.45524   3.47370   3.49241   3.50508
 Alpha virt. eigenvalues --    3.51132   3.52940   3.53620   3.55335   3.58285
 Alpha virt. eigenvalues --    3.58478   3.62171   3.62746   3.63768   3.65468
 Alpha virt. eigenvalues --    3.66103   3.67020   3.69265   3.71240   3.72249
 Alpha virt. eigenvalues --    3.72932   3.74056   3.75518   3.77597   3.78432
 Alpha virt. eigenvalues --    3.79592   3.80583   3.82365   3.84775   3.85348
 Alpha virt. eigenvalues --    3.86314   3.87537   3.89254   3.90094   3.92027
 Alpha virt. eigenvalues --    3.93866   3.95788   3.97342   3.98136   3.99832
 Alpha virt. eigenvalues --    4.01628   4.01709   4.01764   4.02015   4.02717
 Alpha virt. eigenvalues --    4.03298   4.04885   4.05343   4.05586   4.06405
 Alpha virt. eigenvalues --    4.10462   4.11118   4.13333   4.13772   4.15585
 Alpha virt. eigenvalues --    4.16541   4.16858   4.18588   4.19614   4.20989
 Alpha virt. eigenvalues --    4.21638   4.22611   4.25365   4.26508   4.27417
 Alpha virt. eigenvalues --    4.27847   4.30048   4.30488   4.34092   4.34639
 Alpha virt. eigenvalues --    4.35399   4.35836   4.37378   4.38601   4.39376
 Alpha virt. eigenvalues --    4.40061   4.41715   4.43133   4.44189   4.44895
 Alpha virt. eigenvalues --    4.45056   4.46032   4.47256   4.48688   4.49053
 Alpha virt. eigenvalues --    4.50658   4.51845   4.52258   4.52754   4.54206
 Alpha virt. eigenvalues --    4.54711   4.55306   4.57132   4.57353   4.58019
 Alpha virt. eigenvalues --    4.59243   4.60033   4.60592   4.61671   4.62780
 Alpha virt. eigenvalues --    4.63212   4.63363   4.64556   4.66274   4.66507
 Alpha virt. eigenvalues --    4.68401   4.68779   4.69252   4.70338   4.71477
 Alpha virt. eigenvalues --    4.72553   4.73492   4.73872   4.74950   4.75506
 Alpha virt. eigenvalues --    4.76266   4.76643   4.78031   4.78585   4.80804
 Alpha virt. eigenvalues --    4.81434   4.82897   4.83834   4.84141   4.87294
 Alpha virt. eigenvalues --    4.89707   4.90398   4.91925   4.92481   4.96667
 Alpha virt. eigenvalues --    4.97216   4.98422   4.99526   5.01904   5.05924
 Alpha virt. eigenvalues --    5.07451   5.10280   5.10968   5.12852   5.14882
 Alpha virt. eigenvalues --    5.16852   5.18817   5.20434   5.22672   5.23981
 Alpha virt. eigenvalues --    5.24981   5.25988   5.28041   5.30057   5.32714
 Alpha virt. eigenvalues --    5.37370   5.38428   5.41022   5.43010   5.45283
 Alpha virt. eigenvalues --    5.48472   5.50782   5.55758   5.57409   5.61422
 Alpha virt. eigenvalues --    5.64203   5.65315   5.71177   5.74681   5.80671
 Alpha virt. eigenvalues --    5.84119   5.85948   5.87477   5.91611   5.91948
 Alpha virt. eigenvalues --    5.95662   5.98340   6.04880   6.05876   6.13915
 Alpha virt. eigenvalues --    6.22108   6.27553   6.41587   6.52888   6.61110
 Alpha virt. eigenvalues --    6.84434   7.01061   8.96992   9.48133  11.10874
 Alpha virt. eigenvalues --   11.33883  11.43145  11.43740  11.54392  11.55274
 Alpha virt. eigenvalues --   11.74626  12.05077  12.05672  12.24503  12.40733
 Alpha virt. eigenvalues --   12.43522  12.57310  12.68381  13.18284  13.61376
 Alpha virt. eigenvalues --   17.26556  18.23402  26.56427  28.35580  38.51631
  Beta  occ. eigenvalues -- -235.76861 -27.49276 -23.56120 -23.56062 -23.55959
  Beta  occ. eigenvalues --  -14.51492 -14.48874 -14.48517 -14.48006 -10.38626
  Beta  occ. eigenvalues --  -10.38408 -10.37530 -10.37382 -10.36937 -10.36005
  Beta  occ. eigenvalues --  -10.32803 -10.32732 -10.32234 -10.32162 -10.31886
  Beta  occ. eigenvalues --  -10.31558  -3.22632  -2.06946  -2.06711  -2.06451
  Beta  occ. eigenvalues --   -1.11500  -1.07566  -1.04537  -1.02674  -0.98361
  Beta  occ. eigenvalues --   -0.94056  -0.88581  -0.86627  -0.85176  -0.79347
  Beta  occ. eigenvalues --   -0.76256  -0.74398  -0.72393  -0.68058  -0.67235
  Beta  occ. eigenvalues --   -0.65782  -0.61988  -0.60938  -0.59819  -0.59643
  Beta  occ. eigenvalues --   -0.56528  -0.56282  -0.54481  -0.54318  -0.53703
  Beta  occ. eigenvalues --   -0.52860  -0.50576  -0.48918  -0.46933  -0.46811
  Beta  occ. eigenvalues --   -0.46327  -0.45993  -0.45626  -0.43188  -0.38379
  Beta  occ. eigenvalues --   -0.36900  -0.35370  -0.30344  -0.29939
  Beta virt. eigenvalues --   -0.05547   0.01559   0.02124   0.02175   0.02277
  Beta virt. eigenvalues --    0.02556   0.02877   0.03688   0.04789   0.05743
  Beta virt. eigenvalues --    0.05998   0.06265   0.07519   0.07701   0.07863
  Beta virt. eigenvalues --    0.08292   0.08377   0.09820   0.10238   0.10883
  Beta virt. eigenvalues --    0.11570   0.11786   0.12011   0.12415   0.12651
  Beta virt. eigenvalues --    0.13313   0.14527   0.14764   0.15107   0.15291
  Beta virt. eigenvalues --    0.15893   0.16429   0.16544   0.17237   0.17677
  Beta virt. eigenvalues --    0.18141   0.18414   0.19064   0.19936   0.20042
  Beta virt. eigenvalues --    0.20305   0.21160   0.21375   0.21628   0.21887
  Beta virt. eigenvalues --    0.22068   0.22304   0.22949   0.23440   0.23624
  Beta virt. eigenvalues --    0.23825   0.24357   0.25287   0.25589   0.25986
  Beta virt. eigenvalues --    0.26345   0.26567   0.26846   0.27251   0.27350
  Beta virt. eigenvalues --    0.28115   0.28253   0.28753   0.29276   0.29489
  Beta virt. eigenvalues --    0.29619   0.30125   0.30567   0.30757   0.31284
  Beta virt. eigenvalues --    0.31705   0.32097   0.32521   0.32546   0.33034
  Beta virt. eigenvalues --    0.33545   0.33754   0.34114   0.34599   0.34888
  Beta virt. eigenvalues --    0.35537   0.36513   0.36782   0.36956   0.37213
  Beta virt. eigenvalues --    0.37688   0.37936   0.38372   0.39040   0.39726
  Beta virt. eigenvalues --    0.40485   0.41467   0.41848   0.41923   0.43155
  Beta virt. eigenvalues --    0.43444   0.43899   0.44259   0.44496   0.45294
  Beta virt. eigenvalues --    0.46149   0.47118   0.47964   0.48795   0.50707
  Beta virt. eigenvalues --    0.51444   0.51973   0.54016   0.54317   0.55796
  Beta virt. eigenvalues --    0.58642   0.61589   0.62582   0.64011   0.65157
  Beta virt. eigenvalues --    0.65743   0.66187   0.67035   0.68162   0.69827
  Beta virt. eigenvalues --    0.70122   0.70577   0.71527   0.71952   0.72318
  Beta virt. eigenvalues --    0.72848   0.73632   0.74000   0.74203   0.74761
  Beta virt. eigenvalues --    0.75103   0.77129   0.77216   0.77671   0.78421
  Beta virt. eigenvalues --    0.78890   0.80431   0.82386   0.82664   0.84176
  Beta virt. eigenvalues --    0.84963   0.85491   0.86834   0.87538   0.88254
  Beta virt. eigenvalues --    0.89889   0.90222   0.90230   0.90934   0.91138
  Beta virt. eigenvalues --    0.91280   0.91478   0.92074   0.93611   0.93784
  Beta virt. eigenvalues --    0.94254   0.94573   0.94905   0.95401   0.95856
  Beta virt. eigenvalues --    0.95957   0.96450   0.97283   0.97338   0.98422
  Beta virt. eigenvalues --    0.98825   0.99700   1.00547   1.00618   1.02032
  Beta virt. eigenvalues --    1.02328   1.03080   1.03428   1.03859   1.04929
  Beta virt. eigenvalues --    1.04950   1.05950   1.06260   1.06971   1.08538
  Beta virt. eigenvalues --    1.09053   1.09450   1.10100   1.11257   1.12145
  Beta virt. eigenvalues --    1.14214   1.14690   1.16890   1.17842   1.18704
  Beta virt. eigenvalues --    1.19740   1.23820   1.24537   1.25124   1.25299
  Beta virt. eigenvalues --    1.26634   1.27404   1.28315   1.31715   1.32275
  Beta virt. eigenvalues --    1.34085   1.34553   1.35910   1.37296   1.37671
  Beta virt. eigenvalues --    1.39193   1.39807   1.41747   1.43663   1.44769
  Beta virt. eigenvalues --    1.45012   1.46590   1.47824   1.48615   1.48809
  Beta virt. eigenvalues --    1.49751   1.49897   1.51470   1.51967   1.52296
  Beta virt. eigenvalues --    1.53419   1.54626   1.55949   1.57002   1.57543
  Beta virt. eigenvalues --    1.58242   1.59774   1.61120   1.62902   1.63366
  Beta virt. eigenvalues --    1.63606   1.64948   1.65352   1.65511   1.65878
  Beta virt. eigenvalues --    1.68147   1.68868   1.69016   1.71483   1.72535
  Beta virt. eigenvalues --    1.73660   1.73729   1.74351   1.76853   1.77325
  Beta virt. eigenvalues --    1.79363   1.80062   1.81190   1.82304   1.84171
  Beta virt. eigenvalues --    1.84619   1.86926   1.87988   1.90992   1.92805
  Beta virt. eigenvalues --    1.94112   1.97944   1.98329   1.99402   2.01358
  Beta virt. eigenvalues --    2.03372   2.03694   2.05865   2.06603   2.07410
  Beta virt. eigenvalues --    2.09144   2.10987   2.12762   2.16814   2.19591
  Beta virt. eigenvalues --    2.21510   2.22433   2.23277   2.25870   2.26143
  Beta virt. eigenvalues --    2.31506   2.32063   2.33124   2.34659   2.34950
  Beta virt. eigenvalues --    2.36171   2.37431   2.39615   2.43099   2.44718
  Beta virt. eigenvalues --    2.44977   2.47300   2.49812   2.52490   2.53790
  Beta virt. eigenvalues --    2.54573   2.59561   2.65426   2.66622   2.69802
  Beta virt. eigenvalues --    2.70415   2.71851   2.72577   2.78498   2.79075
  Beta virt. eigenvalues --    2.82403   2.84257   2.84597   2.88350   2.89713
  Beta virt. eigenvalues --    2.91274   2.93501   2.94298   2.94585   2.95298
  Beta virt. eigenvalues --    2.97375   2.99885   3.00968   3.01134   3.02172
  Beta virt. eigenvalues --    3.02939   3.04039   3.04498   3.04949   3.07230
  Beta virt. eigenvalues --    3.08264   3.10307   3.11027   3.11362   3.12405
  Beta virt. eigenvalues --    3.13629   3.14851   3.16204   3.16302   3.17152
  Beta virt. eigenvalues --    3.17460   3.18801   3.19400   3.20389   3.21768
  Beta virt. eigenvalues --    3.22920   3.23845   3.24342   3.26176   3.26527
  Beta virt. eigenvalues --    3.27183   3.28164   3.28771   3.30096   3.30767
  Beta virt. eigenvalues --    3.32436   3.32803   3.34185   3.34805   3.35218
  Beta virt. eigenvalues --    3.36566   3.37863   3.38831   3.39794   3.41392
  Beta virt. eigenvalues --    3.43076   3.45780   3.47421   3.49280   3.50603
  Beta virt. eigenvalues --    3.51220   3.52992   3.53686   3.55372   3.58324
  Beta virt. eigenvalues --    3.58529   3.62304   3.62894   3.63871   3.65500
  Beta virt. eigenvalues --    3.66350   3.67150   3.69344   3.71339   3.72593
  Beta virt. eigenvalues --    3.72961   3.74121   3.75651   3.77669   3.78486
  Beta virt. eigenvalues --    3.79679   3.80758   3.82456   3.84913   3.85410
  Beta virt. eigenvalues --    3.86394   3.87597   3.89492   3.90293   3.92199
  Beta virt. eigenvalues --    3.95092   3.96179   3.98455   4.00500   4.01875
  Beta virt. eigenvalues --    4.02881   4.05462   4.06278   4.07230   4.10319
  Beta virt. eigenvalues --    4.10879   4.11689   4.12375   4.12809   4.12972
  Beta virt. eigenvalues --    4.13518   4.13848   4.14023   4.15518   4.16960
  Beta virt. eigenvalues --    4.17485   4.19359   4.20804   4.21328   4.22288
  Beta virt. eigenvalues --    4.22821   4.23464   4.25731   4.26933   4.27921
  Beta virt. eigenvalues --    4.28449   4.30413   4.30809   4.34212   4.34718
  Beta virt. eigenvalues --    4.35658   4.35899   4.37530   4.39201   4.39985
  Beta virt. eigenvalues --    4.41616   4.42008   4.44130   4.45633   4.46673
  Beta virt. eigenvalues --    4.47067   4.48440   4.50487   4.51903   4.52966
  Beta virt. eigenvalues --    4.54428   4.55019   4.56732   4.56902   4.57542
  Beta virt. eigenvalues --    4.58062   4.59550   4.60150   4.61373   4.61656
  Beta virt. eigenvalues --    4.61931   4.62498   4.63390   4.63890   4.64549
  Beta virt. eigenvalues --    4.65101   4.65901   4.67581   4.67674   4.67853
  Beta virt. eigenvalues --    4.69538   4.70480   4.71124   4.72040   4.73091
  Beta virt. eigenvalues --    4.73872   4.74513   4.75352   4.75724   4.76204
  Beta virt. eigenvalues --    4.76780   4.77408   4.79262   4.80817   4.81847
  Beta virt. eigenvalues --    4.83095   4.84307   4.85387   4.85494   4.87649
  Beta virt. eigenvalues --    4.90673   4.92082   4.92788   4.95525   4.97115
  Beta virt. eigenvalues --    4.97500   4.98731   4.99949   5.02033   5.05970
  Beta virt. eigenvalues --    5.07510   5.10322   5.11059   5.13372   5.14917
  Beta virt. eigenvalues --    5.17079   5.18948   5.20467   5.22752   5.24044
  Beta virt. eigenvalues --    5.25004   5.26021   5.28114   5.30221   5.32762
  Beta virt. eigenvalues --    5.37386   5.38446   5.41046   5.43080   5.45317
  Beta virt. eigenvalues --    5.48570   5.50808   5.55840   5.57430   5.61572
  Beta virt. eigenvalues --    5.64227   5.65337   5.71191   5.74708   5.80706
  Beta virt. eigenvalues --    5.84152   5.85957   5.87500   5.91635   5.91978
  Beta virt. eigenvalues --    5.95677   5.98378   6.04903   6.05906   6.13967
  Beta virt. eigenvalues --    6.22123   6.27602   6.41609   6.53006   6.61111
  Beta virt. eigenvalues --    6.84456   7.01162   8.97008   9.48176  11.10878
  Beta virt. eigenvalues --   11.33888  11.43149  11.43745  11.54417  11.55279
  Beta virt. eigenvalues --   11.74636  12.05085  12.05685  12.24509  12.40755
  Beta virt. eigenvalues --   12.43530  12.57324  12.68396  13.18293  13.61410
  Beta virt. eigenvalues --   17.37968  18.24697  26.56443  28.35757  38.51679
          Condensed to atoms (all electrons):
               1          2          3          4          5          6
     1  C   10.044840  -1.798828  -1.603991   0.438993  -1.461686   0.477384
     2  C   -1.798828  10.965615   0.436256  -2.923986   0.193636  -1.038481
     3  C   -1.603991   0.436256  10.755373  -1.752033  -2.141283   1.242423
     4  C    0.438993  -2.923986  -1.752033  11.903810  -0.799880  -1.156404
     5  C   -1.461686   0.193636  -2.141283  -0.799880  11.131521  -1.585852
     6  C    0.477384  -1.038481   1.242423  -1.156404  -1.585852   9.203624
     7  N    0.042100   0.003031   0.021804  -0.011891   0.344016  -0.082786
     8  C   -0.103521  -0.205630  -0.674382  -1.064350   1.182576  -0.045997
     9  C    0.060764  -0.112392  -0.136898  -0.093496   0.205305  -0.384855
    10  C    0.025068  -0.022710  -0.061716  -0.083590   0.150418  -0.002577
    11  C   -0.034900   0.070357   0.031234   0.390398  -0.234965  -0.033839
    12  C   -0.149694   0.123629  -0.343222   0.677340  -0.386523  -0.067726
    13  C   -0.103133   0.097722   0.536346  -0.176686  -1.232285  -0.252436
    14  N    0.030139  -0.027620  -0.188547   0.295830   0.234967  -0.051413
    15  H    0.034706  -0.000942   0.184349   0.130032   0.035820  -0.021917
    16  H    0.003127  -0.000937  -0.038232   0.053888   0.128879   0.224086
    17  H   -0.000043   0.000115  -0.000299   0.001451  -0.027506   0.003647
    18  H    0.000003   0.000000  -0.000041   0.000394   0.000479   0.000029
    19  H    0.000004  -0.000024  -0.000232  -0.000102   0.001054   0.000018
    20  H    0.000300   0.001018   0.005293  -0.035862  -0.006254  -0.001569
    21  N    0.289456  -0.278617  -0.005572   0.060614   0.047099   0.035193
    22  H   -0.072631   0.057475  -0.008223   0.002403   0.046761  -0.052608
    23  H    0.081014  -0.167659  -0.022156  -0.014280   0.009286   0.083869
    24  N   -0.263389   0.247807   0.126619   0.095702   0.035194  -0.044343
    25  H   -0.172579   0.055800   0.121574   0.006559  -0.019014  -0.025975
    26  H    0.071023  -0.063348  -0.081263   0.047088   0.003745  -0.002875
    27  Mn   0.024203  -0.113731  -0.160010   0.044927   0.114725  -0.010553
               7          8          9         10         11         12
     1  C    0.042100  -0.103521   0.060764   0.025068  -0.034900  -0.149694
     2  C    0.003031  -0.205630  -0.112392  -0.022710   0.070357   0.123629
     3  C    0.021804  -0.674382  -0.136898  -0.061716   0.031234  -0.343222
     4  C   -0.011891  -1.064350  -0.093496  -0.083590   0.390398   0.677340
     5  C    0.344016   1.182576   0.205305   0.150418  -0.234965  -0.386523
     6  C   -0.082786  -0.045997  -0.384855  -0.002577  -0.033839  -0.067726
     7  N    6.577663   0.444425  -0.115942  -0.022091   0.013722  -0.002966
     8  C    0.444425   8.808755  -1.226252  -0.063888  -0.541541  -0.820119
     9  C   -0.115942  -1.226252   7.062874   0.589527  -0.143404   0.613808
    10  C   -0.022091  -0.063888   0.589527   5.545225   0.556623  -0.268704
    11  C    0.013722  -0.541541  -0.143404   0.556623   6.562643   0.109779
    12  C   -0.002966  -0.820119   0.613808  -0.268704   0.109779   7.677751
    13  C    0.033465  -0.038058  -0.297334  -0.492993  -0.792661  -1.112466
    14  N   -0.041837   0.208378  -0.063658   0.051475  -0.039706  -0.204027
    15  H    0.000207  -0.002652  -0.001573   0.000093   0.000832   0.005818
    16  H   -0.012732  -0.022439   0.002227  -0.000637   0.000132  -0.000652
    17  H   -0.013607   0.098057   0.265693  -0.015126  -0.009076  -0.024091
    18  H    0.000439   0.016891  -0.010820   0.287159   0.023016   0.022142
    19  H   -0.000088  -0.010762   0.007802   0.018912   0.305618  -0.004393
    20  H    0.000362   0.024676   0.002184  -0.009535  -0.063924   0.323773
    21  N    0.000067   0.007812  -0.001210  -0.000187   0.000140   0.001271
    22  H   -0.000200   0.000525   0.000036  -0.000000  -0.000000   0.000031
    23  H    0.000049   0.000434  -0.000055  -0.000002   0.000002   0.000021
    24  N    0.000409   0.001163   0.001098   0.000028  -0.000401  -0.002598
    25  H    0.000000  -0.000211   0.000004   0.000001  -0.000004  -0.000067
    26  H    0.000017   0.000314   0.000036  -0.000001   0.000006   0.000116
    27  Mn  -0.011651   0.125992   0.009613  -0.002887  -0.104764  -0.101631
              13         14         15         16         17         18
     1  C   -0.103133   0.030139   0.034706   0.003127  -0.000043   0.000003
     2  C    0.097722  -0.027620  -0.000942  -0.000937   0.000115   0.000000
     3  C    0.536346  -0.188547   0.184349  -0.038232  -0.000299  -0.000041
     4  C   -0.176686   0.295830   0.130032   0.053888   0.001451   0.000394
     5  C   -1.232285   0.234967   0.035820   0.128879  -0.027506   0.000479
     6  C   -0.252436  -0.051413  -0.021917   0.224086   0.003647   0.000029
     7  N    0.033465  -0.041837   0.000207  -0.012732  -0.013607   0.000439
     8  C   -0.038058   0.208378  -0.002652  -0.022439   0.098057   0.016891
     9  C   -0.297334  -0.063658  -0.001573   0.002227   0.265693  -0.010820
    10  C   -0.492993   0.051475   0.000093  -0.000637  -0.015126   0.287159
    11  C   -0.792661  -0.039706   0.000832   0.000132  -0.009076   0.023016
    12  C   -1.112466  -0.204027   0.005818  -0.000652  -0.024091   0.022142
    13  C    9.381432   0.326806  -0.027216   0.005781   0.046548  -0.011482
    14  N    0.326806   6.250886  -0.019842   0.001533   0.001669  -0.000242
    15  H   -0.027216  -0.019842   0.490918   0.000016   0.000000  -0.000000
    16  H    0.005781   0.001533   0.000016   0.470275   0.000000  -0.000000
    17  H    0.046548   0.001669   0.000000   0.000000   0.476825  -0.003246
    18  H   -0.011482  -0.000242  -0.000000  -0.000000  -0.003246   0.471561
    19  H    0.009220   0.000993  -0.000000  -0.000000  -0.000143  -0.002526
    20  H    0.069608  -0.020119   0.000001   0.000000   0.000018  -0.000164
    21  N    0.003107  -0.000493  -0.000399  -0.013954  -0.000000  -0.000000
    22  H    0.000324   0.000030   0.000002   0.002839   0.000000  -0.000000
    23  H   -0.000226  -0.000005  -0.000004  -0.000086   0.000000   0.000000
    24  N    0.007759   0.001073  -0.017418  -0.000047   0.000000  -0.000000
    25  H    0.000050  -0.000060  -0.000167  -0.000006   0.000000  -0.000000
    26  H    0.000570  -0.000088   0.003735   0.000002  -0.000000   0.000000
    27  Mn   0.046535   0.175112   0.022045   0.000124   0.000120  -0.000117
              19         20         21         22         23         24
     1  C    0.000004   0.000300   0.289456  -0.072631   0.081014  -0.263389
     2  C   -0.000024   0.001018  -0.278617   0.057475  -0.167659   0.247807
     3  C   -0.000232   0.005293  -0.005572  -0.008223  -0.022156   0.126619
     4  C   -0.000102  -0.035862   0.060614   0.002403  -0.014280   0.095702
     5  C    0.001054  -0.006254   0.047099   0.046761   0.009286   0.035194
     6  C    0.000018  -0.001569   0.035193  -0.052608   0.083869  -0.044343
     7  N   -0.000088   0.000362   0.000067  -0.000200   0.000049   0.000409
     8  C   -0.010762   0.024676   0.007812   0.000525   0.000434   0.001163
     9  C    0.007802   0.002184  -0.001210   0.000036  -0.000055   0.001098
    10  C    0.018912  -0.009535  -0.000187  -0.000000  -0.000002   0.000028
    11  C    0.305618  -0.063924   0.000140  -0.000000   0.000002  -0.000401
    12  C   -0.004393   0.323773   0.001271   0.000031   0.000021  -0.002598
    13  C    0.009220   0.069608   0.003107   0.000324  -0.000226   0.007759
    14  N    0.000993  -0.020119  -0.000493   0.000030  -0.000005   0.001073
    15  H   -0.000000   0.000001  -0.000399   0.000002  -0.000004  -0.017418
    16  H   -0.000000   0.000000  -0.013954   0.002839  -0.000086  -0.000047
    17  H   -0.000143   0.000018  -0.000000   0.000000   0.000000   0.000000
    18  H   -0.002526  -0.000164  -0.000000  -0.000000   0.000000  -0.000000
    19  H    0.470457  -0.004099  -0.000000   0.000000   0.000000   0.000000
    20  H   -0.004099   0.497654  -0.000000   0.000000   0.000000   0.000000
    21  N   -0.000000  -0.000000   6.831144   0.350842   0.332338   0.013151
    22  H    0.000000   0.000000   0.350842   0.343656  -0.021159  -0.001088
    23  H    0.000000   0.000000   0.332338  -0.021159   0.356977   0.020342
    24  N    0.000000   0.000000   0.013151  -0.001088   0.020342   6.744106
    25  H    0.000000   0.000000   0.023613  -0.000016  -0.001656   0.337560
    26  H   -0.000000   0.000000  -0.001233  -0.000003   0.000026   0.350899
    27  Mn  -0.000206   0.029515  -0.000374   0.000005  -0.000016  -0.000971
              25         26         27
     1  C   -0.172579   0.071023   0.024203
     2  C    0.055800  -0.063348  -0.113731
     3  C    0.121574  -0.081263  -0.160010
     4  C    0.006559   0.047088   0.044927
     5  C   -0.019014   0.003745   0.114725
     6  C   -0.025975  -0.002875  -0.010553
     7  N    0.000000   0.000017  -0.011651
     8  C   -0.000211   0.000314   0.125992
     9  C    0.000004   0.000036   0.009613
    10  C    0.000001  -0.000001  -0.002887
    11  C   -0.000004   0.000006  -0.104764
    12  C   -0.000067   0.000116  -0.101631
    13  C    0.000050   0.000570   0.046535
    14  N   -0.000060  -0.000088   0.175112
    15  H   -0.000167   0.003735   0.022045
    16  H   -0.000006   0.000002   0.000124
    17  H    0.000000  -0.000000   0.000120
    18  H   -0.000000   0.000000  -0.000117
    19  H    0.000000  -0.000000  -0.000206
    20  H    0.000000   0.000000   0.029515
    21  N    0.023613  -0.001233  -0.000374
    22  H   -0.000016  -0.000003   0.000005
    23  H   -0.001656   0.000026  -0.000016
    24  N    0.337560   0.350899  -0.000971
    25  H    0.345311  -0.020519   0.000076
    26  H   -0.020519   0.336820  -0.000025
    27  Mn   0.000076  -0.000025  23.374389
          Atomic-Atomic Spin Densities.
               1          2          3          4          5          6
     1  C    0.266779  -0.304293   0.014581  -0.129023   0.192019  -0.063904
     2  C   -0.304293   0.877987  -0.144069  -0.131005  -0.263286  -0.019231
     3  C    0.014581  -0.144069   0.385305   0.095203  -0.317557   0.010125
     4  C   -0.129023  -0.131005   0.095203   0.721014  -0.545096   0.134524
     5  C    0.192019  -0.263286  -0.317557  -0.545096   1.098368  -0.237365
     6  C   -0.063904  -0.019231   0.010125   0.134524  -0.237365   0.273552
     7  N   -0.006474   0.003411   0.012301   0.046323  -0.075242   0.010825
     8  C    0.098275  -0.136910  -0.208130  -0.451336   0.703127  -0.040218
     9  C    0.013064  -0.002551   0.004269  -0.097866  -0.006015  -0.039236
    10  C    0.006379  -0.006829  -0.011681  -0.049669   0.052286   0.006773
    11  C   -0.011445   0.016991   0.055455   0.166670  -0.119019   0.008100
    12  C   -0.025457   0.052406   0.110664   0.069688  -0.199408   0.016934
    13  C   -0.074697   0.118081   0.036613   0.220517  -0.369290  -0.053136
    14  N    0.012181  -0.013890  -0.009580  -0.052016   0.045794  -0.004307
    15  H   -0.004526   0.005127   0.009239  -0.004383  -0.006001   0.001086
    16  H   -0.000373  -0.001053   0.000397   0.001751  -0.002383   0.001152
    17  H   -0.000023  -0.000013   0.000031   0.000555  -0.000873  -0.000024
    18  H    0.000002  -0.000002  -0.000010  -0.000095   0.000190   0.000028
    19  H    0.000001  -0.000001  -0.000013  -0.000120   0.000087   0.000001
    20  H   -0.000036   0.000190   0.000716   0.001762  -0.002842  -0.000124
    21  N   -0.005266   0.009655  -0.003514  -0.000676   0.002343  -0.002457
    22  H   -0.001054   0.000815  -0.000116   0.000046   0.000058   0.000231
    23  H    0.000665  -0.000726  -0.000090   0.000058  -0.000028   0.000133
    24  N    0.007328  -0.013822   0.003436   0.001190  -0.000794   0.001544
    25  H   -0.000274   0.000488  -0.000157   0.000071  -0.000080  -0.000067
    26  H   -0.000090  -0.000560   0.000437   0.000079   0.000010   0.000042
    27  Mn   0.008590  -0.048617  -0.045463   0.029587   0.028725   0.000273
               7          8          9         10         11         12
     1  C   -0.006474   0.098275   0.013064   0.006379  -0.011445  -0.025457
     2  C    0.003411  -0.136910  -0.002551  -0.006829   0.016991   0.052406
     3  C    0.012301  -0.208130   0.004269  -0.011681   0.055455   0.110664
     4  C    0.046323  -0.451336  -0.097866  -0.049669   0.166670   0.069688
     5  C   -0.075242   0.703127  -0.006015   0.052286  -0.119019  -0.199408
     6  C    0.010825  -0.040218  -0.039236   0.006773   0.008100   0.016934
     7  N    0.023211  -0.067343   0.014496  -0.004139   0.001243   0.013188
     8  C   -0.067343   1.015277  -0.183559   0.096091  -0.204372  -0.299848
     9  C    0.014496  -0.183559   0.257852  -0.023047  -0.096037   0.041307
    10  C   -0.004139   0.096091  -0.023047   0.065134  -0.000428  -0.035985
    11  C    0.001243  -0.204372  -0.096037  -0.000428   0.810383  -0.334899
    12  C    0.013188  -0.299848   0.041307  -0.035985  -0.334899   0.543070
    13  C    0.042780  -0.408205   0.115676  -0.102898  -0.216315   0.073137
    14  N   -0.005659   0.046410  -0.001958   0.005987  -0.011285  -0.010314
    15  H    0.000104  -0.001797  -0.000078  -0.000016   0.000022   0.000421
    16  H    0.000228  -0.000286   0.000124   0.000000  -0.000020   0.000015
    17  H    0.000246  -0.003560   0.002142  -0.000871  -0.000601   0.000837
    18  H   -0.000023   0.001688  -0.002316   0.001769  -0.000385  -0.000105
    19  H   -0.000006   0.000699  -0.000535   0.000074  -0.002809   0.002124
    20  H    0.000110  -0.008742   0.001477  -0.001398   0.010542   0.004686
    21  N   -0.000020   0.000025   0.000086  -0.000002  -0.000002   0.000016
    22  H    0.000001  -0.000012  -0.000005  -0.000000   0.000000   0.000001
    23  H    0.000000   0.000002   0.000001   0.000000  -0.000000  -0.000000
    24  N    0.000003   0.000070  -0.000001   0.000006   0.000008   0.000085
    25  H    0.000000   0.000001   0.000001  -0.000000  -0.000000  -0.000000
    26  H    0.000000  -0.000003  -0.000001   0.000000  -0.000000  -0.000001
    27  Mn  -0.000823   0.033436   0.008681  -0.001222  -0.074922  -0.028004
              13         14         15         16         17         18
     1  C   -0.074697   0.012181  -0.004526  -0.000373  -0.000023   0.000002
     2  C    0.118081  -0.013890   0.005127  -0.001053  -0.000013  -0.000002
     3  C    0.036613  -0.009580   0.009239   0.000397   0.000031  -0.000010
     4  C    0.220517  -0.052016  -0.004383   0.001751   0.000555  -0.000095
     5  C   -0.369290   0.045794  -0.006001  -0.002383  -0.000873   0.000190
     6  C   -0.053136  -0.004307   0.001086   0.001152  -0.000024   0.000028
     7  N    0.042780  -0.005659   0.000104   0.000228   0.000246  -0.000023
     8  C   -0.408205   0.046410  -0.001797  -0.000286  -0.003560   0.001688
     9  C    0.115676  -0.001958  -0.000078   0.000124   0.002142  -0.002316
    10  C   -0.102898   0.005987  -0.000016   0.000000  -0.000871   0.001769
    11  C   -0.216315  -0.011285   0.000022  -0.000020  -0.000601  -0.000385
    12  C    0.073137  -0.010314   0.000421   0.000015   0.000837  -0.000105
    13  C    0.629398  -0.034535   0.000710   0.000378   0.002117  -0.000743
    14  N   -0.034535   0.059171   0.000532  -0.000049  -0.000062   0.000015
    15  H    0.000710   0.000532  -0.002149   0.000000   0.000000  -0.000000
    16  H    0.000378  -0.000049   0.000000  -0.000013   0.000000   0.000000
    17  H    0.002117  -0.000062   0.000000   0.000000  -0.000037  -0.000001
    18  H   -0.000743   0.000015  -0.000000   0.000000  -0.000001   0.000148
    19  H    0.000527  -0.000033  -0.000000   0.000000   0.000000  -0.000008
    20  H   -0.005942   0.000645   0.000000   0.000000   0.000000   0.000001
    21  N    0.000391   0.000025   0.000019   0.000004   0.000000  -0.000000
    22  H    0.000017  -0.000001  -0.000000  -0.000004  -0.000000   0.000000
    23  H    0.000000   0.000000   0.000000   0.000000  -0.000000   0.000000
    24  N   -0.000526  -0.000093   0.000528   0.000014   0.000000   0.000000
    25  H    0.000009   0.000002   0.000001  -0.000000  -0.000000  -0.000000
    26  H   -0.000007  -0.000002  -0.000048  -0.000000  -0.000000  -0.000000
    27  Mn   0.058509  -0.022772  -0.000385   0.000039   0.000043  -0.000010
              19         20         21         22         23         24
     1  C    0.000001  -0.000036  -0.005266  -0.001054   0.000665   0.007328
     2  C   -0.000001   0.000190   0.009655   0.000815  -0.000726  -0.013822
     3  C   -0.000013   0.000716  -0.003514  -0.000116  -0.000090   0.003436
     4  C   -0.000120   0.001762  -0.000676   0.000046   0.000058   0.001190
     5  C    0.000087  -0.002842   0.002343   0.000058  -0.000028  -0.000794
     6  C    0.000001  -0.000124  -0.002457   0.000231   0.000133   0.001544
     7  N   -0.000006   0.000110  -0.000020   0.000001   0.000000   0.000003
     8  C    0.000699  -0.008742   0.000025  -0.000012   0.000002   0.000070
     9  C   -0.000535   0.001477   0.000086  -0.000005   0.000001  -0.000001
    10  C    0.000074  -0.001398  -0.000002  -0.000000   0.000000   0.000006
    11  C   -0.002809   0.010542  -0.000002   0.000000  -0.000000   0.000008
    12  C    0.002124   0.004686   0.000016   0.000001  -0.000000   0.000085
    13  C    0.000527  -0.005942   0.000391   0.000017   0.000000  -0.000526
    14  N   -0.000033   0.000645   0.000025  -0.000001   0.000000  -0.000093
    15  H   -0.000000   0.000000   0.000019  -0.000000   0.000000   0.000528
    16  H    0.000000   0.000000   0.000004  -0.000004   0.000000   0.000014
    17  H    0.000000   0.000000   0.000000  -0.000000  -0.000000   0.000000
    18  H   -0.000008   0.000001  -0.000000   0.000000   0.000000   0.000000
    19  H   -0.000210   0.000041  -0.000000   0.000000   0.000000  -0.000000
    20  H    0.000041  -0.002178   0.000000  -0.000000  -0.000000  -0.000000
    21  N   -0.000000   0.000000  -0.000661   0.000043  -0.000028  -0.000587
    22  H    0.000000  -0.000000   0.000043   0.000023  -0.000003  -0.000018
    23  H    0.000000  -0.000000  -0.000028  -0.000003  -0.000081   0.000054
    24  N   -0.000000  -0.000000  -0.000587  -0.000018   0.000054   0.004587
    25  H    0.000000  -0.000000   0.000033  -0.000000  -0.000004  -0.000082
    26  H   -0.000000   0.000000  -0.000003  -0.000000   0.000000   0.000063
    27  Mn   0.000002  -0.000469  -0.000059   0.000000   0.000001  -0.000158
              25         26         27
     1  C   -0.000274  -0.000090   0.008590
     2  C    0.000488  -0.000560  -0.048617
     3  C   -0.000157   0.000437  -0.045463
     4  C    0.000071   0.000079   0.029587
     5  C   -0.000080   0.000010   0.028725
     6  C   -0.000067   0.000042   0.000273
     7  N    0.000000   0.000000  -0.000823
     8  C    0.000001  -0.000003   0.033436
     9  C    0.000001  -0.000001   0.008681
    10  C   -0.000000   0.000000  -0.001222
    11  C   -0.000000  -0.000000  -0.074922
    12  C   -0.000000  -0.000001  -0.028004
    13  C    0.000009  -0.000007   0.058509
    14  N    0.000002  -0.000002  -0.022772
    15  H    0.000001  -0.000048  -0.000385
    16  H   -0.000000  -0.000000   0.000039
    17  H   -0.000000  -0.000000   0.000043
    18  H   -0.000000  -0.000000  -0.000010
    19  H    0.000000  -0.000000   0.000002
    20  H   -0.000000   0.000000  -0.000469
    21  N    0.000033  -0.000003  -0.000059
    22  H   -0.000000  -0.000000   0.000000
    23  H   -0.000004   0.000000   0.000001
    24  N   -0.000082   0.000063  -0.000158
    25  H    0.000049   0.000001   0.000002
    26  H    0.000001  -0.000051   0.000025
    27  Mn   0.000002   0.000025   5.035936
 Mulliken charges and spin densities:
               1          2
     1  C    0.141269  -0.007071
     2  C    0.502442  -0.001707
     3  C   -0.243169  -0.001607
     4  C   -0.036871   0.027750
     5  C    0.029766  -0.022272
     6  C   -0.408066   0.005255
     7  N   -0.165987   0.008742
     8  C   -0.100195  -0.019217
     9  C   -0.233083   0.005971
    10  C   -0.177887  -0.003686
    11  C   -0.065318  -0.003128
    12  C   -0.066598  -0.005445
    13  C   -0.028300   0.032566
    14  N    0.078764   0.004205
    15  H    0.183556  -0.001595
    16  H    0.196814  -0.000077
    17  H    0.198993  -0.000094
    18  H    0.206526   0.000146
    19  H    0.208496  -0.000178
    20  H    0.187124  -0.001563
    21  N   -0.693808  -0.000635
    22  H    0.350999   0.000020
    23  H    0.342947  -0.000045
    24  N   -0.652654   0.002834
    25  H    0.349725  -0.000004
    26  H    0.354959  -0.000109
    27  Mn   1.539556   4.980944
 Sum of Mulliken charges =   2.00000   5.00000
 Mulliken charges and spin densities with hydrogens summed into heavy atoms:
               1          2
     1  C    0.141269  -0.007071
     2  C    0.502442  -0.001707
     3  C   -0.059612  -0.003202
     4  C   -0.036871   0.027750
     5  C    0.029766  -0.022272
     6  C   -0.211252   0.005178
     7  N   -0.165987   0.008742
     8  C   -0.100195  -0.019217
     9  C   -0.034091   0.005877
    10  C    0.028639  -0.003540
    11  C    0.143178  -0.003305
    12  C    0.120526  -0.007009
    13  C   -0.028300   0.032566
    14  N    0.078764   0.004205
    21  N    0.000138  -0.000660
    24  N    0.052029   0.002721
    27  Mn   1.539556   4.980944
 APT charges:
               1
     1  C    0.895448
     2  C    1.398979
     3  C   -0.785392
     4  C    0.566996
     5  C    0.057695
     6  C   -0.316926
     7  N    0.211085
     8  C   -0.297298
     9  C    0.253885
    10  C   -0.249563
    11  C   -0.112265
    12  C    0.074675
    13  C   -0.072436
    14  N   -0.482228
    15  H    0.025941
    16  H    0.070462
    17  H    0.067866
    18  H    0.046587
    19  H    0.049576
    20  H    0.018399
    21  N   -1.236034
    22  H    0.253481
    23  H    0.322641
    24  N   -1.458459
    25  H    0.359044
    26  H    0.275813
    27  Mn   2.062027
 Sum of APT charges =   2.00000
 APT charges with hydrogens summed into heavy atoms:
               1
     1  C    0.895448
     2  C    1.398979
     3  C   -0.759451
     4  C    0.566996
     5  C    0.057695
     6  C   -0.246465
     7  N    0.211085
     8  C   -0.297298
     9  C    0.321751
    10  C   -0.202976
    11  C   -0.062688
    12  C    0.093075
    13  C   -0.072436
    14  N   -0.482228
    21  N   -0.659912
    24  N   -0.823602
    27  Mn   2.062027
 Electronic spatial extent (au):  <R**2>=           4977.8478
 Charge=              2.0000 electrons
 Dipole moment (field-independent basis, Debye):
    X=              2.0000    Y=             24.3408    Z=              0.4877  Tot=             24.4277
 Quadrupole moment (field-independent basis, Debye-Ang):
   XX=            -32.0743   YY=            -14.0168   ZZ=           -104.2972
   XY=             22.4649   XZ=             -1.4933   YZ=             -2.6814
 Traceless Quadrupole moment (field-independent basis, Debye-Ang):
   XX=             18.0552   YY=             36.1126   ZZ=            -54.1678
   XY=             22.4649   XZ=             -1.4933   YZ=             -2.6814
 Octapole moment (field-independent basis, Debye-Ang**2):
  XXX=            -97.2404  YYY=            318.7934  ZZZ=              1.2830  XYY=             47.2475
  XXY=             34.9558  XXZ=             11.3865  XZZ=              3.2266  YZZ=             40.9913
  YYZ=              2.2806  XYZ=             15.1762
 Hexadecapole moment (field-independent basis, Debye-Ang**3):
 XXXX=          -2956.2723 YYYY=           -784.8336 ZZZZ=           -114.3768 XXXY=            107.1042
 XXXZ=            -58.2122 YYYX=            322.3136 YYYZ=             -6.1801 ZZZX=             -1.8769
 ZZZY=             -1.5788 XXYY=           -644.5510 XXZZ=           -823.7233 YYZZ=           -295.6299
 XXYZ=            -71.6956 YYXZ=             -3.3753 ZZXY=             46.6127
 N-N= 1.336863154695D+03 E-N=-6.951469053232D+03  KE= 1.825543303382D+03
  Exact polarizability:     552.201     -41.597     257.188       0.172       0.722     125.407
 Approx polarizability:     365.454     -23.642     214.491      -0.007       0.989     113.881
                          Isotropic Fermi Contact Couplings
        Atom                 a.u.       MegaHertz       Gauss      10(-4) cm-1
     1  C(13)             -0.00005      -0.01091      -0.00389      -0.00364
     2  C(13)              0.00068       0.15201       0.05424       0.05071
     3  C(13)              0.00419       0.94263       0.33635       0.31443
     4  C(13)              0.00288       0.64712       0.23091       0.21585
     5  C(13)             -0.00009      -0.01945      -0.00694      -0.00649
     6  C(13)              0.00032       0.07260       0.02591       0.02422
     7  N(14)              0.00118       0.07614       0.02717       0.02540
     8  C(13)             -0.00013      -0.03012      -0.01075      -0.01005
     9  C(13)              0.00040       0.09041       0.03226       0.03016
    10  C(13)              0.00005       0.01232       0.00440       0.00411
    11  C(13)              0.00097       0.21741       0.07758       0.07252
    12  C(13)              0.00528       1.18736       0.42368       0.39606
    13  C(13)              0.00267       0.60052       0.21428       0.20031
    14  N(14)              0.01204       0.77783       0.27755       0.25946
    15  H(1)               0.00022       0.19666       0.07017       0.06560
    16  H(1)              -0.00003      -0.02737      -0.00977      -0.00913
    17  H(1)              -0.00004      -0.03641      -0.01299      -0.01215
    18  H(1)               0.00006       0.05340       0.01906       0.01781
    19  H(1)              -0.00005      -0.04588      -0.01637      -0.01530
    20  H(1)               0.00029       0.25751       0.09189       0.08590
    21  N(14)             -0.00023      -0.01471      -0.00525      -0.00491
    22  H(1)               0.00001       0.01079       0.00385       0.00360
    23  H(1)              -0.00003      -0.03093      -0.01104      -0.01032
    24  N(14)              0.00054       0.03520       0.01256       0.01174
    25  H(1)               0.00001       0.00708       0.00253       0.00236
    26  H(1)              -0.00002      -0.02068      -0.00738      -0.00690
    27  Mn(55)             0.44944      99.35685      35.45300      33.14188
 --------------------------------------------------------
       Center         ----  Spin Dipole Couplings  ----
                      3XX-RR        3YY-RR        3ZZ-RR
 --------------------------------------------------------
     1   Atom        0.003799      0.003266     -0.007065
     2   Atom        0.006711     -0.003830     -0.002881
     3   Atom        0.020983      0.001968     -0.022952
     4   Atom       -0.008303      0.025264     -0.016961
     5   Atom       -0.003025      0.014757     -0.011732
     6   Atom       -0.001864      0.003290     -0.001426
     7   Atom       -0.014500      0.002576      0.011924
     8   Atom       -0.005725      0.018700     -0.012975
     9   Atom       -0.004686      0.006094     -0.001408
    10   Atom        0.000773      0.006789     -0.007562
    11   Atom        0.001877      0.003318     -0.005195
    12   Atom        0.003940      0.022176     -0.026116
    13   Atom       -0.022545      0.042477     -0.019933
    14   Atom       -0.055177      0.137581     -0.082404
    15   Atom        0.057361     -0.023617     -0.033744
    16   Atom       -0.000969      0.003655     -0.002686
    17   Atom       -0.002398      0.005137     -0.002739
    18   Atom       -0.000030      0.002642     -0.002613
    19   Atom        0.005772     -0.000117     -0.005655
    20   Atom        0.041982     -0.003395     -0.038587
    21   Atom        0.002489      0.001346     -0.003835
    22   Atom        0.000950      0.000667     -0.001618
    23   Atom        0.002093     -0.000192     -0.001901
    24   Atom        0.005575     -0.006253      0.000678
    25   Atom        0.005084     -0.002171     -0.002913
    26   Atom        0.010689     -0.004979     -0.005710
    27   Atom       -0.027419      0.040954     -0.013535
 --------------------------------------------------------
                        XY            XZ            YZ
 --------------------------------------------------------
     1   Atom        0.006006     -0.000252     -0.000112
     2   Atom        0.009898     -0.000348      0.000436
     3   Atom        0.029850      0.000327      0.000039
     4   Atom        0.032120      0.000181     -0.000036
     5   Atom        0.008573      0.000068      0.000180
     6   Atom        0.005966      0.000149      0.000049
     7   Atom        0.002478     -0.000033     -0.000334
     8   Atom       -0.002685      0.000011      0.000262
     9   Atom       -0.003843     -0.000046      0.000039
    10   Atom       -0.005588     -0.000022      0.000112
    11   Atom       -0.012025     -0.000078      0.000025
    12   Atom       -0.033268     -0.000055      0.000131
    13   Atom       -0.018084     -0.000070      0.000194
    14   Atom        0.031275      0.000013      0.000870
    15   Atom        0.027887      0.001114      0.000330
    16   Atom        0.003400     -0.000005     -0.000020
    17   Atom       -0.001754     -0.000014      0.000060
    18   Atom       -0.003398     -0.000018      0.000031
    19   Atom       -0.007867     -0.000009      0.000006
    20   Atom       -0.051080      0.000224     -0.000106
    21   Atom        0.003326     -0.000755      0.000308
    22   Atom        0.002411     -0.000061     -0.000027
    23   Atom        0.002724     -0.000350     -0.000289
    24   Atom        0.004211     -0.001809     -0.000005
    25   Atom        0.002948      0.000702      0.000259
    26   Atom        0.002324      0.000615      0.000038
    27   Atom        0.012153     -0.000203      0.000370
 --------------------------------------------------------


 ---------------------------------------------------------------------------------
              Anisotropic Spin Dipole Couplings in Principal Axis System
 ---------------------------------------------------------------------------------

       Atom             a.u.   MegaHertz   Gauss  10(-4) cm-1        Axes

              Baa    -0.0071    -0.949    -0.339    -0.317  0.0253 -0.0038  0.9997
     1 C(13)  Bbb    -0.0025    -0.332    -0.119    -0.111 -0.6908  0.7228  0.0203
              Bcc     0.0095     1.281     0.457     0.427  0.7226  0.6911 -0.0156
 
              Baa    -0.0098    -1.317    -0.470    -0.439 -0.5134  0.8545 -0.0795
     2 C(13)  Bbb    -0.0028    -0.381    -0.136    -0.127 -0.0369  0.0706  0.9968
              Bcc     0.0127     1.698     0.606     0.566  0.8574  0.5147 -0.0048
 
              Baa    -0.0230    -3.081    -1.099    -1.028 -0.0342  0.0394  0.9986
     3 C(13)  Bbb    -0.0198    -2.663    -0.950    -0.888 -0.5891  0.8064 -0.0520
              Bcc     0.0428     5.744     2.050     1.916  0.8073  0.5901  0.0044
 
              Baa    -0.0278    -3.725    -1.329    -1.243  0.8552 -0.5180 -0.0161
     4 C(13)  Bbb    -0.0170    -2.276    -0.812    -0.759  0.0132 -0.0092  0.9999
              Bcc     0.0447     6.001     2.141     2.002  0.5181  0.8553  0.0010
 
              Baa    -0.0117    -1.575    -0.562    -0.525 -0.0017 -0.0062  1.0000
     5 C(13)  Bbb    -0.0065    -0.870    -0.311    -0.290  0.9273 -0.3742 -0.0007
              Bcc     0.0182     2.445     0.872     0.815  0.3742  0.9273  0.0064
 
              Baa    -0.0058    -0.777    -0.277    -0.259  0.8355 -0.5490 -0.0224
     6 C(13)  Bbb    -0.0014    -0.191    -0.068    -0.064  0.0109 -0.0242  0.9996
              Bcc     0.0072     0.968     0.345     0.323  0.5493  0.8355  0.0143
 
              Baa    -0.0149    -0.573    -0.204    -0.191  0.9900 -0.1408 -0.0005
     7 N(14)  Bbb     0.0029     0.112     0.040     0.038  0.1407  0.9894  0.0371
              Bcc     0.0119     0.460     0.164     0.154 -0.0047 -0.0369  0.9993
 
              Baa    -0.0130    -1.741    -0.621    -0.581 -0.0048 -0.0087  1.0000
     8 C(13)  Bbb    -0.0060    -0.807    -0.288    -0.269  0.9941  0.1079  0.0057
              Bcc     0.0190     2.549     0.909     0.850 -0.1080  0.9941  0.0081
 
              Baa    -0.0059    -0.794    -0.283    -0.265  0.9524  0.3047  0.0071
     9 C(13)  Bbb    -0.0014    -0.189    -0.067    -0.063 -0.0050 -0.0077  1.0000
              Bcc     0.0073     0.983     0.351     0.328 -0.3047  0.9524  0.0058
 
              Baa    -0.0076    -1.015    -0.362    -0.339 -0.0035 -0.0092  1.0000
    10 C(13)  Bbb    -0.0026    -0.344    -0.123    -0.115  0.8585  0.5128  0.0077
              Bcc     0.0101     1.359     0.485     0.453 -0.5128  0.8585  0.0061
 
              Baa    -0.0094    -1.268    -0.452    -0.423  0.7279  0.6856  0.0092
    11 C(13)  Bbb    -0.0052    -0.697    -0.249    -0.233 -0.0042 -0.0089  1.0000
              Bcc     0.0146     1.965     0.701     0.655 -0.6856  0.7279  0.0036
 
              Baa    -0.0261    -3.505    -1.251    -1.169 -0.0048 -0.0060  1.0000
    12 C(13)  Bbb    -0.0214    -2.877    -1.026    -0.960  0.7951  0.6065  0.0075
              Bcc     0.0476     6.381     2.277     2.129 -0.6065  0.7951  0.0019
 
              Baa    -0.0272    -3.655    -1.304    -1.219  0.9680  0.2511  0.0027
    13 C(13)  Bbb    -0.0199    -2.675    -0.954    -0.892 -0.0018 -0.0036  1.0000
              Bcc     0.0472     6.330     2.259     2.111 -0.2511  0.9680  0.0031
 
              Baa    -0.0824    -3.178    -1.134    -1.060  0.0048 -0.0046  1.0000
    14 N(14)  Bbb    -0.0601    -2.319    -0.827    -0.773  0.9877 -0.1562 -0.0055
              Bcc     0.1425     5.497     1.962     1.834  0.1562  0.9877  0.0038
 
              Baa    -0.0338   -18.012    -6.427    -6.008 -0.0143  0.0067  0.9999
    15 H(1)   Bbb    -0.0323   -17.229    -6.148    -5.747 -0.2969  0.9549 -0.0107
              Bcc     0.0660    35.241    12.575    11.755  0.9548  0.2970  0.0116
 
              Baa    -0.0028    -1.477    -0.527    -0.493  0.8822 -0.4671 -0.0594
    16 H(1)   Bbb    -0.0027    -1.433    -0.511    -0.478  0.0537 -0.0256  0.9982
              Bcc     0.0055     2.910     1.038     0.971  0.4678  0.8838 -0.0025
 
              Baa    -0.0028    -1.487    -0.530    -0.496  0.9763  0.2161  0.0091
    17 H(1)   Bbb    -0.0027    -1.462    -0.522    -0.488 -0.0073 -0.0093  0.9999
              Bcc     0.0055     2.948     1.052     0.983 -0.2161  0.9763  0.0075
 
              Baa    -0.0026    -1.394    -0.497    -0.465 -0.0062 -0.0099  0.9999
    18 H(1)   Bbb    -0.0023    -1.251    -0.446    -0.417  0.8264  0.5630  0.0107
              Bcc     0.0050     2.645     0.944     0.882 -0.5631  0.8264  0.0047
 
              Baa    -0.0057    -3.017    -1.077    -1.007  0.0050  0.0061  1.0000
    19 H(1)   Bbb    -0.0056    -2.973    -1.061    -0.992  0.5698  0.8217 -0.0079
              Bcc     0.0112     5.991     2.138     1.998  0.8217 -0.5699 -0.0006
 
              Baa    -0.0386   -20.589    -7.347    -6.868 -0.0109 -0.0129  0.9999
    20 H(1)   Bbb    -0.0366   -19.527    -6.968    -6.514  0.5449  0.8383  0.0168
              Bcc     0.0752    40.116    14.314    13.381  0.8384 -0.5450  0.0022
 
              Baa    -0.0041    -0.156    -0.056    -0.052  0.2025 -0.1796  0.9627
    21 N(14)  Bbb    -0.0013    -0.048    -0.017    -0.016 -0.6091  0.7466  0.2674
              Bcc     0.0053     0.205     0.073     0.068  0.7668  0.6405 -0.0418
 
              Baa    -0.0016    -0.873    -0.311    -0.291  0.4228 -0.4333  0.7959
    22 H(1)   Bbb    -0.0016    -0.848    -0.302    -0.283 -0.5404  0.5845  0.6053
              Bcc     0.0032     1.721     0.614     0.574  0.7275  0.6860 -0.0130
 
              Baa    -0.0020    -1.081    -0.386    -0.361 -0.4646  0.7610  0.4529
    23 H(1)   Bbb    -0.0019    -1.020    -0.364    -0.340  0.3088 -0.3401  0.8882
              Bcc     0.0039     2.102     0.750     0.701  0.8299  0.5525 -0.0770
 
              Baa    -0.0076    -0.294    -0.105    -0.098 -0.3113  0.9479 -0.0671
    24 N(14)  Bbb     0.0003     0.010     0.004     0.003  0.2181  0.1400  0.9658
              Bcc     0.0074     0.284     0.101     0.095  0.9249  0.2861 -0.2504
 
              Baa    -0.0032    -1.717    -0.613    -0.573 -0.3318  0.9427 -0.0359
    25 H(1)   Bbb    -0.0030    -1.587    -0.566    -0.529 -0.0892  0.0065  0.9960
              Bcc     0.0062     3.304     1.179     1.102  0.9391  0.3336  0.0819
 
              Baa    -0.0057    -3.062    -1.092    -1.021 -0.0531  0.1127  0.9922
    26 H(1)   Bbb    -0.0053    -2.834    -1.011    -0.945 -0.1382  0.9832 -0.1191
              Bcc     0.0110     5.895     2.104     1.966  0.9890  0.1435  0.0366
 
              Baa    -0.0295    -3.895    -1.390    -1.299  0.9853 -0.1700  0.0165
    27 Mn(55) Bbb    -0.0135    -1.786    -0.637    -0.596 -0.0172 -0.0029  0.9998
              Bcc     0.0431     5.680     2.027     1.895  0.1699  0.9854  0.0058
 

 ---------------------------------------------------------------------------------

 No NMR shielding tensors so no spin-rotation constants.
 Leave Link  601 at Tue Apr 19 22:45:48 2022, MaxMem= 13421772800 cpu:              24.5 elap:               0.8
 (Enter /soft/gaussian/16-c.01/g16/l716.exe)
 Dipole        = 7.86868161D-01 9.57640572D+00 1.91865852D-01
 Polarizability= 5.52201359D+02-4.15971334D+01 2.57188133D+02
                 1.72460569D-01 7.22324835D-01 1.25406901D+02
 HyperPolar    = 9.00014865D+03-1.58747160D+03 2.33977265D+02
                 4.03800620D+02 9.06598200D+00 4.17085209D+00
                -8.51340606D+00 1.24496278D+02 5.95629327D+00
                -1.32404231D+01
 -------------------------------------------------------------------
 Center     Atomic                   Forces (Hartrees/Bohr)
 Number     Number              X              Y              Z
 -------------------------------------------------------------------
      1        6           0.000046907    0.000001237    0.000030040
      2        6          -0.000047199    0.000012335    0.000087371
      3        6           0.000038665    0.000013264   -0.000128296
      4        6          -0.000032412    0.000007821    0.000074062
      5        6           0.000030286   -0.000009806    0.000080853
      6        6          -0.000038922    0.000004381   -0.000088133
      7        7          -0.000023704    0.000005638   -0.000114553
      8        6           0.000010529   -0.000001513    0.000049833
      9        6          -0.000002563   -0.000004024   -0.000057972
     10        6           0.000003853   -0.000017682   -0.000061520
     11        6          -0.000003191   -0.000009283   -0.000050561
     12        6          -0.000002284   -0.000003848   -0.000088841
     13        6          -0.000013157    0.000002014    0.000058218
     14        7           0.000014746   -0.000003487   -0.000167243
     15        1           0.000006639    0.000003586    0.000062683
     16        1          -0.000006237    0.000006045    0.000078212
     17        1          -0.000008729   -0.000007680    0.000062676
     18        1          -0.000004662   -0.000011417    0.000056614
     19        1           0.000001537   -0.000009261    0.000043898
     20        1           0.000004254   -0.000003893    0.000047822
     21        7          -0.000057324    0.000018241   -0.000192370
     22        1           0.000006633    0.000003291    0.000130462
     23        1           0.000009522   -0.000001072    0.000123824
     24        7           0.000075742    0.000005570   -0.000194667
     25        1          -0.000012399   -0.000008553    0.000113615
     26        1          -0.000004694    0.000011301    0.000113834
     27       25           0.000008164   -0.000003207    0.000596807
 -------------------------------------------------------------------
 Cartesian Forces:  Max     0.000596807 RMS     0.000089032
 Leave Link  716 at Tue Apr 19 22:45:48 2022, MaxMem= 13421772800 cpu:               2.3 elap:               0.1
 (Enter /soft/gaussian/16-c.01/g16/l106.exe)
 NDeriv=      3 NFrqRd=  0 NDerD0=      0 MskFDP=       0 MskDFD=       0 MskDF0=       0
 Re-enter D2Numr:  atom      0 IXYZ=3 step-down number 1
 Max difference between analytic and numerical Dipole moment IMax=       1 EMax= 1.67D-04
 Max difference between analytic and numerical Dipole derivatives IMax=     208 EMax= 1.94D-03
 Max difference between off-diagonal Polarizability IMax=       1 JMax=       2 EMax= 1.75D-03
 Max difference between analytic and numerical Polarizability IMax=       3 EMax= 4.77D-02
 Max difference between off-diagonal HyperPolarizability IMax=       1 JMax=       1 KMax=       2 EMax= 7.76D-01
 Final packed hyperpolarizability:
 K=  1 block:
                1 
      1  0.900227D+04
 K=  2 block:
                1             2 
      1 -0.158753D+04
      2  0.234017D+03  0.404138D+03
 K=  3 block:
                1             2             3 
      1  0.233545D+02
      2  0.310936D+01 -0.697275D+00
      3  0.124650D+03  0.614895D+01  0.185703D+01
 Max difference between off-diagonal Polar Derivs IMax=       1 JMax=       2 KMax=      34 EMax= 3.09D-02
 FinFTb:  IFil= 1 IFilD=  777 LTop=  1 LFil=      3941 LTop1=  0 IMask=  1
 FinFTb:  IFil= 2 IFilD=  782 LTop=  1 LFil=       865 LTop1=  0 IMask=  1
 Leave Link  106 at Tue Apr 19 22:45:48 2022, MaxMem= 13421772800 cpu:               7.1 elap:               0.2
 (Enter /soft/gaussian/16-c.01/g16/l716.exe)
 Dipole        = 7.86805810D-01 9.57616374D+00 1.50056581D-01
 Polarizability= 5.52206708D+02-4.15959175D+01 2.57186584D+02
                 2.13993948D-01 7.24362507D-01 1.25405000D+02
 HyperPolar    = 9.00227171D+03-1.58752878D+03 2.34016753D+02
                 4.04137803D+02 2.33545294D+01 3.10936296D+00
                -6.97274569D-01 1.24650253D+02 6.14894789D+00
                 1.85703324D+00
 Full mass-weighted force constant matrix:
 Low frequencies ---   -0.0043   -0.0028   -0.0019   10.2630   17.9809   25.9242
 Low frequencies ---   72.1995   84.9915  115.6905
 Diagonal vibrational polarizability:
      281.3598809     100.0961423     138.5556522
 Diagonal vibrational hyperpolarizability:
    -5568.4993391     150.0761189     -11.7547172
 Harmonic frequencies (cm**-1), IR intensities (KM/Mole), Raman scattering
 activities (A**4/AMU), depolarization ratios for plane and unpolarized
 incident light, reduced masses (AMU), force constants (mDyne/A),
 and normal coordinates:
                      1                      2                      3
                      A                      A                      A
 Frequencies --     71.3745                84.2967               113.8683
 Red. masses --      5.2068                 5.2088                 5.3294
 Frc consts  --      0.0156                 0.0218                 0.0407
 IR Inten    --      0.8910                13.8741                13.2408
 Raman Activ --      3.4051                 0.5511                10.9642
 Depolar (P) --      0.6926                 0.3804                 0.7292
 Depolar (U) --      0.8184                 0.5512                 0.8434
  Atom  AN      X      Y      Z        X      Y      Z        X      Y      Z
     1   6     0.00  -0.00  -0.06     0.01   0.00   0.09     0.00   0.00   0.04
     2   6    -0.00   0.00   0.13     0.00   0.00  -0.06     0.00   0.00   0.01
     3   6    -0.00  -0.00   0.08     0.00   0.00  -0.17     0.00   0.00   0.11
     4   6     0.00  -0.00  -0.03     0.00   0.00  -0.16     0.00   0.00   0.14
     5   6     0.00   0.00  -0.13    -0.00   0.00  -0.15     0.00   0.00   0.04
     6   6     0.00  -0.00  -0.19     0.00  -0.00  -0.02     0.00   0.00   0.04
     7   7     0.00   0.00  -0.14     0.00   0.00  -0.17     0.00   0.01  -0.10
     8   6     0.00  -0.00  -0.04     0.00   0.00  -0.12     0.00   0.00  -0.07
     9   6    -0.00  -0.00   0.06     0.00  -0.00  -0.05    -0.00   0.00  -0.26
    10   6    -0.00  -0.00   0.18     0.00  -0.00   0.12     0.00  -0.00  -0.15
    11   6     0.00  -0.00   0.17     0.00  -0.00   0.18     0.00  -0.01   0.16
    12   6     0.00  -0.00   0.07     0.00  -0.00   0.07     0.01  -0.00   0.29
    13   6     0.00  -0.00  -0.00     0.00  -0.00  -0.07     0.00   0.00   0.15
    14   7     0.00   0.00  -0.02     0.00  -0.00  -0.12     0.00   0.00   0.19
    15   1    -0.01  -0.00   0.18     0.00   0.00  -0.22    -0.00   0.00   0.12
    16   1     0.00  -0.00  -0.31     0.00   0.00   0.05     0.00   0.00   0.02
    17   1    -0.00  -0.00   0.04     0.00   0.00  -0.09    -0.01   0.01  -0.48
    18   1    -0.00  -0.01   0.27    -0.00  -0.00   0.21    -0.00  -0.01  -0.29
    19   1     0.00  -0.01   0.25     0.00  -0.00   0.32     0.00  -0.01   0.27
    20   1     0.00  -0.00   0.06     0.00  -0.00   0.12     0.02  -0.01   0.46
    21   7    -0.00  -0.00  -0.07     0.00   0.01   0.35     0.00   0.01   0.03
    22   1     0.01  -0.02  -0.21     0.01   0.03   0.50    -0.01   0.01   0.06
    23   1     0.03  -0.09   0.04     0.09   0.10   0.38    -0.01   0.03   0.00
    24   7    -0.00   0.01   0.35    -0.00  -0.01  -0.07     0.00  -0.00  -0.12
    25   1    -0.03   0.08   0.35    -0.03  -0.05   0.04     0.03  -0.03  -0.15
    26   1    -0.01   0.03   0.49    -0.02  -0.02  -0.18     0.00  -0.01  -0.15
    27  25    -0.00   0.00  -0.10    -0.01  -0.00   0.06    -0.01  -0.00  -0.11
                      4                      5                      6
                      A                      A                      A
 Frequencies --    152.9666               187.5148               191.2371
 Red. masses --     14.3364                15.9632                 4.9910
 Frc consts  --      0.1976                 0.3307                 0.1075
 IR Inten    --     42.1984                70.5162                 9.2629
 Raman Activ --      5.0451                12.9185                 3.7062
 Depolar (P) --      0.7449                 0.5378                 0.3007
 Depolar (U) --      0.8538                 0.6994                 0.4624
  Atom  AN      X      Y      Z        X      Y      Z        X      Y      Z
     1   6    -0.07  -0.13   0.01     0.03  -0.05   0.02    -0.01   0.01   0.05
     2   6    -0.11  -0.11   0.01     0.08  -0.06  -0.00    -0.02   0.01  -0.00
     3   6    -0.13  -0.05   0.03     0.08  -0.09  -0.07    -0.01   0.01  -0.19
     4   6    -0.11  -0.02   0.02     0.08  -0.09  -0.05    -0.01   0.01  -0.12
     5   6    -0.07  -0.03  -0.01     0.03  -0.09   0.07    -0.00   0.01   0.13
     6   6    -0.05  -0.09  -0.00     0.02  -0.07   0.14    -0.00   0.02   0.28
     7   7    -0.07  -0.02  -0.03    -0.01  -0.14   0.04     0.00   0.02   0.10
     8   6    -0.09   0.01  -0.02    -0.01  -0.15  -0.05     0.00   0.02  -0.08
     9   6    -0.06   0.05  -0.01    -0.04  -0.20  -0.08     0.01   0.03  -0.16
    10   6    -0.08   0.09   0.01    -0.03  -0.24  -0.01     0.00   0.03  -0.03
    11   6    -0.12   0.09   0.02     0.01  -0.23   0.08    -0.00   0.03   0.16
    12   6    -0.16   0.03   0.00     0.04  -0.18   0.03    -0.01   0.03   0.08
    13   6    -0.14   0.01  -0.00     0.02  -0.14  -0.05    -0.01   0.02  -0.09
    14   7    -0.13   0.02   0.01     0.07  -0.07  -0.09    -0.01   0.01  -0.17
    15   1    -0.00  -0.05   0.07     0.08  -0.09  -0.11    -0.01   0.01  -0.29
    16   1     0.00  -0.09  -0.01    -0.00  -0.06   0.19    -0.00   0.02   0.39
    17   1    -0.03   0.04  -0.02    -0.09  -0.19  -0.12     0.01   0.03  -0.25
    18   1    -0.06   0.11   0.03    -0.05  -0.26  -0.01     0.01   0.04  -0.05
    19   1    -0.13   0.13   0.03     0.03  -0.28   0.17    -0.01   0.04   0.33
    20   1    -0.23   0.03  -0.01    -0.08  -0.14   0.08     0.01   0.02   0.16
    21   7    -0.04  -0.21   0.01     0.02  -0.03  -0.09     0.00  -0.03  -0.18
    22   1     0.03  -0.22  -0.00     0.00  -0.02  -0.07     0.03  -0.04  -0.26
    23   1    -0.06  -0.28   0.05    -0.03  -0.01  -0.16    -0.11  -0.12  -0.23
    24   7    -0.18  -0.21  -0.03     0.09  -0.00   0.07    -0.02   0.02   0.15
    25   1    -0.13  -0.31  -0.04     0.10   0.06  -0.01    -0.06   0.05   0.22
    26   1    -0.27  -0.21  -0.07     0.16  -0.02   0.03    -0.01   0.02   0.14
    27  25     0.38   0.16  -0.00    -0.11   0.43   0.01     0.02  -0.06   0.01
                      7                      8                      9
                      A                      A                      A
 Frequencies --    201.3576               219.8380               302.7327
 Red. masses --      5.4073                 4.0686                 1.3609
 Frc consts  --      0.1292                 0.1159                 0.0735
 IR Inten    --      4.4125                23.0193                32.1181
 Raman Activ --      2.9615                 4.1062                14.7730
 Depolar (P) --      0.5583                 0.6398                 0.5637
 Depolar (U) --      0.7166                 0.7803                 0.7210
  Atom  AN      X      Y      Z        X      Y      Z        X      Y      Z
     1   6     0.00   0.00   0.09    -0.04   0.01  -0.01    -0.00   0.01   0.04
     2   6     0.00   0.01   0.10     0.02   0.01  -0.00     0.01   0.00   0.04
     3   6     0.00   0.01   0.28     0.04  -0.09   0.02     0.02   0.01   0.00
     4   6     0.00   0.02   0.14    -0.01  -0.15   0.02     0.00  -0.00  -0.02
     5   6     0.00   0.02   0.06    -0.02  -0.15   0.01     0.00  -0.01  -0.02
     6   6     0.01   0.01   0.16    -0.07  -0.07   0.01    -0.02  -0.01   0.00
     7   7    -0.00   0.02  -0.15     0.01  -0.14  -0.01    -0.00  -0.01   0.00
     8   6     0.00   0.01  -0.21     0.01  -0.09  -0.02     0.01  -0.01   0.02
     9   6    -0.01  -0.00  -0.04     0.12   0.04  -0.01     0.02   0.00   0.01
    10   6    -0.00  -0.01   0.22     0.08   0.16   0.02     0.02   0.01  -0.02
    11   6     0.00  -0.02   0.09    -0.02   0.17   0.02     0.01   0.01  -0.01
    12   6     0.01  -0.00  -0.19    -0.10   0.05  -0.01    -0.00  -0.00   0.02
    13   6     0.01   0.01  -0.21    -0.05  -0.08  -0.02     0.00  -0.01   0.01
    14   7     0.01   0.01  -0.05    -0.05  -0.11  -0.00     0.01  -0.01  -0.02
    15   1    -0.01   0.01   0.28     0.10  -0.09   0.02     0.02   0.01  -0.02
    16   1     0.01   0.01   0.13    -0.17  -0.07   0.02    -0.03  -0.01  -0.02
    17   1    -0.02   0.00   0.01     0.25   0.01  -0.02     0.04  -0.00   0.02
    18   1    -0.01  -0.02   0.48     0.13   0.23   0.04     0.02   0.02  -0.04
    19   1     0.01  -0.02   0.22    -0.05   0.26   0.04     0.01   0.02  -0.01
    20   1     0.02  -0.00  -0.26    -0.22   0.06  -0.02    -0.02   0.00   0.03
    21   7     0.01  -0.00  -0.09    -0.08   0.15   0.00    -0.07   0.09  -0.02
    22   1     0.00  -0.01  -0.20    -0.23   0.17   0.11    -0.06   0.04  -0.53
    23   1    -0.06  -0.07  -0.11    -0.08   0.33  -0.15     0.16  -0.26   0.54
    24   7     0.01  -0.01  -0.17     0.09   0.13   0.01     0.02  -0.05  -0.05
    25   1     0.06  -0.08  -0.20     0.11   0.28  -0.17    -0.10  -0.25   0.41
    26   1    -0.00  -0.02  -0.23     0.25   0.12   0.03    -0.12  -0.06  -0.20
    27  25    -0.01  -0.01   0.01     0.01   0.01  -0.00    -0.00   0.00   0.00
                     10                     11                     12
                      A                      A                      A
 Frequencies --    324.0640               346.0195               365.2340
 Red. masses --      2.7926                 5.5177                 4.8519
 Frc consts  --      0.1728                 0.3892                 0.3813
 IR Inten    --     62.5377                14.8539                24.2234
 Raman Activ --     54.7244                18.9131                 6.6326
 Depolar (P) --      0.3577                 0.3808                 0.5530
 Depolar (U) --      0.5269                 0.5515                 0.7122
  Atom  AN      X      Y      Z        X      Y      Z        X      Y      Z
     1   6     0.02  -0.00  -0.06    -0.00  -0.02  -0.06    -0.09  -0.17  -0.02
     2   6     0.01  -0.02  -0.02     0.01  -0.01   0.07     0.05  -0.17  -0.03
     3   6    -0.02   0.02   0.03     0.02  -0.01   0.22     0.03  -0.13  -0.04
     4   6     0.00   0.01   0.01     0.00   0.00  -0.03     0.03  -0.03   0.02
     5   6     0.00   0.00   0.03    -0.00   0.00   0.02    -0.05  -0.02   0.02
     6   6     0.00  -0.03  -0.03     0.00  -0.00  -0.23    -0.06  -0.13   0.01
     7   7     0.02   0.02   0.08    -0.01  -0.00   0.31     0.01   0.09  -0.00
     8   6     0.03   0.01   0.00    -0.02   0.01   0.09    -0.02   0.17  -0.02
     9   6     0.02  -0.00  -0.04    -0.03   0.01  -0.09    -0.11   0.09  -0.02
    10   6     0.03  -0.02  -0.01    -0.03   0.01  -0.11    -0.07  -0.03   0.03
    11   6     0.04  -0.02   0.05    -0.03   0.00   0.18     0.03  -0.05  -0.01
    12   6     0.05  -0.00  -0.02    -0.02   0.01  -0.01     0.11   0.07  -0.03
    13   6     0.03   0.01  -0.05    -0.02   0.01  -0.16     0.06   0.15   0.01
    14   7     0.01  -0.00  -0.04    -0.01   0.02  -0.22     0.01   0.08   0.04
    15   1    -0.03   0.02   0.04     0.01  -0.01   0.29    -0.02  -0.13  -0.04
    16   1     0.00  -0.03  -0.02     0.01  -0.00  -0.35     0.03  -0.14   0.02
    17   1     0.01   0.00  -0.07    -0.04   0.01  -0.20    -0.24   0.12  -0.02
    18   1     0.02  -0.03  -0.02    -0.03   0.01  -0.26    -0.14  -0.11   0.06
    19   1     0.04  -0.03   0.12    -0.03  -0.00   0.43     0.07  -0.15  -0.01
    20   1     0.07  -0.01  -0.01    -0.02   0.01   0.07     0.24   0.05  -0.05
    21   7    -0.06   0.21   0.01     0.02  -0.08   0.07    -0.20   0.04   0.00
    22   1    -0.26   0.23   0.13     0.10  -0.08   0.10    -0.39   0.05   0.03
    23   1     0.07   0.43  -0.03     0.06  -0.11   0.14    -0.06   0.17   0.06
    24   7    -0.15  -0.20   0.05     0.09   0.07  -0.09     0.21   0.00  -0.00
    25   1     0.15  -0.23  -0.55    -0.01   0.08   0.12     0.03   0.20   0.19
    26   1    -0.23  -0.16   0.19     0.14   0.06  -0.10     0.37   0.00   0.15
    27  25     0.00   0.00   0.00    -0.00  -0.01   0.00     0.01  -0.00   0.00
                     13                     14                     15
                      A                      A                      A
 Frequencies --    376.2112               379.9042               433.6535
 Red. masses --      6.3225                 3.7321                 1.9158
 Frc consts  --      0.5272                 0.3174                 0.2123
 IR Inten    --      4.2960                11.1306               221.4496
 Raman Activ --    137.8719                 5.2432                37.4492
 Depolar (P) --      0.2040                 0.6569                 0.5118
 Depolar (U) --      0.3388                 0.7929                 0.6771
  Atom  AN      X      Y      Z        X      Y      Z        X      Y      Z
     1   6    -0.22   0.00   0.01    -0.00   0.02  -0.11     0.01   0.00  -0.16
     2   6    -0.22   0.03   0.02    -0.02   0.03  -0.12    -0.00   0.00  -0.15
     3   6    -0.12  -0.06   0.04    -0.00   0.02  -0.13     0.00   0.01   0.11
     4   6    -0.02  -0.01  -0.01    -0.00   0.01   0.10    -0.01   0.01  -0.01
     5   6    -0.03  -0.00  -0.01     0.01   0.01   0.09     0.01   0.01  -0.01
     6   6    -0.13   0.07  -0.02    -0.01   0.03  -0.08     0.00   0.01   0.10
     7   7     0.05   0.04   0.00    -0.00  -0.01   0.13    -0.01  -0.00  -0.03
     8   6     0.11  -0.01   0.01     0.01  -0.03  -0.06     0.00  -0.01  -0.02
     9   6     0.18  -0.00   0.02     0.03  -0.01  -0.18     0.01  -0.01   0.05
    10   6     0.21  -0.05  -0.02     0.03   0.00   0.12     0.01   0.00  -0.02
    11   6     0.23  -0.04   0.00     0.01   0.01   0.07    -0.00   0.00  -0.02
    12   6     0.20  -0.05   0.02    -0.01  -0.01  -0.19    -0.01  -0.01   0.05
    13   6     0.12  -0.01  -0.01    -0.00  -0.03  -0.02    -0.01  -0.01  -0.02
    14   7     0.04  -0.04  -0.04     0.01  -0.01   0.22    -0.00   0.00  -0.04
    15   1    -0.08  -0.05   0.08     0.00   0.02  -0.12    -0.01   0.02   0.37
    16   1    -0.14   0.07  -0.04    -0.02   0.03  -0.07     0.01   0.01   0.39
    17   1     0.20  -0.01   0.03     0.05  -0.02  -0.32     0.02  -0.01   0.11
    18   1     0.19  -0.08  -0.04     0.03   0.01   0.27     0.02   0.01  -0.03
    19   1     0.23  -0.03   0.01    -0.00   0.02   0.14    -0.01   0.02  -0.02
    20   1     0.21  -0.04   0.05    -0.04  -0.01  -0.36    -0.03  -0.01   0.11
    21   7    -0.21  -0.12   0.01    -0.01  -0.02   0.04    -0.01   0.00   0.02
    22   1    -0.13  -0.12   0.11     0.10  -0.03   0.02     0.05   0.01   0.20
    23   1    -0.31  -0.12  -0.11     0.16  -0.15   0.34     0.15   0.02   0.21
    24   7    -0.17   0.13  -0.03    -0.01   0.01   0.02     0.03  -0.02  -0.03
    25   1    -0.27   0.16   0.14    -0.17  -0.01   0.39    -0.17   0.06   0.33
    26   1    -0.12   0.12  -0.09    -0.12   0.04   0.19    -0.12   0.07   0.57
    27  25     0.01   0.02   0.00    -0.00   0.00  -0.00    -0.00   0.00  -0.00
                     16                     17                     18
                      A                      A                      A
 Frequencies --    495.0790               507.8431               512.5535
 Red. masses --      3.1207                 2.9465                 1.2718
 Frc consts  --      0.4507                 0.4477                 0.1969
 IR Inten    --    243.8262                23.9028               241.9601
 Raman Activ --     56.3949                12.1588                45.5372
 Depolar (P) --      0.3844                 0.7166                 0.4061
 Depolar (U) --      0.5553                 0.8349                 0.5777
  Atom  AN      X      Y      Z        X      Y      Z        X      Y      Z
     1   6     0.06   0.04  -0.06     0.02   0.01  -0.02     0.04   0.01   0.01
     2   6    -0.06   0.05  -0.06    -0.03   0.02  -0.01    -0.02   0.02   0.02
     3   6    -0.05  -0.07   0.05    -0.02  -0.02  -0.08    -0.01  -0.00   0.00
     4   6    -0.05  -0.12  -0.06    -0.02  -0.03   0.18    -0.03  -0.03   0.00
     5   6     0.04  -0.12  -0.07     0.01  -0.03   0.18     0.01  -0.04   0.02
     6   6     0.03  -0.05   0.06     0.01  -0.01  -0.09     0.01  -0.03  -0.02
     7   7     0.11  -0.03   0.03     0.03  -0.01  -0.01     0.04  -0.01   0.01
     8   6     0.04   0.10   0.02     0.02   0.03  -0.16     0.02   0.03  -0.02
     9   6    -0.04   0.03  -0.02    -0.00   0.00   0.11    -0.00   0.01   0.01
    10   6    -0.03  -0.07   0.01    -0.00  -0.02  -0.05     0.01  -0.02   0.00
    11   6    -0.03  -0.06   0.01    -0.01  -0.02  -0.05    -0.01  -0.02  -0.01
    12   6     0.04   0.04  -0.02     0.00   0.01   0.12     0.00   0.00   0.02
    13   6    -0.01   0.11   0.02    -0.01   0.03  -0.16    -0.01   0.03  -0.01
    14   7    -0.10  -0.01   0.03    -0.03  -0.00  -0.02    -0.04   0.00   0.00
    15   1     0.06  -0.07   0.24     0.02  -0.02  -0.34     0.01  -0.00   0.04
    16   1    -0.09  -0.04   0.28    -0.03  -0.01  -0.27    -0.04  -0.03  -0.11
    17   1    -0.17   0.05  -0.07    -0.04   0.01   0.44    -0.05   0.02   0.04
    18   1    -0.04  -0.09   0.00    -0.00  -0.02   0.06     0.00  -0.03   0.03
    19   1    -0.01  -0.11   0.00    -0.01  -0.03   0.05    -0.01  -0.03  -0.02
    20   1     0.17   0.02  -0.07     0.04  -0.00   0.44     0.04  -0.00   0.05
    21   7     0.08   0.03   0.03     0.02   0.00   0.03     0.04   0.05  -0.04
    22   1     0.11  -0.01  -0.35     0.06  -0.02  -0.17    -0.01   0.10   0.40
    23   1     0.21  -0.16   0.33     0.13  -0.13   0.26    -0.05   0.26  -0.31
    24   7    -0.10   0.12   0.06    -0.02   0.04  -0.01    -0.01  -0.01  -0.01
    25   1     0.06   0.12  -0.31     0.00   0.11  -0.14    -0.25  -0.16   0.65
    26   1     0.07   0.05  -0.36     0.00   0.07   0.24    -0.14  -0.04  -0.29
    27  25     0.00   0.00  -0.00     0.00   0.00  -0.00     0.00   0.00  -0.00
                     19                     20                     21
                      A                      A                      A
 Frequencies --    520.8132               534.4576               549.7909
 Red. masses --      2.1761                 3.0394                 4.7148
 Frc consts  --      0.3478                 0.5115                 0.8397
 IR Inten    --    264.3058               277.7964                23.0532
 Raman Activ --    171.4921               178.6426                37.5243
 Depolar (P) --      0.3564                 0.3401                 0.7498
 Depolar (U) --      0.5255                 0.5076                 0.8570
  Atom  AN      X      Y      Z        X      Y      Z        X      Y      Z
     1   6     0.03   0.01   0.07     0.01   0.00   0.13    -0.03   0.13  -0.01
     2   6    -0.04   0.02   0.04    -0.01   0.02   0.07     0.06   0.11  -0.01
     3   6    -0.02  -0.00  -0.03    -0.01   0.01   0.01     0.13  -0.02  -0.00
     4   6    -0.04  -0.02   0.06    -0.02  -0.01  -0.15     0.09  -0.13   0.02
     5   6     0.01  -0.04   0.05    -0.01  -0.03  -0.18    -0.09  -0.13   0.02
     6   6     0.01  -0.03  -0.02    -0.01  -0.02   0.01    -0.13   0.02  -0.01
     7   7     0.04  -0.01  -0.09     0.00  -0.01   0.15    -0.10  -0.12  -0.02
     8   6     0.02   0.03   0.13     0.00   0.02  -0.11    -0.13   0.04   0.01
     9   6     0.01   0.01  -0.03     0.00   0.02   0.02    -0.15   0.13   0.00
    10   6     0.02  -0.03   0.01     0.02  -0.01  -0.01    -0.14   0.11  -0.00
    11   6    -0.01  -0.03   0.04     0.02  -0.01  -0.02     0.15   0.06   0.01
    12   6    -0.00  -0.01  -0.06     0.01  -0.01   0.03     0.16   0.07  -0.01
    13   6    -0.02   0.03   0.10    -0.01   0.01  -0.10     0.12   0.01   0.01
    14   7    -0.05   0.01  -0.11    -0.03   0.00   0.18     0.08  -0.08  -0.02
    15   1     0.01  -0.01  -0.25     0.00   0.01  -0.03     0.18  -0.03  -0.01
    16   1    -0.04  -0.03  -0.12    -0.03  -0.02   0.04    -0.30   0.03   0.01
    17   1    -0.04   0.02  -0.25    -0.02   0.02   0.18    -0.09   0.13  -0.01
    18   1     0.02  -0.04  -0.12     0.00  -0.03   0.08    -0.24  -0.03  -0.02
    19   1    -0.01  -0.02  -0.02     0.01  -0.01   0.06     0.21  -0.09   0.01
    20   1     0.04  -0.01  -0.25     0.02  -0.02   0.17     0.14   0.08  -0.02
    21   7     0.05   0.03   0.01     0.05   0.02   0.01     0.06  -0.06   0.00
    22   1    -0.02   0.01  -0.17    -0.07  -0.00  -0.26     0.31  -0.06   0.11
    23   1    -0.02   0.01  -0.07    -0.17   0.02  -0.26    -0.09  -0.18  -0.08
    24   7    -0.00   0.00  -0.10     0.01  -0.02  -0.11    -0.05  -0.07  -0.01
    25   1    -0.14   0.14   0.08    -0.08   0.10  -0.00     0.02  -0.27   0.04
    26   1    -0.11   0.13   0.76    -0.10   0.10   0.73    -0.35  -0.02   0.17
    27  25     0.00   0.00   0.00     0.00   0.00  -0.00    -0.00   0.00   0.00
                     22                     23                     24
                      A                      A                      A
 Frequencies --    575.6499               597.0758               637.6534
 Red. masses --      3.5330                 6.3265                 1.6626
 Frc consts  --      0.6898                 1.3288                 0.3983
 IR Inten    --      1.0493               119.9673               496.2896
 Raman Activ --      1.2350                 2.5842               325.0106
 Depolar (P) --      0.7376                 0.4869                 0.3101
 Depolar (U) --      0.8490                 0.6549                 0.4734
  Atom  AN      X      Y      Z        X      Y      Z        X      Y      Z
     1   6    -0.00   0.00  -0.02     0.08  -0.04  -0.04    -0.00   0.04   0.01
     2   6    -0.00   0.01   0.05     0.08   0.00  -0.05     0.04   0.03   0.08
     3   6     0.00  -0.00   0.05    -0.04   0.18   0.00     0.04   0.03  -0.01
     4   6    -0.00  -0.00  -0.09    -0.15   0.07   0.02    -0.02  -0.02  -0.04
     5   6     0.00  -0.01   0.07    -0.17  -0.02   0.02    -0.00  -0.03  -0.02
     6   6    -0.00   0.00  -0.05    -0.06  -0.18  -0.00    -0.04   0.01   0.02
     7   7     0.00  -0.00   0.10    -0.15   0.04  -0.01     0.02  -0.00  -0.00
     8   6     0.00   0.00  -0.09    -0.11   0.05  -0.00     0.01   0.03   0.00
     9   6    -0.00   0.00  -0.18     0.06   0.22  -0.00     0.03   0.03   0.01
    10   6    -0.00  -0.00   0.22     0.20  -0.02   0.01     0.05  -0.04  -0.01
    11   6     0.00   0.00  -0.21     0.24  -0.05  -0.01    -0.02  -0.03   0.01
    12   6     0.00   0.00   0.17     0.03  -0.24   0.00    -0.02  -0.02  -0.01
    13   6     0.00   0.00   0.13    -0.10  -0.04   0.00    -0.04   0.03   0.00
    14   7    -0.00  -0.00  -0.12    -0.14   0.00  -0.02    -0.04   0.02   0.02
    15   1     0.00  -0.00   0.06    -0.09   0.18   0.06     0.05   0.02  -0.13
    16   1    -0.01   0.00  -0.12    -0.08  -0.18   0.08    -0.09   0.01  -0.06
    17   1    -0.00   0.00  -0.22     0.08   0.22  -0.00    -0.02   0.04   0.01
    18   1    -0.00  -0.01   0.53     0.06  -0.21   0.02     0.05  -0.04  -0.03
    19   1     0.00   0.00  -0.60     0.18   0.13  -0.01    -0.04   0.02   0.02
    20   1     0.00   0.00   0.12    -0.07  -0.21   0.01     0.01  -0.03  -0.03
    21   7    -0.00  -0.01   0.01     0.14   0.00   0.05    -0.08  -0.04  -0.11
    22   1     0.03  -0.01   0.02     0.05  -0.02  -0.29     0.32   0.00   0.66
    23   1     0.05  -0.03   0.09     0.03  -0.03  -0.07     0.28  -0.13   0.42
    24   7     0.00   0.00  -0.03     0.09  -0.00   0.05     0.03  -0.02  -0.01
    25   1     0.03   0.02  -0.11     0.15   0.01  -0.09     0.15  -0.06  -0.22
    26   1    -0.00   0.03   0.14     0.20  -0.06  -0.28    -0.00   0.00   0.10
    27  25     0.00  -0.00   0.00    -0.01   0.00   0.00    -0.00  -0.00  -0.00
                     25                     26                     27
                      A                      A                      A
 Frequencies --    649.0198               671.4001               754.0510
 Red. masses --      7.9597                 3.0553                 7.4976
 Frc consts  --      1.9754                 0.8115                 2.5117
 IR Inten    --     16.9196               135.0039                48.3556
 Raman Activ --    134.6905                53.0456               164.0374
 Depolar (P) --      0.4656                 0.3444                 0.1295
 Depolar (U) --      0.6354                 0.5124                 0.2293
  Atom  AN      X      Y      Z        X      Y      Z        X      Y      Z
     1   6     0.03  -0.02   0.00     0.11  -0.09   0.01     0.00  -0.14  -0.05
     2   6     0.08   0.06  -0.01    -0.11  -0.06   0.08     0.03   0.14   0.04
     3   6    -0.00   0.22   0.01    -0.12  -0.03  -0.00     0.02   0.36   0.01
     4   6    -0.17  -0.04  -0.00    -0.02   0.04  -0.03     0.06   0.19  -0.02
     5   6    -0.20   0.01  -0.00     0.01   0.05  -0.01     0.07  -0.17   0.01
     6   6    -0.12  -0.23  -0.00     0.11  -0.08   0.02    -0.02  -0.29   0.00
     7   7     0.02   0.32   0.00    -0.07  -0.02  -0.00     0.03  -0.30  -0.01
     8   6     0.15  -0.04  -0.00    -0.07  -0.06  -0.00     0.03  -0.06  -0.01
     9   6     0.03  -0.27  -0.00    -0.07   0.01   0.01    -0.01  -0.07   0.00
    10   6    -0.08  -0.00  -0.00    -0.09   0.08  -0.01    -0.04   0.01  -0.01
    11   6    -0.08   0.06   0.00     0.12   0.06   0.01    -0.04  -0.01   0.01
    12   6     0.09   0.24   0.00     0.08  -0.00  -0.01     0.02   0.09  -0.00
    13   6     0.14  -0.04  -0.00     0.05  -0.07   0.00     0.04   0.06   0.01
    14   7    -0.05  -0.30  -0.00     0.05  -0.05   0.02     0.08   0.24   0.01
    15   1    -0.01   0.22  -0.02    -0.12  -0.02  -0.13    -0.07   0.37  -0.11
    16   1    -0.18  -0.22   0.02     0.23  -0.09  -0.07    -0.03  -0.30   0.07
    17   1     0.09  -0.28  -0.00     0.05  -0.01   0.01     0.02  -0.08   0.01
    18   1     0.07   0.19   0.00    -0.15   0.01  -0.02     0.01   0.08  -0.01
    19   1    -0.01  -0.13   0.00     0.15  -0.04   0.01    -0.01  -0.10  -0.00
    20   1     0.20   0.22   0.00    -0.02   0.02  -0.02     0.12   0.07  -0.03
    21   7     0.04  -0.04  -0.01     0.03   0.06  -0.09    -0.12  -0.09   0.02
    22   1     0.15  -0.04   0.06     0.03   0.10   0.35    -0.28  -0.08  -0.03
    23   1     0.02  -0.10   0.02     0.47   0.13   0.39    -0.09   0.02  -0.02
    24   7     0.05   0.00  -0.00    -0.06   0.09  -0.04    -0.07   0.09  -0.00
    25   1     0.06  -0.03   0.01    -0.17   0.27   0.01    -0.01  -0.01  -0.05
    26   1    -0.01   0.02   0.04     0.16   0.08   0.06    -0.19   0.10  -0.05
    27  25     0.01   0.02  -0.00     0.00   0.00  -0.00    -0.00  -0.01   0.00
                     28                     29                     30
                      A                      A                      A
 Frequencies --    759.3488               770.8673               789.7580
 Red. masses --      2.8281                 3.4348                 1.3213
 Frc consts  --      0.9608                 1.2026                 0.4855
 IR Inten    --     84.7849                 5.2773               139.1899
 Raman Activ --     34.6507                16.4219                 7.5494
 Depolar (P) --      0.6119                 0.4197                 0.6529
 Depolar (U) --      0.7593                 0.5913                 0.7900
  Atom  AN      X      Y      Z        X      Y      Z        X      Y      Z
     1   6     0.02  -0.00   0.28     0.01  -0.00   0.05     0.00   0.00   0.01
     2   6     0.01  -0.01  -0.27     0.00  -0.00  -0.06    -0.00  -0.00   0.00
     3   6    -0.01   0.02  -0.01    -0.00   0.01   0.01    -0.00  -0.00   0.00
     4   6    -0.00   0.01   0.01     0.00   0.00   0.25    -0.00   0.00   0.02
     5   6     0.01  -0.01   0.01     0.01   0.00  -0.25    -0.00   0.00  -0.03
     6   6     0.01  -0.03  -0.02     0.01  -0.01   0.01    -0.00   0.00  -0.00
     7   7     0.00  -0.02   0.01     0.00  -0.01   0.04    -0.00  -0.01  -0.01
     8   6    -0.01  -0.01   0.01    -0.00  -0.00   0.16    -0.00  -0.01   0.07
     9   6    -0.00  -0.00  -0.01    -0.00   0.00  -0.05     0.00  -0.01  -0.08
    10   6    -0.00   0.00   0.01    -0.00   0.00   0.11     0.00   0.00  -0.05
    11   6     0.01   0.00  -0.01     0.00   0.00  -0.09     0.00   0.00  -0.06
    12   6     0.01   0.01   0.00     0.00  -0.00   0.08     0.01   0.01  -0.07
    13   6    -0.00   0.01  -0.01     0.00   0.00  -0.19    -0.00   0.00   0.07
    14   7     0.00   0.02  -0.02    -0.00   0.00  -0.03    -0.00   0.01  -0.02
    15   1    -0.03   0.04   0.69     0.01   0.00  -0.51    -0.01  -0.00  -0.02
    16   1     0.01  -0.04  -0.53     0.02   0.00   0.40    -0.00   0.01   0.08
    17   1     0.01  -0.00  -0.02    -0.00   0.01  -0.45     0.01  -0.01   0.37
    18   1    -0.01   0.00   0.01    -0.01   0.00  -0.06     0.00  -0.00   0.59
    19   1     0.01  -0.01   0.00     0.00  -0.00  -0.14     0.00  -0.01   0.56
    20   1     0.01   0.00   0.03     0.00  -0.00   0.33     0.02   0.00   0.42
    21   7    -0.03   0.01  -0.07    -0.02   0.00  -0.04     0.00   0.00  -0.01
    22   1     0.11   0.01   0.12     0.03   0.01   0.11     0.01   0.00   0.02
    23   1     0.02  -0.13   0.11     0.01  -0.01   0.01     0.00  -0.00   0.00
    24   7    -0.02   0.00   0.04    -0.00   0.00   0.03     0.00  -0.00   0.00
    25   1    -0.02   0.11  -0.06    -0.03   0.00   0.07     0.00   0.00   0.00
    26   1     0.04   0.01   0.09     0.00  -0.01  -0.07     0.01  -0.00  -0.00
    27  25    -0.00  -0.00  -0.00     0.00  -0.00  -0.00     0.00  -0.00  -0.00
                     31                     32                     33
                      A                      A                      A
 Frequencies --    791.8122               829.1691               832.4968
 Red. masses --      5.1430                 2.5400                 5.4628
 Frc consts  --      1.8998                 1.0289                 2.2306
 IR Inten    --      3.7430                10.5976                11.9846
 Raman Activ --    344.6287                36.0238                30.2848
 Depolar (P) --      0.2161                 0.4025                 0.2686
 Depolar (U) --      0.3553                 0.5740                 0.4235
  Atom  AN      X      Y      Z        X      Y      Z        X      Y      Z
     1   6     0.00  -0.09   0.01     0.00   0.00  -0.05     0.04   0.01   0.04
     2   6     0.02   0.12  -0.01    -0.02   0.01   0.09    -0.05   0.00  -0.03
     3   6     0.11   0.05   0.01     0.02  -0.05  -0.09     0.07  -0.20   0.03
     4   6     0.11  -0.04  -0.00     0.04   0.00  -0.09     0.17   0.01   0.06
     5   6     0.07  -0.00  -0.00    -0.04  -0.00   0.10    -0.17   0.00  -0.07
     6   6     0.05  -0.12  -0.00    -0.03  -0.05   0.03    -0.14  -0.20  -0.01
     7   7     0.13   0.18   0.00    -0.03   0.03  -0.08    -0.13   0.12   0.05
     8   6     0.05   0.13   0.01    -0.01  -0.00   0.16    -0.04  -0.00  -0.08
     9   6    -0.08   0.20  -0.01     0.02  -0.01   0.00     0.08  -0.05  -0.01
    10   6    -0.05   0.03  -0.01     0.03  -0.01   0.07     0.12  -0.05  -0.04
    11   6    -0.05  -0.02  -0.01    -0.03  -0.00  -0.08    -0.12  -0.02   0.04
    12   6    -0.15  -0.20  -0.01    -0.02  -0.00  -0.01    -0.07   0.00   0.01
    13   6     0.02  -0.13   0.01     0.01   0.01  -0.16     0.03   0.03   0.08
    14   7     0.12  -0.17  -0.01     0.04   0.04   0.07     0.17   0.19  -0.04
    15   1     0.15   0.05   0.01     0.01  -0.04   0.55     0.09  -0.20  -0.25
    16   1     0.16  -0.14  -0.01    -0.06  -0.05  -0.21    -0.20  -0.20   0.14
    17   1    -0.24   0.24   0.07     0.03  -0.01  -0.44     0.10  -0.06   0.24
    18   1    -0.15  -0.08   0.09     0.06   0.02  -0.10     0.23   0.09   0.06
    19   1    -0.12   0.14   0.08    -0.05   0.03   0.16    -0.17   0.12  -0.09
    20   1    -0.41  -0.17   0.05    -0.01  -0.01   0.51    -0.05  -0.00  -0.27
    21   7    -0.10  -0.05  -0.00     0.04   0.01   0.02     0.13   0.05  -0.03
    22   1    -0.23  -0.05  -0.00     0.02   0.00  -0.03     0.23   0.05   0.08
    23   1    -0.06   0.03  -0.01     0.05   0.02   0.02     0.18  -0.02   0.08
    24   7    -0.12   0.09  -0.01    -0.02   0.02  -0.03    -0.11   0.06  -0.00
    25   1    -0.06  -0.06   0.01    -0.01  -0.00  -0.04    -0.14   0.07   0.05
    26   1    -0.32   0.12   0.03    -0.04   0.03   0.04    -0.11   0.06   0.00
    27  25    -0.01   0.00  -0.00    -0.00  -0.00  -0.00    -0.00  -0.01   0.00
                     34                     35                     36
                      A                      A                      A
 Frequencies --    863.9214               897.3728               908.4332
 Red. masses --      1.9417                 1.7361                 2.0895
 Frc consts  --      0.8539                 0.8237                 1.0159
 IR Inten    --     70.2966                38.5924                 0.9591
 Raman Activ --      9.1891                14.1858                 4.0626
 Depolar (P) --      0.6672                 0.6389                 0.7497
 Depolar (U) --      0.8004                 0.7797                 0.8569
  Atom  AN      X      Y      Z        X      Y      Z        X      Y      Z
     1   6     0.00  -0.00  -0.01     0.01   0.01   0.10    -0.00  -0.00  -0.03
     2   6    -0.01   0.00   0.12    -0.01  -0.01  -0.02     0.00   0.00   0.01
     3   6    -0.00   0.00  -0.18    -0.01  -0.00   0.02     0.01   0.00  -0.02
     4   6    -0.01   0.00   0.14    -0.00   0.01  -0.06     0.00  -0.00   0.06
     5   6     0.01  -0.00  -0.07     0.01  -0.00   0.11    -0.00   0.00  -0.07
     6   6     0.00  -0.00  -0.03    -0.01  -0.01  -0.18     0.01   0.00   0.04
     7   7     0.01  -0.00   0.03     0.01   0.00  -0.02    -0.01  -0.00   0.06
     8   6     0.00  -0.00  -0.04     0.01  -0.00  -0.03    -0.01   0.00  -0.15
     9   6    -0.00  -0.00  -0.02    -0.00  -0.01   0.04     0.00   0.00   0.11
    10   6    -0.01   0.00  -0.02    -0.01   0.01   0.02     0.01  -0.00   0.06
    11   6     0.01   0.00   0.03     0.01   0.00  -0.02    -0.01  -0.00  -0.04
    12   6     0.00  -0.00   0.02    -0.00  -0.01  -0.03     0.00   0.01  -0.12
    13   6    -0.00  -0.00   0.02     0.00  -0.01   0.02    -0.00   0.00   0.15
    14   7    -0.00  -0.00  -0.05     0.00   0.01   0.01    -0.00  -0.01  -0.06
    15   1    -0.02   0.02   0.83    -0.02  -0.00  -0.02     0.01   0.00   0.04
    16   1     0.01   0.01   0.37    -0.01   0.02   0.90     0.02  -0.00  -0.20
    17   1    -0.00  -0.00   0.17     0.00  -0.00  -0.18     0.00   0.01  -0.50
    18   1    -0.01  -0.00   0.06    -0.01   0.01  -0.15     0.01   0.00  -0.42
    19   1     0.01  -0.00  -0.11     0.01  -0.00   0.09    -0.01  -0.00   0.33
    20   1    -0.01   0.00  -0.20    -0.02  -0.01   0.20     0.02  -0.00   0.56
    21   7    -0.01  -0.00  -0.01    -0.01   0.01  -0.03    -0.00  -0.00   0.01
    22   1    -0.00   0.00   0.03     0.06   0.01   0.07    -0.03  -0.00  -0.01
    23   1     0.00   0.01  -0.00    -0.02  -0.04  -0.00     0.01   0.02   0.00
    24   7     0.01   0.00  -0.03     0.00  -0.00   0.00    -0.00   0.00  -0.00
    25   1     0.03  -0.03  -0.05    -0.00   0.02  -0.00     0.00  -0.01   0.00
    26   1    -0.00   0.01   0.03     0.03  -0.01  -0.00    -0.02   0.00   0.00
    27  25    -0.00  -0.00   0.00     0.00  -0.00  -0.00     0.00  -0.00  -0.00
                     37                     38                     39
                      A                      A                      A
 Frequencies --    924.6305               939.3504              1008.5148
 Red. masses --      4.1861                 3.7501                 1.3316
 Frc consts  --      2.1086                 1.9496                 0.7980
 IR Inten    --     68.9749                51.0641                 1.5733
 Raman Activ --      2.1918                30.2202                11.5269
 Depolar (P) --      0.7112                 0.1871                 0.7468
 Depolar (U) --      0.8312                 0.3153                 0.8551
  Atom  AN      X      Y      Z        X      Y      Z        X      Y      Z
     1   6     0.04  -0.09   0.03    -0.03   0.05  -0.01    -0.00   0.00  -0.00
     2   6     0.03   0.05  -0.00    -0.07  -0.12   0.01     0.00  -0.00  -0.00
     3   6     0.08   0.02   0.00    -0.15   0.09  -0.00     0.00  -0.00   0.00
     4   6     0.01  -0.07  -0.01     0.02   0.11   0.01    -0.00  -0.00  -0.00
     5   6    -0.04   0.10   0.02    -0.00  -0.06  -0.01     0.00   0.00  -0.00
     6   6     0.13   0.04  -0.03    -0.10   0.03   0.01    -0.00  -0.00   0.00
     7   7    -0.16  -0.09  -0.01     0.04  -0.09  -0.00     0.00   0.00  -0.01
     8   6    -0.14  -0.00   0.01     0.04   0.05   0.00     0.00  -0.00   0.02
     9   6     0.06   0.13  -0.00     0.00   0.18   0.00     0.00   0.00  -0.10
    10   6     0.17  -0.14  -0.00     0.05  -0.04  -0.00    -0.00   0.00   0.07
    11   6    -0.14  -0.06   0.00    -0.17  -0.07  -0.00    -0.00  -0.00   0.08
    12   6     0.04   0.19   0.01    -0.03   0.06   0.00     0.00  -0.00  -0.09
    13   6     0.01   0.05  -0.01     0.12  -0.07   0.00    -0.00   0.00   0.01
    14   7    -0.01  -0.15   0.00     0.15  -0.12  -0.00     0.00   0.00  -0.00
    15   1     0.14   0.02   0.03    -0.31   0.11   0.01     0.00  -0.00  -0.00
    16   1     0.52   0.02   0.16    -0.38   0.05  -0.01    -0.00  -0.00  -0.01
    17   1    -0.02   0.14   0.03    -0.19   0.22   0.00     0.01  -0.01   0.57
    18   1     0.20  -0.10   0.01     0.05  -0.03   0.00     0.00   0.01  -0.43
    19   1    -0.16  -0.01  -0.02    -0.19  -0.04  -0.00     0.00   0.00  -0.46
    20   1     0.36   0.14  -0.02     0.02   0.04  -0.00     0.01  -0.01   0.50
    21   7    -0.05  -0.03  -0.01     0.07   0.04  -0.00     0.00  -0.00   0.00
    22   1    -0.29  -0.02  -0.02     0.22   0.03   0.00     0.00  -0.00   0.00
    23   1     0.08   0.12   0.02     0.03  -0.05   0.02    -0.00   0.00  -0.00
    24   7    -0.05   0.05  -0.01     0.04  -0.07  -0.00    -0.00  -0.00   0.00
    25   1    -0.01  -0.06   0.03    -0.13   0.28   0.02     0.00   0.00  -0.00
    26   1    -0.20   0.07   0.03     0.46  -0.12  -0.05    -0.00   0.00   0.00
    27  25     0.00   0.00  -0.00     0.00   0.00   0.00     0.00  -0.00  -0.00
                     40                     41                     42
                      A                      A                      A
 Frequencies --   1037.7670              1059.0831              1115.1231
 Red. masses --      1.3381                 2.2195                 1.3967
 Frc consts  --      0.8491                 1.4668                 1.0233
 IR Inten    --      0.0055                 0.1490               156.9982
 Raman Activ --      2.0770               139.8306               202.8834
 Depolar (P) --      0.7078                 0.1502                 0.2424
 Depolar (U) --      0.8289                 0.2612                 0.3902
  Atom  AN      X      Y      Z        X      Y      Z        X      Y      Z
     1   6    -0.00   0.00   0.00     0.00  -0.01   0.00     0.01   0.06  -0.04
     2   6    -0.00  -0.00  -0.00     0.00   0.02  -0.00     0.00  -0.02   0.02
     3   6     0.00   0.00   0.00    -0.00  -0.02   0.00     0.02   0.01  -0.00
     4   6     0.00   0.00  -0.00    -0.01  -0.01  -0.00    -0.01  -0.02  -0.00
     5   6    -0.00  -0.00   0.00    -0.00   0.01   0.00     0.00   0.03   0.00
     6   6     0.00   0.00  -0.00     0.00   0.00   0.00     0.05  -0.08   0.00
     7   7     0.00  -0.00  -0.00    -0.02   0.02   0.00     0.02  -0.00   0.00
     8   6    -0.00   0.00   0.00     0.02  -0.04  -0.00    -0.04  -0.02  -0.00
     9   6    -0.00  -0.00  -0.06     0.07   0.08   0.00     0.02   0.01   0.00
    10   6     0.00  -0.01   0.11    -0.08   0.18   0.00    -0.01  -0.01  -0.00
    11   6     0.00   0.00  -0.11    -0.12  -0.17  -0.01    -0.00   0.00  -0.00
    12   6    -0.00   0.00   0.06     0.05  -0.09   0.00     0.01   0.00   0.00
    13   6    -0.00  -0.00   0.00     0.03   0.01  -0.00    -0.04   0.02   0.00
    14   7     0.00  -0.00   0.00    -0.04   0.01   0.00     0.02  -0.01  -0.00
    15   1    -0.00   0.00   0.00     0.02  -0.02  -0.00     0.05   0.00  -0.01
    16   1    -0.00   0.00   0.00     0.03   0.00  -0.00     0.35  -0.11  -0.02
    17   1    -0.01  -0.00   0.37     0.61  -0.00   0.01     0.15  -0.01  -0.00
    18   1     0.00  -0.00  -0.58     0.04   0.36  -0.01    -0.07  -0.08  -0.00
    19   1    -0.00   0.00   0.60    -0.01  -0.48   0.02    -0.01   0.01   0.00
    20   1    -0.01   0.01  -0.36     0.36  -0.13  -0.03     0.07  -0.01  -0.00
    21   7    -0.00   0.00  -0.00     0.00  -0.00  -0.00    -0.07   0.07   0.03
    22   1     0.00   0.00   0.00    -0.02  -0.00   0.00     0.55   0.03   0.04
    23   1    -0.00  -0.00  -0.00     0.02   0.01   0.00    -0.49  -0.36  -0.11
    24   7    -0.00  -0.00  -0.00     0.01   0.01   0.00    -0.03  -0.02  -0.01
    25   1    -0.00   0.00   0.00     0.06  -0.07  -0.02    -0.15   0.18   0.02
    26   1     0.00  -0.00  -0.00    -0.08   0.02   0.00     0.20  -0.05  -0.00
    27  25    -0.00  -0.00   0.00    -0.00   0.00   0.00    -0.00   0.00  -0.00
                     43                     44                     45
                      A                      A                      A
 Frequencies --   1123.0401              1164.6407              1199.3933
 Red. masses --      1.7189                 1.2919                 1.8677
 Frc consts  --      1.2773                 1.0324                 1.5830
 IR Inten    --     49.1061                68.3911               104.9508
 Raman Activ --     38.6729                 0.5609                40.3858
 Depolar (P) --      0.2457                 0.7290                 0.4139
 Depolar (U) --      0.3944                 0.8433                 0.5855
  Atom  AN      X      Y      Z        X      Y      Z        X      Y      Z
     1   6     0.00  -0.01   0.01    -0.00  -0.01  -0.01    -0.00   0.01   0.00
     2   6     0.02  -0.03   0.02    -0.00   0.01   0.00    -0.01  -0.03  -0.01
     3   6     0.11   0.10  -0.00    -0.00  -0.00  -0.00    -0.06   0.03   0.00
     4   6     0.03  -0.08   0.00     0.01  -0.00  -0.00    -0.04  -0.04   0.00
     5   6    -0.03  -0.03  -0.00    -0.00  -0.01   0.00    -0.04  -0.01  -0.00
     6   6    -0.01   0.07  -0.00     0.01   0.00   0.00     0.02   0.01  -0.00
     7   7     0.00   0.02   0.00    -0.05  -0.02  -0.00     0.05  -0.03  -0.00
     8   6    -0.03   0.02   0.00     0.02   0.05   0.00    -0.08   0.06   0.00
     9   6     0.01  -0.04  -0.00    -0.05  -0.06  -0.00    -0.00  -0.06  -0.00
    10   6    -0.01   0.02   0.00     0.05   0.06   0.00    -0.03   0.01  -0.00
    11   6     0.01   0.00  -0.00     0.00  -0.02  -0.00    -0.04   0.05  -0.00
    12   6     0.00  -0.05  -0.00     0.01  -0.05  -0.00     0.06  -0.13  -0.00
    13   6    -0.03   0.06   0.00     0.05   0.01   0.00     0.01   0.10   0.00
    14   7     0.00   0.00  -0.00    -0.03  -0.01  -0.00     0.10  -0.04  -0.00
    15   1     0.18   0.10   0.02     0.01  -0.00   0.00    -0.14   0.04  -0.01
    16   1    -0.07   0.08   0.02     0.20  -0.01  -0.01     0.06   0.01   0.00
    17   1     0.12  -0.06  -0.00    -0.57   0.03  -0.00     0.16  -0.10  -0.00
    18   1     0.04   0.08   0.00     0.46   0.59   0.01     0.05   0.11   0.00
    19   1    -0.01   0.05   0.00     0.03  -0.08  -0.00    -0.31   0.71   0.01
    20   1     0.05  -0.05  -0.00    -0.04  -0.05  -0.00     0.38  -0.18  -0.01
    21   7     0.01  -0.03  -0.01    -0.01   0.02   0.00     0.00  -0.00  -0.00
    22   1    -0.23  -0.02  -0.05     0.13   0.01   0.02    -0.03  -0.00  -0.00
    23   1     0.19   0.14   0.06    -0.09  -0.07  -0.01     0.02   0.02  -0.00
    24   7    -0.09  -0.06  -0.02    -0.00  -0.00   0.00     0.04   0.02   0.00
    25   1    -0.41   0.51   0.08    -0.01   0.02  -0.01     0.13  -0.17  -0.00
    26   1     0.53  -0.13  -0.06     0.03  -0.01  -0.01    -0.18   0.05   0.03
    27  25    -0.00  -0.00  -0.00    -0.00   0.00  -0.00    -0.00   0.00   0.00
                     46                     47                     48
                      A                      A                      A
 Frequencies --   1248.8073              1252.9824              1277.8481
 Red. masses --      2.1282                 1.6731                 3.1382
 Frc consts  --      1.9555                 1.5476                 3.0192
 IR Inten    --    335.2245                35.9519                31.6207
 Raman Activ --      9.7044               384.6486                68.4073
 Depolar (P) --      0.6318                 0.2740                 0.3610
 Depolar (U) --      0.7744                 0.4301                 0.5305
  Atom  AN      X      Y      Z        X      Y      Z        X      Y      Z
     1   6    -0.11  -0.08   0.01     0.06   0.02  -0.01     0.15   0.09  -0.01
     2   6     0.01   0.01  -0.00     0.00   0.05   0.00    -0.08   0.13  -0.01
     3   6     0.01   0.02  -0.00     0.03  -0.05  -0.00    -0.09  -0.00  -0.00
     4   6     0.05  -0.01  -0.00     0.02   0.05  -0.00    -0.05  -0.08  -0.00
     5   6    -0.03  -0.04   0.00     0.09   0.03  -0.00    -0.00  -0.11   0.00
     6   6    -0.06   0.05   0.00     0.01  -0.04   0.00     0.12   0.01   0.00
     7   7    -0.07  -0.04  -0.00    -0.06   0.02   0.00    -0.09   0.05   0.00
     8   6     0.15   0.02   0.00     0.06  -0.08  -0.00    -0.04   0.04   0.00
     9   6    -0.02  -0.01  -0.00    -0.05   0.02   0.00    -0.05  -0.01  -0.00
    10   6    -0.01   0.03   0.00     0.02   0.04   0.00     0.04  -0.02  -0.00
    11   6    -0.00  -0.03  -0.00    -0.02  -0.01  -0.00    -0.02  -0.04  -0.00
    12   6    -0.05  -0.02  -0.00     0.02  -0.00   0.00    -0.03   0.00  -0.00
    13   6     0.14   0.02   0.00     0.04  -0.06  -0.00     0.21   0.02   0.00
    14   7    -0.09   0.01   0.00    -0.09   0.01   0.00     0.01   0.07   0.00
    15   1    -0.01   0.02   0.01     0.14  -0.06   0.00     0.10  -0.01  -0.00
    16   1     0.68  -0.00  -0.01    -0.40  -0.01  -0.00    -0.04   0.03  -0.01
    17   1     0.16  -0.04   0.00    -0.22   0.05   0.00     0.43  -0.10   0.00
    18   1    -0.29  -0.33  -0.00    -0.10  -0.10  -0.00     0.05  -0.02  -0.00
    19   1    -0.16   0.36   0.00    -0.23   0.51   0.01    -0.08   0.12  -0.00
    20   1    -0.09  -0.02   0.00     0.55  -0.08  -0.01    -0.64   0.08   0.01
    21   7     0.07   0.04  -0.01    -0.04  -0.01   0.01    -0.10  -0.05   0.01
    22   1     0.21   0.04   0.01    -0.05  -0.02   0.01    -0.22  -0.04   0.01
    23   1     0.09   0.02   0.03    -0.09  -0.05  -0.02    -0.15  -0.06  -0.03
    24   7    -0.01   0.00   0.00    -0.02  -0.03   0.00     0.07  -0.07   0.01
    25   1    -0.02   0.03  -0.01    -0.07   0.10  -0.00     0.06  -0.02  -0.02
    26   1    -0.01   0.00  -0.02     0.16  -0.04  -0.02     0.27  -0.09  -0.01
    27  25     0.00   0.00  -0.00    -0.00   0.00   0.00     0.00  -0.00  -0.00
                     49                     50                     51
                      A                      A                      A
 Frequencies --   1299.0716              1346.1192              1379.8157
 Red. masses --      2.4255                 4.0292                 2.9357
 Frc consts  --      2.4116                 4.3016                 3.2931
 IR Inten    --     41.0379                68.4182               335.2905
 Raman Activ --    608.8156                49.1768              1787.2096
 Depolar (P) --      0.3288                 0.4081                 0.2912
 Depolar (U) --      0.4949                 0.5796                 0.4510
  Atom  AN      X      Y      Z        X      Y      Z        X      Y      Z
     1   6    -0.02   0.06   0.01     0.02   0.15   0.01    -0.09  -0.01   0.01
     2   6    -0.05   0.07  -0.01    -0.08   0.19  -0.01    -0.06   0.12  -0.01
     3   6    -0.03   0.02  -0.00     0.00  -0.13   0.00    -0.04  -0.01  -0.00
     4   6    -0.09  -0.09   0.00    -0.03   0.13   0.00     0.13   0.07   0.00
     5   6    -0.09  -0.07   0.00    -0.03   0.19   0.00     0.13  -0.10  -0.00
     6   6    -0.00   0.02  -0.00    -0.10  -0.14   0.00    -0.06  -0.02   0.00
     7   7     0.07   0.06   0.00     0.01  -0.16  -0.00     0.02   0.06   0.00
     8   6     0.01  -0.14  -0.00     0.09   0.09   0.00    -0.11   0.11   0.00
     9   6     0.03   0.06   0.00     0.06  -0.03  -0.00    -0.08  -0.01  -0.00
    10   6    -0.01   0.02   0.00    -0.05   0.01   0.00     0.01  -0.09  -0.00
    11   6    -0.04   0.03   0.00     0.01   0.02   0.00     0.02   0.03   0.00
    12   6     0.04   0.01   0.00    -0.02  -0.05  -0.00     0.04   0.06   0.00
    13   6    -0.03  -0.12  -0.00    -0.05   0.11   0.00    -0.09  -0.16  -0.00
    14   7     0.08   0.13   0.00     0.04  -0.12  -0.00    -0.06  -0.01   0.00
    15   1     0.12   0.01   0.00     0.31  -0.15   0.00    -0.03  -0.00   0.00
    16   1     0.61  -0.02  -0.00     0.38  -0.18  -0.00     0.34  -0.06  -0.01
    17   1    -0.51   0.17   0.00    -0.06  -0.01  -0.00     0.56  -0.13   0.00
    18   1    -0.06  -0.05  -0.00    -0.13  -0.08  -0.00     0.33   0.31   0.00
    19   1    -0.02  -0.02   0.00     0.06  -0.10  -0.00     0.01   0.09   0.00
    20   1     0.32  -0.03  -0.00    -0.10  -0.03  -0.00     0.32   0.03  -0.00
    21   7     0.01  -0.03  -0.01     0.00  -0.07  -0.01     0.04   0.00  -0.01
    22   1    -0.16  -0.02  -0.02    -0.37  -0.05  -0.03     0.02   0.01  -0.00
    23   1     0.14   0.11   0.03     0.20   0.16   0.04     0.13   0.07   0.03
    24   7     0.05  -0.04   0.00     0.05  -0.10   0.00     0.04  -0.05   0.01
    25   1     0.04  -0.02   0.00    -0.01   0.03   0.02     0.02  -0.00  -0.00
    26   1     0.14  -0.06  -0.00     0.39  -0.14  -0.01     0.19  -0.07  -0.01
    27  25    -0.00   0.00   0.00    -0.00   0.00  -0.00     0.00   0.00   0.00
                     52                     53                     54
                      A                      A                      A
 Frequencies --   1392.1239              1404.3477              1434.0571
 Red. masses --      2.6302                 5.6886                 2.8133
 Frc consts  --      3.0033                 6.6100                 3.4087
 IR Inten    --     36.6878                 2.7246               856.9680
 Raman Activ --    729.7596                93.0655               123.8238
 Depolar (P) --      0.3246                 0.3870                 0.1323
 Depolar (U) --      0.4901                 0.5581                 0.2336
  Atom  AN      X      Y      Z        X      Y      Z        X      Y      Z
     1   6    -0.12  -0.10   0.01     0.06   0.12  -0.00    -0.02  -0.17  -0.00
     2   6    -0.02   0.03  -0.00     0.15  -0.14   0.01    -0.13   0.06  -0.01
     3   6     0.05   0.01  -0.00     0.17  -0.13   0.00     0.04   0.02  -0.00
     4   6    -0.15  -0.05  -0.00    -0.19   0.27   0.00    -0.06   0.01   0.00
     5   6     0.09   0.16  -0.00    -0.16  -0.12  -0.00    -0.02  -0.03   0.00
     6   6    -0.06  -0.04   0.00     0.06   0.04  -0.00     0.07   0.06  -0.00
     7   7     0.09  -0.02   0.00     0.05  -0.05  -0.00    -0.08  -0.03  -0.00
     8   6    -0.06  -0.10  -0.00     0.04   0.14   0.00     0.03   0.18   0.00
     9   6    -0.06   0.07   0.00     0.05   0.04   0.00     0.13  -0.06  -0.00
    10   6    -0.02  -0.06  -0.00    -0.10  -0.10  -0.00    -0.04  -0.00  -0.00
    11   6    -0.02  -0.04  -0.00    -0.07   0.03   0.00    -0.06   0.10   0.00
    12   6     0.08   0.01   0.00     0.17  -0.00   0.00     0.04  -0.04  -0.00
    13   6     0.08   0.01   0.00     0.06  -0.21  -0.00    -0.02  -0.10  -0.00
    14   7     0.01   0.05   0.00    -0.08   0.04   0.00     0.05   0.02   0.00
    15   1     0.53  -0.03   0.01     0.07  -0.15  -0.01     0.64  -0.02   0.01
    16   1    -0.19  -0.04   0.01     0.23   0.03   0.01    -0.33   0.09  -0.00
    17   1     0.13   0.04   0.00     0.20   0.02   0.00    -0.12  -0.01  -0.00
    18   1     0.24   0.28   0.00     0.15   0.25   0.00    -0.20  -0.20  -0.00
    19   1    -0.15   0.29   0.00    -0.18   0.29   0.00     0.06  -0.23  -0.00
    20   1    -0.48   0.09   0.00    -0.35   0.08   0.00     0.16  -0.06  -0.00
    21   7     0.07   0.03  -0.00    -0.05  -0.04  -0.00     0.02   0.06   0.00
    22   1     0.17   0.03   0.00    -0.18  -0.04  -0.03     0.23   0.05   0.06
    23   1     0.07   0.03  -0.00     0.04   0.06   0.02    -0.14  -0.13  -0.03
    24   7     0.01  -0.01   0.00    -0.10   0.06  -0.01     0.04  -0.02   0.01
    25   1     0.00  -0.00  -0.01    -0.16   0.14   0.00     0.12  -0.13  -0.04
    26   1     0.03  -0.01  -0.01    -0.20   0.07  -0.01     0.08  -0.02   0.00
    27  25    -0.00  -0.00  -0.00    -0.00  -0.00  -0.00    -0.00   0.00  -0.00
                     55                     56                     57
                      A                      A                      A
 Frequencies --   1461.6345              1521.4525              1531.1656
 Red. masses --      4.8519                 3.8392                 3.0227
 Frc consts  --      6.1072                 5.2362                 4.1753
 IR Inten    --    758.5393                12.2398               281.9437
 Raman Activ --  10305.2721                21.5659               102.6411
 Depolar (P) --      0.2664                 0.1467                 0.2063
 Depolar (U) --      0.4208                 0.2558                 0.3421
  Atom  AN      X      Y      Z        X      Y      Z        X      Y      Z
     1   6    -0.05  -0.01   0.00     0.10  -0.06  -0.01     0.07  -0.00  -0.00
     2   6    -0.14  -0.05  -0.01    -0.09   0.01  -0.01     0.12  -0.02   0.01
     3   6     0.15  -0.03   0.00    -0.01   0.04   0.00    -0.06  -0.01  -0.00
     4   6    -0.13   0.22   0.00     0.09  -0.07  -0.00    -0.12  -0.09  -0.00
     5   6    -0.08  -0.18  -0.00    -0.15   0.04   0.00     0.00   0.10   0.00
     6   6     0.10   0.04  -0.00     0.02   0.05   0.00    -0.07   0.01   0.00
     7   7     0.05   0.04   0.00    -0.06  -0.04  -0.00    -0.01  -0.06  -0.00
     8   6     0.01  -0.11  -0.00     0.27  -0.04   0.00     0.09   0.07   0.00
     9   6    -0.20  -0.00  -0.00    -0.02   0.11   0.00    -0.13   0.03  -0.00
    10   6     0.12   0.06   0.00    -0.16  -0.13  -0.00     0.03  -0.10  -0.00
    11   6     0.12  -0.09  -0.00     0.11  -0.07  -0.00     0.02   0.14   0.00
    12   6    -0.20   0.06   0.00     0.01   0.07   0.00    -0.17  -0.04  -0.00
    13   6    -0.02   0.14   0.00    -0.18  -0.00  -0.00     0.10  -0.08  -0.00
    14   7     0.10  -0.09  -0.00     0.05   0.01   0.00     0.05   0.06   0.00
    15   1     0.60  -0.07  -0.00    -0.03   0.05  -0.00     0.10  -0.03   0.01
    16   1     0.03   0.04   0.00    -0.11   0.07  -0.01     0.03   0.01  -0.00
    17   1     0.26  -0.09  -0.00     0.23   0.10   0.00     0.39  -0.06   0.00
    18   1     0.12   0.04   0.00     0.32   0.51   0.01     0.20   0.10   0.00
    19   1     0.11  -0.02   0.00    -0.07   0.43   0.00     0.23  -0.34  -0.00
    20   1     0.38  -0.03  -0.00    -0.09   0.11   0.00     0.61  -0.16  -0.01
    21   7     0.01   0.02  -0.00    -0.02   0.02   0.00    -0.02  -0.01   0.00
    22   1     0.04   0.02   0.02    -0.03   0.02   0.06    -0.02  -0.01  -0.01
    23   1    -0.00  -0.01   0.00    -0.16  -0.16  -0.02    -0.03  -0.01  -0.01
    24   7     0.02   0.01   0.01     0.02   0.00   0.00    -0.03   0.02  -0.00
    25   1     0.11  -0.15  -0.05     0.09  -0.13  -0.01    -0.09   0.12   0.00
    26   1    -0.02   0.01   0.00     0.07  -0.00   0.03    -0.09   0.02  -0.02
    27  25    -0.00   0.00  -0.00     0.00  -0.00  -0.00    -0.00   0.00   0.00
                     58                     59                     60
                      A                      A                      A
 Frequencies --   1575.1469              1596.5052              1613.2348
 Red. masses --      3.6526                 5.6773                 2.8700
 Frc consts  --      5.3395                 8.5257                 4.4007
 IR Inten    --    191.3261                 3.4209               478.6471
 Raman Activ --    835.7319              1803.8392               819.6656
 Depolar (P) --      0.4563                 0.3534                 0.3219
 Depolar (U) --      0.6267                 0.5223                 0.4870
  Atom  AN      X      Y      Z        X      Y      Z        X      Y      Z
     1   6    -0.05  -0.20   0.00    -0.08   0.06   0.00     0.13  -0.06  -0.01
     2   6     0.15   0.29   0.01    -0.20  -0.03  -0.01     0.04  -0.02  -0.00
     3   6    -0.04  -0.14  -0.00     0.12   0.05   0.00    -0.11   0.01  -0.00
     4   6    -0.03   0.07   0.00     0.18   0.04   0.00     0.13   0.03  -0.00
     5   6    -0.16  -0.01   0.00    -0.15   0.04   0.00    -0.15   0.06   0.00
     6   6     0.10   0.06  -0.00     0.14  -0.05  -0.00    -0.09   0.06   0.00
     7   7     0.10  -0.02  -0.00     0.09  -0.01  -0.00     0.17  -0.04  -0.00
     8   6    -0.04  -0.04  -0.00    -0.03  -0.15  -0.00    -0.10   0.01  -0.00
     9   6    -0.01   0.01   0.00     0.02   0.10   0.00    -0.02  -0.03  -0.00
    10   6     0.00  -0.00  -0.00    -0.07  -0.18  -0.00     0.05   0.06   0.00
    11   6     0.01  -0.00  -0.00    -0.08   0.26   0.00     0.01  -0.06  -0.00
    12   6    -0.02  -0.00  -0.00    -0.01  -0.15  -0.00    -0.02   0.03   0.00
    13   6     0.02   0.03   0.00     0.20   0.08   0.00     0.04  -0.06  -0.00
    14   7     0.02  -0.01  -0.00    -0.21  -0.00  -0.00    -0.08   0.01   0.00
    15   1    -0.66  -0.10  -0.01    -0.23   0.09  -0.01     0.60  -0.04   0.02
    16   1    -0.29   0.10   0.01    -0.19  -0.03   0.01     0.07   0.07  -0.01
    17   1    -0.02   0.01  -0.00     0.04   0.10   0.00    -0.03  -0.04  -0.00
    18   1     0.01   0.01   0.00     0.18   0.12   0.00    -0.06  -0.07  -0.00
    19   1     0.01  -0.01  -0.00     0.17  -0.37  -0.00    -0.03   0.05   0.00
    20   1     0.02  -0.01  -0.00     0.16  -0.19  -0.00     0.01   0.03   0.00
    21   7    -0.00   0.03  -0.00     0.02   0.01  -0.01     0.00   0.02  -0.00
    22   1     0.22   0.01   0.00    -0.09   0.02   0.06    -0.27   0.04   0.16
    23   1    -0.03  -0.03   0.02     0.02  -0.05   0.04    -0.24  -0.34   0.02
    24   7    -0.01  -0.07  -0.00     0.03  -0.00   0.00    -0.03   0.04  -0.01
    25   1    -0.19   0.31   0.02     0.18  -0.32   0.03     0.09  -0.29   0.07
    26   1     0.13  -0.09  -0.07     0.20  -0.02   0.08     0.26   0.02   0.12
    27  25     0.00   0.00   0.00     0.00   0.00   0.00    -0.00  -0.00  -0.00
                     61                     62                     63
                      A                      A                      A
 Frequencies --   1634.3835              1637.5863              1674.4246
 Red. masses --      3.2693                 1.6742                 1.2142
 Frc consts  --      5.1453                 2.6452                 2.0057
 IR Inten    --    311.0883                42.8080               294.5835
 Raman Activ --   1265.6416                85.1862               250.5477
 Depolar (P) --      0.1883                 0.2360                 0.3281
 Depolar (U) --      0.3169                 0.3818                 0.4941
  Atom  AN      X      Y      Z        X      Y      Z        X      Y      Z
     1   6     0.07  -0.05   0.00    -0.03   0.05   0.01    -0.02   0.01   0.01
     2   6     0.12   0.02   0.01    -0.02  -0.02   0.01     0.05  -0.00  -0.01
     3   6    -0.17  -0.02  -0.00    -0.05   0.03  -0.00    -0.02  -0.01   0.00
     4   6     0.06   0.11   0.00     0.08  -0.02  -0.00    -0.01  -0.00   0.00
     5   6     0.07  -0.14  -0.00    -0.09   0.05   0.00     0.01  -0.01  -0.00
     6   6    -0.08   0.05   0.00     0.08  -0.03  -0.00     0.02  -0.01  -0.00
     7   7    -0.06   0.07   0.00     0.04  -0.03  -0.00    -0.01   0.00   0.00
     8   6     0.00  -0.13  -0.00    -0.02   0.04   0.00    -0.00   0.01   0.00
     9   6     0.07   0.06   0.00     0.01  -0.01  -0.00     0.02   0.00   0.00
    10   6    -0.08  -0.11  -0.00    -0.00   0.02   0.00    -0.02  -0.01  -0.00
    11   6    -0.03   0.11   0.00     0.03  -0.05  -0.00     0.02  -0.02  -0.00
    12   6     0.04  -0.07  -0.00    -0.04   0.03   0.00    -0.03   0.01   0.00
    13   6    -0.01   0.15   0.00     0.02  -0.05  -0.00     0.01  -0.00  -0.00
    14   7     0.01  -0.06  -0.00    -0.04   0.02   0.00     0.01   0.00  -0.00
    15   1     0.71  -0.10   0.02     0.30   0.00   0.01    -0.01  -0.01   0.00
    16   1     0.15   0.04  -0.01    -0.13  -0.02   0.01    -0.04  -0.01   0.00
    17   1    -0.06   0.10   0.00    -0.01  -0.01  -0.00    -0.02   0.01   0.00
    18   1     0.08   0.11   0.00    -0.01   0.01   0.00     0.00   0.03   0.00
    19   1     0.05  -0.10  -0.00    -0.01   0.07   0.00     0.00   0.03   0.00
    20   1    -0.07  -0.06  -0.00     0.05   0.02   0.00     0.03   0.00  -0.00
    21   7    -0.04  -0.01   0.01    -0.06  -0.03   0.01    -0.04  -0.02   0.01
    22   1     0.21  -0.04  -0.11     0.43  -0.08  -0.24     0.34  -0.06  -0.17
    23   1     0.05   0.17  -0.05     0.25   0.46  -0.05     0.17   0.37  -0.08
    24   7     0.00  -0.01  -0.00     0.06  -0.03   0.01    -0.07   0.05  -0.02
    25   1    -0.11   0.23  -0.00    -0.09   0.33  -0.05     0.14  -0.53   0.14
    26   1    -0.20   0.01  -0.06    -0.40  -0.00  -0.12     0.54   0.01   0.18
    27  25    -0.00  -0.00  -0.00    -0.00  -0.00  -0.00     0.00   0.00  -0.00
                     64                     65                     66
                      A                      A                      A
 Frequencies --   1682.6475              1710.1861              3213.3553
 Red. masses --      4.1138                 4.3403                 1.0867
 Frc consts  --      6.8625                 7.4792                 6.6109
 IR Inten    --     22.2916                35.9612                 0.6424
 Raman Activ --    196.2917                15.6324               102.6713
 Depolar (P) --      0.3440                 0.3016                 0.6882
 Depolar (U) --      0.5119                 0.4635                 0.8153
  Atom  AN      X      Y      Z        X      Y      Z        X      Y      Z
     1   6    -0.13   0.06  -0.00     0.27  -0.12  -0.00    -0.00   0.00  -0.00
     2   6     0.07  -0.01   0.00    -0.18   0.01  -0.00     0.00   0.00  -0.00
     3   6    -0.04  -0.00  -0.00     0.18  -0.01   0.00    -0.00   0.00  -0.00
     4   6    -0.03  -0.00  -0.00    -0.06   0.02   0.00     0.00  -0.00   0.00
     5   6     0.05  -0.02   0.00     0.05   0.01  -0.00    -0.00   0.00   0.00
     6   6     0.08  -0.04  -0.00    -0.24   0.09   0.00     0.00  -0.00  -0.00
     7   7    -0.03   0.02   0.00     0.06   0.00  -0.00     0.00  -0.00  -0.00
     8   6    -0.11   0.04  -0.00    -0.12  -0.00  -0.00     0.00  -0.00   0.00
     9   6     0.26   0.01   0.00     0.13   0.00   0.00     0.00   0.04   0.00
    10   6    -0.20  -0.07  -0.00    -0.09  -0.03  -0.00     0.05  -0.03  -0.00
    11   6     0.16  -0.11  -0.00     0.06  -0.03  -0.00    -0.05  -0.02  -0.00
    12   6    -0.23   0.07   0.00    -0.10   0.02  -0.00     0.00   0.00   0.00
    13   6     0.12  -0.00   0.00     0.09   0.00   0.00     0.00  -0.00  -0.00
    14   7     0.00   0.00   0.00    -0.02  -0.00  -0.00    -0.00   0.00   0.00
    15   1     0.12  -0.02   0.00    -0.47   0.05  -0.02    -0.00  -0.01   0.00
    16   1    -0.05  -0.05   0.01     0.23   0.07  -0.02     0.00   0.00  -0.00
    17   1    -0.24   0.12   0.00    -0.13   0.05   0.00    -0.08  -0.43  -0.00
    18   1     0.03   0.27   0.00     0.00   0.10   0.00    -0.53   0.41   0.00
    19   1     0.04   0.25   0.00     0.02   0.09   0.00     0.54   0.21   0.00
    20   1     0.28  -0.00  -0.00     0.13  -0.01  -0.00    -0.01  -0.07  -0.00
    21   7     0.07   0.02  -0.02    -0.08  -0.01   0.02     0.00  -0.00   0.00
    22   1    -0.44   0.07   0.21     0.42  -0.06  -0.19     0.00   0.00  -0.00
    23   1    -0.11  -0.37   0.11     0.01   0.29  -0.14     0.00  -0.00  -0.00
    24   7    -0.01  -0.00  -0.00     0.04  -0.01   0.01    -0.00   0.00   0.00
    25   1    -0.04   0.06  -0.01     0.03   0.08  -0.06    -0.00  -0.00  -0.00
    26   1    -0.02  -0.00  -0.00    -0.15   0.00  -0.07     0.00   0.00  -0.00
    27  25    -0.00   0.00   0.00     0.00   0.00   0.00    -0.00   0.00   0.00
                     67                     68                     69
                      A                      A                      A
 Frequencies --   3217.3917              3219.6709              3222.6250
 Red. masses --      1.0903                 1.0920                 1.0910
 Frc consts  --      6.6500                 6.6697                 6.6754
 IR Inten    --     28.1868                18.4868                 4.7723
 Raman Activ --    131.9638               397.2034               362.2554
 Depolar (P) --      0.2832                 0.2129                 0.6905
 Depolar (U) --      0.4414                 0.3511                 0.8169
  Atom  AN      X      Y      Z        X      Y      Z        X      Y      Z
     1   6    -0.00   0.00   0.00    -0.00   0.00   0.00    -0.00   0.00   0.00
     2   6     0.00   0.00   0.00    -0.00   0.00  -0.00    -0.00   0.00  -0.00
     3   6    -0.00  -0.08   0.00     0.00   0.03  -0.00     0.00   0.00  -0.00
     4   6    -0.00   0.00  -0.00     0.00  -0.00   0.00     0.00   0.00   0.00
     5   6     0.00   0.00  -0.00     0.00   0.00  -0.00     0.00  -0.00  -0.00
     6   6    -0.00  -0.03   0.00    -0.00  -0.08   0.00    -0.00  -0.00   0.00
     7   7    -0.00  -0.00  -0.00    -0.00   0.00   0.00     0.00   0.00   0.00
     8   6     0.00   0.00  -0.00    -0.00  -0.00  -0.00    -0.00   0.00   0.00
     9   6    -0.00  -0.00   0.00     0.00   0.00   0.00    -0.01  -0.06  -0.00
    10   6     0.00  -0.00   0.00    -0.00  -0.00  -0.00    -0.01   0.01   0.00
    11   6    -0.00  -0.00   0.00     0.00   0.00   0.00    -0.06  -0.02  -0.00
    12   6     0.00   0.00   0.00    -0.00  -0.00  -0.00     0.00   0.01   0.00
    13   6     0.00  -0.00  -0.00    -0.00   0.00   0.00     0.00   0.00   0.00
    14   7     0.00   0.00   0.00     0.00  -0.00  -0.00    -0.00  -0.00  -0.00
    15   1     0.07   0.92  -0.02    -0.03  -0.38   0.01    -0.00  -0.03   0.00
    16   1     0.03   0.38  -0.01     0.06   0.92  -0.02     0.00   0.04  -0.00
    17   1     0.00   0.01   0.00    -0.01  -0.04  -0.00     0.11   0.64   0.01
    18   1    -0.01   0.00   0.00     0.00  -0.00  -0.00     0.16  -0.13  -0.00
    19   1     0.01   0.00   0.00    -0.03  -0.01  -0.00     0.67   0.26   0.00
    20   1    -0.00  -0.01  -0.00     0.00   0.01   0.00    -0.02  -0.10  -0.00
    21   7     0.00  -0.00  -0.00     0.00  -0.00  -0.00     0.00  -0.00   0.00
    22   1     0.00  -0.00   0.00     0.00   0.00  -0.00     0.00   0.00  -0.00
    23   1     0.00   0.00   0.00     0.00   0.00   0.00     0.00  -0.00  -0.00
    24   7    -0.00  -0.00  -0.00     0.00   0.00  -0.00     0.00  -0.00  -0.00
    25   1    -0.00   0.00  -0.00     0.00  -0.00   0.00     0.00   0.00   0.00
    26   1    -0.00   0.00   0.00     0.00  -0.00   0.00     0.00  -0.00   0.00
    27  25    -0.00  -0.00  -0.00     0.00   0.00   0.00    -0.00   0.00   0.00
                     70                     71                     72
                      A                      A                      A
 Frequencies --   3234.5466              3279.3453              3594.6549
 Red. masses --      1.0983                 1.0865                 1.0493
 Frc consts  --      6.7704                 6.8842                 7.9886
 IR Inten    --     29.6590                57.6901               102.1010
 Raman Activ --    755.2331               459.8679               945.1632
 Depolar (P) --      0.1674                 0.1896                 0.1884
 Depolar (U) --      0.2867                 0.3187                 0.3171
  Atom  AN      X      Y      Z        X      Y      Z        X      Y      Z
     1   6    -0.00  -0.00   0.00     0.00   0.00   0.00     0.00   0.00   0.00
     2   6    -0.00   0.00   0.00     0.00  -0.00   0.00     0.00   0.00  -0.00
     3   6     0.00   0.00  -0.00    -0.00  -0.00   0.00    -0.00  -0.00  -0.00
     4   6     0.00   0.00   0.00    -0.00  -0.00  -0.00     0.00   0.00   0.00
     5   6     0.00  -0.00  -0.00    -0.00   0.00   0.00    -0.00  -0.00  -0.00
     6   6    -0.00  -0.00   0.00    -0.00   0.00   0.00     0.00   0.00   0.00
     7   7     0.00  -0.00   0.00     0.00  -0.00  -0.00     0.00  -0.00  -0.00
     8   6    -0.00   0.00   0.00    -0.00   0.00  -0.00    -0.00   0.00   0.00
     9   6    -0.01  -0.05  -0.00     0.00   0.00   0.00    -0.00   0.00   0.00
    10   6     0.05  -0.04  -0.00    -0.00   0.00   0.00    -0.00   0.00   0.00
    11   6     0.03   0.01   0.00    -0.02  -0.00  -0.00     0.00  -0.00   0.00
    12   6    -0.00  -0.01  -0.00    -0.01  -0.08  -0.00    -0.00  -0.00  -0.00
    13   6     0.00   0.00   0.00     0.00   0.00   0.00     0.00  -0.00   0.00
    14   7    -0.00  -0.00  -0.00    -0.00   0.00   0.00    -0.00   0.00  -0.00
    15   1    -0.00  -0.01   0.00     0.00   0.01  -0.00    -0.00   0.00   0.00
    16   1     0.00   0.01  -0.00    -0.00  -0.00   0.00    -0.00  -0.00   0.00
    17   1     0.11   0.60   0.01    -0.00  -0.02  -0.00    -0.00  -0.00   0.00
    18   1    -0.55   0.43   0.00     0.03  -0.02  -0.00     0.00  -0.00  -0.00
    19   1    -0.31  -0.13  -0.00     0.14   0.05   0.00     0.00  -0.00  -0.00
    20   1     0.02   0.09   0.00     0.14   0.97   0.01     0.00   0.00   0.00
    21   7     0.00   0.00   0.00    -0.00   0.00  -0.00    -0.04  -0.02   0.03
    22   1     0.00   0.00  -0.00    -0.00  -0.00   0.00     0.03   0.63  -0.05
    23   1     0.00  -0.00  -0.00    -0.00   0.00   0.00     0.52  -0.38  -0.43
    24   7     0.00  -0.00  -0.00    -0.00   0.00   0.00     0.00  -0.00   0.00
    25   1     0.00   0.00   0.00    -0.00  -0.00  -0.00    -0.02  -0.01  -0.01
    26   1    -0.00  -0.00   0.00     0.00   0.00  -0.00     0.00   0.02  -0.00
    27  25     0.00  -0.00  -0.00     0.00  -0.00  -0.00     0.00  -0.00  -0.00
                     73                     74                     75
                      A                      A                      A
 Frequencies --   3619.7107              3694.8452              3730.3284
 Red. masses --      1.0477                 1.0979                 1.1015
 Frc consts  --      8.0877                 8.8312                 9.0309
 IR Inten    --    264.6041                54.8277                80.6277
 Raman Activ --   1546.6705               129.4311               141.0753
 Depolar (P) --      0.2074                 0.7491                 0.7414
 Depolar (U) --      0.3435                 0.8566                 0.8515
  Atom  AN      X      Y      Z        X      Y      Z        X      Y      Z
     1   6    -0.00   0.00  -0.00     0.00  -0.00  -0.00    -0.00   0.00   0.00
     2   6    -0.00   0.00   0.00     0.00   0.00   0.00    -0.00  -0.00  -0.00
     3   6    -0.00   0.00  -0.00    -0.00  -0.00  -0.00     0.00   0.00  -0.00
     4   6     0.00  -0.00  -0.00     0.00   0.00  -0.00    -0.00   0.00  -0.00
     5   6    -0.00   0.00   0.00     0.00  -0.00   0.00    -0.00   0.00   0.00
     6   6     0.00  -0.00  -0.00    -0.00   0.00  -0.00     0.00  -0.00  -0.00
     7   7     0.00  -0.00  -0.00    -0.00   0.00   0.00     0.00  -0.00   0.00
     8   6    -0.00  -0.00   0.00     0.00   0.00  -0.00    -0.00  -0.00  -0.00
     9   6     0.00  -0.00  -0.00    -0.00   0.00  -0.00     0.00  -0.00  -0.00
    10   6    -0.00  -0.00  -0.00     0.00   0.00  -0.00    -0.00  -0.00  -0.00
    11   6    -0.00   0.00  -0.00     0.00  -0.00  -0.00    -0.00   0.00  -0.00
    12   6     0.00   0.00   0.00    -0.00  -0.00  -0.00     0.00   0.00  -0.00
    13   6    -0.00   0.00   0.00     0.00  -0.00  -0.00    -0.00   0.00  -0.00
    14   7    -0.00  -0.00  -0.00    -0.00   0.00   0.00     0.00  -0.00   0.00
    15   1     0.00  -0.00   0.00    -0.00   0.00   0.00     0.00  -0.00   0.00
    16   1     0.00   0.00   0.00    -0.00  -0.00   0.00     0.00   0.00   0.00
    17   1     0.00   0.00   0.00    -0.00  -0.00  -0.00     0.00   0.00  -0.00
    18   1    -0.00   0.00   0.00     0.00  -0.00  -0.00    -0.00   0.00   0.00
    19   1    -0.00  -0.00  -0.00     0.00  -0.00  -0.00     0.00   0.00   0.00
    20   1    -0.00  -0.00  -0.00     0.00   0.00  -0.00    -0.00  -0.00  -0.00
    21   7     0.00   0.00  -0.00     0.03  -0.08  -0.02    -0.00   0.00   0.00
    22   1    -0.00  -0.02   0.00     0.05   0.77  -0.08    -0.00  -0.01   0.00
    23   1    -0.01   0.01   0.01    -0.42   0.29   0.36     0.01  -0.01  -0.01
    24   7     0.04  -0.03   0.03    -0.00  -0.00  -0.00    -0.05  -0.07  -0.01
    25   1    -0.61  -0.29  -0.28     0.00   0.00   0.00     0.56   0.26   0.27
    26   1     0.07   0.67  -0.08     0.00   0.02  -0.00     0.07   0.72  -0.11
    27  25     0.00   0.00  -0.00    -0.00  -0.00   0.00    -0.00   0.00  -0.00

 -------------------
 - Thermochemistry -
 -------------------
 Temperature   298.150 Kelvin.  Pressure   1.00000 Atm.
 Atom     1 has atomic number  6 and mass  12.00000
 Atom     2 has atomic number  6 and mass  12.00000
 Atom     3 has atomic number  6 and mass  12.00000
 Atom     4 has atomic number  6 and mass  12.00000
 Atom     5 has atomic number  6 and mass  12.00000
 Atom     6 has atomic number  6 and mass  12.00000
 Atom     7 has atomic number  7 and mass  14.00307
 Atom     8 has atomic number  6 and mass  12.00000
 Atom     9 has atomic number  6 and mass  12.00000
 Atom    10 has atomic number  6 and mass  12.00000
 Atom    11 has atomic number  6 and mass  12.00000
 Atom    12 has atomic number  6 and mass  12.00000
 Atom    13 has atomic number  6 and mass  12.00000
 Atom    14 has atomic number  7 and mass  14.00307
 Atom    15 has atomic number  1 and mass   1.00783
 Atom    16 has atomic number  1 and mass   1.00783
 Atom    17 has atomic number  1 and mass   1.00783
 Atom    18 has atomic number  1 and mass   1.00783
 Atom    19 has atomic number  1 and mass   1.00783
 Atom    20 has atomic number  1 and mass   1.00783
 Atom    21 has atomic number  7 and mass  14.00307
 Atom    22 has atomic number  1 and mass   1.00783
 Atom    23 has atomic number  1 and mass   1.00783
 Atom    24 has atomic number  7 and mass  14.00307
 Atom    25 has atomic number  1 and mass   1.00783
 Atom    26 has atomic number  1 and mass   1.00783
 Atom    27 has atomic number 25 and mass  54.93805
 Molecular mass:   265.02859 amu.
 Principal axes and moments of inertia in atomic units:
                           1         2         3
     Eigenvalues --  3029.787656124.117099149.13357
           X            0.99965  -0.02627  -0.00042
           Y            0.02627   0.99965  -0.00212
           Z            0.00048   0.00211   1.00000
 This molecule is an asymmetric top.
 Rotational symmetry number  1.
 Warning -- assumption of classical behavior for rotation
           may cause significant error
 Rotational temperatures (Kelvin)      0.02859     0.01414     0.00947
 Rotational constants (GHZ):           0.59567     0.29469     0.19726
 Zero-point vibrational energy     547114.5 (Joules/Mol)
                                  130.76350 (Kcal/Mol)
 Warning -- explicit consideration of  23 degrees of freedom as
           vibrations may cause significant error
 Vibrational temperatures:    102.69   121.28   163.83   220.08   269.79
          (Kelvin)            275.15   289.71   316.30   435.56   466.26
                              497.84   525.49   541.28   546.60   623.93
                              712.31   730.67   737.45   749.33   768.97
                              791.03   828.23   859.06   917.44   933.79
                              965.99  1084.91  1092.53  1109.11  1136.29
                             1139.24  1192.99  1197.78  1242.99  1291.12
                             1307.03  1330.34  1351.52  1451.03  1493.12
                             1523.78  1604.41  1615.80  1675.66  1725.66
                             1796.76  1802.76  1838.54  1869.07  1936.77
                             1985.25  2002.96  2020.54  2063.29  2102.97
                             2189.03  2203.01  2266.29  2297.01  2321.09
                             2351.51  2356.12  2409.12  2420.95  2460.58
                             4623.30  4629.11  4632.39  4636.64  4653.79
                             4718.25  5171.91  5207.96  5316.06  5367.11
 
 Zero-point correction=                           0.208385 (Hartree/Particle)
 Thermal correction to Energy=                    0.221961
 Thermal correction to Enthalpy=                  0.222905
 Thermal correction to Gibbs Free Energy=         0.166573
 Sum of electronic and zero-point Energies=          -1832.663929
 Sum of electronic and thermal Energies=             -1832.650353
 Sum of electronic and thermal Enthalpies=           -1832.649409
 Sum of electronic and thermal Free Energies=        -1832.705741
 
                     E (Thermal)             CV                S
                      KCal/Mol        Cal/Mol-Kelvin    Cal/Mol-Kelvin
 Total                  139.283             54.983            118.562
 Electronic               0.000              0.000              3.561
 Translational            0.889              2.981             42.623
 Rotational               0.889              2.981             33.495
 Vibrational            137.505             49.022             38.883
 Vibration     1          0.598              1.968              4.115
 Vibration     2          0.601              1.960              3.788
 Vibration     3          0.607              1.938              3.202
 Vibration     4          0.619              1.899              2.635
 Vibration     5          0.632              1.857              2.252
 Vibration     6          0.634              1.852              2.216
 Vibration     7          0.638              1.838              2.121
 Vibration     8          0.647              1.811              1.960
 Vibration     9          0.694              1.669              1.402
 Vibration    10          0.709              1.627              1.290
 Vibration    11          0.724              1.583              1.184
 Vibration    12          0.738              1.544              1.100
 Vibration    13          0.747              1.521              1.054
 Vibration    14          0.750              1.513              1.040
 Vibration    15          0.794              1.397              0.847
 Vibration    16          0.851              1.261              0.671
 Vibration    17          0.863              1.233              0.639
 Vibration    18          0.868              1.222              0.627
 Vibration    19          0.876              1.204              0.608
 Vibration    20          0.889              1.174              0.577
 Vibration    21          0.905              1.140              0.545
 Vibration    22          0.932              1.084              0.493
 Vibration    23          0.955              1.038              0.455
                       Q            Log10(Q)             Ln(Q)
 Total Bot       0.240893D-76        -76.618176       -176.419871
 Total V=0       0.170662D+20         19.232138         44.283633
 Vib (Bot)       0.507594D-92        -92.294484       -212.515903
 Vib (Bot)    1  0.288904D+01          0.460754          1.060925
 Vib (Bot)    2  0.244141D+01          0.387640          0.892575
 Vib (Bot)    3  0.179717D+01          0.254588          0.586211
 Vib (Bot)    4  0.132443D+01          0.122029          0.280982
 Vib (Bot)    5  0.106829D+01          0.028688          0.066058
 Vib (Bot)    6  0.104608D+01          0.019566          0.045052
 Vib (Bot)    7  0.989738D+00         -0.004480         -0.010315
 Vib (Bot)    8  0.899831D+00         -0.045839         -0.105549
 Vib (Bot)    9  0.627230D+00         -0.202573         -0.466442
 Vib (Bot)   10  0.578662D+00         -0.237575         -0.547037
 Vib (Bot)   11  0.534577D+00         -0.271990         -0.626280
 Vib (Bot)   12  0.500086D+00         -0.300955         -0.692975
 Vib (Bot)   13  0.481864D+00         -0.317075         -0.730093
 Vib (Bot)   14  0.475955D+00         -0.322434         -0.742431
 Vib (Bot)   15  0.400644D+00         -0.397241         -0.914681
 Vib (Bot)   16  0.333420D+00         -0.477008         -1.098352
 Vib (Bot)   17  0.321369D+00         -0.492995         -1.135164
 Vib (Bot)   18  0.317065D+00         -0.498851         -1.148648
 Vib (Bot)   19  0.309695D+00         -0.509066         -1.172168
 Vib (Bot)   20  0.297991D+00         -0.525796         -1.210690
 Vib (Bot)   21  0.285497D+00         -0.544398         -1.253523
 Vib (Bot)   22  0.265865D+00         -0.575339         -1.324766
 Vib (Bot)   23  0.250836D+00         -0.600609         -1.382954
 Vib (V=0)       0.359608D+04          3.555830          8.187601
 Vib (V=0)    1  0.343199D+01          0.535546          1.233140
 Vib (V=0)    2  0.299208D+01          0.475973          1.095969
 Vib (V=0)    3  0.236542D+01          0.373909          0.860957
 Vib (V=0)    4  0.191567D+01          0.282320          0.650066
 Vib (V=0)    5  0.167951D+01          0.225182          0.518501
 Vib (V=0)    6  0.165943D+01          0.219960          0.506477
 Vib (V=0)    7  0.160887D+01          0.206520          0.475529
 Vib (V=0)    8  0.152941D+01          0.184525          0.424885
 Vib (V=0)    9  0.130213D+01          0.114655          0.264004
 Vib (V=0)   10  0.126475D+01          0.102006          0.234878
 Vib (V=0)   11  0.123196D+01          0.090598          0.208610
 Vib (V=0)   12  0.120717D+01          0.081768          0.188277
 Vib (V=0)   13  0.119440D+01          0.077150          0.177645
 Vib (V=0)   14  0.119031D+01          0.075662          0.174217
 Vib (V=0)   15  0.114072D+01          0.057177          0.131655
 Vib (V=0)   16  0.110097D+01          0.041777          0.096195
 Vib (V=0)   17  0.109437D+01          0.039165          0.090181
 Vib (V=0)   18  0.109206D+01          0.038245          0.088062
 Vib (V=0)   19  0.108814D+01          0.036686          0.084472
 Vib (V=0)   20  0.108206D+01          0.034253          0.078871
 Vib (V=0)   21  0.107577D+01          0.031719          0.073035
 Vib (V=0)   22  0.106629D+01          0.027875          0.064185
 Vib (V=0)   23  0.105939D+01          0.025057          0.057695
 Electronic      0.600000D+01          0.778151          1.791759
 Translational   0.169587D+09          8.229393         18.948878
 Rotational      0.466405D+07          6.668763         15.355395
 
                                                                Title
                                                             IR Spectrum
 
     3 3 33       333333                                          111111111111111111111111111                                        
     7 6 65       222222                                          766666555544433322221111000999888877777666555555544333333221111    
     3 9 29       732211                                          18733197326309849754962153032096329975574397532109387642020985187  
     0 5 05       953073                                          03484375112442069839953598995874292019419876041385406564301183441  
 
     X X XX       XXXXXX                                          XXXXXXXXXXXXXXXXXXXXXXXXX XXXXXXXXXXXXXXXXXXXXXXXXXXXXXXXXXXXXXXX  
     X   XX                                                         X XX XX XX  XX   XXX X    X  X   X X X XX  XXX XX         X      
         X                                                          X XX XX XX  X    X   X           X   X XX  XXX XX                
         X                                                          X XX XX XX  X    X   X                 X   XXX XX                
         X                                                          X XX  X XX  X    X                     X   XXX XX                
         X                                                          X XX  X XX  X    X                     X   XXX X                 
                                                                    X XX  X XX  X    X                     X                         
                                                                       X    XX  X    X                     X                         
                                                                       X    XX                             X                         
                                                                       X    XX                             X                         
                                                                       X    XX                             X                         
                                                                            XX                             X                         
                                                                            XX                                                       
                                                                            XX                                                       
                                                                            XX                                                       
                                                                            XX                                                       
                                                                            XX                                                       
                                                                            XX                                                       
                                                                             X                                                       
                                                                             X                                                       
 
 
                                                                Title
                                                            Raman Spectrum
 
     3 3 33       333333                                          111111111111111111111111111                                        
     7 6 65       222222                                          766666555544433322221111000999888877777666555555544333333221111    
     3 9 29       732211                                          18733197326309849754962153032096329975574397532109387642020985187  
     0 5 05       953073                                          03484375112442069839953598995874292019419876041385406564301183441  
 
     X X XX       XXXXXX                                          XXXXXXXXXXXXXXXXXXXXXXXXXXXXXXXXXXXXXXXXXXXXXXXXXXXXXXXXXXXXXXXXX  
         XX                                                           XXXX  X   X                                                    
         X                                                              X   X   X                                                    
                                                                        X   X                                                        
                                                                            X                                                        
                                                                            X                                                        
                                                                            X                                                        
                                                                            X                                                        
                                                                            X                                                        
                                                                            X                                                        
                                                                            X                                                        
                                                                            X                                                        
                                                                            X                                                        
                                                                            X                                                        
                                                                            X                                                        
                                                                            X                                                        
                                                                            X                                                        
                                                                            X                                                        
                                                                            X                                                        
                                                                            X                                                        
 
 ***** Axes restored to original set *****
 -------------------------------------------------------------------
 Center     Atomic                   Forces (Hartrees/Bohr)
 Number     Number              X              Y              Z
 -------------------------------------------------------------------
      1        6          -0.000035317   -0.000012334    0.000003784
      2        6           0.000046812   -0.000014199    0.000029133
      3        6          -0.000033865   -0.000018471   -0.000005769
      4        6           0.000031759   -0.000002208   -0.000008882
      5        6          -0.000030901    0.000008064    0.000012916
      6        6           0.000033096   -0.000002927    0.000006322
      7        7           0.000024052   -0.000003763    0.000003140
      8        6          -0.000009092   -0.000000305    0.000004530
      9        6           0.000002120    0.000005361   -0.000000463
     10        6          -0.000005886    0.000017817   -0.000005461
     11        6           0.000002648    0.000011072   -0.000006291
     12        6           0.000001805    0.000006081   -0.000015348
     13        6           0.000011507   -0.000001421    0.000000988
     14        7          -0.000015918    0.000001827   -0.000022472
     15        1          -0.000007019   -0.000002734   -0.000002031
     16        1           0.000007730   -0.000004503    0.000012715
     17        1           0.000008024    0.000007365    0.000003465
     18        1           0.000003672    0.000011436   -0.000002981
     19        1          -0.000003458    0.000009166   -0.000013291
     20        1          -0.000004619    0.000002586   -0.000008509
     21        7           0.000019941    0.000004695   -0.000021712
     22        1           0.000006873    0.000001900    0.000020013
     23        1           0.000002944   -0.000020484    0.000030269
     24        7          -0.000047720   -0.000003100   -0.000003189
     25        1           0.000002886   -0.000001154    0.000002972
     26        1          -0.000003029   -0.000004693   -0.000003168
     27       25          -0.000009043    0.000004926   -0.000010682
 -------------------------------------------------------------------
 Cartesian Forces:  Max     0.000047720 RMS     0.000015025
 Red2BG is reusing G-inverse.
 Leave Link  716 at Tue Apr 19 22:45:48 2022, MaxMem= 13421772800 cpu:               2.0 elap:               0.1
 (Enter /soft/gaussian/16-c.01/g16/l103.exe)

 GradGradGradGradGradGradGradGradGradGradGradGradGradGradGradGradGradGrad
 Berny optimization.
 Red2BG is reusing G-inverse.
 Internal  Forces:  Max     0.000041792 RMS     0.000006689
 Search for a local minimum.
 Step number   1 out of a maximum of    2
 All quantities printed in internal units (Hartrees-Bohrs-Radians)
 Second derivative matrix not updated -- analytic derivatives used.
 ITU=  0
     Eigenvalues ---    0.00502   0.00872   0.01190   0.01320   0.01441
     Eigenvalues ---    0.01626   0.01673   0.01803   0.01842   0.01942
     Eigenvalues ---    0.01976   0.02007   0.02219   0.02362   0.02490
     Eigenvalues ---    0.02605   0.02624   0.02688   0.02804   0.02898
     Eigenvalues ---    0.03024   0.03134   0.03252   0.04060   0.04887
     Eigenvalues ---    0.10779   0.11113   0.11515   0.11959   0.12062
     Eigenvalues ---    0.12220   0.12697   0.12952   0.14404   0.15114
     Eigenvalues ---    0.16536   0.17932   0.18571   0.18979   0.19254
     Eigenvalues ---    0.20178   0.20955   0.21803   0.22335   0.22821
     Eigenvalues ---    0.23487   0.24101   0.26844   0.32097   0.33476
     Eigenvalues ---    0.35878   0.36066   0.36331   0.36627   0.36729
     Eigenvalues ---    0.36820   0.37005   0.37681   0.38229   0.40371
     Eigenvalues ---    0.42419   0.42477   0.45632   0.47314   0.47787
     Eigenvalues ---    0.48194   0.48479   0.50127   0.51378   0.52493
     Eigenvalues ---    0.53551   0.54786   0.57950   0.59086   0.78848
 Angle between quadratic step and forces=  69.31 degrees.
 Linear search not attempted -- first point.
 Iteration  1 RMS(Cart)=  0.00025188 RMS(Int)=  0.00000017
 Iteration  2 RMS(Cart)=  0.00000019 RMS(Int)=  0.00000005
 ITry= 1 IFail=0 DXMaxC= 1.41D-03 DCOld= 1.00D+10 DXMaxT= 3.00D-01 DXLimC= 3.00D+00 Rises=F
 Variable       Old X    -DE/DX   Delta X   Delta X   Delta X     New X
                                 (Linear)    (Quad)   (Total)
    R1        2.75426   0.00001   0.00000   0.00001   0.00001   2.75427
    R2        2.56937  -0.00002   0.00000  -0.00009  -0.00009   2.56928
    R3        2.61023   0.00002   0.00000   0.00023   0.00023   2.61046
    R4        2.59983   0.00001   0.00000   0.00009   0.00009   2.59992
    R5        2.57271  -0.00004   0.00000  -0.00021  -0.00021   2.57250
    R6        2.66888  -0.00002   0.00000  -0.00010  -0.00010   2.66878
    R7        2.04597  -0.00000   0.00000  -0.00001  -0.00001   2.04596
    R8        2.74192   0.00001   0.00000   0.00003   0.00003   2.74196
    R9        2.54262   0.00000   0.00000   0.00004   0.00004   2.54266
   R10        2.69334   0.00001   0.00000   0.00009   0.00009   2.69343
   R11        2.49077  -0.00001   0.00000  -0.00007  -0.00007   2.49069
   R12        2.04871  -0.00000   0.00000  -0.00000  -0.00000   2.04871
   R13        2.54108   0.00001   0.00000   0.00004   0.00004   2.54113
   R14        2.68383   0.00000   0.00000  -0.00001  -0.00001   2.68382
   R15        2.68944  -0.00000   0.00000  -0.00001  -0.00001   2.68943
   R16        2.57911   0.00000   0.00000   0.00001   0.00001   2.57912
   R17        2.04874   0.00000   0.00000   0.00000   0.00000   2.04874
   R18        2.67633   0.00001   0.00000   0.00001   0.00001   2.67633
   R19        2.04776  -0.00000   0.00000  -0.00000  -0.00000   2.04775
   R20        2.58571   0.00000   0.00000   0.00001   0.00001   2.58572
   R21        2.04849   0.00000   0.00000   0.00001   0.00001   2.04850
   R22        2.67920  -0.00000   0.00000  -0.00001  -0.00001   2.67919
   R23        2.04477   0.00000   0.00000   0.00001   0.00001   2.04478
   R24        2.57686  -0.00001   0.00000  -0.00002  -0.00002   2.57684
   R25        4.11486  -0.00000   0.00000  -0.00006  -0.00006   4.11479
   R26        1.90821   0.00001   0.00000   0.00005   0.00005   1.90826
   R27        1.91074   0.00001   0.00000   0.00008   0.00008   1.91082
   R28        1.90582   0.00001   0.00000  -0.00000  -0.00000   1.90582
   R29        1.90485  -0.00000   0.00000  -0.00002  -0.00002   1.90483
    A1        2.07385   0.00000   0.00000   0.00005   0.00005   2.07390
    A2        2.05419   0.00000   0.00000  -0.00008  -0.00008   2.05411
    A3        2.15363  -0.00000   0.00000   0.00002   0.00002   2.15365
    A4        2.10178   0.00000   0.00000  -0.00000  -0.00000   2.10178
    A5        2.05253  -0.00000   0.00000   0.00000   0.00000   2.05253
    A6        2.12828  -0.00000   0.00000   0.00001   0.00001   2.12829
    A7        2.12391  -0.00001   0.00000  -0.00005  -0.00005   2.12385
    A8        2.04017   0.00001   0.00000   0.00002   0.00002   2.04019
    A9        2.11857   0.00000   0.00000   0.00003   0.00003   2.11860
   A10        2.05465   0.00001   0.00000   0.00008   0.00008   2.05473
   A11        2.13978  -0.00001   0.00000  -0.00003  -0.00003   2.13975
   A12        2.08860  -0.00000   0.00000  -0.00005  -0.00005   2.08855
   A13        2.08618  -0.00001   0.00000  -0.00005  -0.00005   2.08613
   A14        2.12647   0.00000   0.00000   0.00005   0.00005   2.12652
   A15        2.07030   0.00000   0.00000   0.00000   0.00000   2.07030
   A16        2.12408  -0.00000   0.00000  -0.00001  -0.00001   2.12407
   A17        2.11235  -0.00000   0.00000   0.00001   0.00001   2.11236
   A18        2.04640   0.00000   0.00000   0.00001   0.00001   2.04641
   A19        2.06503  -0.00000   0.00000   0.00000   0.00000   2.06503
   A20        2.06914   0.00000   0.00000  -0.00000  -0.00000   2.06914
   A21        2.12030  -0.00000   0.00000  -0.00003  -0.00003   2.12026
   A22        2.09375   0.00000   0.00000   0.00004   0.00004   2.09379
   A23        2.10303   0.00000   0.00000   0.00000   0.00000   2.10304
   A24        2.05162  -0.00000   0.00000  -0.00002  -0.00002   2.05160
   A25        2.12853   0.00000   0.00000   0.00002   0.00002   2.12855
   A26        2.08893  -0.00001   0.00000  -0.00004  -0.00004   2.08889
   A27        2.10471   0.00000   0.00000   0.00002   0.00002   2.10473
   A28        2.08954   0.00000   0.00000   0.00002   0.00002   2.08956
   A29        2.11350   0.00000   0.00000   0.00003   0.00003   2.11353
   A30        2.08656   0.00000   0.00000   0.00001   0.00001   2.08657
   A31        2.08312  -0.00000   0.00000  -0.00003  -0.00003   2.08309
   A32        2.10712  -0.00000   0.00000   0.00000   0.00000   2.10712
   A33        2.06205   0.00000   0.00000   0.00000   0.00000   2.06206
   A34        2.11401  -0.00000   0.00000  -0.00001  -0.00001   2.11401
   A35        2.06004  -0.00000   0.00000  -0.00003  -0.00003   2.06001
   A36        2.09884   0.00000   0.00000   0.00004   0.00004   2.09888
   A37        2.12430  -0.00000   0.00000  -0.00001  -0.00001   2.12430
   A38        2.06710   0.00000   0.00000   0.00000   0.00000   2.06710
   A39        2.13387   0.00000   0.00000   0.00002   0.00002   2.13389
   A40        2.08219  -0.00000   0.00000  -0.00002  -0.00002   2.08217
   A41        2.00447   0.00000   0.00000  -0.00026  -0.00026   2.00421
   A42        2.02476  -0.00002   0.00000  -0.00041  -0.00041   2.02435
   A43        1.94105   0.00000   0.00000  -0.00031  -0.00031   1.94074
   A44        2.06435  -0.00001   0.00000   0.00009   0.00009   2.06444
   A45        2.05766   0.00000   0.00000   0.00024   0.00024   2.05790
   A46        1.99167   0.00000   0.00000   0.00022   0.00022   1.99190
    D1       -0.06661   0.00000   0.00000   0.00020   0.00020  -0.06641
    D2        3.11139  -0.00000   0.00000  -0.00016  -0.00016   3.11123
    D3        3.13213   0.00000   0.00000   0.00025   0.00025   3.13238
    D4        0.02694  -0.00001   0.00000  -0.00010  -0.00010   0.02684
    D5        0.03451  -0.00000   0.00000  -0.00018  -0.00018   0.03434
    D6       -3.13595  -0.00000   0.00000  -0.00009  -0.00009  -3.13604
    D7        3.11550  -0.00000   0.00000  -0.00024  -0.00024   3.11526
    D8       -0.05497  -0.00000   0.00000  -0.00015  -0.00015  -0.05511
    D9       -3.05428   0.00000   0.00000  -0.00036  -0.00036  -3.05464
   D10       -0.74973  -0.00001   0.00000  -0.00156  -0.00156  -0.75128
   D11        0.14728   0.00000   0.00000  -0.00030  -0.00030   0.14698
   D12        2.45184  -0.00001   0.00000  -0.00150  -0.00150   2.45034
   D13        0.04762  -0.00000   0.00000  -0.00004  -0.00004   0.04758
   D14       -3.12894  -0.00000   0.00000  -0.00004  -0.00004  -3.12898
   D15       -3.13200   0.00001   0.00000   0.00033   0.00033  -3.13166
   D16       -0.02537   0.00001   0.00000   0.00033   0.00033  -0.02504
   D17       -0.49334   0.00001   0.00000   0.00128   0.00128  -0.49206
   D18       -3.00779   0.00001   0.00000   0.00030   0.00030  -3.00749
   D19        2.68525  -0.00000   0.00000   0.00092   0.00092   2.68617
   D20        0.17080  -0.00000   0.00000  -0.00006  -0.00006   0.17074
   D21        0.00269  -0.00000   0.00000  -0.00014  -0.00014   0.00255
   D22        3.12506  -0.00000   0.00000  -0.00010  -0.00010   3.12496
   D23       -3.10237  -0.00000   0.00000  -0.00013  -0.00013  -3.10251
   D24        0.01999  -0.00000   0.00000  -0.00010  -0.00010   0.01990
   D25       -0.03456   0.00000   0.00000   0.00016   0.00016  -0.03440
   D26        3.13053   0.00000   0.00000   0.00005   0.00005   3.13059
   D27        3.12567   0.00000   0.00000   0.00012   0.00012   3.12579
   D28        0.00758   0.00000   0.00000   0.00002   0.00002   0.00760
   D29       -3.12980  -0.00000   0.00000  -0.00010  -0.00010  -3.12990
   D30        0.00414   0.00000   0.00000   0.00016   0.00016   0.00430
   D31       -0.00780  -0.00000   0.00000  -0.00006  -0.00006  -0.00786
   D32        3.12615   0.00000   0.00000   0.00020   0.00020   3.12635
   D33        0.01522  -0.00000   0.00000  -0.00000  -0.00000   0.01522
   D34       -3.09854  -0.00000   0.00000  -0.00009  -0.00009  -3.09863
   D35        3.13407   0.00000   0.00000   0.00010   0.00010   3.13417
   D36        0.02031   0.00000   0.00000   0.00001   0.00001   0.02032
   D37       -0.00141   0.00000   0.00000   0.00000   0.00000  -0.00141
   D38       -3.11971  -0.00000   0.00000  -0.00010  -0.00010  -3.11981
   D39        3.13889   0.00000   0.00000   0.00010   0.00010   3.13899
   D40       -0.00402  -0.00000   0.00000   0.00002   0.00002  -0.00400
   D41        3.14064  -0.00000   0.00000  -0.00005  -0.00005   3.14059
   D42       -0.00116  -0.00000   0.00000  -0.00002  -0.00002  -0.00118
   D43        0.00035   0.00000   0.00000   0.00003   0.00003   0.00038
   D44       -3.14145   0.00000   0.00000   0.00006   0.00006  -3.14139
   D45       -3.13980  -0.00000   0.00000  -0.00001  -0.00001  -3.13981
   D46        0.00362  -0.00000   0.00000  -0.00007  -0.00007   0.00355
   D47        0.00045  -0.00000   0.00000  -0.00009  -0.00009   0.00036
   D48       -3.13931  -0.00000   0.00000  -0.00015  -0.00015  -3.13946
   D49       -0.00041   0.00000   0.00000   0.00005   0.00005  -0.00036
   D50        3.14107  -0.00000   0.00000   0.00002   0.00002   3.14109
   D51        3.14140   0.00000   0.00000   0.00002   0.00002   3.14142
   D52       -0.00030  -0.00000   0.00000  -0.00001  -0.00001  -0.00031
   D53       -0.00037  -0.00000   0.00000  -0.00007  -0.00007  -0.00044
   D54        3.14087  -0.00000   0.00000  -0.00004  -0.00004   3.14083
   D55        3.14134  -0.00000   0.00000  -0.00004  -0.00004   3.14130
   D56       -0.00061   0.00000   0.00000  -0.00001  -0.00001  -0.00062
   D57        0.00120   0.00000   0.00000   0.00000   0.00000   0.00121
   D58        3.14144  -0.00000   0.00000  -0.00008  -0.00008   3.14136
   D59       -3.14004  -0.00000   0.00000  -0.00002  -0.00002  -3.14006
   D60        0.00020  -0.00000   0.00000  -0.00011  -0.00011   0.00009
   D61       -0.00122   0.00000   0.00000   0.00008   0.00008  -0.00115
   D62        3.13852   0.00000   0.00000   0.00013   0.00013   3.13865
   D63       -3.14142   0.00000   0.00000   0.00016   0.00016  -3.14126
   D64       -0.00168   0.00000   0.00000   0.00022   0.00022  -0.00146
   D65        0.00258   0.00000   0.00000   0.00009   0.00009   0.00266
   D66       -3.13160  -0.00000   0.00000  -0.00017  -0.00017  -3.13177
   D67       -3.13712   0.00000   0.00000   0.00003   0.00003  -3.13709
   D68        0.01189  -0.00000   0.00000  -0.00023  -0.00023   0.01166
         Item               Value     Threshold  Converged?
 Maximum Force            0.000042     0.000450     YES
 RMS     Force            0.000007     0.000300     YES
 Maximum Displacement     0.001410     0.001800     YES
 RMS     Displacement     0.000252     0.001200     YES
 Predicted change in Energy=-4.254249D-08
 Optimization completed.
    -- Stationary point found.
                           ----------------------------
                           !   Optimized Parameters   !
                           ! (Angstroms and Degrees)  !
 --------------------------                            --------------------------
 ! Name  Definition              Value          Derivative Info.                !
 --------------------------------------------------------------------------------
 ! R1    R(1,2)                  1.4575         -DE/DX =    0.0                 !
 ! R2    R(1,6)                  1.3597         -DE/DX =    0.0                 !
 ! R3    R(1,21)                 1.3813         -DE/DX =    0.0                 !
 ! R4    R(2,3)                  1.3758         -DE/DX =    0.0                 !
 ! R5    R(2,24)                 1.3614         -DE/DX =    0.0                 !
 ! R6    R(3,4)                  1.4123         -DE/DX =    0.0                 !
 ! R7    R(3,15)                 1.0827         -DE/DX =    0.0                 !
 ! R8    R(4,5)                  1.451          -DE/DX =    0.0                 !
 ! R9    R(4,14)                 1.3455         -DE/DX =    0.0                 !
 ! R10   R(5,6)                  1.4253         -DE/DX =    0.0                 !
 ! R11   R(5,7)                  1.3181         -DE/DX =    0.0                 !
 ! R12   R(6,16)                 1.0841         -DE/DX =    0.0                 !
 ! R13   R(7,8)                  1.3447         -DE/DX =    0.0                 !
 ! R14   R(8,9)                  1.4202         -DE/DX =    0.0                 !
 ! R15   R(8,13)                 1.4232         -DE/DX =    0.0                 !
 ! R16   R(9,10)                 1.3648         -DE/DX =    0.0                 !
 ! R17   R(9,17)                 1.0841         -DE/DX =    0.0                 !
 ! R18   R(10,11)                1.4163         -DE/DX =    0.0                 !
 ! R19   R(10,18)                1.0836         -DE/DX =    0.0                 !
 ! R20   R(11,12)                1.3683         -DE/DX =    0.0                 !
 ! R21   R(11,19)                1.084          -DE/DX =    0.0                 !
 ! R22   R(12,13)                1.4178         -DE/DX =    0.0                 !
 ! R23   R(12,20)                1.082          -DE/DX =    0.0                 !
 ! R24   R(13,14)                1.3636         -DE/DX =    0.0                 !
 ! R25   R(14,27)                2.1775         -DE/DX =    0.0                 !
 ! R26   R(21,22)                1.0098         -DE/DX =    0.0                 !
 ! R27   R(21,23)                1.0111         -DE/DX =    0.0                 !
 ! R28   R(24,25)                1.0085         -DE/DX =    0.0                 !
 ! R29   R(24,26)                1.008          -DE/DX =    0.0                 !
 ! A1    A(2,1,6)              118.8229         -DE/DX =    0.0                 !
 ! A2    A(2,1,21)             117.6964         -DE/DX =    0.0                 !
 ! A3    A(6,1,21)             123.3937         -DE/DX =    0.0                 !
 ! A4    A(1,2,3)              120.4231         -DE/DX =    0.0                 !
 ! A5    A(1,2,24)             117.6013         -DE/DX =    0.0                 !
 ! A6    A(3,2,24)             121.9414         -DE/DX =    0.0                 !
 ! A7    A(2,3,4)              121.6908         -DE/DX =    0.0                 !
 ! A8    A(2,3,15)             116.8931         -DE/DX =    0.0                 !
 ! A9    A(4,3,15)             121.3849         -DE/DX =    0.0                 !
 ! A10   A(3,4,5)              117.7227         -DE/DX =    0.0                 !
 ! A11   A(3,4,14)             122.6003         -DE/DX =    0.0                 !
 ! A12   A(5,4,14)             119.6679         -DE/DX =    0.0                 !
 ! A13   A(4,5,6)              119.5293         -DE/DX =    0.0                 !
 ! A14   A(4,5,7)              121.838          -DE/DX =    0.0                 !
 ! A15   A(6,5,7)              118.6194         -DE/DX =    0.0                 !
 ! A16   A(1,6,5)              121.701          -DE/DX =    0.0                 !
 ! A17   A(1,6,16)             121.029          -DE/DX =    0.0                 !
 ! A18   A(5,6,16)             117.2503         -DE/DX =    0.0                 !
 ! A19   A(5,7,8)              118.3175         -DE/DX =    0.0                 !
 ! A20   A(7,8,9)              118.553          -DE/DX =    0.0                 !
 ! A21   A(7,8,13)             121.4841         -DE/DX =    0.0                 !
 ! A22   A(9,8,13)             119.9629         -DE/DX =    0.0                 !
 ! A23   A(8,9,10)             120.4949         -DE/DX =    0.0                 !
 ! A24   A(8,9,17)             117.5492         -DE/DX =    0.0                 !
 ! A25   A(10,9,17)            121.956          -DE/DX =    0.0                 !
 ! A26   A(9,10,11)            119.687          -DE/DX =    0.0                 !
 ! A27   A(9,10,18)            120.5912         -DE/DX =    0.0                 !
 ! A28   A(11,10,18)           119.7218         -DE/DX =    0.0                 !
 ! A29   A(10,11,12)           121.0946         -DE/DX =    0.0                 !
 ! A30   A(10,11,19)           119.5512         -DE/DX =    0.0                 !
 ! A31   A(12,11,19)           119.3542         -DE/DX =    0.0                 !
 ! A32   A(11,12,13)           120.729          -DE/DX =    0.0                 !
 ! A33   A(11,12,20)           118.147          -DE/DX =    0.0                 !
 ! A34   A(13,12,20)           121.1239         -DE/DX =    0.0                 !
 ! A35   A(8,13,12)            118.0316         -DE/DX =    0.0                 !
 ! A36   A(8,13,14)            120.2547         -DE/DX =    0.0                 !
 ! A37   A(12,13,14)           121.7136         -DE/DX =    0.0                 !
 ! A38   A(4,14,13)            118.436          -DE/DX =    0.0                 !
 ! A39   A(4,14,27)            122.262          -DE/DX =    0.0                 !
 ! A40   A(13,14,27)           119.3007         -DE/DX =    0.0                 !
 ! A41   A(1,21,22)            114.8474         -DE/DX =    0.0                 !
 ! A42   A(1,21,23)            116.0104         -DE/DX =    0.0                 !
 ! A43   A(22,21,23)           111.214          -DE/DX =    0.0                 !
 ! A44   A(2,24,25)            118.2787         -DE/DX =    0.0                 !
 ! A45   A(2,24,26)            117.8954         -DE/DX =    0.0                 !
 ! A46   A(25,24,26)           114.1145         -DE/DX =    0.0                 !
 ! D1    D(6,1,2,3)             -3.8167         -DE/DX =    0.0                 !
 ! D2    D(6,1,2,24)           178.2693         -DE/DX =    0.0                 !
 ! D3    D(21,1,2,3)           179.4577         -DE/DX =    0.0                 !
 ! D4    D(21,1,2,24)            1.5437         -DE/DX =    0.0                 !
 ! D5    D(2,1,6,5)              1.9775         -DE/DX =    0.0                 !
 ! D6    D(2,1,6,16)          -179.6767         -DE/DX =    0.0                 !
 ! D7    D(21,1,6,5)           178.5048         -DE/DX =    0.0                 !
 ! D8    D(21,1,6,16)           -3.1494         -DE/DX =    0.0                 !
 ! D9    D(2,1,21,22)         -174.9974         -DE/DX =    0.0                 !
 ! D10   D(2,1,21,23)          -42.9561         -DE/DX =    0.0                 !
 ! D11   D(6,1,21,22)            8.4387         -DE/DX =    0.0                 !
 ! D12   D(6,1,21,23)          140.48           -DE/DX =    0.0                 !
 ! D13   D(1,2,3,4)              2.7283         -DE/DX =    0.0                 !
 ! D14   D(1,2,3,15)          -179.2751         -DE/DX =    0.0                 !
 ! D15   D(24,2,3,4)          -179.4502         -DE/DX =    0.0                 !
 ! D16   D(24,2,3,15)           -1.4535         -DE/DX =    0.0                 !
 ! D17   D(1,2,24,25)          -28.2663         -DE/DX =    0.0                 !
 ! D18   D(1,2,24,26)         -172.3335         -DE/DX =    0.0                 !
 ! D19   D(3,2,24,25)          153.8535         -DE/DX =    0.0                 !
 ! D20   D(3,2,24,26)            9.7862         -DE/DX =    0.0                 !
 ! D21   D(2,3,4,5)              0.1541         -DE/DX =    0.0                 !
 ! D22   D(2,3,4,14)           179.0526         -DE/DX =    0.0                 !
 ! D23   D(15,3,4,5)          -177.7529         -DE/DX =    0.0                 !
 ! D24   D(15,3,4,14)            1.1455         -DE/DX =    0.0                 !
 ! D25   D(3,4,5,6)             -1.9803         -DE/DX =    0.0                 !
 ! D26   D(3,4,5,7)            179.3663         -DE/DX =    0.0                 !
 ! D27   D(14,4,5,6)           179.0877         -DE/DX =    0.0                 !
 ! D28   D(14,4,5,7)             0.4343         -DE/DX =    0.0                 !
 ! D29   D(3,4,14,13)         -179.3245         -DE/DX =    0.0                 !
 ! D30   D(3,4,14,27)            0.2371         -DE/DX =    0.0                 !
 ! D31   D(5,4,14,13)           -0.4467         -DE/DX =    0.0                 !
 ! D32   D(5,4,14,27)          179.1149         -DE/DX =    0.0                 !
 ! D33   D(4,5,6,1)              0.8723         -DE/DX =    0.0                 !
 ! D34   D(4,5,6,16)          -177.5332         -DE/DX =    0.0                 !
 ! D35   D(7,5,6,1)            179.5691         -DE/DX =    0.0                 !
 ! D36   D(7,5,6,16)             1.1636         -DE/DX =    0.0                 !
 ! D37   D(4,5,7,8)             -0.0808         -DE/DX =    0.0                 !
 ! D38   D(6,5,7,8)           -178.7461         -DE/DX =    0.0                 !
 ! D39   D(5,7,8,9)            179.8452         -DE/DX =    0.0                 !
 ! D40   D(5,7,8,13)            -0.2306         -DE/DX =    0.0                 !
 ! D41   D(7,8,9,10)           179.9456         -DE/DX =    0.0                 !
 ! D42   D(7,8,9,17)            -0.0666         -DE/DX =    0.0                 !
 ! D43   D(13,8,9,10)            0.0202         -DE/DX =    0.0                 !
 ! D44   D(13,8,9,17)         -179.992          -DE/DX =    0.0                 !
 ! D45   D(7,8,13,12)         -179.8972         -DE/DX =    0.0                 !
 ! D46   D(7,8,13,14)            0.2073         -DE/DX =    0.0                 !
 ! D47   D(9,8,13,12)            0.026          -DE/DX =    0.0                 !
 ! D48   D(9,8,13,14)         -179.8695         -DE/DX =    0.0                 !
 ! D49   D(8,9,10,11)           -0.0235         -DE/DX =    0.0                 !
 ! D50   D(8,9,10,18)          179.9701         -DE/DX =    0.0                 !
 ! D51   D(17,9,10,11)         179.9892         -DE/DX =    0.0                 !
 ! D52   D(17,9,10,18)          -0.0171         -DE/DX =    0.0                 !
 ! D53   D(9,10,11,12)          -0.021          -DE/DX =    0.0                 !
 ! D54   D(9,10,11,19)         179.9588         -DE/DX =    0.0                 !
 ! D55   D(18,10,11,12)        179.9852         -DE/DX =    0.0                 !
 ! D56   D(18,10,11,19)         -0.0349         -DE/DX =    0.0                 !
 ! D57   D(10,11,12,13)          0.0689         -DE/DX =    0.0                 !
 ! D58   D(10,11,12,20)        179.9914         -DE/DX =    0.0                 !
 ! D59   D(19,11,12,13)       -179.911          -DE/DX =    0.0                 !
 ! D60   D(19,11,12,20)          0.0115         -DE/DX =    0.0                 !
 ! D61   D(11,12,13,8)          -0.0701         -DE/DX =    0.0                 !
 ! D62   D(11,12,13,14)        179.8237         -DE/DX =    0.0                 !
 ! D63   D(20,12,13,8)        -179.9903         -DE/DX =    0.0                 !
 ! D64   D(20,12,13,14)         -0.0965         -DE/DX =    0.0                 !
 ! D65   D(8,13,14,4)            0.1477         -DE/DX =    0.0                 !
 ! D66   D(8,13,14,27)        -179.4272         -DE/DX =    0.0                 !
 ! D67   D(12,13,14,4)        -179.7438         -DE/DX =    0.0                 !
 ! D68   D(12,13,14,27)          0.6813         -DE/DX =    0.0                 !
 --------------------------------------------------------------------------------
 GradGradGradGradGradGradGradGradGradGradGradGradGradGradGradGradGradGrad

 Leave Link  103 at Tue Apr 19 22:45:49 2022, MaxMem= 13421772800 cpu:               3.7 elap:               0.1
 (Enter /soft/gaussian/16-c.01/g16/l9999.exe)

 ----------------------------------------------------------------------

 Electric dipole moment (input orientation):
 (Debye = 10**-18 statcoulomb cm , SI units = C m)
                  (au)            (Debye)         (10**-30 SI)
   Tot        0.960960D+01      0.244252D+02      0.814736D+02
   x          0.909402D-01      0.231147D+00      0.771023D+00
   y         -0.960630D+01     -0.244168D+02     -0.814456D+02
   z         -0.235044D+00     -0.597423D+00     -0.199279D+01

 Dipole polarizability, Alpha (input orientation).
 (esu units = cm**3 , SI units = C**2 m**2 J**-1)
 Alpha(0;0):
               (au)            (10**-24 esu)      (10**-40 SI)
   iso        0.311599D+03      0.461743D+02      0.513758D+02
   aniso      0.385323D+03      0.570990D+02      0.635312D+02
   xx         0.556102D+03      0.824059D+02      0.916889D+02
   yx        -0.134321D+02     -0.199043D+01     -0.221465D+01
   yy         0.251907D+03      0.373288D+02      0.415339D+02
   zx        -0.231562D+02     -0.343139D+01     -0.381794D+01
   zy         0.497190D+01      0.736759D+00      0.819755D+00
   zz         0.126789D+03      0.187882D+02      0.209046D+02

 First dipole hyperpolarizability, Beta (input orientation).
 ||, _|_  parallel and perpendicular components, (z) with respect to z axis,
 vector components x,y,z.  Values do not include the 1/n! factor of 1/2.
 (esu units = statvolt**-1 cm**4 , SI units = C**3 m**3 J**-2)
 Beta(0;0,0):
               (au)            (10**-30 esu)      (10**-50 SI)
   || (z)     0.316775D+03      0.273669D+01      0.101570D+01
   _|_(z)     0.105592D+03      0.912230D+00      0.338565D+00
   x         -0.282450D+05     -0.244015D+03     -0.905637D+02
   y          0.913228D+03      0.788958D+01      0.292814D+01
   z          0.158387D+04      0.136834D+02      0.507848D+01
   ||         0.566082D+04      0.489051D+02      0.181506D+02
   xxx       -0.928443D+04     -0.802103D+02     -0.297693D+02
   xxy        0.750749D+03      0.648588D+01      0.240717D+01
   yxy        0.219155D+02      0.189333D+00      0.702690D-01
   yyy       -0.428975D+03     -0.370601D+01     -0.137545D+01
   xxz        0.523973D+03      0.452672D+01      0.168005D+01
   yxz       -0.290708D+02     -0.251149D+00     -0.932115D-01
   yyz       -0.166593D+02     -0.143924D+00     -0.534158D-01
   zxz       -0.152483D+03     -0.131734D+01     -0.488917D+00
   zyz       -0.173639D+02     -0.150011D+00     -0.556750D-01
   zzz        0.206445D+02      0.178352D+00      0.661936D-01

 ----------------------------------------------------------------------

 Dipole orientation:
     6          6.75614295         -1.21844984         -1.04544429
     6          6.67885960         -1.33545926          1.70524098
     6          4.40754453         -1.21694561          2.96468273
     6          2.08442761         -1.08822548          1.65721524
     6          2.16147497         -1.09098298         -1.08362507
     6          4.54083959         -1.14030476         -2.34467675
     7          0.08526520         -0.99927172         -2.45652832
     6         -2.15148739         -0.90424602         -1.25443853
     6         -4.39440551         -0.79881347         -2.72453040
     6         -6.70470490         -0.70239862         -1.58216190
     6         -6.86364788         -0.70861468          1.08943468
     6         -4.73487995         -0.81073835          2.55360514
     6         -2.30442619         -0.91065428          1.43064279
     7         -0.15790460         -1.00655646          2.85312223
     1          4.47749528         -1.29049552          5.00813035
     1          4.51934068         -1.06233645         -4.39179053
     1         -4.19195411         -0.79798439         -4.76323846
     1         -8.41788594         -0.62096657         -2.70095024
     1         -8.70072316         -0.63064047          1.99243136
     1         -4.96099993         -0.81050751          4.58583606
     7          9.09520287         -1.32494827         -2.19903003
     1          9.06713319         -1.08745076         -4.09219641
     1         10.47610093         -0.27998134         -1.39151271
     7          8.92257734         -1.48072514          2.95562798
     1         10.39877862         -2.29789942          2.06951524
     1          8.87717207         -1.78597243          4.83531389
    25         -0.46160357         -1.04934977          6.95653367

 Electric dipole moment (dipole orientation):
 (Debye = 10**-18 statcoulomb cm , SI units = C m)
                  (au)            (Debye)         (10**-30 SI)
   Tot        0.960960D+01      0.244252D+02      0.814736D+02
   x          0.000000D+00      0.000000D+00      0.000000D+00
   y          0.000000D+00      0.000000D+00      0.000000D+00
   z          0.960960D+01      0.244252D+02      0.814736D+02

 Dipole polarizability, Alpha (dipole orientation).
 (esu units = cm**3 , SI units = C**2 m**2 J**-1)
 Alpha(0;0):
               (au)            (10**-24 esu)      (10**-40 SI)
   iso        0.311599D+03      0.461743D+02      0.513758D+02
   aniso      0.385323D+03      0.570990D+02      0.635312D+02
   xx         0.556212D+03      0.824221D+02      0.917070D+02
   yx        -0.186353D+02     -0.276147D+01     -0.307255D+01
   yy         0.126219D+03      0.187037D+02      0.208106D+02
   zx         0.168888D+02      0.250266D+01      0.278458D+01
   zy        -0.195860D+01     -0.290235D+00     -0.322930D+00
   zz         0.252368D+03      0.373970D+02      0.416098D+02

 First dipole hyperpolarizability, Beta (dipole orientation).
 ||, _|_  parallel and perpendicular components, (z) with respect to z axis,
 vector components x,y,z.  Values do not include the 1/n! factor of 1/2.
 (esu units = statvolt**-1 cm**4 , SI units = C**3 m**3 J**-2)
 Beta(0;0,0):
               (au)            (10**-30 esu)      (10**-50 SI)
   || (z)    -0.243790D+03     -0.210616D+01     -0.781679D+00
   _|_(z)    -0.812633D+02     -0.702052D+00     -0.260560D+00
   x         -0.282485D+05     -0.244045D+03     -0.905751D+02
   y          0.128717D+04      0.111202D+02      0.412714D+01
   z         -0.121895D+04     -0.105308D+02     -0.390839D+01
   ||         0.566082D+04      0.489051D+02      0.181506D+02
   xxx       -0.927493D+04     -0.801282D+02     -0.297388D+02
   xxy        0.417735D+03      0.360890D+01      0.133941D+01
   yxy       -0.142349D+03     -0.122978D+01     -0.456422D+00
   yyy        0.176109D+02      0.152144D+00      0.564668D-01
   xxz       -0.851962D+03     -0.736029D+01     -0.273170D+01
   yxz        0.297373D+02      0.256907D+00      0.953485D-01
   yyz        0.154943D+02      0.133858D+00      0.496802D-01
   zxz        0.109940D+01      0.949794D-02      0.352507D-02
   zyz       -0.628766D+01     -0.543205D-01     -0.201605D-01
   zzz        0.430151D+03      0.371617D+01      0.137922D+01

 ----------------------------------------------------------------------
 Unable to Open any file for archive entry.
 1\1\GINC-BDWD-0052\Freq\UwB97XD\Gen\C12H10Mn1N4(2+,6)\HHARB\19-Apr-202
 2\0\\#P Geom=AllCheck Guess=TCheck SCRF=Check GenChk UwB97XD/ChkBas Fr
 eq\\Title\\2,6\C,3.5633805825,0.6034167211,-0.6648563671\C,3.535662328
 ,-0.8505703455,-0.7619697336\C,2.3407597655,-1.5299927626,-0.704203512
 7\C,1.1056450283,-0.8519299757,-0.6075543978\C,1.1326731161,0.59839230
 86,-0.5739234075\C,2.3850948008,1.2783286331,-0.5956077186\N,0.0276864
 157,1.3128145553,-0.497241326\C,-1.1493358928,0.6642112856,-0.45133087
 82\C,-2.3429490464,1.4290134268,-0.3652975135\C,-3.5591790233,0.811607
 0993,-0.317510907\C,-3.6299332408,-0.6023901289,-0.3545825096\C,-2.496
 7328894,-1.3646883221,-0.4382172049\C,-1.2168465843,-0.756886017,-0.48
 87087578\N,-0.0744291224,-1.4971189807,-0.568601606\H,2.3876285613,-2.
 6096593598,-0.7699103372\H,2.3638675716,2.3601262743,-0.5277587727\H,-
 2.2460315131,2.5085084064,-0.3394851559\H,-4.4708570065,1.3935992645,-
 0.2513735662\H,-4.5970601562,-1.090503709,-0.3158224848\H,-2.606201148
 9,-2.4408920488,-0.4632665065\N,4.794720659,1.2270345296,-0.7179759805
 \H,4.7716062408,2.225303934,-0.5676965337\H,5.5347996897,0.7934734666,
 -0.1825607784\N,4.7283939222,-1.4986319277,-0.8662350383\H,5.500863316
 7,-1.0117699626,-1.2944396716\H,4.7122154658,-2.4892736548,-1.05181135
 42\Mn,-0.2147952598,-3.6688105703,-0.6428298996\\Version=ES64L-G16RevC
 .01\State=6-A\HF=-1832.8723141\S2=8.752375\S2-1=0.\S2A=8.750001\RMSD=1
 .539e-09\RMSF=1.503e-05\ZeroPoint=0.2083849\Thermal=0.2219612\ETot=-18
 32.6503529\HTot=-1832.6494087\GTot=-1832.7057411\Dipole=0.0909402,-9.6
 062988,-0.2350443\DipoleDeriv=2.4382476,0.4789465,-0.1384232,2.1449876
 ,0.155365,-0.0889827,-0.0962875,0.0426116,0.0916606,3.3761236,-0.45648
 1,-0.1770399,-1.9650229,0.6455047,0.1365246,-0.1377009,0.0726314,0.176
 4374,-1.9670288,-0.0030207,0.0725829,-0.1610622,-0.0135816,0.0288928,0
 .2434606,0.0142151,-0.3759787,1.3165245,0.063442,-0.0507448,-2.1805921
 ,0.1372957,0.102577,-0.0980896,-0.0282247,0.2470291,-0.0482652,0.17369
 56,0.021812,2.2608162,0.0149819,-0.1302551,0.0327588,-0.034531,0.20646
 83,-0.6916523,-0.187884,0.033368,0.137292,0.0217476,0.0101101,-0.15355
 06,0.0294037,-0.2804235,1.3975255,-0.1775685,-0.0978735,0.1498745,-0.4
 115774,-0.0098693,-0.0822445,0.0094212,-0.3526272,-1.0722288,0.173132,
 0.0659135,-1.2289631,0.045808,0.0626011,0.0561577,-0.0050743,0.1346228
 ,0.7773363,-0.0259414,-0.050945,-0.2359339,0.1534011,0.0211773,-0.0582
 102,0.008359,-0.1691002,-0.5768559,-0.1499567,0.0167932,-0.8428383,-0.
 0072377,0.0491009,-0.0032737,0.0125518,-0.1646016,-0.4056192,0.0514763
 ,0.0151922,0.7293888,0.2026678,-0.0285112,0.0351422,0.0052707,-0.13382
 01,0.3305521,0.2594751,-0.0208787,0.1609942,0.1130469,0.0012302,-0.020
 4805,-0.0077025,-0.2195214,-0.3402897,-0.406848,0.0158882,1.0970116,-0
 .0454149,-0.063985,0.0351776,0.0202852,0.168238,-0.0228408,0.0688797,-
 0.0195098,-0.5998495,-0.9945835,0.0125884,-0.0598741,-0.0170651,-0.429
 1876,0.0512058,-0.0728139,0.0064148,0.0744654,-0.1661287,-0.0220989,0.
 0170845,-0.025427,0.192821,0.0690312,-0.0289956,0.0045734,-0.0987298,-
 0.0509678,-0.0091432,0.0168693,-0.0195951,0.1931641,0.0918643,-0.02756
 35,0.0038,0.05602,-0.0651055,-0.00991,0.0065428,-0.0052279,0.1769058,-
 0.0744822,0.0914846,0.0162907,0.1062246,0.0359623,-0.0098575,0.0166242
 ,-0.0086129,0.1783044,-0.0835522,-0.0768089,0.0116258,-0.0856697,0.059
 3218,0.0013738,0.011409,0.0011622,0.1729064,0.0982447,0.0877821,0.0060
 229,-0.0942711,-0.2128389,-0.006417,0.0010165,-0.0144471,0.1697182,-2.
 6391064,-0.2987794,0.2124269,-1.0681306,-0.5028425,0.0057767,0.7996271
 ,0.0262687,-0.563108,0.2101549,0.0862826,-0.0267255,0.1103133,0.212801
 3,-0.0304161,-0.1782884,-0.0998819,0.3371132,0.4536124,-0.0128947,-0.0
 427909,-0.1154346,0.2104341,0.0619785,-0.3487819,0.0334363,0.3014035,-
 3.2523484,0.4365959,0.0752059,1.4767881,-0.5945653,-0.1057502,-0.59212
 55,0.0606011,-0.5312643,0.532753,-0.0037556,0.0153394,0.1097887,0.2325
 168,0.0222641,0.3315764,-0.0128871,0.3137916,0.2331586,-0.0820739,0.02
 85371,-0.2028098,0.2605215,-0.0106789,0.2146447,-0.083953,0.3343761,1.
 7979354,0.0401937,0.003144,0.2653426,2.5634673,0.0096796,0.010816,0.02
 64117,1.824672\Polar=556.1024157,-13.4320592,251.9071299,-23.1561866,4
 .9718969,126.7887461\PolarDeriv=126.8871909,-2.864873,18.2707329,-5.12
 10387,0.506955,3.9689616,-11.7532548,0.3049157,-22.3756927,0.6113678,-
 0.4657111,-0.6323723,-12.7246887,0.0114431,2.7634258,9.1787407,0.35745
 06,0.6727073,142.5558738,-6.8838391,12.4805827,-8.5121518,0.5423476,4.
 2502199,21.1977762,6.2612162,21.8795195,-1.0919355,0.1188088,0.3889457
 ,5.1387175,-2.3484963,-4.5120101,8.5018399,-0.7613902,-2.685584,-172.4
 352787,15.7461656,-18.4222629,9.5216193,-1.8230477,-2.0017827,11.19090
 44,-5.4178647,4.3116884,-0.6679903,1.1803884,-4.0474117,14.306241,-1.9
 439683,3.9322518,-4.4326038,-5.30135,0.6762239,172.6028983,-26.3591217
 ,18.0532712,-9.7467003,2.1716511,-1.2696034,-68.8795959,4.1506691,-5.6
 484822,3.7551648,-0.502984,0.1260725,-12.4674242,1.5581803,-1.0569343,
 3.6777799,-0.9713698,-0.0568478,156.2912603,12.6750546,11.4529823,-7.4
 987894,-0.2885905,-1.0398973,60.6776022,8.3842019,3.2004673,-3.2740354
 ,-0.2859026,-0.2774502,-4.5561194,-0.683401,-0.4169365,5.7949141,0.713
 7057,-0.7572086,-156.006012,-5.2677997,-16.7750114,7.4998883,0.1882464
 ,-2.5312501,-9.5989155,-5.0021443,0.4364071,0.913717,-0.5864257,4.0254
 159,-2.6436121,-0.1028271,-2.2912072,-5.462313,6.3593592,0.5121676,-90
 .9646967,-10.1088613,-8.5671945,4.2575275,0.4510556,0.1195603,43.93153
 23,-4.2334563,7.5791718,-2.2566131,0.2013263,2.2230352,5.7898035,0.596
 4923,0.6079618,-2.5306742,4.014896,0.4809076,1.5920606,17.7111817,2.61
 34563,0.3159011,-0.7345011,1.052557,148.4232242,-4.2622784,11.7361377,
 -7.7679847,0.5786319,0.233468,6.1015848,-0.8852533,-0.0711744,-4.22038
 55,1.6726627,0.4088857,66.8204143,-7.8975331,8.7907324,-3.6612656,0.97
 73023,3.0500949,-9.5743468,0.4622034,2.61757,0.8064085,-0.280636,4.270
 1431,-3.7699382,0.9552258,-0.5494999,-0.2693569,7.5660753,0.5897832,-4
 5.0175135,11.1862788,-12.4773103,1.8328109,-0.6888935,-5.2905777,-12.5
 523989,2.3213698,-16.3381784,1.1623136,-0.6840524,0.9858357,0.5871142,
 -0.2041733,-0.1703396,-11.7338405,2.0305468,1.619573,-58.2163158,1.194
 0602,-9.8692399,2.1893876,-0.2340351,-5.1736337,24.7854975,-12.676729,
 17.892359,-1.4618048,1.2459832,-0.5264109,2.4355889,-0.006832,1.363003
 ,-12.9594415,-0.6306895,1.6364249,100.5921893,-10.8404766,10.089394,-5
 .6989203,0.4322004,2.283493,4.468446,0.0603928,-1.3375146,-0.4516964,0
 .2667553,-4.4043345,-5.3094109,0.0643062,-0.4168599,-0.2689049,-6.9042
 688,-0.7131715,-59.4337937,-7.569051,1.3937402,3.0116836,0.3639596,1.2
 560674,-149.9704751,10.0549806,-13.5457495,8.1741437,-0.9168534,-0.841
 9017,-2.9915159,1.0036158,-0.3941876,-3.9886857,-1.5305971,0.2834023,-
 81.0114613,15.0381065,-12.9894185,4.3882902,-1.4806537,-0.1938052,-63.
 3596227,5.2177334,-5.5900872,3.5938751,-0.354451,-0.1545619,1.1222147,
 -0.693119,0.6512457,-2.1404969,-3.2971495,0.035265,0.7485078,-1.845508
 2,-0.4252303,-0.0476792,0.1153571,0.3168342,-3.78057,3.3518877,-16.217
 6419,0.2765529,-0.9656083,-0.9062324,1.9440146,0.2810803,-0.9590996,0.
 5842193,-0.0509666,-0.1878649,-0.4732521,1.3296478,-0.4067195,0.154358
 5,-0.0107388,-0.1342002,2.0997777,3.0169985,15.8062018,0.0226026,0.724
 2679,1.2148523,-0.3292015,0.3818461,1.1984717,0.9014173,-0.0132645,0.0
 845355,1.4961935,1.5970647,1.3208111,-0.0235915,-0.063358,0.0240966,1.
 5380263,-4.7014792,17.6318166,-0.162806,0.7200017,1.1251327,-0.0092703
 ,-0.2063299,0.4318979,0.0309502,-0.1772165,0.0129637,-21.6923328,7.304
 6656,-4.0728853,1.4068966,-0.4719666,-0.8173031,9.0149324,-6.2207946,4
 .1120777,-0.6651828,0.4247193,0.5719761,1.4916913,-0.5784632,0.3182082
 ,1.129152,0.3240021,-0.054144,-24.0446715,-5.3920421,-2.8213552,1.1677
 895,0.2058803,-0.835642,-8.538613,-5.162147,-2.2437812,0.2514978,0.241
 6642,-0.4579742,1.2880174,0.0844603,0.1160067,1.113471,-0.5037157,-0.1
 205144,0.4439007,-3.077579,-0.3379841,-0.1523315,0.1843535,-0.4590476,
 -5.1120844,-5.5042943,-16.8188218,0.0931342,-0.1826039,-0.7022795,-0.1
 797672,0.0384797,-0.4710724,-0.1745173,0.188742,0.0397546,-62.4110352,
 1.5757925,-2.2985431,-2.4008126,0.0876319,-0.8625922,-22.0682796,0.388
 7122,-4.6585949,2.0290767,-1.9221692,0.8657488,21.1844136,0.1858966,-3
 .6764571,1.5580372,1.1143891,-1.7368271,4.1681536,0.8788459,0.5004538,
 0.2090482,0.2783214,0.3463911,13.4089816,7.074399,10.8230488,0.5979452
 ,0.8328724,1.4651781,-4.8358921,1.4747815,1.3911702,0.7381595,0.597294
 2,-0.0617617,28.5352318,1.4362189,1.3304397,3.8170066,-0.4595389,2.431
 866,-5.9026624,0.3503068,-1.6616531,-2.2121109,0.7029697,-1.0494358,1.
 3339967,-1.2690202,1.2316697,4.3309152,-0.2228599,1.1686114,-66.073427
 7,5.9636018,1.4924944,9.9897206,-0.5470137,-1.2057754,22.7601786,-3.47
 12461,2.3466466,-1.4248504,2.0437612,-0.2797627,-13.6286738,3.2532736,
 5.177321,9.0611837,-1.8904195,-0.176447,30.3126203,-2.7514207,1.840983
 5,-5.9302983,0.0562899,2.5374305,6.8936178,0.5044648,1.6059196,-2.2442
 945,-0.3806307,1.0148284,-4.2265244,-1.9202888,-1.7503075,2.3040233,0.
 2184947,-1.253582,6.801329,-1.2657978,0.2717578,-0.9866721,0.279505,0.
 3852934,-18.5639609,9.2264926,-10.8296675,2.7007957,-1.9884147,-1.9041
 42,4.1386722,1.1610754,-2.3888415,-0.2400902,-0.7705687,-0.2207336,-2.
 0680331,-1.5127812,-0.4386773,0.0183228,-0.0387197,-0.2077554,19.26428
 27,-4.4785105,-4.7131671,-1.3072907,0.2342927,-2.3263625,0.8099685,-0.
 2079847,-0.0577061,-0.4834928,-2.1317923,-0.1965189\HyperPolar=-9284.4
 343369,750.7486346,21.9155027,-428.9753633,523.9731603,-29.0708064,-16
 .6593273,-152.4834739,-17.3639302,20.6444574\DQPolar=150.7868122,-87.3
 288414,-63.4579708,600.1727783,8.227705,-25.7267104,-149.275587,318.83
 27423,-169.5571553,-112.1385966,-3.7863157,18.0303943,-13.5014238,7.14
 70827,6.3543411,-26.9912944,4.2360561,121.8770232\Quadrupole=10.480625
 7,29.5415437,-40.0221694,15.3593503,-1.1154395,4.0155172\PG=C01 [X(C12
 H10Mn1N4)]\NImag=0\\0.79603353,-0.05723287,0.64669327,-0.01118751,0.02
 071650,0.17060513,-0.10287716,0.00796337,0.00288446,0.76846449,-0.0240
 6481,-0.22300207,-0.00893190,0.03444838,0.65539627,-0.00172849,-0.0112
 0429,-0.07915219,-0.05662521,0.02295911,0.18125620,0.01248332,-0.03578
 064,-0.00194378,-0.28500100,-0.10092185,0.01555784,0.71105053,-0.02978
 565,-0.01656357,0.00152568,-0.14260540,-0.20218579,0.00478966,0.019496
 83,0.74158506,-0.00216500,-0.00128319,0.00647161,0.00895020,0.00299305
 ,-0.06490008,-0.03759785,0.02926681,0.11558940,0.00005755,0.02299562,0
 .00061345,-0.07897331,-0.02823543,0.00292832,-0.21427817,0.11162452,0.
 01172599,0.73008208,0.01143378,-0.00288888,-0.00072243,0.01147609,0.02
 040229,0.00120346,0.08392194,-0.17981438,-0.00992761,-0.00241368,0.619
 62102,0.00008138,-0.00158346,-0.00371392,0.00597661,0.00247211,-0.0043
 1675,0.00973571,-0.01072172,-0.06011539,-0.02839615,0.01503548,0.17681
 411,-0.06518417,0.02842221,0.00478642,0.00851243,-0.02171362,-0.002055
 08,0.00444985,0.02532276,0.00234862,-0.12520232,-0.02906164,0.00180547
 ,0.75684213,-0.00075302,0.01389337,0.00181827,-0.01523732,-0.00049460,
 0.00055799,0.02758306,-0.01839524,-0.00296102,0.00814661,-0.20931692,-
 0.00318981,-0.02313526,0.62777510,0.00240779,-0.00103483,-0.00202433,-
 0.00099837,0.00060327,-0.00532385,0.00214999,-0.00264457,0.00973679,0.
 00134411,-0.00124852,-0.08740273,-0.02842275,0.01673513,0.17307927,-0.
 33392341,0.11720526,0.01053169,0.00832604,0.04092185,0.00240520,-0.021
 28631,0.00332591,0.00081651,0.01374480,-0.01958957,-0.00182574,-0.2023
 8709,-0.09030819,0.00343763,0.73508053,0.15806952,-0.21190634,-0.01084
 371,0.03261964,-0.02215215,-0.00219628,-0.00326642,-0.00213541,0.00045
 135,-0.02476408,-0.01799168,-0.00025279,-0.10528723,-0.16928383,0.0007
 9821,-0.06109565,0.74343356,0.01583519,-0.00798924,-0.06366897,0.00161
 787,-0.00553317,0.00512940,0.00141114,0.00023546,-0.00028433,-0.002157
 10,-0.00030385,0.00861711,0.00260818,-0.00127173,-0.06158086,-0.025549
 71,0.03518402,0.12237649,0.01580172,-0.03924267,-0.00288644,-0.0134357
 0,0.02089801,0.00123521,0.00644848,0.00344027,-0.00132114,0.02447826,0
 .08175539,0.00186184,-0.28603644,0.13011428,0.01609007,-0.09987361,0.0
 2025367,0.00495285,0.70858383,-0.00601888,0.00178043,0.00028629,-0.000
 82951,-0.00189899,-0.00010902,-0.00382041,-0.00814110,-0.00007424,0.03
 999940,-0.02401559,-0.00331554,0.13432556,-0.21990415,-0.01132766,-0.0
 0112782,0.01801533,0.00098483,-0.03650369,0.42061487,-0.00067984,0.001
 75749,0.00402585,0.00078911,-0.00098580,-0.00061011,-0.00037145,-0.000
 48048,0.00146909,0.00119396,-0.00535635,0.02505420,0.01502993,-0.01140
 252,-0.06217107,0.00437123,0.00006463,-0.00258505,-0.03305223,0.010578
 23,0.08890793,-0.00900598,0.02159119,0.00143639,0.00945795,-0.01582439
 ,-0.00081110,-0.00404549,-0.00372039,0.00098440,-0.01421385,-0.0394559
 7,-0.00070312,-0.11199117,0.02555670,0.00613831,0.02587950,0.00669173,
 -0.00025897,-0.24686543,-0.10487121,0.00676896,0.71894594,-0.00316630,
 0.01553867,0.00077184,0.00293161,-0.01212395,-0.00045692,0.00374330,-0
 .00183266,0.00020064,-0.02164944,-0.03244906,0.00064028,-0.00650400,0.
 03661643,0.00085343,0.01558269,0.00054142,-0.00131997,-0.10239335,-0.1
 8111787,0.00244817,-0.01037321,0.65347977,-0.00000347,-0.00058143,0.00
 108330,-0.00047506,0.00047532,-0.00006149,0.00044933,0.00016156,0.0001
 9130,-0.00057708,0.00150262,-0.01125028,0.00599725,-0.00024351,0.00143
 819,-0.00028391,-0.00119709,0.01135232,0.00713922,0.00243311,-0.064548
 50,-0.02946034,0.01408753,0.17759976,0.00268105,-0.01137999,-0.0006187
 1,-0.00364478,0.00878133,0.00034030,-0.00005639,0.00122140,-0.00037960
 ,0.00981907,0.01897608,-0.00016255,0.02341878,-0.02340387,-0.00098993,
 -0.01125308,-0.00052632,0.00066376,-0.09739766,0.01038696,0.00542272,-
 0.19320316,0.08207489,0.00882011,0.70606602,0.00009020,0.00256702,0.00
 005954,0.00189384,-0.00236047,-0.00011665,-0.00074372,-0.00000415,0.00
 021626,-0.00248903,-0.00484346,0.00001964,-0.01003482,0.00440840,0.000
 34825,0.00125894,0.00124488,-0.00011563,-0.00976415,0.01812440,0.00109
 424,0.10716575,-0.18818731,-0.00914068,0.07124091,0.74600314,-0.000155
 35,0.00075192,-0.00032799,0.00020116,-0.00053785,0.00019087,-0.0001355
 2,0.00001046,-0.00112298,-0.00052700,-0.00121816,0.00018921,-0.0011055
 8,0.00117859,0.00968299,0.00073788,-0.00001355,0.00051540,0.00485403,-
 0.00006808,-0.00304916,0.00967313,-0.00772687,-0.07126080,-0.02837374,
 0.01360015,0.14332603,-0.00121968,0.00611771,0.00030289,0.00394587,-0.
 00432293,-0.00025806,-0.00209884,-0.00054726,0.00042547,-0.00380021,-0
 .01012131,-0.00000981,-0.01255714,0.01113726,0.00075248,0.00539003,0.0
 0076963,-0.00029125,0.01923259,0.00466293,-0.00059977,-0.06362326,0.00
 402012,0.00392164,-0.35813223,-0.14270296,0.01174797,0.77926754,-0.001
 06392,0.00927562,0.00037030,0.00162242,-0.00833313,-0.00023913,0.00269
 001,-0.00087476,0.00008402,-0.01296559,-0.01635388,0.00039397,-0.01551
 527,0.01745938,0.00101558,0.00725572,0.00067477,-0.00049139,0.03696791
 ,0.00013655,-0.00218343,-0.03479218,0.03711816,0.00286752,-0.08106802,
 -0.18690777,0.00085925,-0.01253203,0.65543307,0.00007804,-0.00008891,0
 .00001843,-0.00016630,-0.00000922,-0.00005835,0.00021737,-0.00001843,0
 .00029246,-0.00019135,0.00009051,0.00001748,0.00027678,-0.00011414,-0.
 00044647,-0.00015690,0.00003487,-0.00056394,0.00032165,-0.00040147,0.0
 0625006,0.00278234,0.00069744,0.00628627,0.01350073,0.00415514,-0.0651
 8150,-0.03494066,0.01560747,0.14202757,0.00073273,0.00524775,0.0000837
 8,0.00114736,-0.00517582,-0.00012495,0.00153633,-0.00074600,0.00002117
 ,-0.00910605,-0.00954139,0.00034105,-0.00620550,0.00936718,0.00046431,
 0.00215162,0.00050526,-0.00027495,0.01266555,0.00147156,-0.00069954,-0
 .01994365,0.01198545,0.00112349,0.02755638,-0.03447674,-0.00203363,-0.
 12609201,-0.04076497,0.00202362,0.76656253,0.00228429,-0.00888350,-0.0
 0047826,-0.00363192,0.00684929,0.00032446,-0.00014346,0.00058094,-0.00
 034302,0.01005896,0.01644406,-0.00023311,0.01562726,-0.01563673,-0.000
 94869,-0.00798247,-0.00063876,0.00035463,-0.02755898,-0.00157482,0.001
 50802,0.04137152,-0.02538244,-0.00282406,-0.07647699,-0.02409320,0.003
 15116,0.02631631,-0.29316908,-0.00795738,0.00121713,0.66059447,0.00002
 171,-0.00052594,-0.00008408,-0.00018508,0.00046760,-0.00003105,-0.0001
 0190,0.00011148,-0.00061325,0.00079657,0.00093527,0.00075748,0.0007988
 8,-0.00094903,0.00025393,-0.00033389,-0.00006879,0.00026066,-0.0015333
 5,-0.00009783,-0.00105295,0.00191720,-0.00121590,-0.00687841,-0.003244
 59,0.00092920,0.00863763,0.00396028,-0.00434068,-0.06739517,-0.0338781
 2,0.01494500,0.14568039,0.00146034,-0.00937493,-0.00042693,-0.00200886
 ,0.00853184,0.00032584,-0.00342881,0.00015316,-0.00013312,0.01785566,0
 .02164793,-0.00008811,0.01213384,-0.01691955,-0.00076166,-0.00641983,-
 0.00073227,0.00030775,-0.02147027,0.00191789,0.00143673,0.03655738,-0.
 04213317,-0.00282830,-0.06168805,0.00174843,0.00321051,0.03901834,0.06
 836321,0.00034825,-0.31724532,0.09323089,0.01657310,0.68416665,-0.0008
 1415,-0.00136411,0.00002951,-0.00106005,0.00089177,0.00001502,0.001400
 05,0.00115099,-0.00011360,0.00512913,0.00000452,-0.00044642,0.00269144
 ,-0.00291356,-0.00024082,-0.00025205,0.00013870,0.00015280,-0.00337407
 ,-0.00803798,-0.00014587,-0.03016299,-0.01152492,0.00098739,0.00503027
 ,-0.00099762,-0.00020966,0.02567417,-0.03363923,-0.00263817,0.15888851
 ,-0.21276281,-0.01298481,-0.03864292,0.75886497,-0.00001828,0.00037957
 ,0.00022128,0.00006141,-0.00033318,-0.00025850,0.00020440,-0.00007050,
 0.00117405,-0.00028151,-0.00126965,0.00754203,-0.00051542,0.00070593,0
 .00017722,0.00025961,0.00014749,-0.00134396,0.00115568,-0.00045554,0.0
 0377681,-0.00234462,0.00177818,0.00854890,0.00326656,-0.00003964,-0.00
 304329,-0.00085717,-0.00488887,0.00883466,0.01840748,-0.00947062,-0.06
 488603,-0.03044737,0.02048152,0.14043832,-0.00023266,0.01795476,0.0005
 3688,-0.00279897,-0.01823424,-0.00018221,0.01469064,-0.00582243,-0.000
 24562,-0.09363090,-0.01916209,0.00447282,-0.01993935,0.03218855,0.0009
 2069,0.00850098,0.00298493,-0.00080872,0.03492017,-0.03826085,-0.00159
 976,-0.15292988,-0.01018318,0.00308110,0.04838140,0.02374628,-0.001525
 07,-0.02489787,-0.04487585,-0.00027965,-0.06199896,0.04646926,0.004887
 46,-0.22108953,-0.10377346,0.00528763,0.70160621,0.00265820,-0.0158477
 1,-0.00074592,-0.00070504,0.01641369,0.00050092,-0.01198865,-0.0004282
 0,-0.00020833,0.01542881,0.04874950,0.00020147,0.03085819,-0.03731278,
 -0.00181585,-0.01258760,-0.00212790,0.00082651,-0.07890074,-0.02190688
 ,0.00292664,0.01044410,-0.24789736,-0.00524091,0.03416568,-0.01972264,
 -0.00267343,-0.01499979,-0.02054021,0.00038866,0.00486788,0.03847037,0
 .00068617,-0.07054496,-0.16885651,0.00080456,0.01374196,0.65164190,0.0
 0016385,-0.00131423,-0.00014946,0.00029535,0.00130666,0.00217802,-0.00
 043829,-0.00028783,0.00793769,0.00485057,0.00262583,-0.00065182,0.0014
 1603,-0.00244428,-0.01037836,-0.00086718,-0.00023153,0.00032695,-0.002
 65816,0.00098877,0.02295912,0.00349534,-0.00431092,-0.08851197,-0.0010
 3425,-0.00204370,0.00686516,0.00049827,0.00184134,-0.00610307,0.003666
 74,-0.00138682,0.00452376,0.00612725,0.00252453,-0.06840240,-0.0271012
 9,0.01304754,0.17875721,0.00102077,-0.02445744,-0.00078638,0.01793664,
 0.03736239,0.00086985,-0.08434981,-0.01590633,0.00401303,-0.26628654,-
 0.09539794,0.00601534,0.02895910,-0.07077201,-0.00190129,-0.01126628,-
 0.00278240,0.00135808,-0.07374516,-0.00198474,0.00314509,0.04134304,0.
 06073105,0.00046219,-0.02312488,0.00287034,0.00150620,0.01198796,0.026
 67922,0.00007332,0.01564160,-0.03293012,-0.00147804,-0.08109482,0.0190
 6178,0.00443243,-0.21803011,0.08712042,0.01061103,0.64178426,0.0008921
 1,0.00234060,0.00002253,0.01512670,-0.00004777,-0.00062865,-0.00277795
 ,0.01567070,0.00137142,-0.08789678,-0.20667161,-0.00008208,-0.04586354
 ,-0.01295578,0.00127379,0.00591653,-0.00721408,-0.00051577,0.01474783,
 0.00423317,-0.00043739,0.02832112,-0.03284194,-0.00281509,0.00085752,-
 0.00751521,-0.00035902,-0.00380829,-0.00516997,0.00007355,-0.00727005,
 0.00646489,0.00045310,0.00450941,0.01208790,0.00020931,0.08189164,-0.1
 9853731,-0.00813666,0.00692641,0.45925108,-0.00017267,0.00151929,-0.00
 049515,-0.00003107,-0.00207270,0.00372977,0.00446038,0.00200326,-0.001
 06642,0.00752798,-0.00026023,-0.06343268,-0.00208224,0.00322820,0.0185
 6034,0.00079410,-0.00012501,0.00223517,0.00369807,0.00047149,-0.013533
 98,-0.00043536,-0.00459645,0.01872249,0.00148741,-0.00053599,0.0044421
 6,-0.00084714,-0.00150892,-0.00095555,-0.00073012,0.00182679,0.0053858
 2,0.00405990,-0.00058003,-0.00404892,0.01027131,-0.00831277,-0.0645203
 1,-0.02704889,0.01116906,0.10589972,-0.00519704,-0.00031829,0.00094192
 ,0.00395273,-0.03053362,-0.00192288,-0.05934901,0.01522109,0.00337655,
 0.00313687,0.02802583,0.00154567,-0.00529428,-0.00014163,0.00052989,-0
 .00010207,-0.00008900,0.00001620,0.00006256,0.00201920,0.00004389,0.00
 053971,-0.00001877,-0.00001766,-0.00000758,-0.00013574,-0.00000158,-0.
 00009869,-0.00009008,0.00000016,-0.00004597,0.00019495,0.00001582,0.00
 029281,-0.00002066,-0.00002449,-0.00068241,-0.00040179,-0.00003920,0.0
 0151526,-0.00085558,-0.00046344,0.08436939,-0.00255022,0.00087950,0.00
 004284,0.00406077,-0.01525441,-0.00168335,0.01051337,-0.34029063,-0.01
 855293,-0.00372780,-0.00995217,-0.00037049,0.00285399,0.00092954,-0.00
 037379,-0.00032122,0.00033383,0.00009091,-0.00087347,-0.00142237,-0.00
 001022,0.00039408,0.00078310,0.00000983,-0.00029765,0.00017923,0.00000
 601,0.00025700,0.00028788,-0.00000227,0.00024477,-0.00027057,-0.000028
 33,-0.00024042,-0.00013848,-0.00000258,0.00063383,-0.00051837,0.000065
 74,-0.00180720,0.00272121,0.00024001,-0.00164697,0.36415392,0.00104563
 ,0.00024478,0.00644211,-0.00080037,0.00077203,0.00601568,0.00439641,-0
 .02002383,-0.03000940,-0.00151152,-0.00186353,0.00187999,0.00063873,-0
 .00034085,0.00389696,0.00011804,-0.00001691,-0.00069704,-0.00012662,-0
 .00018500,0.00041257,0.00004470,0.00001197,0.00006331,-0.00002145,0.00
 002973,-0.00001422,0.00004561,-0.00000536,-0.00002517,0.00000041,-0.00
 003248,0.00007681,0.00000584,-0.00000912,0.00005427,-0.00014910,0.0001
 0006,-0.00063060,0.00024905,0.00077452,-0.00314737,-0.00488017,0.01932
 647,0.02253421,0.00288214,0.02746658,0.00194946,-0.00522201,0.00097042
 ,0.00037427,-0.00010382,0.00001334,-0.00005461,-0.00508785,-0.00025350
 ,0.00028100,0.00269296,-0.02849771,-0.00169604,-0.05688981,0.00552661,
 0.00105934,0.00267143,0.00012585,-0.00014114,0.00017917,0.00030258,-0.
 00000800,0.00002521,-0.00000261,0.00000587,0.00000564,-0.00002973,-0.0
 0000196,-0.00004587,-0.00003953,-0.00000002,-0.00011004,0.00009998,0.0
 0000947,0.00047337,-0.00009904,-0.00004147,-0.00022897,-0.00213509,0.0
 0003139,0.00012513,0.00000069,-0.00002019,0.05697535,-0.00366261,-0.01
 015110,-0.00099862,0.00207962,0.00044236,-0.00038591,0.00028058,0.0004
 4713,0.00005894,-0.00270392,0.00049595,-0.00003491,0.00265372,-0.01185
 190,-0.00086137,0.00502131,-0.34425363,-0.01967909,0.00246306,0.001279
 30,0.00006618,-0.00065455,-0.00008445,0.00011988,0.00027256,-0.0001499
 8,-0.00002552,-0.00019220,-0.00025423,-0.00000041,-0.00018565,0.000197
 18,0.00001882,0.00016694,0.00014261,-0.00001440,-0.00015626,0.00060687
 ,0.00002221,0.00063026,-0.00130770,-0.00011742,-0.00001598,-0.00014529
 ,-0.00000013,-0.00597903,0.36348068,0.00163301,-0.00186652,0.00621561,
 0.00007518,0.00038858,0.00798496,-0.00032338,-0.00000468,-0.00070137,0
 .00037095,-0.00028736,0.00272756,0.00107897,0.00027267,0.00291862,-0.0
 0046419,-0.02013370,-0.03514776,-0.00044087,0.00032567,-0.00251557,0.0
 0019442,0.00015660,-0.00046447,-0.00008852,0.00001908,0.00013651,0.000
 05029,0.00006638,0.00002479,0.00002438,-0.00006969,-0.00002489,-0.0000
 6110,0.00000500,0.00002337,0.00010987,-0.00009941,-0.00009089,-0.00009
 309,0.00003152,0.00080865,-0.00001938,0.00000965,-0.00031859,-0.001834
 69,0.02144338,0.02437623,-0.00002612,0.00001258,0.00000238,0.00012559,
 0.00006571,0.00000093,-0.00023105,-0.00007249,0.00001511,0.00064288,0.
 00012682,-0.00003934,0.00008235,-0.00031535,-0.00002745,0.00006798,-0.
 00004556,0.00000748,0.00266438,-0.00029086,-0.00032551,0.00396911,0.02
 704446,0.00080830,-0.05903542,-0.02433583,0.00038701,0.00289465,-0.028
 70755,-0.00068178,-0.00475837,-0.00171640,0.00066769,-0.00082835,0.000
 13933,0.00000652,-0.00433776,0.00098651,0.00048925,-0.00030990,0.00193
 946,0.00009317,0.00002707,-0.00001176,0.00000041,-0.00001205,-0.000001
 32,-0.00000123,0.05796046,-0.00007379,-0.00030760,-0.00000362,-0.00038
 528,0.00020378,0.00001636,0.00033670,0.00011381,-0.00003877,-0.0003464
 8,0.00064307,0.00003857,0.00043027,-0.00017775,-0.00000376,-0.00010235
 ,-0.00007934,0.00000564,-0.00234549,0.00139343,0.00024692,-0.00435203,
 -0.01375538,-0.00029643,-0.02316883,-0.34497946,-0.00760528,0.00267364
 ,-0.00738110,-0.00051572,-0.00223927,0.00082763,-0.00010368,0.00012283
 ,0.00052751,0.00003086,0.00294434,0.00017554,-0.00026524,-0.00041479,-
 0.00117347,-0.00002375,-0.00003284,-0.00003692,-0.00000436,0.00000716,
 0.00001677,-0.00000061,0.02633890,0.36380008,-0.00001456,-0.00000754,0
 .00002884,-0.00001328,0.00000239,-0.00000424,0.00002226,0.00000039,0.0
 0004379,-0.00006134,0.00000853,-0.00018234,-0.00002502,0.00003057,-0.0
 0036197,0.00001452,-0.00001423,0.00018678,-0.00037477,0.00013537,-0.00
 307305,-0.00010505,-0.00198359,0.00443269,0.00043344,-0.00754222,-0.03
 903980,0.00022179,0.00117020,0.00555910,0.00065386,-0.00013561,0.00858
 016,0.00000353,0.00003184,-0.00083786,0.00053747,-0.00015414,0.0042462
 5,0.00004333,-0.00014957,0.00043789,-0.00000084,0.00000068,0.00000998,
 0.00000027,0.00000287,-0.00001702,-0.00094788,0.00834184,0.02643888,0.
 00016980,0.00024215,-0.00000753,0.00019946,-0.00029513,-0.00000816,-0.
 00005253,-0.00000996,0.00002030,-0.00012472,-0.00045527,-0.00000077,-0
 .00040206,0.00023386,-0.00003212,-0.00009615,0.00015708,-0.00001539,-0
 .00105851,0.00080721,0.00012025,-0.00178645,-0.00390550,0.00050247,-0.
 01797370,0.01770910,0.00175042,-0.26293433,0.12998189,0.01582587,0.005
 29449,-0.00438785,-0.00023262,0.00135556,-0.00103419,0.00017095,-0.000
 35235,-0.00041256,-0.00002187,0.00035035,0.00026957,-0.00005113,0.0000
 0150,0.00003225,0.00000221,-0.00000328,-0.00002168,0.00000051,0.001012
 25,-0.00007308,-0.00035446,0.27624034,-0.00010224,0.00000308,0.0000069
 2,-0.00000471,0.00000690,-0.00000003,0.00001342,0.00002988,-0.00000321
 ,-0.00006713,-0.00005390,0.00000530,-0.00027418,-0.00003434,0.00003758
 ,0.00007837,0.00004679,0.00001118,-0.00062380,0.00044532,0.00001926,-0
 .00263789,-0.00111220,-0.00015898,-0.01488540,0.01162649,0.00099791,0.
 13085361,-0.14171618,-0.01002152,0.02742806,-0.01144849,-0.00191428,-0
 .00150888,-0.00513974,-0.00021230,-0.00122748,-0.00053053,0.00005909,0
 .00039937,0.00010095,0.00000203,-0.00001023,-0.00000550,0.00000043,0.0
 0000771,0.00000175,0.00000145,0.00042278,0.00067359,0.00015511,-0.1388
 4947,0.14671288,-0.00000936,-0.00002515,0.00004223,-0.00000210,0.00001
 986,-0.00001068,0.00001163,-0.00000716,0.00011481,0.00000992,0.0000311
 2,-0.00002777,-0.00003665,0.00000899,-0.00099155,-0.00001064,0.0000047
 7,-0.00011147,0.00008057,-0.00004166,0.00078140,0.00051989,-0.00009652
 ,0.00938583,0.00080257,-0.00076429,0.00487913,0.01586440,-0.00997187,-
 0.04120018,0.00069274,-0.00020142,0.00331707,0.00014506,-0.00024157,0.
 00501093,-0.00003373,0.00003179,-0.00042058,-0.00004774,0.00000603,-0.
 00071583,-0.00000080,-0.00000060,-0.00000571,0.00000029,0.00000174,-0.
 00001174,-0.00033835,0.00018148,-0.00546396,-0.01751242,0.01098492,0.0
 2812741,0.00009029,0.00023087,-0.00000353,0.00033262,-0.00011216,-0.00
 000993,-0.00035971,-0.00012737,0.00002059,-0.00003650,-0.00001897,-0.0
 0004380,-0.00016442,0.00037081,0.00002538,0.00006070,0.00001711,-0.000
 00704,0.00035172,-0.00015222,-0.00005886,-0.00012917,0.00042242,-0.000
 00930,0.00162249,0.00024482,0.00019772,0.00273816,0.00258956,0.0001625
 7,-0.28779656,-0.11522287,0.01011411,-0.01804620,-0.01389804,0.0008768
 1,-0.00147473,0.00374955,0.00068010,-0.00115348,-0.00077482,0.00007123
 ,0.00001165,0.00003232,0.00000438,-0.00000855,-0.00001719,0.00000048,0
 .00003909,0.00011396,-0.00000572,0.00052949,-0.00023536,-0.00018828,0.
 30300703,0.00002958,-0.00008577,-0.00000612,0.00004512,0.00005138,0.00
 000281,-0.00003085,0.00007867,0.00000956,0.00033822,-0.00002493,0.0000
 0716,0.00014140,-0.00014780,-0.00001808,-0.00009435,0.00002579,0.00000
 504,-0.00051320,0.00018795,0.00005335,0.00122838,-0.00067245,-0.000073
 09,0.00073161,-0.00581840,-0.00034974,-0.02879675,-0.00840050,0.001199
 75,-0.11687657,-0.11734779,0.00416342,0.01811458,0.01050196,-0.0008410
 5,0.00309140,-0.00191518,-0.00047970,0.00054421,0.00065006,-0.00003142
 ,-0.00000653,-0.00000285,0.00000128,0.00000328,0.00000189,-0.00000068,
 -0.00140202,-0.00047810,0.00006454,0.00030853,0.00108928,0.00009427,0.
 12303473,0.12128090,-0.00002082,-0.00000117,-0.00002204,-0.00001210,-0
 .00000643,-0.00000337,0.00001131,0.00002499,-0.00021261,-0.00003277,0.
 00000868,-0.00076196,-0.00000180,-0.00001511,0.00016746,0.00001178,-0.
 00000787,0.00007982,-0.00004617,0.00003110,-0.00067646,-0.00000470,-0.
 00004328,-0.00058346,0.00021018,-0.00033068,0.00507033,-0.00074999,-0.
 00051514,0.00440227,0.01008545,0.00406442,-0.04154667,0.00178450,0.000
 93095,0.00520714,0.00064815,-0.00051216,0.00893312,0.00013066,0.000050
 59,0.00066671,0.00000036,-0.00000130,-0.00000096,0.00000017,0.00000131
 ,-0.00000395,-0.00004899,-0.00001599,-0.00012758,-0.00017106,0.0001256
 8,-0.00278113,-0.01148699,-0.00397919,0.02758155,0.00004510,-0.0000529
 4,-0.00001074,-0.00032651,-0.00011139,0.00001384,0.00043814,0.00002809
 ,-0.00003409,-0.00052203,0.00049530,0.00001358,0.00079468,-0.00027382,
 -0.00005298,-0.00020332,0.00012721,0.00000753,-0.00058577,-0.00189685,
 0.00000204,-0.00462963,-0.00010121,0.00048373,-0.00118897,0.00011035,0
 .00002486,-0.00408624,0.00249294,0.00073769,0.00567149,0.02926539,0.00
 081589,-0.06268353,-0.03554378,0.00043078,0.00120285,-0.02767301,-0.00
 068648,0.00351096,-0.00024997,-0.00022316,-0.00008128,-0.00005144,-0.0
 0000556,0.00002182,0.00002873,0.00000259,0.00020445,0.00001239,-0.0000
 5728,0.00013611,0.00141447,0.00003567,0.00078928,0.00008254,-0.0003374
 0,0.06267668,0.00035917,0.00055050,-0.00002025,0.00053974,-0.00052281,
 -0.00001995,-0.00032578,-0.00010562,0.00004531,-0.00022794,-0.00085645
 ,0.00000679,-0.00015437,0.00120628,0.00003501,-0.00006526,0.00013693,-
 0.00003056,0.00090597,-0.00123602,-0.00008693,-0.00281316,0.00100345,0
 .00005116,0.00034621,0.00038769,0.00001496,0.00348732,-0.00003699,-0.0
 0042411,-0.00518105,-0.01539534,-0.00030779,-0.02689867,-0.34145556,-0
 .00728904,0.00366941,-0.00906654,-0.00055109,0.00118505,0.00183399,0.0
 0000939,0.00007918,0.00010334,0.00000691,-0.00000091,-0.00004733,-0.00
 000065,-0.00006005,-0.00014928,0.00002383,-0.00017600,-0.00095734,-0.0
 0001962,-0.00003071,0.00098237,0.00018537,0.01601001,0.37993349,0.0000
 0426,0.00002160,-0.00002914,0.00003755,-0.00001325,0.00006672,-0.00002
 434,-0.00001207,0.00011103,-0.00001653,-0.00002603,-0.00057448,-0.0000
 5029,0.00004841,-0.00016374,0.00001111,-0.00000612,0.00005556,0.000068
 65,0.00006172,0.00034647,0.00041291,-0.00010654,0.00458426,0.00002268,
 0.00003800,-0.00078354,0.00077821,-0.00036117,0.00808548,-0.00016340,-
 0.00219541,0.00519536,0.00065681,-0.00690994,-0.03670122,0.00021336,0.
 00113834,0.00330407,-0.00019726,0.00000447,-0.00146599,0.00000424,0.00
 000930,-0.00003667,0.00000027,-0.00000420,0.00002071,-0.00005892,0.000
 02004,-0.00085109,-0.00001093,-0.00010623,0.00004306,-0.00034270,0.000
 18038,-0.00544532,-0.00106823,0.00898267,0.02637960,-0.26974081,-0.073
 30716,0.01205930,-0.00913876,-0.01829725,0.00132145,0.00721210,0.00266
 139,0.00014641,-0.01071517,-0.00497091,0.00069913,0.01701971,0.0157087
 8,-0.00156610,-0.06934724,-0.02071602,0.00120547,-0.00571003,0.0007024
 0,-0.00001687,-0.00066446,-0.00213517,0.00048544,0.00126865,-0.0012987
 9,-0.00006645,-0.00080532,-0.00206220,-0.00005042,-0.00218961,0.000496
 65,0.00013018,0.00114759,0.00099221,-0.00005226,-0.00514519,0.00334475
 ,0.00029473,0.00784835,-0.00056598,-0.00046204,0.00040818,0.00003454,-
 0.00027793,0.00241999,-0.00145686,-0.00016273,0.00004667,0.00016747,0.
 00001549,-0.00027688,0.00007358,0.00000854,-0.00013978,-0.00000778,0.0
 0001166,-0.00007320,-0.00050943,-0.00000792,0.64289884,-0.08454599,-0.
 16444086,0.01823359,-0.03998433,-0.03098187,0.00219088,0.00536758,-0.0
 0589793,-0.00076253,-0.00267332,-0.00249013,0.00036257,0.00383534,0.00
 163535,-0.00228700,0.00958345,0.01791216,-0.00217076,0.00327198,0.0006
 2305,-0.00041865,-0.00204658,-0.00216555,0.00051404,0.00148010,-0.0005
 7851,-0.00005178,-0.00082046,-0.00144011,-0.00003491,-0.00111478,0.000
 92674,0.00009432,0.00107136,0.00049710,-0.00007731,-0.00284839,0.00222
 880,0.00016305,0.00336630,-0.00026956,-0.00020498,-0.00197026,-0.00109
 172,-0.00004806,0.00087608,0.00123440,0.00064362,-0.00000039,0.0000843
 6,0.00001406,-0.00010009,0.00002944,-0.00000110,-0.00007239,0.00000662
 ,0.00000872,-0.00000012,-0.00021385,-0.00000450,-0.02950009,0.77008197
 ,-0.03494926,-0.00142998,-0.04993733,0.00220650,0.00185239,0.00524480,
 -0.00262994,-0.00096961,0.00220258,0.00406107,0.00155462,-0.00092510,-
 0.00557390,-0.00386561,0.00957934,0.01049212,-0.00249385,0.01203076,0.
 00090753,-0.00059361,0.00066404,0.00027635,0.00097920,-0.00146872,-0.0
 0060991,0.00038912,-0.00006667,0.00031423,0.00084887,0.00011049,0.0008
 1563,-0.00030235,-0.00008870,-0.00059001,-0.00034140,0.00015893,0.0021
 3956,-0.00134895,-0.00008801,-0.00334986,0.00000207,-0.00008769,-0.000
 22770,-0.00005358,-0.00003888,0.00003197,0.00059452,-0.00500613,-0.000
 01640,-0.00004742,-0.00002726,0.00008368,-0.00002592,0.00001321,0.0000
 4079,-0.00000065,-0.00001342,0.00002478,0.00015846,-0.00000204,0.20188
 337,-0.03594745,0.18405804,0.00052211,-0.03892267,-0.00532190,-0.00672
 063,-0.00124906,0.00004276,0.00098429,-0.00132682,-0.00011757,0.000100
 82,0.00002765,-0.00003489,-0.00028076,0.00040699,0.00022031,0.00180216
 ,-0.00146819,0.00011520,0.00035064,-0.00000386,-0.00000246,-0.00008485
 ,-0.00008417,-0.00005747,0.00006450,0.00000341,-0.00001267,-0.00000458
 ,-0.00004276,0.00000508,-0.00001387,0.00001670,0.00000077,0.00001613,0
 .00000515,0.00000416,-0.00008086,0.00007609,0.00001377,0.00013201,0.00
 023416,-0.00000105,-0.00039028,-0.00023591,0.00006076,-0.00126997,0.00
 141149,0.00022708,-0.00000198,-0.00000139,-0.00000173,0.00000263,0.000
 00059,0.00000091,0.00000171,0.00000103,-0.00000113,0.00000001,0.000002
 78,-0.00000015,-0.06135752,0.02449043,-0.01355634,0.06378981,-0.001207
 24,-0.01500375,-0.00426234,-0.00127228,0.00145513,-0.00025654,-0.00016
 039,-0.00056498,0.00001396,0.00073818,0.00042420,-0.00007529,-0.000970
 10,-0.00100681,0.00075919,0.00361707,0.00263176,0.00069827,0.00049211,
 -0.00006061,0.00000964,-0.00001640,0.00008822,-0.00010862,-0.00005747,
 0.00007257,-0.00000295,0.00003786,0.00011663,0.00000949,0.00013395,-0.
 00002289,-0.00000998,-0.00007901,-0.00005788,0.00001502,0.00032717,-0.
 00019221,-0.00002547,-0.00052148,0.00002206,0.00000524,-0.00018378,-0.
 00002586,0.00002710,-0.00016111,0.00022317,-0.00065083,-0.00000329,-0.
 00000883,-0.00000233,0.00001622,-0.00000433,0.00000045,0.00000731,0.00
 000043,-0.00000132,0.00000499,0.00002893,0.,0.01272769,-0.44644406,-0.
 05067618,-0.01085883,0.46846284,0.00770860,0.00682089,-0.00262900,0.00
 039576,-0.00122246,0.00308442,0.00031514,-0.00015122,0.00060965,-0.000
 39924,-0.00034812,0.00014216,0.00037891,0.00081549,-0.00105224,-0.0020
 7190,0.00027111,-0.00084586,-0.00000505,0.00004783,-0.00007943,-0.0002
 3494,-0.00023617,0.00024686,0.00016809,-0.00009643,-0.00000106,-0.0001
 1687,-0.00018783,-0.00001817,-0.00016481,0.00012660,0.00001702,0.00016
 263,0.00007066,-0.00003974,-0.00041844,0.00029813,0.00002877,0.0004992
 2,-0.00012341,-0.00003772,-0.00008035,-0.00002519,-0.00027436,0.000001
 32,-0.00020282,0.00017995,0.00000193,0.00001312,0.00000902,-0.00001746
 ,0.00000354,-0.00000171,-0.00001118,0.00000026,0.00000432,-0.00000073,
 -0.00003367,0.00000062,-0.01672842,-0.08728093,-0.02574024,0.01069089,
 0.06002371,0.02566811,-0.03163125,0.01277769,-0.01509378,0.00007785,0.
 00217445,0.00054505,-0.00061825,0.00010188,0.00033893,0.00086012,0.000
 71827,-0.00009758,-0.00214439,-0.00046987,0.00105854,0.00098344,-0.004
 32772,-0.00101950,0.00005033,-0.00033405,0.00016099,-0.00001382,0.0002
 4182,-0.00017518,-0.00015660,0.00008308,0.00000101,0.00007835,0.000220
 41,0.00000984,0.00022754,-0.00007943,-0.00001562,-0.00016826,-0.000103
 93,0.00001033,0.00057169,-0.00031086,-0.00003882,-0.00080212,-0.000039
 29,0.00004153,0.00006705,0.00003734,-0.00006321,0.00014338,0.00003329,
 -0.00049035,-0.00000211,-0.00001294,-0.00000210,0.00002046,-0.00000836
 ,0.00000160,0.00001202,-0.00000039,-0.00000037,0.00000428,0.00004312,0
 .00000065,-0.24817218,0.11856834,-0.15990553,0.00164225,-0.00232292,0.
 00065666,0.27735536,-0.00798353,0.01233277,-0.01193176,-0.00389293,-0.
 00010436,-0.00066083,0.00186381,0.00022870,-0.00001704,-0.00154162,0.0
 0006523,0.00003674,0.00227271,0.00148028,0.00082749,-0.00507273,-0.001
 54319,0.00076579,-0.00144844,0.00001929,0.00007882,0.00050706,0.000116
 36,-0.00014842,-0.00015521,-0.00005036,-0.00000355,0.00011631,0.000002
 32,0.00000398,-0.00009102,-0.00020489,-0.00000233,-0.00012775,0.000048
 51,0.00002474,-0.00017584,0.00002553,0.00001805,0.00067952,0.00022821,
 -0.00005422,0.00006683,0.00000226,-0.00003531,-0.00018307,0.00010644,-
 0.00006318,0.00000683,0.00000404,-0.00000327,-0.00001968,0.00000801,0.
 00000174,-0.00000309,-0.00000222,-0.00000230,-0.00001620,-0.00003133,0
 .00000019,0.11404287,-0.13969940,0.09191159,0.02687896,-0.01053813,0.0
 2077940,-0.12763622,0.14090712,0.01805776,-0.00058189,-0.00345823,-0.0
 0321812,-0.00091946,0.00031397,0.00191549,0.00038558,-0.00027601,-0.00
 214788,-0.00036341,0.00001774,0.00304636,0.00111022,0.00146689,-0.0021
 7434,0.00141129,0.00109744,-0.00043266,0.00022228,0.00014094,0.0000318
 4,-0.00032010,-0.00029407,0.00017496,-0.00012594,-0.00003600,-0.000048
 78,-0.00029517,0.00001403,-0.00029491,0.00002736,0.00001035,0.00014913
 ,0.00011896,0.00002425,-0.00078315,0.00048349,0.00004704,0.00145389,0.
 00016722,-0.00006421,0.00011605,0.00002403,0.00002936,-0.00011146,0.00
 000377,-0.00045640,0.00000700,0.00001411,-0.00000639,-0.00003023,0.000
 01126,0.00000632,-0.00001179,0.00000005,-0.00000148,-0.00001509,-0.000
 05692,-0.00000183,-0.19900733,0.10615885,-0.12918927,0.00807596,-0.005
 56865,0.00073002,0.17386900,-0.09897723,0.13186804,-0.00895846,0.02401
 559,0.00179501,-0.28101122,0.08957701,0.01958881,-0.08366232,0.0189950
 1,0.00876167,0.02372598,-0.02163059,-0.00114864,-0.01801831,0.01035136
 ,0.00085817,0.01139995,-0.00408925,-0.00060618,0.01981499,-0.00039489,
 -0.00099604,-0.01375737,-0.00751056,0.00055401,0.00618601,-0.00226673,
 -0.00038938,-0.00489594,-0.00442706,0.00014072,-0.00289936,0.00576881,
 0.00033095,0.00494256,0.00157471,-0.00027017,-0.00604529,0.00623333,0.
 00023273,-0.00389344,-0.00790975,0.00003887,0.00114120,0.00134691,-0.0
 0030264,0.00068023,-0.00018060,0.00021139,-0.00010420,0.00041265,0.000
 01228,-0.00025567,0.00000722,0.00001299,-0.00035503,0.00001104,0.00002
 934,0.00025493,-0.00064506,-0.00003316,0.00223751,-0.00467574,-0.00116
 335,0.00018538,-0.00028385,-0.00041702,0.00073889,0.00176071,0.0008588
 9,0.69215377,0.04366290,-0.03554808,-0.00323972,0.08835537,-0.18364019
 ,-0.00227981,-0.00339698,0.01962835,-0.00155519,-0.00818510,0.00390791
 ,-0.00098174,0.00745779,-0.00505234,-0.00017445,-0.00955571,-0.0057703
 3,0.00007140,-0.00904542,0.00071501,0.00047179,0.00680759,0.00412907,-
 0.00030004,-0.00320623,0.00116453,0.00018058,0.00233054,0.00255987,-0.
 00003947,0.00166235,-0.00297235,-0.00020120,-0.00292246,-0.00061552,0.
 00019941,0.00422597,-0.00444688,-0.00006170,-0.00383293,0.00392734,0.0
 0020262,-0.00085833,0.00158861,0.00085443,0.00158566,-0.00069295,-0.00
 020417,0.00002648,-0.00018051,-0.00000371,0.00013494,-0.00000184,-0.00
 000463,0.00013956,-0.00000049,-0.00001887,-0.00007199,0.00030449,0.000
 01746,0.00389538,-0.00140999,-0.00046560,0.00145830,0.00042746,-0.0003
 2535,-0.00008153,0.00011594,0.00070904,0.04733140,0.81765659,0.0005341
 7,-0.00009173,0.00740412,0.06133531,-0.01940452,-0.05250232,-0.0026725
 4,-0.00468124,0.01306587,0.00508207,-0.00256412,0.00664378,-0.00379726
 ,0.00186733,-0.00032364,0.00241085,-0.00117505,0.00204321,0.00417230,-
 0.00013598,-0.00037868,-0.00291854,-0.00156853,0.00025702,0.00136515,-
 0.00044996,-0.00003228,-0.00099773,-0.00099764,-0.00001787,-0.00061424
 ,0.00124195,0.00014131,0.00114296,0.00024416,-0.00023700,-0.00145362,0
 .00155250,-0.00079356,0.00032084,-0.00192561,0.00023733,-0.00086981,0.
 00021473,-0.00397033,0.00022731,-0.00003274,-0.00034567,-0.00001514,0.
 00007056,-0.00000060,-0.00004591,-0.00000194,-0.00000251,-0.00005495,-
 0.00000035,0.00003966,0.00004116,-0.00010960,-0.00001530,0.00062167,-0
 .00012521,-0.00183455,0.00034827,-0.00005848,0.00012818,0.00018154,0.0
 0063238,0.00008362,-0.22197037,0.01695420,0.14488025,-0.00019664,-0.00
 252797,-0.00076687,-0.03078717,-0.01325218,0.01170250,0.00225554,0.004
 16584,0.00125264,-0.00283661,0.00081934,0.00018394,0.00145470,-0.00118
 285,-0.00013820,-0.00099530,-0.00012541,-0.00018921,-0.00179372,0.0001
 0647,0.00007526,0.00130919,0.00067922,-0.00004067,-0.00060171,0.000223
 63,0.00005260,0.00046252,0.00043406,-0.00001548,0.00027641,-0.00054918
 ,-0.00002520,-0.00049463,-0.00010691,0.00002561,0.00053053,-0.00065803
 ,-0.00004948,-0.00006020,0.00109780,-0.00006230,0.00019502,0.00007495,
 0.00006640,0.00007223,-0.00002522,0.00010501,0.00000657,-0.00003539,-0
 .00000113,0.00002363,-0.00000002,-0.00000341,0.00002789,0.00000107,-0.
 00000261,-0.00001926,0.00005562,0.00000085,0.00068848,-0.00047331,-0.0
 0043020,0.00017302,-0.00001471,-0.00025770,0.00077101,-0.00048508,-0.0
 0011468,-0.27775271,-0.14596305,0.14248719,0.30409683,0.00380389,-0.00
 019376,-0.00113122,0.01031098,0.01492812,-0.00849262,0.00599887,-0.002
 19760,0.00024783,-0.00209258,0.00199493,0.00079259,0.00168264,-0.00024
 640,-0.00014085,-0.00193730,0.00011042,0.00001388,-0.00150432,0.000050
 44,0.00003708,0.00086259,0.00037623,0.00000920,-0.00033179,0.00011024,
 0.00002568,0.00030283,0.00017168,-0.00001023,0.00008791,-0.00033715,-0
 .00001042,-0.00021550,-0.00009078,-0.00000115,0.00005892,-0.00015872,-
 0.00009161,0.00112498,0.00049347,-0.00008427,0.00026760,0.00017529,-0.
 00011137,-0.00001203,-0.00002629,-0.00001177,0.00001169,-0.00002609,-0
 .00000087,0.00000847,0.00000145,-0.00000255,0.00002367,-0.00000063,0.0
 0000056,-0.00002444,0.00003059,0.00000028,-0.00171678,0.00067643,0.000
 67596,-0.00081046,-0.00001351,0.00087824,0.00087409,-0.00347554,-0.003
 84905,-0.14556409,-0.16561302,0.07991140,0.15462613,0.16308309,0.00259
 863,-0.00125768,-0.00103430,-0.01380894,0.00282281,-0.00523220,0.00322
 515,0.00070627,0.00200957,-0.00271168,0.00152394,0.00273404,0.00233942
 ,-0.00089817,-0.00031067,-0.00186635,0.00050764,-0.00013665,-0.0023642
 9,0.00011991,0.00015605,0.00156796,0.00084367,-0.00004537,-0.00069284,
 0.00022690,0.00008453,0.00053046,0.00049540,-0.00002950,0.00030113,-0.
 00066794,0.00000108,-0.00060325,-0.00012892,-0.00006182,0.00065756,-0.
 00076751,-0.00045972,-0.00000954,0.00093387,0.00012300,0.00007907,0.00
 011597,-0.00087197,-0.00009398,-0.00000023,0.00013466,0.00001016,-0.00
 003954,-0.00000377,0.00002159,0.00000137,-0.00000628,0.00003297,-0.000
 00123,0.00001582,-0.00002551,0.00005708,-0.00000541,-0.00060571,0.0008
 3348,0.00034156,-0.00069508,0.00017973,-0.00030072,-0.00010386,-0.0036
 7850,-0.00176964,0.17390980,0.08868109,-0.08556017,-0.15203562,-0.0848
 8784,0.08958494,-0.00627384,0.00065152,0.00117879,0.00174757,0.0369045
 4,0.00628234,0.00170371,0.00171247,-0.00065550,-0.00035731,-0.00046810
 ,-0.00031265,0.00019043,0.00005229,0.00006392,0.00086293,0.00136865,0.
 00004903,0.00006066,-0.00021543,-0.00000590,-0.00007814,-0.00006022,-0
 .00001814,0.00001898,-0.00000119,-0.00000096,-0.00000727,-0.00002740,-
 0.00000302,-0.00000718,0.00004048,-0.00000089,0.00007499,-0.00001801,0
 .00001049,-0.00011619,0.00012358,0.00007810,0.00035148,0.00000346,-0.0
 0002860,-0.00175387,-0.00099192,-0.00009995,-0.00035274,0.00018255,-0.
 00010866,0.00000182,-0.00000192,0.00000068,0.00000222,-0.00000121,0.00
 000105,0.00000346,-0.00000015,-0.00000331,-0.00000504,0.00000654,0.000
 00195,0.00032880,-0.00148502,-0.00033528,0.00039060,-0.00001573,-0.000
 08291,0.00012140,0.00069485,0.00069014,-0.06301740,-0.02161978,0.01500
 649,0.00325027,-0.02572015,-0.00958018,0.06306766,0.00099895,0.0022053
 6,-0.00061891,0.00299306,-0.01427800,-0.00405362,-0.00473084,0.0021709
 5,0.00146883,0.00187465,-0.00167544,0.00059234,-0.00140941,0.00095309,
 0.00000890,0.00060516,-0.00068479,-0.00007950,0.00156119,-0.00003672,-
 0.00007802,-0.00109485,-0.00057247,0.00003091,0.00050352,-0.00017956,-
 0.00001633,-0.00038831,-0.00035195,0.00000733,-0.00022804,0.00045210,0
 .00003182,0.00038565,0.00011897,-0.00002870,-0.00045715,0.00045746,-0.
 00007012,-0.00039254,-0.00066559,-0.00000108,0.00023788,-0.00005247,-0
 .00080828,0.00017559,-0.00000007,0.00002814,-0.00000711,0.00003108,0.0
 0000093,-0.00001947,0.00000030,-0.00000045,-0.00002669,0.00000080,0.00
 000481,0.00001974,-0.00004866,-0.00000415,0.00025702,0.00025467,-0.000
 04690,0.00001112,0.00005374,-0.00005477,-0.00001705,-0.00001341,0.0001
 5715,-0.01350635,-0.44816425,-0.07025535,0.00356109,-0.00939468,-0.005
 21372,0.00902949,0.46898887,0.00100945,-0.00127692,0.00415682,-0.00830
 154,0.00289017,-0.00252474,0.00212039,0.00048918,-0.00168503,-0.001020
 31,0.00108612,-0.00098819,0.00095391,-0.00057817,0.00020037,-0.0008123
 0,-0.00012392,0.00074015,-0.00116524,0.00004736,0.00002024,0.00085330,
 0.00048262,-0.00002109,-0.00040403,0.00014493,-0.00002303,0.00029742,0
 .00030409,0.00000678,0.00019752,-0.00035842,-0.00004708,-0.00032879,-0
 .00009077,0.00005158,0.00047235,-0.00045902,0.00017995,-0.00004604,0.0
 0047155,-0.00001237,0.00013261,-0.00021062,0.00009792,0.00001783,0.000
 01508,-0.00047583,0.00000476,-0.00002354,0.00000182,0.00001689,-0.0000
 0055,0.00000416,0.00001924,-0.00000050,-0.00000823,-0.00001199,0.00003
 873,0.00000913,0.00006382,0.00017464,0.00011433,-0.00000058,-0.0000401
 5,0.00016472,0.00013157,0.00049775,-0.00030465,0.01977593,-0.09840699,
 -0.02896896,-0.00180352,0.01623982,0.00064020,-0.01212863,0.07898312,0
 .02868062,0.00048675,-0.00029726,-0.00004874,-0.00228053,0.00170793,0.
 00019154,-0.00433142,-0.00681387,-0.00051352,0.00066746,-0.00688351,-0
 .00015037,-0.00074357,0.00019273,0.00012530,-0.00020715,0.00022449,-0.
 00003704,-0.00018501,0.00017985,-0.00001078,-0.00121524,0.00045864,0.0
 0012631,0.00035567,-0.00013677,-0.00002344,0.00023197,-0.00033276,-0.0
 0001652,-0.00111573,-0.00163939,-0.00000129,-0.00224534,0.00811849,0.0
 0019098,0.00290515,0.00548302,0.00006338,-0.00803606,-0.00258662,0.000
 06385,-0.02284367,-0.00776085,0.00158010,-0.00003309,0.00002894,0.0000
 0406,-0.00009803,0.00002556,0.00000623,-0.00002165,-0.00026281,-0.0000
 0436,0.00004655,0.00002188,-0.00000335,-0.00134601,0.01039828,-0.00023
 967,-0.00004876,0.00040030,0.00006010,0.00004722,0.00002601,0.00002786
 ,-0.00001644,-0.00005806,-0.00005604,0.00116531,-0.00033472,0.00013284
 ,-0.00005587,-0.00011585,-0.00007707,-0.00020798,0.00006373,-0.0000440
 1,0.03912545,-0.00125735,-0.00187308,0.00005095,-0.00685795,0.00033958
 ,0.00022296,0.00487841,-0.00225316,-0.00058729,-0.01435420,-0.00335417
 ,0.00068235,0.00134816,-0.00162628,-0.00017559,-0.00027998,0.00053509,
 0.00010030,-0.00277989,0.00173458,0.00022520,0.00187400,0.00192916,-0.
 00012175,-0.00111125,0.00049951,0.00008511,0.00047504,0.00133314,0.000
 00818,0.00078361,-0.00166684,-0.00007521,-0.00962362,0.00261918,0.0002
 1796,0.01124879,-0.00876372,-0.00096192,0.00251863,-0.03565566,-0.0021
 6813,-0.00878251,-0.00293009,0.00133490,0.00023183,0.00028845,0.000001
 51,-0.00015159,0.00023915,0.00001392,-0.00014133,0.00022830,0.00001143
 ,-0.00028482,0.00003903,0.00001364,0.01597500,-0.01637892,-0.00077326,
 0.00143970,0.00093247,-0.00035775,-0.00002074,-0.00006329,0.00013940,-
 0.00012922,-0.00002817,0.00005315,0.00569879,-0.00201643,0.00088883,-0
 .00044589,-0.00042820,-0.00050784,-0.00014420,0.00043068,-0.00029561,-
 0.00010740,0.06588972,-0.00007489,-0.00006794,0.00001081,-0.00018894,-
 0.00005540,-0.00020489,0.00003506,0.00036255,-0.00003282,-0.00047350,0
 .00015322,0.00120653,0.00016212,-0.00010385,0.00137313,0.00000477,0.00
 002503,-0.00008135,-0.00013070,0.00007169,-0.00069075,0.00017931,0.000
 03020,0.00119613,-0.00005853,0.00003160,-0.00003763,0.00000583,0.00006
 222,0.00006508,0.00007590,0.00003488,-0.00019055,-0.00017114,-0.000511
 23,-0.00138300,0.00034413,-0.00064837,0.00091366,-0.00022542,-0.001841
 33,-0.00766487,0.00174584,0.00115908,-0.00147190,0.00001334,0.00000905
 ,0.00002863,-0.00000112,0.00000822,0.00002171,-0.00000311,0.00002193,0
 .00002554,-0.00001231,-0.00000008,0.00002043,-0.00010490,-0.00066549,-
 0.00212630,0.00005753,0.00002334,-0.00000407,-0.00000292,-0.00000268,0
 .00000643,-0.00000132,-0.00000071,0.00000818,0.00018539,-0.00007940,0.
 00005911,-0.00001572,-0.00000670,0.00000274,0.00000163,0.00001559,-0.0
 0000958,-0.00134633,0.00197456,0.00895960\\0.00003532,0.00001233,-0.00
 000378,-0.00004681,0.00001420,-0.00002913,0.00003386,0.00001847,0.0000
 0577,-0.00003176,0.00000221,0.00000888,0.00003090,-0.00000806,-0.00001
 292,-0.00003310,0.00000293,-0.00000632,-0.00002405,0.00000376,-0.00000
 314,0.00000909,0.00000031,-0.00000453,-0.00000212,-0.00000536,0.000000
 46,0.00000589,-0.00001782,0.00000546,-0.00000265,-0.00001107,0.0000062
 9,-0.00000180,-0.00000608,0.00001535,-0.00001151,0.00000142,-0.0000009
 9,0.00001592,-0.00000183,0.00002247,0.00000702,0.00000273,0.00000203,-
 0.00000773,0.00000450,-0.00001272,-0.00000802,-0.00000737,-0.00000347,
 -0.00000367,-0.00001144,0.00000298,0.00000346,-0.00000917,0.00001329,0
 .00000462,-0.00000259,0.00000851,-0.00001994,-0.00000470,0.00002171,-0
 .00000687,-0.00000190,-0.00002001,-0.00000294,0.00002048,-0.00003027,0
 .00004772,0.00000310,0.00000319,-0.00000289,0.00000115,-0.00000297,0.0
 0000303,0.00000469,0.00000317,0.00000904,-0.00000493,0.00001068\\\@
 The archive entry for this job was punched.


 THE UNDERLYING PHYSICAL LAWS NECESSARY FOR THE 
 MATHEMATICAL THEORY OF A LARGE PART OF PHYSICS AND THE
 WHOLE OF CHEMISTRY ARE THUS COMPLETELY KNOWN, AND THE
 DIFFICULTY IS ONLY THAT THE EXACT APPLICATION OF THESE
 LAWS LEADS TO EQUATIONS MUCH TOO COMPLICATED 
 TO BE SOLUBLE.

                                        -- P. A. M. DIRAC, 1929
 Job cpu time:       4 days 12 hours 43 minutes 18.2 seconds.
 Elapsed time:       0 days  3 hours  1 minutes 26.7 seconds.
 File lengths (MBytes):  RWF=   1678 Int=      0 D2E=      0 Chk=    268 Scr=      1
 Normal termination of Gaussian 16 at Tue Apr 19 22:45:49 2022.
